Component: ARM Compiler 5.06 update 7 (build 960) Tool: armlink [4d3601]

==============================================================================

Section Cross References

    main.o(i.main) refers to pin.o(i._ZN3PinC1Echt) for Pin::Pin(char, unsigned char, unsigned short)
    main.o(i.main) refers to adc.o(i._ZN3AdcC1EP11ADC_TypeDefhhh) for Adc::Adc(ADC_TypeDef*, unsigned char, unsigned char, unsigned char)
    main.o(i.main) refers to adc.o(i._ZN3Adc8sendMeChEh) for Adc::sendMeCh(unsigned char)
    main.o(i.main) refers to dma.o(i._ZN3DmaC1EjR3Adc) for Dma::Dma(unsigned, Adc&)
    main.o(i.main) refers to dma.o(i._ZN3Dma7dmaInitEP18DMA_Stream_TypeDefjj) for Dma::dmaInit(DMA_Stream_TypeDef*, unsigned, unsigned)
    main.o(i.main) refers to dma.o(i._ZN3Dma12adcInitInDmaEh) for Dma::adcInitInDma(unsigned char)
    main.o(i.main) refers to dma.o(i._ZN3Dma10dataReturnEh) for Dma::dataReturn(unsigned char)
    main.o(i.main) refers to dflt_clz.o(x$fpl$dfltu) for __aeabi_ui2d
    main.o(i.main) refers to dmul.o(x$fpl$dmul) for __aeabi_dmul
    main.o(i.main) refers to dfixu.o(x$fpl$dfixu) for __aeabi_d2uiz
    main.o(i.main) refers to pin.o(i._ZN3Pin3pwmEj) for Pin::pwm(unsigned)
    main.o(.ARM.exidx) refers to main.o(i._Z5delayi) for i._Z5delayi
    main.o(.ARM.exidx) refers to main.o(i.main) for i.main
    pin.o(i._ZN3Pin3pwmEj) refers to stm32f4xx_tim.o(i.TIM_SetCompare4) for TIM_SetCompare4
    pin.o(i._ZN3Pin3pwmEj) refers to stm32f4xx_tim.o(i.TIM_SetCompare1) for TIM_SetCompare1
    pin.o(i._ZN3Pin3pwmEj) refers to stm32f4xx_tim.o(i.TIM_SetCompare2) for TIM_SetCompare2
    pin.o(i._ZN3Pin3pwmEj) refers to stm32f4xx_tim.o(i.TIM_SetCompare3) for TIM_SetCompare3
    pin.o(i._ZN3Pin6setBitEv) refers to stm32f4xx_gpio.o(i.GPIO_SetBits) for GPIO_SetBits
    pin.o(i._ZN3Pin7pwmInitEjjh) refers to stm32f4xx_rcc.o(i.RCC_APB1PeriphClockCmd) for RCC_APB1PeriphClockCmd
    pin.o(i._ZN3Pin7pwmInitEjjh) refers to stm32f4xx_tim.o(i.TIM_TimeBaseInit) for TIM_TimeBaseInit
    pin.o(i._ZN3Pin7pwmInitEjjh) refers to stm32f4xx_tim.o(i.TIM_Cmd) for TIM_Cmd
    pin.o(i._ZN3Pin7pwmInitEjjh) refers to stm32f4xx_tim.o(i.TIM_OC2Init) for TIM_OC2Init
    pin.o(i._ZN3Pin7pwmInitEjjh) refers to stm32f4xx_tim.o(i.TIM_OC1Init) for TIM_OC1Init
    pin.o(i._ZN3Pin8resetBitEv) refers to stm32f4xx_gpio.o(i.GPIO_ResetBits) for GPIO_ResetBits
    pin.o(i._ZN3PinC1Echt) refers to pin.o(i._ZN3Pin6setPinEh) for Pin::setPin(unsigned char)
    pin.o(i._ZN3PinC1Echt) refers to pin.o(i._ZN3Pin7setGPIOEc) for Pin::setGPIO(char)
    pin.o(i._ZN3PinC1Echt) refers to stm32f4xx_rcc.o(i.RCC_AHB1PeriphClockCmd) for RCC_AHB1PeriphClockCmd
    pin.o(i._ZN3PinC1Echt) refers to pin.o(i._ZN3Pin6setTimEt) for Pin::setTim(unsigned short)
    pin.o(i._ZN3PinC1Echt) refers to stm32f4xx_gpio.o(i.GPIO_Init) for GPIO_Init
    pin.o(i._ZN3PinC1Echt) refers to stm32f4xx_gpio.o(i.GPIO_PinAFConfig) for GPIO_PinAFConfig
    pin.o(i._ZN3PinC1Echt) refers to pin.o(i._ZN3Pin7pwmInitEjjh) for Pin::pwmInit(unsigned, unsigned, unsigned char)
    pin.o(.ARM.exidx) refers to pin.o(i._ZN3Pin7pwmInitEjjh) for i._ZN3Pin7pwmInitEjjh
    pin.o(.ARM.exidx) refers to pin.o(i._ZN3Pin6setTimEt) for i._ZN3Pin6setTimEt
    pin.o(.ARM.exidx) refers to pin.o(i._ZN3Pin7setGPIOEc) for i._ZN3Pin7setGPIOEc
    pin.o(.ARM.exidx) refers to pin.o(i._ZN3Pin6setPinEh) for i._ZN3Pin6setPinEh
    pin.o(.ARM.exidx) refers to pin.o(i._ZN3PinC1Echt) for i._ZN3PinC1Echt
    pin.o(.ARM.exidx) refers to pin.o(i._ZN3Pin3pwmEj) for i._ZN3Pin3pwmEj
    pin.o(.ARM.exidx) refers to pin.o(i._ZN3Pin6setBitEv) for i._ZN3Pin6setBitEv
    pin.o(.ARM.exidx) refers to pin.o(i._ZN3Pin8resetBitEv) for i._ZN3Pin8resetBitEv
    retarget.o(.rev16_text) refers (Special) to use_no_semi.o(.text) for __use_no_semihosting_swi
    retarget.o(.revsh_text) refers (Special) to use_no_semi.o(.text) for __use_no_semihosting_swi
    retarget.o(.rrx_text) refers (Special) to use_no_semi.o(.text) for __use_no_semihosting_swi
    retarget.o(i._Z12ITM_SendCharj) refers (Special) to use_no_semi.o(.text) for __use_no_semihosting_swi
    retarget.o(i.__aeabi_atexit) refers (Special) to use_no_semi.o(.text) for __use_no_semihosting_swi
    retarget.o(i._sys_command_string) refers (Special) to use_no_semi.o(.text) for __use_no_semihosting_swi
    retarget.o(i._sys_exit) refers (Special) to use_no_semi.o(.text) for __use_no_semihosting_swi
    retarget.o(i._ttywrch) refers (Special) to use_no_semi.o(.text) for __use_no_semihosting_swi
    retarget.o(i._ttywrch) refers to retarget.o(i._Z12ITM_SendCharj) for ITM_SendChar(unsigned)
    retarget.o(i.ferror) refers (Special) to use_no_semi.o(.text) for __use_no_semihosting_swi
    retarget.o(i.fgetc) refers (Special) to use_no_semi.o(.text) for __use_no_semihosting_swi
    retarget.o(i.fputc) refers (Special) to use_no_semi.o(.text) for __use_no_semihosting_swi
    retarget.o(i.fputc) refers to retarget.o(i._Z12ITM_SendCharj) for ITM_SendChar(unsigned)
[...]
    Removing stm32f4xx_rng.o(i.RNG_GetITStatus), (20 bytes).
    Removing stm32f4xx_rng.o(i.RNG_GetRandomNumber), (12 bytes).
    Removing stm32f4xx_rng.o(i.RNG_ITConfig), (28 bytes).
    Removing stm32f4xx_rtc.o(.rev16_text), (4 bytes).
    Removing stm32f4xx_rtc.o(.revsh_text), (4 bytes).
    Removing stm32f4xx_rtc.o(.rrx_text), (6 bytes).
    Removing stm32f4xx_rtc.o(i.RTC_AlarmCmd), (84 bytes).
    Removing stm32f4xx_rtc.o(i.RTC_AlarmStructInit), (20 bytes).
    Removing stm32f4xx_rtc.o(i.RTC_AlarmSubSecondConfig), (44 bytes).
    Removing stm32f4xx_rtc.o(i.RTC_Bcd2ToByte), (18 bytes).
    Removing stm32f4xx_rtc.o(i.RTC_BypassShadowCmd), (44 bytes).
    Removing stm32f4xx_rtc.o(i.RTC_ByteToBcd2), (24 bytes).
    Removing stm32f4xx_rtc.o(i.RTC_CalibOutputCmd), (44 bytes).
    Removing stm32f4xx_rtc.o(i.RTC_CalibOutputConfig), (40 bytes).
    Removing stm32f4xx_rtc.o(i.RTC_ClearFlag), (28 bytes).
    Removing stm32f4xx_rtc.o(i.RTC_ClearITPendingBit), (28 bytes).
    Removing stm32f4xx_rtc.o(i.RTC_CoarseCalibCmd), (60 bytes).
    Removing stm32f4xx_rtc.o(i.RTC_CoarseCalibConfig), (52 bytes).
    Removing stm32f4xx_rtc.o(i.RTC_DateStructInit), (14 bytes).
    Removing stm32f4xx_rtc.o(i.RTC_DayLightSavingConfig), (44 bytes).
    Removing stm32f4xx_rtc.o(i.RTC_DeInit), (176 bytes).
    Removing stm32f4xx_rtc.o(i.RTC_EnterInitMode), (60 bytes).
    Removing stm32f4xx_rtc.o(i.RTC_ExitInitMode), (16 bytes).
    Removing stm32f4xx_rtc.o(i.RTC_GetAlarm), (108 bytes).
    Removing stm32f4xx_rtc.o(i.RTC_GetAlarmSubSecond), (28 bytes).
    Removing stm32f4xx_rtc.o(i.RTC_GetDate), (76 bytes).
    Removing stm32f4xx_rtc.o(i.RTC_GetFlagStatus), (28 bytes).
    Removing stm32f4xx_rtc.o(i.RTC_GetITStatus), (64 bytes).
    Removing stm32f4xx_rtc.o(i.RTC_GetStoreOperation), (16 bytes).
    Removing stm32f4xx_rtc.o(i.RTC_GetSubSecond), (16 bytes).
    Removing stm32f4xx_rtc.o(i.RTC_GetTime), (80 bytes).
    Removing stm32f4xx_rtc.o(i.RTC_GetTimeStamp), (136 bytes).
    Removing stm32f4xx_rtc.o(i.RTC_GetTimeStampSubSecond), (12 bytes).
    Removing stm32f4xx_rtc.o(i.RTC_GetWakeUpCounter), (12 bytes).
    Removing stm32f4xx_rtc.o(i.RTC_ITConfig), (64 bytes).
    Removing stm32f4xx_rtc.o(i.RTC_Init), (80 bytes).
    Removing stm32f4xx_rtc.o(i.RTC_OutputConfig), (44 bytes).
    Removing stm32f4xx_rtc.o(i.RTC_OutputTypeConfig), (24 bytes).
    Removing stm32f4xx_rtc.o(i.RTC_ReadBackupRegister), (20 bytes).
    Removing stm32f4xx_rtc.o(i.RTC_RefClockCmd), (60 bytes).
    Removing stm32f4xx_rtc.o(i.RTC_SetAlarm), (164 bytes).
    Removing stm32f4xx_rtc.o(i.RTC_SetDate), (152 bytes).
    Removing stm32f4xx_rtc.o(i.RTC_SetTime), (160 bytes).
    Removing stm32f4xx_rtc.o(i.RTC_SetWakeUpCounter), (28 bytes).
    Removing stm32f4xx_rtc.o(i.RTC_SmoothCalibConfig), (76 bytes).
    Removing stm32f4xx_rtc.o(i.RTC_StructInit), (14 bytes).
    Removing stm32f4xx_rtc.o(i.RTC_SynchroShiftConfig), (88 bytes).
    Removing stm32f4xx_rtc.o(i.RTC_TamperCmd), (24 bytes).
    Removing stm32f4xx_rtc.o(i.RTC_TamperFilterConfig), (24 bytes).
    Removing stm32f4xx_rtc.o(i.RTC_TamperPinSelection), (24 bytes).
    Removing stm32f4xx_rtc.o(i.RTC_TamperPinsPrechargeDuration), (24 bytes).
    Removing stm32f4xx_rtc.o(i.RTC_TamperPullUpCmd), (28 bytes).
    Removing stm32f4xx_rtc.o(i.RTC_TamperSamplingFreqConfig), (24 bytes).
    Removing stm32f4xx_rtc.o(i.RTC_TamperTriggerConfig), (28 bytes).
    Removing stm32f4xx_rtc.o(i.RTC_TimeStampCmd), (48 bytes).
    Removing stm32f4xx_rtc.o(i.RTC_TimeStampOnTamperDetectionCmd), (28 bytes).
    Removing stm32f4xx_rtc.o(i.RTC_TimeStampPinSelection), (24 bytes).
    Removing stm32f4xx_rtc.o(i.RTC_TimeStructInit), (12 bytes).
    Removing stm32f4xx_rtc.o(i.RTC_WaitForSynchro), (76 bytes).
    Removing stm32f4xx_rtc.o(i.RTC_WakeUpClockConfig), (40 bytes).
    Removing stm32f4xx_rtc.o(i.RTC_WakeUpCmd), (88 bytes).
    Removing stm32f4xx_rtc.o(i.RTC_WriteBackupRegister), (20 bytes).
    Removing stm32f4xx_rtc.o(i.RTC_WriteProtectionCmd), (24 bytes).
    Removing stm32f4xx_sai.o(.rev16_text), (4 bytes).
    Removing stm32f4xx_sai.o(.revsh_text), (4 bytes).
    Removing stm32f4xx_sai.o(.rrx_text), (6 bytes).
    Removing stm32f4xx_sai.o(i.SAI_ClearFlag), (8 bytes).
    Removing stm32f4xx_sai.o(i.SAI_ClearITPendingBit), (8 bytes).
    Removing stm32f4xx_sai.o(i.SAI_Cmd), (20 bytes).
    Removing stm32f4xx_sai.o(i.SAI_CompandingModeConfig), (16 bytes).
    Removing stm32f4xx_sai.o(i.SAI_DMACmd), (20 bytes).
    Removing stm32f4xx_sai.o(i.SAI_DeInit), (36 bytes).
    Removing stm32f4xx_sai.o(i.SAI_FlushFIFO), (10 bytes).
    Removing stm32f4xx_sai.o(i.SAI_FrameInit), (48 bytes).
    Removing stm32f4xx_sai.o(i.SAI_FrameStructInit), (18 bytes).
    Removing stm32f4xx_sai.o(i.SAI_GetCmdStatus), (14 bytes).
    Removing stm32f4xx_sai.o(i.SAI_GetFIFOStatus), (8 bytes).
    Removing stm32f4xx_sai.o(i.SAI_GetFlagStatus), (14 bytes).
    Removing stm32f4xx_sai.o(i.SAI_GetITStatus), (22 bytes).
    Removing stm32f4xx_sai.o(i.SAI_ITConfig), (16 bytes).
    Removing stm32f4xx_sai.o(i.SAI_Init), (72 bytes).
    Removing stm32f4xx_sai.o(i.SAI_MonoModeConfig), (18 bytes).
    Removing stm32f4xx_sai.o(i.SAI_MuteFrameCounterConfig), (18 bytes).
    Removing stm32f4xx_sai.o(i.SAI_MuteModeCmd), (20 bytes).
    Removing stm32f4xx_sai.o(i.SAI_MuteValueConfig), (16 bytes).
    Removing stm32f4xx_sai.o(i.SAI_ReceiveData), (4 bytes).
    Removing stm32f4xx_sai.o(i.SAI_SendData), (4 bytes).
    Removing stm32f4xx_sai.o(i.SAI_SlotInit), (38 bytes).
    Removing stm32f4xx_sai.o(i.SAI_SlotStructInit), (14 bytes).
    Removing stm32f4xx_sai.o(i.SAI_StructInit), (28 bytes).
    Removing stm32f4xx_sai.o(i.SAI_TRIStateConfig), (18 bytes).
    Removing stm32f4xx_sdio.o(.rev16_text), (4 bytes).
    Removing stm32f4xx_sdio.o(.revsh_text), (4 bytes).
    Removing stm32f4xx_sdio.o(.rrx_text), (6 bytes).
    Removing stm32f4xx_sdio.o(i.SDIO_CEATAITCmd), (16 bytes).
    Removing stm32f4xx_sdio.o(i.SDIO_ClearFlag), (12 bytes).
    Removing stm32f4xx_sdio.o(i.SDIO_ClearITPendingBit), (12 bytes).
    Removing stm32f4xx_sdio.o(i.SDIO_ClockCmd), (12 bytes).
    Removing stm32f4xx_sdio.o(i.SDIO_CmdStructInit), (14 bytes).
    Removing stm32f4xx_sdio.o(i.SDIO_CommandCompletionCmd), (12 bytes).
    Removing stm32f4xx_sdio.o(i.SDIO_DMACmd), (12 bytes).
    Removing stm32f4xx_sdio.o(i.SDIO_DataConfig), (48 bytes).
    Removing stm32f4xx_sdio.o(i.SDIO_DataStructInit), (20 bytes).
    Removing stm32f4xx_sdio.o(i.SDIO_DeInit), (24 bytes).
    Removing stm32f4xx_sdio.o(i.SDIO_GetCommandResponse), (12 bytes).
    Removing stm32f4xx_sdio.o(i.SDIO_GetDataCounter), (12 bytes).
    Removing stm32f4xx_sdio.o(i.SDIO_GetFIFOCount), (12 bytes).
    Removing stm32f4xx_sdio.o(i.SDIO_GetFlagStatus), (20 bytes).
    Removing stm32f4xx_sdio.o(i.SDIO_GetITStatus), (20 bytes).
    Removing stm32f4xx_sdio.o(i.SDIO_GetPowerState), (16 bytes).
    Removing stm32f4xx_sdio.o(i.SDIO_GetResponse), (16 bytes).
    Removing stm32f4xx_sdio.o(i.SDIO_ITConfig), (24 bytes).
    Removing stm32f4xx_sdio.o(i.SDIO_Init), (44 bytes).
    Removing stm32f4xx_sdio.o(i.SDIO_ReadData), (12 bytes).
    Removing stm32f4xx_sdio.o(i.SDIO_SendCEATACmd), (12 bytes).
    Removing stm32f4xx_sdio.o(i.SDIO_SendCommand), (40 bytes).
    Removing stm32f4xx_sdio.o(i.SDIO_SendSDIOSuspendCmd), (12 bytes).
    Removing stm32f4xx_sdio.o(i.SDIO_SetPowerState), (12 bytes).
    Removing stm32f4xx_sdio.o(i.SDIO_SetSDIOOperation), (12 bytes).
    Removing stm32f4xx_sdio.o(i.SDIO_SetSDIOReadWaitMode), (12 bytes).
    Removing stm32f4xx_sdio.o(i.SDIO_StartSDIOReadWait), (12 bytes).
    Removing stm32f4xx_sdio.o(i.SDIO_StopSDIOReadWait), (12 bytes).
    Removing stm32f4xx_sdio.o(i.SDIO_StructInit), (16 bytes).
    Removing stm32f4xx_sdio.o(i.SDIO_WriteData), (12 bytes).
    Removing stm32f4xx_spdifrx.o(.rev16_text), (4 bytes).
    Removing stm32f4xx_spdifrx.o(.revsh_text), (4 bytes).
    Removing stm32f4xx_spdifrx.o(.rrx_text), (6 bytes).
    Removing stm32f4xx_spi.o(.rev16_text), (4 bytes).
    Removing stm32f4xx_spi.o(.revsh_text), (4 bytes).
    Removing stm32f4xx_spi.o(.rrx_text), (6 bytes).
    Removing stm32f4xx_spi.o(i.I2S_Cmd), (20 bytes).
    Removing stm32f4xx_spi.o(i.I2S_FullDuplexConfig), (58 bytes).
    Removing stm32f4xx_spi.o(i.I2S_Init), (236 bytes).
    Removing stm32f4xx_spi.o(i.I2S_StructInit), (18 bytes).
    Removing stm32f4xx_spi.o(i.SPI_BiDirectionalLineConfig), (22 bytes).
    Removing stm32f4xx_spi.o(i.SPI_CalculateCRC), (20 bytes).
    Removing stm32f4xx_spi.o(i.SPI_Cmd), (20 bytes).
    Removing stm32f4xx_spi.o(i.SPI_DataSizeConfig), (16 bytes).
    Removing stm32f4xx_spi.o(i.SPI_GetCRC), (12 bytes).
    Removing stm32f4xx_spi.o(i.SPI_GetCRCPolynomial), (4 bytes).
    Removing stm32f4xx_spi.o(i.SPI_I2S_ClearFlag), (6 bytes).
    Removing stm32f4xx_spi.o(i.SPI_I2S_ClearITPendingBit), (14 bytes).
    Removing stm32f4xx_spi.o(i.SPI_I2S_DMACmd), (16 bytes).
    Removing stm32f4xx_spi.o(i.SPI_I2S_DeInit), (132 bytes).
    Removing stm32f4xx_spi.o(i.SPI_I2S_GetFlagStatus), (14 bytes).
    Removing stm32f4xx_spi.o(i.SPI_I2S_GetITStatus), (44 bytes).
    Removing stm32f4xx_spi.o(i.SPI_I2S_ITConfig), (24 bytes).
    Removing stm32f4xx_spi.o(i.SPI_I2S_ReceiveData), (4 bytes).
    Removing stm32f4xx_spi.o(i.SPI_I2S_SendData), (4 bytes).
    Removing stm32f4xx_spi.o(i.SPI_Init), (56 bytes).
    Removing stm32f4xx_spi.o(i.SPI_NSSInternalSoftwareConfig), (24 bytes).
    Removing stm32f4xx_spi.o(i.SPI_SSOutputCmd), (20 bytes).
    Removing stm32f4xx_spi.o(i.SPI_StructInit), (24 bytes).
    Removing stm32f4xx_spi.o(i.SPI_TIModeCmd), (20 bytes).
    Removing stm32f4xx_spi.o(i.SPI_TransmitCRC), (10 bytes).
    Removing stm32f4xx_syscfg.o(.rev16_text), (4 bytes).
    Removing stm32f4xx_syscfg.o(.revsh_text), (4 bytes).
    Removing stm32f4xx_syscfg.o(.rrx_text), (6 bytes).
    Removing stm32f4xx_syscfg.o(i.SYSCFG_CompensationCellCmd), (12 bytes).
    Removing stm32f4xx_syscfg.o(i.SYSCFG_DeInit), (24 bytes).
    Removing stm32f4xx_syscfg.o(i.SYSCFG_ETH_MediaInterfaceConfig), (12 bytes).
    Removing stm32f4xx_syscfg.o(i.SYSCFG_EXTILineConfig), (48 bytes).
    Removing stm32f4xx_syscfg.o(i.SYSCFG_GetCompensationCellStatus), (20 bytes).
    Removing stm32f4xx_syscfg.o(i.SYSCFG_MemoryRemapConfig), (12 bytes).
    Removing stm32f4xx_syscfg.o(i.SYSCFG_MemorySwappingBank), (12 bytes).
    Removing stm32f4xx_tim.o(.rev16_text), (4 bytes).
    Removing stm32f4xx_tim.o(.revsh_text), (4 bytes).
    Removing stm32f4xx_tim.o(.rrx_text), (6 bytes).
    Removing stm32f4xx_tim.o(i.TI1_Config), (46 bytes).
    Removing stm32f4xx_tim.o(i.TI2_Config), (54 bytes).
    Removing stm32f4xx_tim.o(i.TIM_ARRPreloadConfig), (20 bytes).
    Removing stm32f4xx_tim.o(i.TIM_BDTRConfig), (34 bytes).
    Removing stm32f4xx_tim.o(i.TIM_BDTRStructInit), (18 bytes).
    Removing stm32f4xx_tim.o(i.TIM_CCPreloadControl), (20 bytes).
    Removing stm32f4xx_tim.o(i.TIM_CCxCmd), (22 bytes).
    Removing stm32f4xx_tim.o(i.TIM_CCxNCmd), (22 bytes).
    Removing stm32f4xx_tim.o(i.TIM_ClearFlag), (6 bytes).
    Removing stm32f4xx_tim.o(i.TIM_ClearITPendingBit), (6 bytes).
    Removing stm32f4xx_tim.o(i.TIM_ClearOC1Ref), (12 bytes).
    Removing stm32f4xx_tim.o(i.TIM_ClearOC2Ref), (20 bytes).
    Removing stm32f4xx_tim.o(i.TIM_ClearOC3Ref), (12 bytes).
    Removing stm32f4xx_tim.o(i.TIM_ClearOC4Ref), (20 bytes).
    Removing stm32f4xx_tim.o(i.TIM_CounterModeConfig), (12 bytes).
    Removing stm32f4xx_tim.o(i.TIM_CtrlPWMOutputs), (22 bytes).
    Removing stm32f4xx_tim.o(i.TIM_DMACmd), (16 bytes).
    Removing stm32f4xx_tim.o(i.TIM_DMAConfig), (8 bytes).
    Removing stm32f4xx_tim.o(i.TIM_DeInit), (336 bytes).
    Removing stm32f4xx_tim.o(i.TIM_ETRClockMode1Config), (18 bytes).
    Removing stm32f4xx_tim.o(i.TIM_ETRClockMode2Config), (18 bytes).
    Removing stm32f4xx_tim.o(i.TIM_ETRConfig), (24 bytes).
    Removing stm32f4xx_tim.o(i.TIM_EncoderInterfaceConfig), (50 bytes).
    Removing stm32f4xx_tim.o(i.TIM_ForcedOC1Config), (12 bytes).
    Removing stm32f4xx_tim.o(i.TIM_ForcedOC2Config), (20 bytes).
    Removing stm32f4xx_tim.o(i.TIM_ForcedOC3Config), (12 bytes).
    Removing stm32f4xx_tim.o(i.TIM_ForcedOC4Config), (20 bytes).
    Removing stm32f4xx_tim.o(i.TIM_GenerateEvent), (4 bytes).
    Removing stm32f4xx_tim.o(i.TIM_GetCapture1), (4 bytes).
    Removing stm32f4xx_tim.o(i.TIM_GetCapture2), (4 bytes).
    Removing stm32f4xx_tim.o(i.TIM_GetCapture3), (4 bytes).
    Removing stm32f4xx_tim.o(i.TIM_GetCapture4), (4 bytes).
    Removing stm32f4xx_tim.o(i.TIM_GetCounter), (4 bytes).
    Removing stm32f4xx_tim.o(i.TIM_GetFlagStatus), (14 bytes).
    Removing stm32f4xx_tim.o(i.TIM_GetITStatus), (24 bytes).
    Removing stm32f4xx_tim.o(i.TIM_GetPrescaler), (4 bytes).
    Removing stm32f4xx_tim.o(i.TIM_ICInit), (172 bytes).
    Removing stm32f4xx_tim.o(i.TIM_ICStructInit), (16 bytes).
    Removing stm32f4xx_tim.o(i.TIM_ITConfig), (16 bytes).
    Removing stm32f4xx_tim.o(i.TIM_ITRxExternalClockConfig), (18 bytes).
    Removing stm32f4xx_tim.o(i.TIM_InternalClockConfig), (10 bytes).
    Removing stm32f4xx_tim.o(i.TIM_OC1FastConfig), (12 bytes).
    Removing stm32f4xx_tim.o(i.TIM_OC1NPolarityConfig), (12 bytes).
    Removing stm32f4xx_tim.o(i.TIM_OC1PolarityConfig), (12 bytes).
    Removing stm32f4xx_tim.o(i.TIM_OC1PreloadConfig), (12 bytes).
    Removing stm32f4xx_tim.o(i.TIM_OC2FastConfig), (20 bytes).
    Removing stm32f4xx_tim.o(i.TIM_OC2NPolarityConfig), (20 bytes).
    Removing stm32f4xx_tim.o(i.TIM_OC2PolarityConfig), (20 bytes).
    Removing stm32f4xx_tim.o(i.TIM_OC2PreloadConfig), (20 bytes).
    Removing stm32f4xx_tim.o(i.TIM_OC3FastConfig), (12 bytes).
    Removing stm32f4xx_tim.o(i.TIM_OC3Init), (124 bytes).
    Removing stm32f4xx_tim.o(i.TIM_OC3NPolarityConfig), (20 bytes).
    Removing stm32f4xx_tim.o(i.TIM_OC3PolarityConfig), (20 bytes).
    Removing stm32f4xx_tim.o(i.TIM_OC3PreloadConfig), (12 bytes).
    Removing stm32f4xx_tim.o(i.TIM_OC4FastConfig), (20 bytes).
    Removing stm32f4xx_tim.o(i.TIM_OC4Init), (96 bytes).
    Removing stm32f4xx_tim.o(i.TIM_OC4PolarityConfig), (20 bytes).
    Removing stm32f4xx_tim.o(i.TIM_OC4PreloadConfig), (20 bytes).
    Removing stm32f4xx_tim.o(i.TIM_OCStructInit), (20 bytes).
    Removing stm32f4xx_tim.o(i.TIM_PWMIConfig), (108 bytes).
    Removing stm32f4xx_tim.o(i.TIM_PrescalerConfig), (6 bytes).
    Removing stm32f4xx_tim.o(i.TIM_RemapConfig), (6 bytes).
    Removing stm32f4xx_tim.o(i.TIM_SelectCCDMA), (20 bytes).
    Removing stm32f4xx_tim.o(i.TIM_SelectCOM), (20 bytes).
    Removing stm32f4xx_tim.o(i.TIM_SelectHallSensor), (20 bytes).
    Removing stm32f4xx_tim.o(i.TIM_SelectInputTrigger), (12 bytes).
    Removing stm32f4xx_tim.o(i.TIM_SelectMasterSlaveMode), (16 bytes).
    Removing stm32f4xx_tim.o(i.TIM_SelectOCxM), (74 bytes).
    Removing stm32f4xx_tim.o(i.TIM_SelectOnePulseMode), (16 bytes).
    Removing stm32f4xx_tim.o(i.TIM_SelectOutputTrigger), (16 bytes).
    Removing stm32f4xx_tim.o(i.TIM_SelectSlaveMode), (16 bytes).
    Removing stm32f4xx_tim.o(i.TIM_SetAutoreload), (4 bytes).
    Removing stm32f4xx_tim.o(i.TIM_SetClockDivision), (16 bytes).
    Removing stm32f4xx_tim.o(i.TIM_SetCounter), (4 bytes).
    Removing stm32f4xx_tim.o(i.TIM_SetIC1Prescaler), (16 bytes).
    Removing stm32f4xx_tim.o(i.TIM_SetIC2Prescaler), (24 bytes).
    Removing stm32f4xx_tim.o(i.TIM_SetIC3Prescaler), (16 bytes).
    Removing stm32f4xx_tim.o(i.TIM_SetIC4Prescaler), (24 bytes).
    Removing stm32f4xx_tim.o(i.TIM_TIxExternalClockConfig), (46 bytes).
    Removing stm32f4xx_tim.o(i.TIM_TimeBaseStructInit), (18 bytes).
    Removing stm32f4xx_tim.o(i.TIM_UpdateDisableConfig), (20 bytes).
    Removing stm32f4xx_tim.o(i.TIM_UpdateRequestConfig), (20 bytes).
    Removing stm32f4xx_usart.o(.rev16_text), (4 bytes).
    Removing stm32f4xx_usart.o(.revsh_text), (4 bytes).
    Removing stm32f4xx_usart.o(.rrx_text), (6 bytes).
    Removing stm32f4xx_usart.o(i.USART_ClearFlag), (6 bytes).
    Removing stm32f4xx_usart.o(i.USART_ClockInit), (28 bytes).
    Removing stm32f4xx_usart.o(i.USART_ClockStructInit), (12 bytes).
    Removing stm32f4xx_usart.o(i.USART_Cmd), (20 bytes).
    Removing stm32f4xx_usart.o(i.USART_DMACmd), (16 bytes).
    Removing stm32f4xx_usart.o(i.USART_DeInit), (172 bytes).
    Removing stm32f4xx_usart.o(i.USART_GetFlagStatus), (14 bytes).
    Removing stm32f4xx_usart.o(i.USART_GetITStatus), (62 bytes).
    Removing stm32f4xx_usart.o(i.USART_HalfDuplexCmd), (20 bytes).
    Removing stm32f4xx_usart.o(i.USART_ITConfig), (48 bytes).
    Removing stm32f4xx_usart.o(i.USART_Init), (172 bytes).
    Removing stm32f4xx_usart.o(i.USART_IrDACmd), (20 bytes).
    Removing stm32f4xx_usart.o(i.USART_IrDAConfig), (16 bytes).
    Removing stm32f4xx_usart.o(i.USART_LINBreakDetectLengthConfig), (16 bytes).
    Removing stm32f4xx_usart.o(i.USART_LINCmd), (20 bytes).
    Removing stm32f4xx_usart.o(i.USART_OneBitMethodCmd), (20 bytes).
    Removing stm32f4xx_usart.o(i.USART_OverSampling8Cmd), (20 bytes).
    Removing stm32f4xx_usart.o(i.USART_ReceiveData), (8 bytes).
    Removing stm32f4xx_usart.o(i.USART_ReceiverWakeUpCmd), (20 bytes).
    Removing stm32f4xx_usart.o(i.USART_SendBreak), (10 bytes).
    Removing stm32f4xx_usart.o(i.USART_SendData), (8 bytes).
    Removing stm32f4xx_usart.o(i.USART_SetAddress), (16 bytes).
    Removing stm32f4xx_usart.o(i.USART_SetGuardTime), (16 bytes).
    Removing stm32f4xx_usart.o(i.USART_SetPrescaler), (16 bytes).
    Removing stm32f4xx_usart.o(i.USART_SmartCardCmd), (20 bytes).
    Removing stm32f4xx_usart.o(i.USART_SmartCardNACKCmd), (20 bytes).
    Removing stm32f4xx_usart.o(i.USART_StructInit), (22 bytes).
    Removing stm32f4xx_usart.o(i.USART_WakeUpConfig), (16 bytes).
    Removing stm32f4xx_wwdg.o(.rev16_text), (4 bytes).
    Removing stm32f4xx_wwdg.o(.revsh_text), (4 bytes).
    Removing stm32f4xx_wwdg.o(.rrx_text), (6 bytes).
    Removing stm32f4xx_wwdg.o(i.WWDG_ClearFlag), (12 bytes).
    Removing stm32f4xx_wwdg.o(i.WWDG_DeInit), (24 bytes).
    Removing stm32f4xx_wwdg.o(i.WWDG_Enable), (16 bytes).
    Removing stm32f4xx_wwdg.o(i.WWDG_EnableIT), (16 bytes).
    Removing stm32f4xx_wwdg.o(i.WWDG_GetFlagStatus), (20 bytes).
    Removing stm32f4xx_wwdg.o(i.WWDG_SetCounter), (16 bytes).
    Removing stm32f4xx_wwdg.o(i.WWDG_SetPrescaler), (20 bytes).
    Removing stm32f4xx_wwdg.o(i.WWDG_SetWindowValue), (28 bytes).
    Removing system_stm32f4xx.o(.rev16_text), (4 bytes).
    Removing system_stm32f4xx.o(.revsh_text), (4 bytes).
    Removing system_stm32f4xx.o(.rrx_text), (6 bytes).
    Removing system_stm32f4xx.o(i.SystemCoreClockUpdate), (124 bytes).
    Removing system_stm32f4xx.o(.constdata), (16 bytes).
    Removing system_stm32f4xx.o(.constdata), (8 bytes).
    Removing system_stm32f4xx.o(.data), (4 bytes).

859 unused section(s) (total 27390 bytes) removed from the image.

==============================================================================

Image Symbol Table

    Local Symbols

    Symbol Name                              Value     Ov Type        Size  Object(Section)

    ../clib/angel/boardlib.s                 0x00000000   Number         0  boardshut.o ABSOLUTE
    ../clib/angel/boardlib.s                 0x00000000   Number         0  boardinit1.o ABSOLUTE
    ../clib/angel/boardlib.s                 0x00000000   Number         0  boardinit3.o ABSOLUTE
    ../clib/angel/boardlib.s                 0x00000000   Number         0  boardinit2.o ABSOLUTE
    ../clib/angel/handlers.s                 0x00000000   Number         0  __scatter_zi.o ABSOLUTE
    ../clib/angel/handlers.s                 0x00000000   Number         0  __scatter_copy.o ABSOLUTE
    ../clib/angel/kernel.s                   0x00000000   Number         0  __rtentry2.o ABSOLUTE
    ../clib/angel/kernel.s                   0x00000000   Number         0  rtexit.o ABSOLUTE
    ../clib/angel/kernel.s                   0x00000000   Number         0  __rtentry4.o ABSOLUTE
    ../clib/angel/kernel.s                   0x00000000   Number         0  rtexit2.o ABSOLUTE
    ../clib/angel/kernel.s                   0x00000000   Number         0  __rtentry.o ABSOLUTE
    ../clib/angel/rt.s                       0x00000000   Number         0  rt_raise.o ABSOLUTE
    ../clib/angel/scatter.s                  0x00000000   Number         0  __scatter.o ABSOLUTE
    ../clib/angel/startup.s                  0x00000000   Number         0  __main.o ABSOLUTE
    ../clib/angel/sys.s                      0x00000000   Number         0  sys_stackheap_outer.o ABSOLUTE
    ../clib/angel/sys.s                      0x00000000   Number         0  libspace.o ABSOLUTE
    ../clib/angel/sys.s                      0x00000000   Number         0  use_no_semi.o ABSOLUTE
    ../clib/armsys.c                         0x00000000   Number         0  argv_veneer.o ABSOLUTE
    ../clib/armsys.c                         0x00000000   Number         0  no_argv.o ABSOLUTE
    ../clib/armsys.c                         0x00000000   Number         0  _get_argv_nomalloc.o ABSOLUTE
    ../clib/armsys.c                         0x00000000   Number         0  argv_veneer.o ABSOLUTE
    ../clib/heapalloc.c                      0x00000000   Number         0  hrguard.o ABSOLUTE
    ../clib/heapaux.c                        0x00000000   Number         0  heapauxi.o ABSOLUTE
    ../clib/libinit.s                        0x00000000   Number         0  libinit2.o ABSOLUTE
    ../clib/libinit.s                        0x00000000   Number         0  libinit.o ABSOLUTE
    ../clib/libinit.s                        0x00000000   Number         0  libshutdown.o ABSOLUTE
    ../clib/libinit.s                        0x00000000   Number         0  libshutdown2.o ABSOLUTE
    ../clib/memcpset.s                       0x00000000   Number         0  rt_memcpy_w.o ABSOLUTE
    ../clib/signal.c                         0x00000000   Number         0  defsig_pvfn_inner.o ABSOLUTE
    ../clib/signal.c                         0x00000000   Number         0  defsig_rtmem_inner.o ABSOLUTE
    ../clib/signal.c                         0x00000000   Number         0  defsig_segv_inner.o ABSOLUTE
    ../clib/signal.c                         0x00000000   Number         0  defsig_rtmem_formal.o ABSOLUTE
    ../clib/signal.c                         0x00000000   Number         0  defsig_rtmem_outer.o ABSOLUTE
    ../clib/signal.c                         0x00000000   Number         0  defsig_stak_inner.o ABSOLUTE
    ../clib/signal.c                         0x00000000   Number         0  defsig_rtred_inner.o ABSOLUTE
    ../clib/signal.c                         0x00000000   Number         0  defsig_fpe_inner.o ABSOLUTE
    ../clib/signal.c                         0x00000000   Number         0  defsig_abrt_inner.o ABSOLUTE
    ../clib/signal.c                         0x00000000   Number         0  defsig_exit.o ABSOLUTE
    ../clib/signal.c                         0x00000000   Number         0  defsig_general.o ABSOLUTE
    ../clib/signal.c                         0x00000000   Number         0  __raise.o ABSOLUTE
    ../clib/signal.c                         0x00000000   Number         0  defsig_cppl_inner.o ABSOLUTE
    ../clib/signal.c                         0x00000000   Number         0  defsig_other.o ABSOLUTE
    ../clib/signal.s                         0x00000000   Number         0  defsig.o ABSOLUTE
    ../clib/stdlib.c                         0x00000000   Number         0  exit.o ABSOLUTE
    ../fplib/dfixu.s                         0x00000000   Number         0  dfixu.o ABSOLUTE
    ../fplib/dflt.s                          0x00000000   Number         0  dflt_clz.o ABSOLUTE
    ../fplib/dmul.s                          0x00000000   Number         0  dmul.o ABSOLUTE
    ../fplib/dnaninf.s                       0x00000000   Number         0  dnaninf.o ABSOLUTE
    ../fplib/dretinf.s                       0x00000000   Number         0  dretinf.o ABSOLUTE
    ../fplib/fpinit.s                        0x00000000   Number         0  fpinit.o ABSOLUTE
    ../fplib/usenofp.s                       0x00000000   Number         0  usenofp.o ABSOLUTE
    Pin.cpp                                  0x00000000   Number         0  pin.o ABSOLUTE
    Pin.cpp                                  0x00000000   Number         0  pin.o ABSOLUTE
    RTE/Device/STM32F407VGTx/startup_stm32f407xx.s 0x00000000   Number         0  startup_stm32f407xx.o ABSOLUTE
    RTE/Device/STM32F407VGTx/system_stm32f4xx.c 0x00000000   Number         0  system_stm32f4xx.o ABSOLUTE
    RTE\Device\STM32F407VGTx\system_stm32f4xx.c 0x00000000   Number         0  system_stm32f4xx.o ABSOLUTE
    adc.cpp                                  0x00000000   Number         0  adc.o ABSOLUTE
    adc.cpp                                  0x00000000   Number         0  adc.o ABSOLUTE
    dc.s                                     0x00000000   Number         0  dc.o ABSOLUTE
    dma.cpp                                  0x00000000   Number         0  dma.o ABSOLUTE
    dma.cpp                                  0x00000000   Number         0  dma.o ABSOLUTE
    main.cpp                                 0x00000000   Number         0  main.o ABSOLUTE
    main.cpp                                 0x00000000   Number         0  main.o ABSOLUTE
    retarget.cpp                             0x00000000   Number         0  retarget.o ABSOLUTE
    retarget.cpp                             0x00000000   Number         0  retarget.o ABSOLUTE
    spl\\src\\misc.c                         0x00000000   Number         0  misc.o ABSOLUTE
    spl\\src\\stm32f4xx_adc.c                0x00000000   Number         0  stm32f4xx_adc.o ABSOLUTE
    spl\\src\\stm32f4xx_can.c                0x00000000   Number         0  stm32f4xx_can.o ABSOLUTE
    spl\\src\\stm32f4xx_cec.c                0x00000000   Number         0  stm32f4xx_cec.o ABSOLUTE
    spl\\src\\stm32f4xx_crc.c                0x00000000   Number         0  stm32f4xx_crc.o ABSOLUTE
    spl\\src\\stm32f4xx_cryp.c               0x00000000   Number         0  stm32f4xx_cryp.o ABSOLUTE
    spl\\src\\stm32f4xx_cryp_aes.c           0x00000000   Number         0  stm32f4xx_cryp_aes.o ABSOLUTE
    spl\\src\\stm32f4xx_cryp_des.c           0x00000000   Number         0  stm32f4xx_cryp_des.o ABSOLUTE
    spl\\src\\stm32f4xx_cryp_tdes.c          0x00000000   Number         0  stm32f4xx_cryp_tdes.o ABSOLUTE
    spl\\src\\stm32f4xx_dac.c                0x00000000   Number         0  stm32f4xx_dac.o ABSOLUTE
    spl\\src\\stm32f4xx_dbgmcu.c             0x00000000   Number         0  stm32f4xx_dbgmcu.o ABSOLUTE
    spl\\src\\stm32f4xx_dcmi.c               0x00000000   Number         0  stm32f4xx_dcmi.o ABSOLUTE
    spl\\src\\stm32f4xx_dfsdm.c              0x00000000   Number         0  stm32f4xx_dfsdm.o ABSOLUTE
    spl\\src\\stm32f4xx_dma.c                0x00000000   Number         0  stm32f4xx_dma.o ABSOLUTE
    spl\\src\\stm32f4xx_dma2d.c              0x00000000   Number         0  stm32f4xx_dma2d.o ABSOLUTE
    spl\\src\\stm32f4xx_dsi.c                0x00000000   Number         0  stm32f4xx_dsi.o ABSOLUTE
    spl\\src\\stm32f4xx_exti.c               0x00000000   Number         0  stm32f4xx_exti.o ABSOLUTE
    spl\\src\\stm32f4xx_flash.c              0x00000000   Number         0  stm32f4xx_flash.o ABSOLUTE
    spl\\src\\stm32f4xx_flash_ramfunc.c      0x00000000   Number         0  stm32f4xx_flash_ramfunc.o ABSOLUTE
    spl\\src\\stm32f4xx_fmpi2c.c             0x00000000   Number         0  stm32f4xx_fmpi2c.o ABSOLUTE
    spl\\src\\stm32f4xx_gpio.c               0x00000000   Number         0  stm32f4xx_gpio.o ABSOLUTE
    spl\\src\\stm32f4xx_hash.c               0x00000000   Number         0  stm32f4xx_hash.o ABSOLUTE
    spl\\src\\stm32f4xx_hash_md5.c           0x00000000   Number         0  stm32f4xx_hash_md5.o ABSOLUTE
    spl\\src\\stm32f4xx_hash_sha1.c          0x00000000   Number         0  stm32f4xx_hash_sha1.o ABSOLUTE
    spl\\src\\stm32f4xx_i2c.c                0x00000000   Number         0  stm32f4xx_i2c.o ABSOLUTE
    spl\\src\\stm32f4xx_iwdg.c               0x00000000   Number         0  stm32f4xx_iwdg.o ABSOLUTE
    spl\\src\\stm32f4xx_lptim.c              0x00000000   Number         0  stm32f4xx_lptim.o ABSOLUTE
    spl\\src\\stm32f4xx_ltdc.c               0x00000000   Number         0  stm32f4xx_ltdc.o ABSOLUTE
    spl\\src\\stm32f4xx_pwr.c                0x00000000   Number         0  stm32f4xx_pwr.o ABSOLUTE
    spl\\src\\stm32f4xx_qspi.c               0x00000000   Number         0  stm32f4xx_qspi.o ABSOLUTE
    spl\\src\\stm32f4xx_rcc.c                0x00000000   Number         0  stm32f4xx_rcc.o ABSOLUTE
    spl\\src\\stm32f4xx_rng.c                0x00000000   Number         0  stm32f4xx_rng.o ABSOLUTE
    spl\\src\\stm32f4xx_rtc.c                0x00000000   Number         0  stm32f4xx_rtc.o ABSOLUTE
    spl\\src\\stm32f4xx_sai.c                0x00000000   Number         0  stm32f4xx_sai.o ABSOLUTE
    spl\\src\\stm32f4xx_sdio.c               0x00000000   Number         0  stm32f4xx_sdio.o ABSOLUTE
    spl\\src\\stm32f4xx_spdifrx.c            0x00000000   Number         0  stm32f4xx_spdifrx.o ABSOLUTE
    spl\\src\\stm32f4xx_spi.c                0x00000000   Number         0  stm32f4xx_spi.o ABSOLUTE
    spl\\src\\stm32f4xx_syscfg.c             0x00000000   Number         0  stm32f4xx_syscfg.o ABSOLUTE
    spl\\src\\stm32f4xx_tim.c                0x00000000   Number         0  stm32f4xx_tim.o ABSOLUTE
    spl\\src\\stm32f4xx_usart.c              0x00000000   Number         0  stm32f4xx_usart.o ABSOLUTE
    spl\\src\\stm32f4xx_wwdg.c               0x00000000   Number         0  stm32f4xx_wwdg.o ABSOLUTE
    spl\src\misc.c                           0x00000000   Number         0  misc.o ABSOLUTE
    spl\src\stm32f4xx_adc.c                  0x00000000   Number         0  stm32f4xx_adc.o ABSOLUTE
    spl\src\stm32f4xx_can.c                  0x00000000   Number         0  stm32f4xx_can.o ABSOLUTE
    spl\src\stm32f4xx_cec.c                  0x00000000   Number         0  stm32f4xx_cec.o ABSOLUTE
    spl\src\stm32f4xx_crc.c                  0x00000000   Number         0  stm32f4xx_crc.o ABSOLUTE
    spl\src\stm32f4xx_cryp.c                 0x00000000   Number         0  stm32f4xx_cryp.o ABSOLUTE
    spl\src\stm32f4xx_cryp_aes.c             0x00000000   Number         0  stm32f4xx_cryp_aes.o ABSOLUTE
    spl\src\stm32f4xx_cryp_des.c             0x00000000   Number         0  stm32f4xx_cryp_des.o ABSOLUTE
    spl\src\stm32f4xx_cryp_tdes.c            0x00000000   Number         0  stm32f4xx_cryp_tdes.o ABSOLUTE
    spl\src\stm32f4xx_dac.c                  0x00000000   Number         0  stm32f4xx_dac.o ABSOLUTE
    spl\src\stm32f4xx_dbgmcu.c               0x00000000   Number         0  stm32f4xx_dbgmcu.o ABSOLUTE
    spl\src\stm32f4xx_dcmi.c                 0x00000000   Number         0  stm32f4xx_dcmi.o ABSOLUTE
    spl\src\stm32f4xx_dfsdm.c                0x00000000   Number         0  stm32f4xx_dfsdm.o ABSOLUTE
    spl\src\stm32f4xx_dma.c                  0x00000000   Number         0  stm32f4xx_dma.o ABSOLUTE
    spl\src\stm32f4xx_dma2d.c                0x00000000   Number         0  stm32f4xx_dma2d.o ABSOLUTE
    spl\src\stm32f4xx_dsi.c                  0x00000000   Number         0  stm32f4xx_dsi.o ABSOLUTE
    spl\src\stm32f4xx_exti.c                 0x00000000   Number         0  stm32f4xx_exti.o ABSOLUTE
    spl\src\stm32f4xx_flash.c                0x00000000   Number         0  stm32f4xx_flash.o ABSOLUTE
    spl\src\stm32f4xx_flash_ramfunc.c        0x00000000   Number         0  stm32f4xx_flash_ramfunc.o ABSOLUTE
    spl\src\stm32f4xx_fmpi2c.c               0x00000000   Number         0  stm32f4xx_fmpi2c.o ABSOLUTE
    spl\src\stm32f4xx_gpio.c                 0x00000000   Number         0  stm32f4xx_gpio.o ABSOLUTE
    spl\src\stm32f4xx_hash.c                 0x00000000   Number         0  stm32f4xx_hash.o ABSOLUTE
    spl\src\stm32f4xx_hash_md5.c             0x00000000   Number         0  stm32f4xx_hash_md5.o ABSOLUTE
    spl\src\stm32f4xx_hash_sha1.c            0x00000000   Number         0  stm32f4xx_hash_sha1.o ABSOLUTE
    spl\src\stm32f4xx_i2c.c                  0x00000000   Number         0  stm32f4xx_i2c.o ABSOLUTE
    spl\src\stm32f4xx_iwdg.c                 0x00000000   Number         0  stm32f4xx_iwdg.o ABSOLUTE
    spl\src\stm32f4xx_lptim.c                0x00000000   Number         0  stm32f4xx_lptim.o ABSOLUTE
    spl\src\stm32f4xx_ltdc.c                 0x00000000   Number         0  stm32f4xx_ltdc.o ABSOLUTE
    spl\src\stm32f4xx_pwr.c                  0x00000000   Number         0  stm32f4xx_pwr.o ABSOLUTE
    spl\src\stm32f4xx_qspi.c                 0x00000000   Number         0  stm32f4xx_qspi.o ABSOLUTE
    spl\src\stm32f4xx_rcc.c                  0x00000000   Number         0  stm32f4xx_rcc.o ABSOLUTE
    spl\src\stm32f4xx_rng.c                  0x00000000   Number         0  stm32f4xx_rng.o ABSOLUTE
    spl\src\stm32f4xx_rtc.c                  0x00000000   Number         0  stm32f4xx_rtc.o ABSOLUTE
    spl\src\stm32f4xx_sai.c                  0x00000000   Number         0  stm32f4xx_sai.o ABSOLUTE
    spl\src\stm32f4xx_sdio.c                 0x00000000   Number         0  stm32f4xx_sdio.o ABSOLUTE
    spl\src\stm32f4xx_spdifrx.c              0x00000000   Number         0  stm32f4xx_spdifrx.o ABSOLUTE
    spl\src\stm32f4xx_spi.c                  0x00000000   Number         0  stm32f4xx_spi.o ABSOLUTE
    spl\src\stm32f4xx_syscfg.c               0x00000000   Number         0  stm32f4xx_syscfg.o ABSOLUTE
    spl\src\stm32f4xx_tim.c                  0x00000000   Number         0  stm32f4xx_tim.o ABSOLUTE
    spl\src\stm32f4xx_usart.c                0x00000000   Number         0  stm32f4xx_usart.o ABSOLUTE
    spl\src\stm32f4xx_wwdg.c                 0x00000000   Number         0  stm32f4xx_wwdg.o ABSOLUTE
    usart2.cpp                               0x00000000   Number         0  usart2.o ABSOLUTE
    usart2.cpp                               0x00000000   Number         0  usart2.o ABSOLUTE
    RESET                                    0x08000000   Section      392  startup_stm32f407xx.o(RESET)
    !!!main                                  0x08000188   Section        8  __main.o(!!!main)
    !!!scatter                               0x08000190   Section       52  __scatter.o(!!!scatter)
    !!handler_copy                           0x080001c4   Section       26  __scatter_copy.o(!!handler_copy)
    !!handler_zi                             0x080001e0   Section       28  __scatter_zi.o(!!handler_zi)
    .ARM.Collect$$libinit$$00000000          0x080001fc   Section        2  libinit.o(.ARM.Collect$$libinit$$00000000)
    .ARM.Collect$$libinit$$00000001          0x080001fe   Section        4  libinit2.o(.ARM.Collect$$libinit$$00000001)
    .ARM.Collect$$libinit$$00000004          0x08000202   Section        0  libinit2.o(.ARM.Collect$$libinit$$00000004)
    .ARM.Collect$$libinit$$0000000A          0x08000202   Section        0  libinit2.o(.ARM.Collect$$libinit$$0000000A)
    .ARM.Collect$$libinit$$0000000C          0x08000202   Section        0  libinit2.o(.ARM.Collect$$libinit$$0000000C)
    .ARM.Collect$$libinit$$0000000E          0x08000202   Section        0  libinit2.o(.ARM.Collect$$libinit$$0000000E)
    .ARM.Collect$$libinit$$00000011          0x08000202   Section        0  libinit2.o(.ARM.Collect$$libinit$$00000011)
    .ARM.Collect$$libinit$$00000013          0x08000202   Section        0  libinit2.o(.ARM.Collect$$libinit$$00000013)
    .ARM.Collect$$libinit$$00000015          0x08000202   Section        0  libinit2.o(.ARM.Collect$$libinit$$00000015)
    .ARM.Collect$$libinit$$00000017          0x08000202   Section        0  libinit2.o(.ARM.Collect$$libinit$$00000017)
    .ARM.Collect$$libinit$$00000019          0x08000202   Section        0  libinit2.o(.ARM.Collect$$libinit$$00000019)
    .ARM.Collect$$libinit$$0000001B          0x08000202   Section        0  libinit2.o(.ARM.Collect$$libinit$$0000001B)
    .ARM.Collect$$libinit$$0000001D          0x08000202   Section        0  libinit2.o(.ARM.Collect$$libinit$$0000001D)
    .ARM.Collect$$libinit$$0000001F          0x08000202   Section        0  libinit2.o(.ARM.Collect$$libinit$$0000001F)
    .ARM.Collect$$libinit$$00000021          0x08000202   Section        0  libinit2.o(.ARM.Collect$$libinit$$00000021)
    .ARM.Collect$$libinit$$00000023          0x08000202   Section        0  libinit2.o(.ARM.Collect$$libinit$$00000023)
    .ARM.Collect$$libinit$$00000025          0x08000202   Section        0  libinit2.o(.ARM.Collect$$libinit$$00000025)
    .ARM.Collect$$libinit$$0000002C          0x08000202   Section        0  libinit2.o(.ARM.Collect$$libinit$$0000002C)
    .ARM.Collect$$libinit$$0000002E          0x08000202   Section        0  libinit2.o(.ARM.Collect$$libinit$$0000002E)
    .ARM.Collect$$libinit$$00000030          0x08000202   Section        0  libinit2.o(.ARM.Collect$$libinit$$00000030)
    .ARM.Collect$$libinit$$00000032          0x08000202   Section        0  libinit2.o(.ARM.Collect$$libinit$$00000032)
    .ARM.Collect$$libinit$$00000033          0x08000202   Section        2  libinit2.o(.ARM.Collect$$libinit$$00000033)
    .ARM.Collect$$libshutdown$$00000000      0x08000204   Section        2  libshutdown.o(.ARM.Collect$$libshutdown$$00000000)
    .ARM.Collect$$libshutdown$$00000002      0x08000206   Section        0  libshutdown2.o(.ARM.Collect$$libshutdown$$00000002)
    .ARM.Collect$$libshutdown$$00000004      0x08000206   Section        0  libshutdown2.o(.ARM.Collect$$libshutdown$$00000004)
    .ARM.Collect$$libshutdown$$00000006      0x08000206   Section        0  libshutdown2.o(.ARM.Collect$$libshutdown$$00000006)
    .ARM.Collect$$libshutdown$$00000009      0x08000206   Section        0  libshutdown2.o(.ARM.Collect$$libshutdown$$00000009)
    .ARM.Collect$$libshutdown$$0000000C      0x08000206   Section        0  libshutdown2.o(.ARM.Collect$$libshutdown$$0000000C)
    .ARM.Collect$$libshutdown$$0000000E      0x08000206   Section        0  libshutdown2.o(.ARM.Collect$$libshutdown$$0000000E)
    .ARM.Collect$$libshutdown$$00000011      0x08000206   Section        0  libshutdown2.o(.ARM.Collect$$libshutdown$$00000011)
    .ARM.Collect$$libshutdown$$00000012      0x08000206   Section        2  libshutdown2.o(.ARM.Collect$$libshutdown$$00000012)
    .ARM.Collect$$rtentry$$00000000          0x08000208   Section        0  __rtentry.o(.ARM.Collect$$rtentry$$00000000)
    .ARM.Collect$$rtentry$$00000002          0x08000208   Section        0  __rtentry2.o(.ARM.Collect$$rtentry$$00000002)
    .ARM.Collect$$rtentry$$00000004          0x08000208   Section        6  __rtentry4.o(.ARM.Collect$$rtentry$$00000004)
    .ARM.Collect$$rtentry$$00000009          0x0800020e   Section        0  __rtentry2.o(.ARM.Collect$$rtentry$$00000009)
    .ARM.Collect$$rtentry$$0000000A          0x0800020e   Section        4  __rtentry2.o(.ARM.Collect$$rtentry$$0000000A)
    .ARM.Collect$$rtentry$$0000000C          0x08000212   Section        0  __rtentry2.o(.ARM.Collect$$rtentry$$0000000C)
    .ARM.Collect$$rtentry$$0000000D          0x08000212   Section        8  __rtentry2.o(.ARM.Collect$$rtentry$$0000000D)
    .ARM.Collect$$rtexit$$00000000           0x0800021a   Section        2  rtexit.o(.ARM.Collect$$rtexit$$00000000)
    .ARM.Collect$$rtexit$$00000002           0x0800021c   Section        0  rtexit2.o(.ARM.Collect$$rtexit$$00000002)
    .ARM.Collect$$rtexit$$00000003           0x0800021c   Section        4  rtexit2.o(.ARM.Collect$$rtexit$$00000003)
    .ARM.Collect$$rtexit$$00000004           0x08000220   Section        6  rtexit2.o(.ARM.Collect$$rtexit$$00000004)
    .text                                    0x08000228   Section       64  startup_stm32f407xx.o(.text)
    $v0                                      0x08000228   Number         0  startup_stm32f407xx.o(.text)
    .text                                    0x08000268   Section        2  use_no_semi.o(.text)
    .text                                    0x0800026a   Section      100  rt_memcpy_w.o(.text)
    .text                                    0x080002ce   Section        0  heapauxi.o(.text)
    .text                                    0x080002d4   Section       74  sys_stackheap_outer.o(.text)
    .text                                    0x0800031e   Section        0  exit.o(.text)
    .text                                    0x08000330   Section        8  libspace.o(.text)
    i.ADC_Cmd                                0x08000338   Section        0  stm32f4xx_adc.o(i.ADC_Cmd)
    i.ADC_CommonInit                         0x0800034c   Section        0  stm32f4xx_adc.o(i.ADC_CommonInit)
    i.ADC_DMACmd                             0x08000378   Section        0  stm32f4xx_adc.o(i.ADC_DMACmd)
    i.ADC_DMARequestAfterLastTransferCmd     0x0800038c   Section        0  stm32f4xx_adc.o(i.ADC_DMARequestAfterLastTransferCmd)
    i.ADC_EOCOnEachRegularChannelCmd         0x080003a0   Section        0  stm32f4xx_adc.o(i.ADC_EOCOnEachRegularChannelCmd)
    i.ADC_Init                               0x080003b4   Section        0  stm32f4xx_adc.o(i.ADC_Init)
    i.ADC_RegularChannelConfig               0x08000400   Section        0  stm32f4xx_adc.o(i.ADC_RegularChannelConfig)
    i.ADC_SoftwareStartConv                  0x08000474   Section        0  stm32f4xx_adc.o(i.ADC_SoftwareStartConv)
    i.DMA_Cmd                                0x0800047e   Section        0  stm32f4xx_dma.o(i.DMA_Cmd)
    i.DMA_DeInit                             0x08000494   Section        0  stm32f4xx_dma.o(i.DMA_DeInit)
    i.DMA_Init                               0x080005b8   Section        0  stm32f4xx_dma.o(i.DMA_Init)
    i.GPIO_Init                              0x0800060c   Section        0  stm32f4xx_gpio.o(i.GPIO_Init)
    i.GPIO_PinAFConfig                       0x08000684   Section        0  stm32f4xx_gpio.o(i.GPIO_PinAFConfig)
    i.RCC_AHB1PeriphClockCmd                 0x080006a4   Section        0  stm32f4xx_rcc.o(i.RCC_AHB1PeriphClockCmd)
    i.RCC_APB1PeriphClockCmd                 0x080006bc   Section        0  stm32f4xx_rcc.o(i.RCC_APB1PeriphClockCmd)
    i.RCC_APB2PeriphClockCmd                 0x080006d4   Section        0  stm32f4xx_rcc.o(i.RCC_APB2PeriphClockCmd)
    i.SystemInit                             0x080006ec   Section        0  system_stm32f4xx.o(i.SystemInit)
    i.TIM_Cmd                                0x080006fc   Section        0  stm32f4xx_tim.o(i.TIM_Cmd)
    i.TIM_OC1Init                            0x08000710   Section        0  stm32f4xx_tim.o(i.TIM_OC1Init)
    i.TIM_OC2Init                            0x08000770   Section        0  stm32f4xx_tim.o(i.TIM_OC2Init)
    i.TIM_SetCompare1                        0x080007f0   Section        0  stm32f4xx_tim.o(i.TIM_SetCompare1)
    i.TIM_SetCompare2                        0x080007f4   Section        0  stm32f4xx_tim.o(i.TIM_SetCompare2)
    i.TIM_SetCompare3                        0x080007f8   Section        0  stm32f4xx_tim.o(i.TIM_SetCompare3)
    i.TIM_SetCompare4                        0x080007fc   Section        0  stm32f4xx_tim.o(i.TIM_SetCompare4)
    i.TIM_TimeBaseInit                       0x08000800   Section        0  stm32f4xx_tim.o(i.TIM_TimeBaseInit)
    i.USART2_IRQHandler                      0x0800087c   Section        0  usart2.o(i.USART2_IRQHandler)
    i.USART_ClearITPendingBit                0x080008f0   Section        0  stm32f4xx_usart.o(i.USART_ClearITPendingBit)
    i._ZN3Adc10adcDmaInitEv                  0x080008fc   Section        0  adc.o(i._ZN3Adc10adcDmaInitEv)
    i._ZN3Adc10setChannelEv                  0x08000922   Section        0  adc.o(i._ZN3Adc10setChannelEv)
    i._ZN3Adc12getRCCPeriphEP11ADC_TypeDef   0x08000944   Section        0  adc.o(i._ZN3Adc12getRCCPeriphEP11ADC_TypeDef)
    i._ZN3Adc6getADCEv                       0x08000968   Section        0  adc.o(i._ZN3Adc6getADCEv)
    i._ZN3Adc7adcInitEh                      0x0800096c   Section        0  adc.o(i._ZN3Adc7adcInitEh)
    i._ZN3Adc8sendMeChEh                     0x08000994   Section        0  adc.o(i._ZN3Adc8sendMeChEh)
    i._ZN3Adc8startADCEv                     0x080009a6   Section        0  adc.o(i._ZN3Adc8startADCEv)
    i._ZN3Adc9getCyclesEh                    0x080009dc   Section        0  adc.o(i._ZN3Adc9getCyclesEh)
    i._ZN3AdcC1EP11ADC_TypeDefhhh            0x080009fe   Section        0  adc.o(i._ZN3AdcC1EP11ADC_TypeDefhhh)
    i._ZN3Dma10dataReturnEh                  0x08000a18   Section        0  dma.o(i._ZN3Dma10dataReturnEh)
    i._ZN3Dma12adcInitInDmaEh                0x08000a20   Section        0  dma.o(i._ZN3Dma12adcInitInDmaEh)
    i._ZN3Dma7dmaInitEP18DMA_Stream_TypeDefjj 0x08000a40   Section        0  dma.o(i._ZN3Dma7dmaInitEP18DMA_Stream_TypeDefjj)
    i._ZN3DmaC1EjR3Adc                       0x08000aa8   Section        0  dma.o(i._ZN3DmaC1EjR3Adc)
    i._ZN3Pin3pwmEj                          0x08000ac0   Section        0  pin.o(i._ZN3Pin3pwmEj)
    i._ZN3Pin6setPinEh                       0x08000ae2   Section        0  pin.o(i._ZN3Pin6setPinEh)
    i._ZN3Pin6setTimEt                       0x08000b90   Section        0  pin.o(i._ZN3Pin6setTimEt)
    i._ZN3Pin7pwmInitEjjh                    0x08000c5c   Section        0  pin.o(i._ZN3Pin7pwmInitEjjh)
    i._ZN3Pin7setGPIOEc                      0x08000ccc   Section        0  pin.o(i._ZN3Pin7setGPIOEc)
    i._ZN3PinC1Echt                          0x08000d28   Section        0  pin.o(i._ZN3PinC1Echt)
    i._sys_exit                              0x08000ea0   Section        0  retarget.o(i._sys_exit)
    i.main                                   0x08000ea4   Section        0  main.o(i.main)
    x$fpl$dfixu                              0x08000f34   Section       90  dfixu.o(x$fpl$dfixu)
    $v0                                      0x08000f34   Number         0  dfixu.o(x$fpl$dfixu)
    x$fpl$dfltu                              0x08000f8e   Section       38  dflt_clz.o(x$fpl$dfltu)
    $v0                                      0x08000f8e   Number         0  dflt_clz.o(x$fpl$dfltu)
    x$fpl$dmul                               0x08000fb4   Section      340  dmul.o(x$fpl$dmul)
    $v0                                      0x08000fb4   Number         0  dmul.o(x$fpl$dmul)
    x$fpl$dnaninf                            0x08001108   Section      156  dnaninf.o(x$fpl$dnaninf)
    $v0                                      0x08001108   Number         0  dnaninf.o(x$fpl$dnaninf)
    x$fpl$dretinf                            0x080011a4   Section       12  dretinf.o(x$fpl$dretinf)
    $v0                                      0x080011a4   Number         0  dretinf.o(x$fpl$dretinf)
    x$fpl$fpinit                             0x080011b0   Section       10  fpinit.o(x$fpl$fpinit)
    $v0                                      0x080011b0   Number         0  fpinit.o(x$fpl$fpinit)
    .constdata                               0x080011ba   Section       61  retarget.o(.constdata)
    x$fpl$usenofp                            0x080011ba   Section        0  usenofp.o(x$fpl$usenofp)
    __tagsym$$used                           0x080011ba   Number         0  retarget.o(.constdata)
    date_time_commit                         0x080011ba   Data          61  retarget.o(.constdata)
    .data                                    0x20000000   Section       26  usart2.o(.data)
    .bss                                     0x2000001c   Section       96  libspace.o(.bss)
    HEAP                                     0x20000080   Section     1024  startup_stm32f407xx.o(HEAP)
    Heap_Mem                                 0x20000080   Data        1024  startup_stm32f407xx.o(HEAP)
    STACK                                    0x20000480   Section     2048  startup_stm32f407xx.o(STACK)
    Stack_Mem                                0x20000480   Data        2048  startup_stm32f407xx.o(STACK)
    __initial_sp                             0x20000c80   Data           0  startup_stm32f407xx.o(STACK)

    Global Symbols

    Symbol Name                              Value     Ov Type        Size  Object(Section)

    BuildAttributes$$THM_ISAv4$E$P$D$K$B$S$7EM$VFPi3$EXTD16$VFPS$VFMA$PE$A:L22UL41UL21$X:L11$S22US41US21$IEEE1$IW$USESV6$~STKCKD$USESV7$~SHL$OSPACE$ROPI$EBA8$UX$STANDARDLIB$REQ8$PRES8$EABIv2 0x00000000   Number         0  anon$$obj.o ABSOLUTE
    __ARM_use_no_argv                        0x00000000   Number         0  main.o ABSOLUTE
    __ARM_exceptions_init                     - Undefined Weak Reference
    __alloca_initialize                       - Undefined Weak Reference
    __arm_fini_                               - Undefined Weak Reference
    __arm_preinit_                            - Undefined Weak Reference
    __cpp_initialize__aeabi_                  - Undefined Weak Reference
    __cxa_finalize                            - Undefined Weak Reference
    __rt_locale                               - Undefined Weak Reference
    __sigvec_lookup                           - Undefined Weak Reference
    _atexit_init                              - Undefined Weak Reference
    _call_atexit_fns                          - Undefined Weak Reference
    _clock_init                               - Undefined Weak Reference
    _fp_trap_init                             - Undefined Weak Reference
    _fp_trap_shutdown                         - Undefined Weak Reference
    _get_lc_collate                           - Undefined Weak Reference
    _get_lc_ctype                             - Undefined Weak Reference
    _get_lc_monetary                          - Undefined Weak Reference
    _get_lc_numeric                           - Undefined Weak Reference
    _get_lc_time                              - Undefined Weak Reference
    _getenv_init                              - Undefined Weak Reference
    _handle_redirection                       - Undefined Weak Reference
    _init_alloc                               - Undefined Weak Reference
    _init_user_alloc                          - Undefined Weak Reference
    _initio                                   - Undefined Weak Reference
    _rand_init                                - Undefined Weak Reference
    _signal_finish                            - Undefined Weak Reference
    _signal_init                              - Undefined Weak Reference
    _terminate_alloc                          - Undefined Weak Reference
    _terminate_user_alloc                     - Undefined Weak Reference
    _terminateio                              - Undefined Weak Reference
    __Vectors_Size                           0x00000188   Number         0  startup_stm32f407xx.o ABSOLUTE
    __Vectors                                0x08000000   Data           4  startup_stm32f407xx.o(RESET)
    __Vectors_End                            0x08000188   Data           0  startup_stm32f407xx.o(RESET)
    __main                                   0x08000189   Thumb Code     8  __main.o(!!!main)
    __scatterload                            0x08000191   Thumb Code     0  __scatter.o(!!!scatter)
    __scatterload_rt2                        0x08000191   Thumb Code    44  __scatter.o(!!!scatter)
    __scatterload_rt2_thumb_only             0x08000191   Thumb Code     0  __scatter.o(!!!scatter)
    __scatterload_null                       0x0800019f   Thumb Code     0  __scatter.o(!!!scatter)
    __scatterload_copy                       0x080001c5   Thumb Code    26  __scatter_copy.o(!!handler_copy)
    __scatterload_zeroinit                   0x080001e1   Thumb Code    28  __scatter_zi.o(!!handler_zi)
    __rt_lib_init                            0x080001fd   Thumb Code     0  libinit.o(.ARM.Collect$$libinit$$00000000)
    __rt_lib_init_fp_1                       0x080001ff   Thumb Code     0  libinit2.o(.ARM.Collect$$libinit$$00000001)
    __rt_lib_init_alloca_1                   0x08000203   Thumb Code     0  libinit2.o(.ARM.Collect$$libinit$$0000002E)
    __rt_lib_init_argv_1                     0x08000203   Thumb Code     0  libinit2.o(.ARM.Collect$$libinit$$0000002C)
    __rt_lib_init_atexit_1                   0x08000203   Thumb Code     0  libinit2.o(.ARM.Collect$$libinit$$0000001B)
    __rt_lib_init_clock_1                    0x08000203   Thumb Code     0  libinit2.o(.ARM.Collect$$libinit$$00000021)
    __rt_lib_init_cpp_1                      0x08000203   Thumb Code     0  libinit2.o(.ARM.Collect$$libinit$$00000032)
    __rt_lib_init_exceptions_1               0x08000203   Thumb Code     0  libinit2.o(.ARM.Collect$$libinit$$00000030)
    __rt_lib_init_fp_trap_1                  0x08000203   Thumb Code     0  libinit2.o(.ARM.Collect$$libinit$$0000001F)
    __rt_lib_init_getenv_1                   0x08000203   Thumb Code     0  libinit2.o(.ARM.Collect$$libinit$$00000023)
    __rt_lib_init_heap_1                     0x08000203   Thumb Code     0  libinit2.o(.ARM.Collect$$libinit$$0000000A)
    __rt_lib_init_lc_collate_1               0x08000203   Thumb Code     0  libinit2.o(.ARM.Collect$$libinit$$00000011)
    __rt_lib_init_lc_ctype_1                 0x08000203   Thumb Code     0  libinit2.o(.ARM.Collect$$libinit$$00000013)
    __rt_lib_init_lc_monetary_1              0x08000203   Thumb Code     0  libinit2.o(.ARM.Collect$$libinit$$00000015)
    __rt_lib_init_lc_numeric_1               0x08000203   Thumb Code     0  libinit2.o(.ARM.Collect$$libinit$$00000017)
    __rt_lib_init_lc_time_1                  0x08000203   Thumb Code     0  libinit2.o(.ARM.Collect$$libinit$$00000019)
    __rt_lib_init_preinit_1                  0x08000203   Thumb Code     0  libinit2.o(.ARM.Collect$$libinit$$00000004)
    __rt_lib_init_rand_1                     0x08000203   Thumb Code     0  libinit2.o(.ARM.Collect$$libinit$$0000000E)
    __rt_lib_init_return                     0x08000203   Thumb Code     0  libinit2.o(.ARM.Collect$$libinit$$00000033)
    __rt_lib_init_signal_1                   0x08000203   Thumb Code     0  libinit2.o(.ARM.Collect$$libinit$$0000001D)
    __rt_lib_init_stdio_1                    0x08000203   Thumb Code     0  libinit2.o(.ARM.Collect$$libinit$$00000025)
    __rt_lib_init_user_alloc_1               0x08000203   Thumb Code     0  libinit2.o(.ARM.Collect$$libinit$$0000000C)
    __rt_lib_shutdown                        0x08000205   Thumb Code     0  libshutdown.o(.ARM.Collect$$libshutdown$$00000000)
    __rt_lib_shutdown_cpp_1                  0x08000207   Thumb Code     0  libshutdown2.o(.ARM.Collect$$libshutdown$$00000004)
    __rt_lib_shutdown_fini_1                 0x08000207   Thumb Code     0  libshutdown2.o(.ARM.Collect$$libshutdown$$00000002)
    __rt_lib_shutdown_fp_trap_1              0x08000207   Thumb Code     0  libshutdown2.o(.ARM.Collect$$libshutdown$$00000009)
    __rt_lib_shutdown_heap_1                 0x08000207   Thumb Code     0  libshutdown2.o(.ARM.Collect$$libshutdown$$00000011)
    __rt_lib_shutdown_return                 0x08000207   Thumb Code     0  libshutdown2.o(.ARM.Collect$$libshutdown$$00000012)
    __rt_lib_shutdown_signal_1               0x08000207   Thumb Code     0  libshutdown2.o(.ARM.Collect$$libshutdown$$0000000C)
    __rt_lib_shutdown_stdio_1                0x08000207   Thumb Code     0  libshutdown2.o(.ARM.Collect$$libshutdown$$00000006)
    __rt_lib_shutdown_user_alloc_1           0x08000207   Thumb Code     0  libshutdown2.o(.ARM.Collect$$libshutdown$$0000000E)
    __rt_entry                               0x08000209   Thumb Code     0  __rtentry.o(.ARM.Collect$$rtentry$$00000000)
    __rt_entry_presh_1                       0x08000209   Thumb Code     0  __rtentry2.o(.ARM.Collect$$rtentry$$00000002)
    __rt_entry_sh                            0x08000209   Thumb Code     0  __rtentry4.o(.ARM.Collect$$rtentry$$00000004)
    __rt_entry_li                            0x0800020f   Thumb Code     0  __rtentry2.o(.ARM.Collect$$rtentry$$0000000A)
    __rt_entry_postsh_1                      0x0800020f   Thumb Code     0  __rtentry2.o(.ARM.Collect$$rtentry$$00000009)
    __rt_entry_main                          0x08000213   Thumb Code     0  __rtentry2.o(.ARM.Collect$$rtentry$$0000000D)
    __rt_entry_postli_1                      0x08000213   Thumb Code     0  __rtentry2.o(.ARM.Collect$$rtentry$$0000000C)
    __rt_exit                                0x0800021b   Thumb Code     0  rtexit.o(.ARM.Collect$$rtexit$$00000000)
    __rt_exit_ls                             0x0800021d   Thumb Code     0  rtexit2.o(.ARM.Collect$$rtexit$$00000003)
    __rt_exit_prels_1                        0x0800021d   Thumb Code     0  rtexit2.o(.ARM.Collect$$rtexit$$00000002)
    __rt_exit_exit                           0x08000221   Thumb Code     0  rtexit2.o(.ARM.Collect$$rtexit$$00000004)
    Reset_Handler                            0x08000229   Thumb Code     8  startup_stm32f407xx.o(.text)
    NMI_Handler                              0x08000231   Thumb Code     2  startup_stm32f407xx.o(.text)
    HardFault_Handler                        0x08000233   Thumb Code     2  startup_stm32f407xx.o(.text)
    MemManage_Handler                        0x08000235   Thumb Code     2  startup_stm32f407xx.o(.text)
    BusFault_Handler                         0x08000237   Thumb Code     2  startup_stm32f407xx.o(.text)
    UsageFault_Handler                       0x08000239   Thumb Code     2  startup_stm32f407xx.o(.text)
    SVC_Handler                              0x0800023b   Thumb Code     2  startup_stm32f407xx.o(.text)
    DebugMon_Handler                         0x0800023d   Thumb Code     2  startup_stm32f407xx.o(.text)
    PendSV_Handler                           0x0800023f   Thumb Code     2  startup_stm32f407xx.o(.text)
    SysTick_Handler                          0x08000241   Thumb Code     2  startup_stm32f407xx.o(.text)
    ADC_IRQHandler                           0x08000243   Thumb Code     0  startup_stm32f407xx.o(.text)
    CAN1_RX0_IRQHandler                      0x08000243   Thumb Code     0  startup_stm32f407xx.o(.text)
    CAN1_RX1_IRQHandler                      0x08000243   Thumb Code     0  startup_stm32f407xx.o(.text)
    CAN1_SCE_IRQHandler                      0x08000243   Thumb Code     0  startup_stm32f407xx.o(.text)
    CAN1_TX_IRQHandler                       0x08000243   Thumb Code     0  startup_stm32f407xx.o(.text)
    CAN2_RX0_IRQHandler                      0x08000243   Thumb Code     0  startup_stm32f407xx.o(.text)
    CAN2_RX1_IRQHandler                      0x08000243   Thumb Code     0  startup_stm32f407xx.o(.text)
    CAN2_SCE_IRQHandler                      0x08000243   Thumb Code     0  startup_stm32f407xx.o(.text)
    CAN2_TX_IRQHandler                       0x08000243   Thumb Code     0  startup_stm32f407xx.o(.text)
    DCMI_IRQHandler                          0x08000243   Thumb Code     0  startup_stm32f407xx.o(.text)
    DMA1_Stream0_IRQHandler                  0x08000243   Thumb Code     0  startup_stm32f407xx.o(.text)
    DMA1_Stream1_IRQHandler                  0x08000243   Thumb Code     0  startup_stm32f407xx.o(.text)
    DMA1_Stream2_IRQHandler                  0x08000243   Thumb Code     0  startup_stm32f407xx.o(.text)
    DMA1_Stream3_IRQHandler                  0x08000243   Thumb Code     0  startup_stm32f407xx.o(.text)
    DMA1_Stream4_IRQHandler                  0x08000243   Thumb Code     0  startup_stm32f407xx.o(.text)
    DMA1_Stream5_IRQHandler                  0x08000243   Thumb Code     0  startup_stm32f407xx.o(.text)
    DMA1_Stream6_IRQHandler                  0x08000243   Thumb Code     0  startup_stm32f407xx.o(.text)
    DMA1_Stream7_IRQHandler                  0x08000243   Thumb Code     0  startup_stm32f407xx.o(.text)
    DMA2_Stream0_IRQHandler                  0x08000243   Thumb Code     0  startup_stm32f407xx.o(.text)
    DMA2_Stream1_IRQHandler                  0x08000243   Thumb Code     0  startup_stm32f407xx.o(.text)
    DMA2_Stream2_IRQHandler                  0x08000243   Thumb Code     0  startup_stm32f407xx.o(.text)
    DMA2_Stream3_IRQHandler                  0x08000243   Thumb Code     0  startup_stm32f407xx.o(.text)
    DMA2_Stream4_IRQHandler                  0x08000243   Thumb Code     0  startup_stm32f407xx.o(.text)
    DMA2_Stream5_IRQHandler                  0x08000243   Thumb Code     0  startup_stm32f407xx.o(.text)
    DMA2_Stream6_IRQHandler                  0x08000243   Thumb Code     0  startup_stm32f407xx.o(.text)
    DMA2_Stream7_IRQHandler                  0x08000243   Thumb Code     0  startup_stm32f407xx.o(.text)
    ETH_IRQHandler                           0x08000243   Thumb Code     0  startup_stm32f407xx.o(.text)
    ETH_WKUP_IRQHandler                      0x08000243   Thumb Code     0  startup_stm32f407xx.o(.text)
    EXTI0_IRQHandler                         0x08000243   Thumb Code     0  startup_stm32f407xx.o(.text)
    EXTI15_10_IRQHandler                     0x08000243   Thumb Code     0  startup_stm32f407xx.o(.text)
    EXTI1_IRQHandler                         0x08000243   Thumb Code     0  startup_stm32f407xx.o(.text)
    EXTI2_IRQHandler                         0x08000243   Thumb Code     0  startup_stm32f407xx.o(.text)
    EXTI3_IRQHandler                         0x08000243   Thumb Code     0  startup_stm32f407xx.o(.text)
    EXTI4_IRQHandler                         0x08000243   Thumb Code     0  startup_stm32f407xx.o(.text)
    EXTI9_5_IRQHandler                       0x08000243   Thumb Code     0  startup_stm32f407xx.o(.text)
    FLASH_IRQHandler                         0x08000243   Thumb Code     0  startup_stm32f407xx.o(.text)
    FMC_IRQHandler                           0x08000243   Thumb Code     0  startup_stm32f407xx.o(.text)
    FPU_IRQHandler                           0x08000243   Thumb Code     0  startup_stm32f407xx.o(.text)
    HASH_RNG_IRQHandler                      0x08000243   Thumb Code     0  startup_stm32f407xx.o(.text)
    I2C1_ER_IRQHandler                       0x08000243   Thumb Code     0  startup_stm32f407xx.o(.text)
    I2C1_EV_IRQHandler                       0x08000243   Thumb Code     0  startup_stm32f407xx.o(.text)
    I2C2_ER_IRQHandler                       0x08000243   Thumb Code     0  startup_stm32f407xx.o(.text)
    I2C2_EV_IRQHandler                       0x08000243   Thumb Code     0  startup_stm32f407xx.o(.text)
    I2C3_ER_IRQHandler                       0x08000243   Thumb Code     0  startup_stm32f407xx.o(.text)
    I2C3_EV_IRQHandler                       0x08000243   Thumb Code     0  startup_stm32f407xx.o(.text)
    OTG_FS_IRQHandler                        0x08000243   Thumb Code     0  startup_stm32f407xx.o(.text)
    OTG_FS_WKUP_IRQHandler                   0x08000243   Thumb Code     0  startup_stm32f407xx.o(.text)
    OTG_HS_EP1_IN_IRQHandler                 0x08000243   Thumb Code     0  startup_stm32f407xx.o(.text)
    OTG_HS_EP1_OUT_IRQHandler                0x08000243   Thumb Code     0  startup_stm32f407xx.o(.text)
    OTG_HS_IRQHandler                        0x08000243   Thumb Code     0  startup_stm32f407xx.o(.text)
    OTG_HS_WKUP_IRQHandler                   0x08000243   Thumb Code     0  startup_stm32f407xx.o(.text)
    PVD_IRQHandler                           0x08000243   Thumb Code     0  startup_stm32f407xx.o(.text)
    RCC_IRQHandler                           0x08000243   Thumb Code     0  startup_stm32f407xx.o(.text)
    RTC_Alarm_IRQHandler                     0x08000243   Thumb Code     0  startup_stm32f407xx.o(.text)
    RTC_WKUP_IRQHandler                      0x08000243   Thumb Code     0  startup_stm32f407xx.o(.text)
    SDIO_IRQHandler                          0x08000243   Thumb Code     0  startup_stm32f407xx.o(.text)
    SPI1_IRQHandler                          0x08000243   Thumb Code     0  startup_stm32f407xx.o(.text)
    SPI2_IRQHandler                          0x08000243   Thumb Code     0  startup_stm32f407xx.o(.text)
    SPI3_IRQHandler                          0x08000243   Thumb Code     0  startup_stm32f407xx.o(.text)
    TAMP_STAMP_IRQHandler                    0x08000243   Thumb Code     0  startup_stm32f407xx.o(.text)
    TIM1_BRK_TIM9_IRQHandler                 0x08000243   Thumb Code     0  startup_stm32f407xx.o(.text)
    TIM1_CC_IRQHandler                       0x08000243   Thumb Code     0  startup_stm32f407xx.o(.text)
    TIM1_TRG_COM_TIM11_IRQHandler            0x08000243   Thumb Code     0  startup_stm32f407xx.o(.text)
    TIM1_UP_TIM10_IRQHandler                 0x08000243   Thumb Code     0  startup_stm32f407xx.o(.text)
    TIM2_IRQHandler                          0x08000243   Thumb Code     0  startup_stm32f407xx.o(.text)
    TIM3_IRQHandler                          0x08000243   Thumb Code     0  startup_stm32f407xx.o(.text)
    TIM4_IRQHandler                          0x08000243   Thumb Code     0  startup_stm32f407xx.o(.text)
    TIM5_IRQHandler                          0x08000243   Thumb Code     0  startup_stm32f407xx.o(.text)
    TIM6_DAC_IRQHandler                      0x08000243   Thumb Code     0  startup_stm32f407xx.o(.text)
    TIM7_IRQHandler                          0x08000243   Thumb Code     0  startup_stm32f407xx.o(.text)
    TIM8_BRK_TIM12_IRQHandler                0x08000243   Thumb Code     0  startup_stm32f407xx.o(.text)
    TIM8_CC_IRQHandler                       0x08000243   Thumb Code     0  startup_stm32f407xx.o(.text)
    TIM8_TRG_COM_TIM14_IRQHandler            0x08000243   Thumb Code     0  startup_stm32f407xx.o(.text)
    TIM8_UP_TIM13_IRQHandler                 0x08000243   Thumb Code     0  startup_stm32f407xx.o(.text)
    UART4_IRQHandler                         0x08000243   Thumb Code     0  startup_stm32f407xx.o(.text)
    UART5_IRQHandler                         0x08000243   Thumb Code     0  startup_stm32f407xx.o(.text)
    USART1_IRQHandler                        0x08000243   Thumb Code     0  startup_stm32f407xx.o(.text)
    USART3_IRQHandler                        0x08000243   Thumb Code     0  startup_stm32f407xx.o(.text)
    USART6_IRQHandler                        0x08000243   Thumb Code     0  startup_stm32f407xx.o(.text)
    WWDG_IRQHandler                          0x08000243   Thumb Code     0  startup_stm32f407xx.o(.text)
    __user_initial_stackheap                 0x08000245   Thumb Code     0  startup_stm32f407xx.o(.text)
    __semihosting$guard                      0x08000269   Thumb Code     0  use_no_semi.o(.text)
    __use_no_semihosting_swi                 0x08000269   Thumb Code     2  use_no_semi.o(.text)
    __aeabi_memcpy4                          0x0800026b   Thumb Code     0  rt_memcpy_w.o(.text)
    __aeabi_memcpy8                          0x0800026b   Thumb Code     0  rt_memcpy_w.o(.text)
    __rt_memcpy_w                            0x0800026b   Thumb Code   100  rt_memcpy_w.o(.text)
    _memcpy_lastbytes_aligned                0x080002b3   Thumb Code     0  rt_memcpy_w.o(.text)
    __use_two_region_memory                  0x080002cf   Thumb Code     2  heapauxi.o(.text)
    __rt_heap_escrow$2region                 0x080002d1   Thumb Code     2  heapauxi.o(.text)
    __rt_heap_expand$2region                 0x080002d3   Thumb Code     2  heapauxi.o(.text)
    __user_setup_stackheap                   0x080002d5   Thumb Code    74  sys_stackheap_outer.o(.text)
    exit                                     0x0800031f   Thumb Code    18  exit.o(.text)
    __user_libspace                          0x08000331   Thumb Code     8  libspace.o(.text)
    __user_perproc_libspace                  0x08000331   Thumb Code     0  libspace.o(.text)
    __user_perthread_libspace                0x08000331   Thumb Code     0  libspace.o(.text)
    ADC_Cmd                                  0x08000339   Thumb Code    20  stm32f4xx_adc.o(i.ADC_Cmd)
    ADC_CommonInit                           0x0800034d   Thumb Code    34  stm32f4xx_adc.o(i.ADC_CommonInit)
    ADC_DMACmd                               0x08000379   Thumb Code    20  stm32f4xx_adc.o(i.ADC_DMACmd)
    ADC_DMARequestAfterLastTransferCmd       0x0800038d   Thumb Code    20  stm32f4xx_adc.o(i.ADC_DMARequestAfterLastTransferCmd)
    ADC_EOCOnEachRegularChannelCmd           0x080003a1   Thumb Code    20  stm32f4xx_adc.o(i.ADC_EOCOnEachRegularChannelCmd)
    ADC_Init                                 0x080003b5   Thumb Code    66  stm32f4xx_adc.o(i.ADC_Init)
    ADC_RegularChannelConfig                 0x08000401   Thumb Code   116  stm32f4xx_adc.o(i.ADC_RegularChannelConfig)
    ADC_SoftwareStartConv                    0x08000475   Thumb Code    10  stm32f4xx_adc.o(i.ADC_SoftwareStartConv)
    DMA_Cmd                                  0x0800047f   Thumb Code    20  stm32f4xx_dma.o(i.DMA_Cmd)
    DMA_DeInit                               0x08000495   Thumb Code   272  stm32f4xx_dma.o(i.DMA_DeInit)
    DMA_Init                                 0x080005b9   Thumb Code    80  stm32f4xx_dma.o(i.DMA_Init)
    GPIO_Init                                0x0800060d   Thumb Code   120  stm32f4xx_gpio.o(i.GPIO_Init)
    GPIO_PinAFConfig                         0x08000685   Thumb Code    32  stm32f4xx_gpio.o(i.GPIO_PinAFConfig)
    RCC_AHB1PeriphClockCmd                   0x080006a5   Thumb Code    18  stm32f4xx_rcc.o(i.RCC_AHB1PeriphClockCmd)
    RCC_APB1PeriphClockCmd                   0x080006bd   Thumb Code    18  stm32f4xx_rcc.o(i.RCC_APB1PeriphClockCmd)
    RCC_APB2PeriphClockCmd                   0x080006d5   Thumb Code    18  stm32f4xx_rcc.o(i.RCC_APB2PeriphClockCmd)
    SystemInit                               0x080006ed   Thumb Code    12  system_stm32f4xx.o(i.SystemInit)
    TIM_Cmd                                  0x080006fd   Thumb Code    20  stm32f4xx_tim.o(i.TIM_Cmd)
    TIM_OC1Init                              0x08000711   Thumb Code    88  stm32f4xx_tim.o(i.TIM_OC1Init)
    TIM_OC2Init                              0x08000771   Thumb Code   120  stm32f4xx_tim.o(i.TIM_OC2Init)
    TIM_SetCompare1                          0x080007f1   Thumb Code     4  stm32f4xx_tim.o(i.TIM_SetCompare1)
    TIM_SetCompare2                          0x080007f5   Thumb Code     4  stm32f4xx_tim.o(i.TIM_SetCompare2)
    TIM_SetCompare3                          0x080007f9   Thumb Code     4  stm32f4xx_tim.o(i.TIM_SetCompare3)
    TIM_SetCompare4                          0x080007fd   Thumb Code     4  stm32f4xx_tim.o(i.TIM_SetCompare4)
    TIM_TimeBaseInit                         0x08000801   Thumb Code    96  stm32f4xx_tim.o(i.TIM_TimeBaseInit)
    USART2_IRQHandler                        0x0800087d   Thumb Code   108  usart2.o(i.USART2_IRQHandler)
    USART_ClearITPendingBit                  0x080008f1   Thumb Code    12  stm32f4xx_usart.o(i.USART_ClearITPendingBit)
    Adc::adcDmaInit()                        0x080008fd   Thumb Code    38  adc.o(i._ZN3Adc10adcDmaInitEv)
    Adc::setChannel()                        0x08000923   Thumb Code    34  adc.o(i._ZN3Adc10setChannelEv)
    Adc::getRCCPeriph(ADC_TypeDef*)          0x08000945   Thumb Code    28  adc.o(i._ZN3Adc12getRCCPeriphEP11ADC_TypeDef)
    Adc::getADC()                            0x08000969   Thumb Code     4  adc.o(i._ZN3Adc6getADCEv)
    Adc::adcInit(unsigned char)              0x0800096d   Thumb Code    40  adc.o(i._ZN3Adc7adcInitEh)
    Adc::sendMeCh(unsigned char)             0x08000995   Thumb Code    18  adc.o(i._ZN3Adc8sendMeChEh)
    Adc::startADC()                          0x080009a7   Thumb Code    54  adc.o(i._ZN3Adc8startADCEv)
    Adc::getCycles(unsigned char)            0x080009dd   Thumb Code    34  adc.o(i._ZN3Adc9getCyclesEh)
    Adc::Adc(ADC_TypeDef*, unsigned char, unsigned char, unsigned char) 0x080009ff   Thumb Code    26  adc.o(i._ZN3AdcC1EP11ADC_TypeDefhhh)
    Adc::Adc__sub_object(ADC_TypeDef*, unsigned char, unsigned char, unsigned char) 0x080009ff   Thumb Code     0  adc.o(i._ZN3AdcC1EP11ADC_TypeDefhhh)
    Dma::dataReturn(unsigned char)           0x08000a19   Thumb Code     8  dma.o(i._ZN3Dma10dataReturnEh)
    Dma::adcInitInDma(unsigned char)         0x08000a21   Thumb Code    32  dma.o(i._ZN3Dma12adcInitInDmaEh)
    Dma::dmaInit(DMA_Stream_TypeDef*, unsigned, unsigned) 0x08000a41   Thumb Code   104  dma.o(i._ZN3Dma7dmaInitEP18DMA_Stream_TypeDefjj)
    Dma::Dma(unsigned, Adc&)                 0x08000aa9   Thumb Code    24  dma.o(i._ZN3DmaC1EjR3Adc)
    Dma::Dma__sub_object(unsigned, Adc&)     0x08000aa9   Thumb Code     0  dma.o(i._ZN3DmaC1EjR3Adc)
    Pin::pwm(unsigned)                       0x08000ac1   Thumb Code    34  pin.o(i._ZN3Pin3pwmEj)
    Pin::setPin(unsigned char)               0x08000ae3   Thumb Code   172  pin.o(i._ZN3Pin6setPinEh)
    Pin::setTim(unsigned short)              0x08000b91   Thumb Code   158  pin.o(i._ZN3Pin6setTimEt)
    Pin::pwmInit(unsigned, unsigned, unsigned char) 0x08000c5d   Thumb Code   110  pin.o(i._ZN3Pin7pwmInitEjjh)
    Pin::setGPIO(char)                       0x08000ccd   Thumb Code    56  pin.o(i._ZN3Pin7setGPIOEc)
    Pin::Pin(char, unsigned char, unsigned short) 0x08000d29   Thumb Code   344  pin.o(i._ZN3PinC1Echt)
    Pin::Pin__sub_object(char, unsigned char, unsigned short) 0x08000d29   Thumb Code     0  pin.o(i._ZN3PinC1Echt)
    _sys_exit                                0x08000ea1   Thumb Code     2  retarget.o(i._sys_exit)
    main                                     0x08000ea5   Thumb Code   126  main.o(i.main)
    __aeabi_d2uiz                            0x08000f35   Thumb Code     0  dfixu.o(x$fpl$dfixu)
    _dfixu                                   0x08000f35   Thumb Code    90  dfixu.o(x$fpl$dfixu)
    __aeabi_ui2d                             0x08000f8f   Thumb Code     0  dflt_clz.o(x$fpl$dfltu)
    _dfltu                                   0x08000f8f   Thumb Code    38  dflt_clz.o(x$fpl$dfltu)
    __aeabi_dmul                             0x08000fb5   Thumb Code     0  dmul.o(x$fpl$dmul)
    _dmul                                    0x08000fb5   Thumb Code   332  dmul.o(x$fpl$dmul)
    __fpl_dnaninf                            0x08001109   Thumb Code   156  dnaninf.o(x$fpl$dnaninf)
    __fpl_dretinf                            0x080011a5   Thumb Code    12  dretinf.o(x$fpl$dretinf)
    _fp_init                                 0x080011b1   Thumb Code    10  fpinit.o(x$fpl$fpinit)
    __fplib_config_fpu_vfp                   0x080011b9   Thumb Code     0  fpinit.o(x$fpl$fpinit)
    __fplib_config_pureend_doubles           0x080011b9   Thumb Code     0  fpinit.o(x$fpl$fpinit)
    __I$use$fp                               0x080011ba   Number         0  usenofp.o(x$fpl$usenofp)
    Region$$Table$$Base                      0x080011f8   Number         0  anon$$obj.o(Region$$Table)
    Region$$Table$$Limit                     0x08001218   Number         0  anon$$obj.o(Region$$Table)
    uart2::flag                              0x20000000   Data           1  usart2.o(.data)
    uart2::_rxCnt                            0x20000002   Data           2  usart2.o(.data)
    uart2::_txCnt                            0x20000004   Data           2  usart2.o(.data)
    uart2::_sendCnt                          0x20000006   Data           2  usart2.o(.data)
    uart2::_readCnt                          0x20000008   Data           2  usart2.o(.data)
    uart2::rx                                0x2000000a   Data           8  usart2.o(.data)
    uart2::tx                                0x20000012   Data           8  usart2.o(.data)
    __libspace_start                         0x2000001c   Data          96  libspace.o(.bss)
    __temporary_stack_top$libspace           0x2000007c   Data           0  libspace.o(.bss)



==============================================================================

Memory Map of the image

  Image Entry point : 0x08000229

  Load Region LR_1 (Base: 0x08000000, Size: 0x00001234, Max: 0xffffffff, ABSOLUTE)

    Execution Region ER_RO (Exec base: 0x08000000, Load base: 0x08000000, Size: 0x00001218, Max: 0xffffffff, ABSOLUTE)

    Exec Addr    Load Addr    Size         Type   Attr      Idx    E Section Name        Object

    0x08000000   0x08000000   0x00000188   Data   RO         5550    RESET               startup_stm32f407xx.o
    0x08000188   0x08000188   0x00000008   Code   RO         5658  * !!!main             c_w.l(__main.o)
    0x08000190   0x08000190   0x00000034   Code   RO         5825    !!!scatter          c_w.l(__scatter.o)
    0x080001c4   0x080001c4   0x0000001a   Code   RO         5827    !!handler_copy      c_w.l(__scatter_copy.o)
    0x080001de   0x080001de   0x00000002   PAD
    0x080001e0   0x080001e0   0x0000001c   Code   RO         5829    !!handler_zi        c_w.l(__scatter_zi.o)
    0x080001fc   0x080001fc   0x00000002   Code   RO         5702    .ARM.Collect$$libinit$$00000000  c_w.l(libinit.o)
    0x080001fe   0x080001fe   0x00000004   Code   RO         5708    .ARM.Collect$$libinit$$00000001  c_w.l(libinit2.o)
    0x08000202   0x08000202   0x00000000   Code   RO         5711    .ARM.Collect$$libinit$$00000004  c_w.l(libinit2.o)
    0x08000202   0x08000202   0x00000000   Code   RO         5714    .ARM.Collect$$libinit$$0000000A  c_w.l(libinit2.o)
    0x08000202   0x08000202   0x00000000   Code   RO         5716    .ARM.Collect$$libinit$$0000000C  c_w.l(libinit2.o)
    0x08000202   0x08000202   0x00000000   Code   RO         5718    .ARM.Collect$$libinit$$0000000E  c_w.l(libinit2.o)
    0x08000202   0x08000202   0x00000000   Code   RO         5721    .ARM.Collect$$libinit$$00000011  c_w.l(libinit2.o)
    0x08000202   0x08000202   0x00000000   Code   RO         5723    .ARM.Collect$$libinit$$00000013  c_w.l(libinit2.o)
    0x08000202   0x08000202   0x00000000   Code   RO         5725    .ARM.Collect$$libinit$$00000015  c_w.l(libinit2.o)
    0x08000202   0x08000202   0x00000000   Code   RO         5727    .ARM.Collect$$libinit$$00000017  c_w.l(libinit2.o)
    0x08000202   0x08000202   0x00000000   Code   RO         5729    .ARM.Collect$$libinit$$00000019  c_w.l(libinit2.o)
    0x08000202   0x08000202   0x00000000   Code   RO         5731    .ARM.Collect$$libinit$$0000001B  c_w.l(libinit2.o)
    0x08000202   0x08000202   0x00000000   Code   RO         5733    .ARM.Collect$$libinit$$0000001D  c_w.l(libinit2.o)
    0x08000202   0x08000202   0x00000000   Code   RO         5735    .ARM.Collect$$libinit$$0000001F  c_w.l(libinit2.o)
    0x08000202   0x08000202   0x00000000   Code   RO         5737    .ARM.Collect$$libinit$$00000021  c_w.l(libinit2.o)
    0x08000202   0x08000202   0x00000000   Code   RO         5739    .ARM.Collect$$libinit$$00000023  c_w.l(libinit2.o)
    0x08000202   0x08000202   0x00000000   Code   RO         5741    .ARM.Collect$$libinit$$00000025  c_w.l(libinit2.o)
    0x08000202   0x08000202   0x00000000   Code   RO         5745    .ARM.Collect$$libinit$$0000002C  c_w.l(libinit2.o)
    0x08000202   0x08000202   0x00000000   Code   RO         5747    .ARM.Collect$$libinit$$0000002E  c_w.l(libinit2.o)
    0x08000202   0x08000202   0x00000000   Code   RO         5749    .ARM.Collect$$libinit$$00000030  c_w.l(libinit2.o)
    0x08000202   0x08000202   0x00000000   Code   RO         5751    .ARM.Collect$$libinit$$00000032  c_w.l(libinit2.o)
    0x08000202   0x08000202   0x00000002   Code   RO         5752    .ARM.Collect$$libinit$$00000033  c_w.l(libinit2.o)
    0x08000204   0x08000204   0x00000002   Code   RO         5770    .ARM.Collect$$libshutdown$$00000000  c_w.l(libshutdown.o)
    0x08000206   0x08000206   0x00000000   Code   RO         5778    .ARM.Collect$$libshutdown$$00000002  c_w.l(libshutdown2.o)
    0x08000206   0x08000206   0x00000000   Code   RO         5780    .ARM.Collect$$libshutdown$$00000004  c_w.l(libshutdown2.o)
    0x08000206   0x08000206   0x00000000   Code   RO         5782    .ARM.Collect$$libshutdown$$00000006  c_w.l(libshutdown2.o)
    0x08000206   0x08000206   0x00000000   Code   RO         5785    .ARM.Collect$$libshutdown$$00000009  c_w.l(libshutdown2.o)
    0x08000206   0x08000206   0x00000000   Code   RO         5788    .ARM.Collect$$libshutdown$$0000000C  c_w.l(libshutdown2.o)
    0x08000206   0x08000206   0x00000000   Code   RO         5790    .ARM.Collect$$libshutdown$$0000000E  c_w.l(libshutdown2.o)
    0x08000206   0x08000206   0x00000000   Code   RO         5793    .ARM.Collect$$libshutdown$$00000011  c_w.l(libshutdown2.o)
    0x08000206   0x08000206   0x00000002   Code   RO         5794    .ARM.Collect$$libshutdown$$00000012  c_w.l(libshutdown2.o)
    0x08000208   0x08000208   0x00000000   Code   RO         5672    .ARM.Collect$$rtentry$$00000000  c_w.l(__rtentry.o)
    0x08000208   0x08000208   0x00000000   Code   RO         5679    .ARM.Collect$$rtentry$$00000002  c_w.l(__rtentry2.o)
    0x08000208   0x08000208   0x00000006   Code   RO         5691    .ARM.Collect$$rtentry$$00000004  c_w.l(__rtentry4.o)
    0x0800020e   0x0800020e   0x00000000   Code   RO         5681    .ARM.Collect$$rtentry$$00000009  c_w.l(__rtentry2.o)
    0x0800020e   0x0800020e   0x00000004   Code   RO         5682    .ARM.Collect$$rtentry$$0000000A  c_w.l(__rtentry2.o)
    0x08000212   0x08000212   0x00000000   Code   RO         5684    .ARM.Collect$$rtentry$$0000000C  c_w.l(__rtentry2.o)
    0x08000212   0x08000212   0x00000008   Code   RO         5685    .ARM.Collect$$rtentry$$0000000D  c_w.l(__rtentry2.o)
    0x0800021a   0x0800021a   0x00000002   Code   RO         5706    .ARM.Collect$$rtexit$$00000000  c_w.l(rtexit.o)
    0x0800021c   0x0800021c   0x00000000   Code   RO         5754    .ARM.Collect$$rtexit$$00000002  c_w.l(rtexit2.o)
    0x0800021c   0x0800021c   0x00000004   Code   RO         5755    .ARM.Collect$$rtexit$$00000003  c_w.l(rtexit2.o)
    0x08000220   0x08000220   0x00000006   Code   RO         5756    .ARM.Collect$$rtexit$$00000004  c_w.l(rtexit2.o)
    0x08000226   0x08000226   0x00000002   PAD
    0x08000228   0x08000228   0x00000040   Code   RO         5551  * .text               startup_stm32f407xx.o
    0x08000268   0x08000268   0x00000002   Code   RO         5652    .text               c_w.l(use_no_semi.o)
    0x0800026a   0x0800026a   0x00000064   Code   RO         5654    .text               c_w.l(rt_memcpy_w.o)
    0x080002ce   0x080002ce   0x00000006   Code   RO         5656    .text               c_w.l(heapauxi.o)
    0x080002d4   0x080002d4   0x0000004a   Code   RO         5693    .text               c_w.l(sys_stackheap_outer.o)
    0x0800031e   0x0800031e   0x00000012   Code   RO         5695    .text               c_w.l(exit.o)
    0x08000330   0x08000330   0x00000008   Code   RO         5703    .text               c_w.l(libspace.o)
    0x08000338   0x08000338   0x00000014   Code   RO          675    i.ADC_Cmd           stm32f4xx_adc.o
    0x0800034c   0x0800034c   0x0000002c   Code   RO          676    i.ADC_CommonInit    stm32f4xx_adc.o
    0x08000378   0x08000378   0x00000014   Code   RO          679    i.ADC_DMACmd        stm32f4xx_adc.o
    0x0800038c   0x0800038c   0x00000014   Code   RO          680    i.ADC_DMARequestAfterLastTransferCmd  stm32f4xx_adc.o
    0x080003a0   0x080003a0   0x00000014   Code   RO          684    i.ADC_EOCOnEachRegularChannelCmd  stm32f4xx_adc.o
    0x080003b4   0x080003b4   0x0000004c   Code   RO          695    i.ADC_Init          stm32f4xx_adc.o
    0x08000400   0x08000400   0x00000074   Code   RO          700    i.ADC_RegularChannelConfig  stm32f4xx_adc.o
    0x08000474   0x08000474   0x0000000a   Code   RO          702    i.ADC_SoftwareStartConv  stm32f4xx_adc.o
    0x0800047e   0x0800047e   0x00000014   Code   RO         1723    i.DMA_Cmd           stm32f4xx_dma.o
    0x08000492   0x08000492   0x00000002   PAD
    0x08000494   0x08000494   0x00000124   Code   RO         1724    i.DMA_DeInit        stm32f4xx_dma.o
    0x080005b8   0x080005b8   0x00000054   Code   RO         1735    i.DMA_Init          stm32f4xx_dma.o
    0x0800060c   0x0800060c   0x00000078   Code   RO         2397    i.GPIO_Init         stm32f4xx_gpio.o
    0x08000684   0x08000684   0x00000020   Code   RO         2398    i.GPIO_PinAFConfig  stm32f4xx_gpio.o
    0x080006a4   0x080006a4   0x00000018   Code   RO         3338    i.RCC_AHB1PeriphClockCmd  stm32f4xx_rcc.o
    0x080006bc   0x080006bc   0x00000018   Code   RO         3347    i.RCC_APB1PeriphClockCmd  stm32f4xx_rcc.o
    0x080006d4   0x080006d4   0x00000018   Code   RO         3350    i.RCC_APB2PeriphClockCmd  stm32f4xx_rcc.o
    0x080006ec   0x080006ec   0x00000010   Code   RO         5559    i.SystemInit        system_stm32f4xx.o
    0x080006fc   0x080006fc   0x00000014   Code   RO         4747    i.TIM_Cmd           stm32f4xx_tim.o
    0x08000710   0x08000710   0x00000060   Code   RO         4776    i.TIM_OC1Init       stm32f4xx_tim.o
    0x08000770   0x08000770   0x00000080   Code   RO         4781    i.TIM_OC2Init       stm32f4xx_tim.o
    0x080007f0   0x080007f0   0x00000004   Code   RO         4809    i.TIM_SetCompare1   stm32f4xx_tim.o
    0x080007f4   0x080007f4   0x00000004   Code   RO         4810    i.TIM_SetCompare2   stm32f4xx_tim.o
    0x080007f8   0x080007f8   0x00000004   Code   RO         4811    i.TIM_SetCompare3   stm32f4xx_tim.o
    0x080007fc   0x080007fc   0x00000004   Code   RO         4812    i.TIM_SetCompare4   stm32f4xx_tim.o
    0x08000800   0x08000800   0x0000007c   Code   RO         4819    i.TIM_TimeBaseInit  stm32f4xx_tim.o
    0x0800087c   0x0800087c   0x00000074   Code   RO          335    i.USART2_IRQHandler  usart2.o
    0x080008f0   0x080008f0   0x0000000c   Code   RO         5288    i.USART_ClearITPendingBit  stm32f4xx_usart.o
    0x080008fc   0x080008fc   0x00000026   Code   RO          396    i._ZN3Adc10adcDmaInitEv  adc.o
    0x08000922   0x08000922   0x00000022   Code   RO          397    i._ZN3Adc10setChannelEv  adc.o
    0x08000944   0x08000944   0x00000024   Code   RO          398    i._ZN3Adc12getRCCPeriphEP11ADC_TypeDef  adc.o
    0x08000968   0x08000968   0x00000004   Code   RO          399    i._ZN3Adc6getADCEv  adc.o
    0x0800096c   0x0800096c   0x00000028   Code   RO          400    i._ZN3Adc7adcInitEh  adc.o
    0x08000994   0x08000994   0x00000012   Code   RO          401    i._ZN3Adc8sendMeChEh  adc.o
    0x080009a6   0x080009a6   0x00000036   Code   RO          402    i._ZN3Adc8startADCEv  adc.o
    0x080009dc   0x080009dc   0x00000022   Code   RO          403    i._ZN3Adc9getCyclesEh  adc.o
    0x080009fe   0x080009fe   0x0000001a   Code   RO          404    i._ZN3AdcC1EP11ADC_TypeDefhhh  adc.o
    0x08000a18   0x08000a18   0x00000008   Code   RO          468    i._ZN3Dma10dataReturnEh  dma.o
    0x08000a20   0x08000a20   0x00000020   Code   RO          469    i._ZN3Dma12adcInitInDmaEh  dma.o
    0x08000a40   0x08000a40   0x00000068   Code   RO          470    i._ZN3Dma7dmaInitEP18DMA_Stream_TypeDefjj  dma.o
    0x08000aa8   0x08000aa8   0x00000018   Code   RO          471    i._ZN3DmaC1EjR3Adc  dma.o
    0x08000ac0   0x08000ac0   0x00000022   Code   RO          174    i._ZN3Pin3pwmEj     pin.o
    0x08000ae2   0x08000ae2   0x000000ac   Code   RO          176    i._ZN3Pin6setPinEh  pin.o
    0x08000b8e   0x08000b8e   0x00000002   PAD
    0x08000b90   0x08000b90   0x000000cc   Code   RO          177    i._ZN3Pin6setTimEt  pin.o
    0x08000c5c   0x08000c5c   0x0000006e   Code   RO          178    i._ZN3Pin7pwmInitEjjh  pin.o
    0x08000cca   0x08000cca   0x00000002   PAD
    0x08000ccc   0x08000ccc   0x0000005c   Code   RO          179    i._ZN3Pin7setGPIOEc  pin.o
    0x08000d28   0x08000d28   0x00000178   Code   RO          181    i._ZN3PinC1Echt     pin.o
    0x08000ea0   0x08000ea0   0x00000002   Code   RO          243    i._sys_exit         retarget.o
    0x08000ea2   0x08000ea2   0x00000002   PAD
    0x08000ea4   0x08000ea4   0x00000090   Code   RO            5    i.main              main.o
    0x08000f34   0x08000f34   0x0000005a   Code   RO         5660    x$fpl$dfixu         fz_wm.l(dfixu.o)
    0x08000f8e   0x08000f8e   0x00000026   Code   RO         5664    x$fpl$dfltu         fz_wm.l(dflt_clz.o)
    0x08000fb4   0x08000fb4   0x00000154   Code   RO         5670    x$fpl$dmul          fz_wm.l(dmul.o)
    0x08001108   0x08001108   0x0000009c   Code   RO         5673    x$fpl$dnaninf       fz_wm.l(dnaninf.o)
    0x080011a4   0x080011a4   0x0000000c   Code   RO         5675    x$fpl$dretinf       fz_wm.l(dretinf.o)
    0x080011b0   0x080011b0   0x0000000a   Code   RO         5762    x$fpl$fpinit        fz_wm.l(fpinit.o)
    0x080011ba   0x080011ba   0x00000000   Code   RO         5677    x$fpl$usenofp       fz_wm.l(usenofp.o)
    0x080011ba   0x080011ba   0x0000003d   Data   RO          256    .constdata          retarget.o
    0x080011f7   0x080011f7   0x00000001   PAD
    0x080011f8   0x080011f8   0x00000020   Data   RO         5823    Region$$Table       anon$$obj.o


    Execution Region ER_RW (Exec base: 0x20000000, Load base: 0x08001218, Size: 0x0000001c, Max: 0xffffffff, ABSOLUTE)

    Exec Addr    Load Addr    Size         Type   Attr      Idx    E Section Name        Object

    0x20000000   0x08001218   0x0000001a   Data   RW          345    .data               usart2.o


    Execution Region ER_ZI (Exec base: 0x2000001c, Load base: 0x08001234, Size: 0x00000c64, Max: 0xffffffff, ABSOLUTE)

    Exec Addr    Load Addr    Size         Type   Attr      Idx    E Section Name        Object

    0x2000001c        -       0x00000060   Zero   RW         5704    .bss                c_w.l(libspace.o)
    0x2000007c   0x08001234   0x00000004   PAD
    0x20000080        -       0x00000400   Zero   RW         5549    HEAP                startup_stm32f407xx.o
    0x20000480        -       0x00000800   Zero   RW         5548    STACK               startup_stm32f407xx.o


==============================================================================

Image component sizes


      Code (inc. data)   RO Data    RW Data    ZI Data      Debug   Object Name

       284          8          0          0          0       4892   adc.o
       168          0          0          0          0       2492   dma.o
       144         18          0          0          0     297523   main.o
         0          0          0          0          0     241588   misc.o
       988        152          0          0          0       4164   pin.o
         2          0         61          0          0       2512   retarget.o
        64         26        392          0       3072        856   startup_stm32f407xx.o
       326         20          0          0          0      19904   stm32f4xx_adc.o
       396         24          0          0          0      15862   stm32f4xx_dma.o
       152          0          0          0          0       8859   stm32f4xx_gpio.o
        72         18          0          0          0       1743   stm32f4xx_rcc.o
       384         44          0          0          0      26360   stm32f4xx_tim.o
        12          0          0          0          0       7310   stm32f4xx_usart.o
        16          4          0          0          0        489   system_stm32f4xx.o
       116          8          0         26          0       1220   usart2.o

    ----------------------------------------------------------------------
      3132        322        486         28       3072     635774   Object Totals
         0          0         32          0          0          0   (incl. Generated)
         8          0          1          2          0          0   (incl. Padding)

    ----------------------------------------------------------------------

      Code (inc. data)   RO Data    RW Data    ZI Data      Debug   Library Member Name

         8          0          0          0          0         68   __main.o
         0          0          0          0          0          0   __rtentry.o
        12          0          0          0          0          0   __rtentry2.o
         6          0          0          0          0          0   __rtentry4.o
        52          8          0          0          0          0   __scatter.o
        26          0          0          0          0          0   __scatter_copy.o
        28          0          0          0          0          0   __scatter_zi.o
        18          0          0          0          0         80   exit.o
         6          0          0          0          0        152   heapauxi.o
         2          0          0          0          0          0   libinit.o
         6          0          0          0          0          0   libinit2.o
         2          0          0          0          0          0   libshutdown.o
         2          0          0          0          0          0   libshutdown2.o
         8          4          0          0         96         68   libspace.o
       100          0          0          0          0         80   rt_memcpy_w.o
         2          0          0          0          0          0   rtexit.o
        10          0          0          0          0          0   rtexit2.o
        74          0          0          0          0         80   sys_stackheap_outer.o
         2          0          0          0          0         68   use_no_semi.o
        90          4          0          0          0        140   dfixu.o
        38          0          0          0          0        116   dflt_clz.o
       340         12          0          0          0        152   dmul.o
       156          4          0          0          0        140   dnaninf.o
        12          0          0          0          0        116   dretinf.o
        10          0          0          0          0        116   fpinit.o
         0          0          0          0          0          0   usenofp.o

    ----------------------------------------------------------------------
      1014         32          0          0        100       1376   Library Totals
         4          0          0          0          4          0   (incl. Padding)

    ----------------------------------------------------------------------

      Code (inc. data)   RO Data    RW Data    ZI Data      Debug   Library Name

       364         12          0          0         96        596   c_w.l
       646         20          0          0          0        780   fz_wm.l

    ----------------------------------------------------------------------
      1014         32          0          0        100       1376   Library Totals

    ----------------------------------------------------------------------

==============================================================================


      Code (inc. data)   RO Data    RW Data    ZI Data      Debug   

      4146        354        486         28       3172     632294   Grand Totals
      4146        354        486         28       3172     632294   ELF Image Totals
      4146        354        486         28          0          0   ROM Totals

==============================================================================

    Total RO  Size (Code + RO Data)                 4632 (   4.52kB)
    Total RW  Size (RW Data + ZI Data)              3200 (   3.13kB)
    Total ROM Size (Code + RO Data + RW Data)       4660 (   4.55kB)

==============================================================================

