<html>
<body>
<pre>
<h1>µVision Build Log</h1>
<h2>Tool Versions:</h2>
IDE-Version: µVision V5.38.0.0
Copyright (C) 2022 ARM Ltd and ARM Germany GmbH. All rights reserved.
License Information: David Avetisyan, HP Inc., LIC=W96CK-ZJMTZ-AWB2F-6S0R7-R17V4-ULPSM
 
Tool Versions:
Toolchain:       MDK-ARM Professional  Version: 5.38.0.0
Toolchain Path:  C:\Keil_v5\ARM\ARMCC\Bin
C Compiler:      Armcc.exe V5.06 update 7 (build 960)
Assembler:       Armasm.exe V5.06 update 7 (build 960)
Linker/Locator:  ArmLink.exe V5.06 update 7 (build 960)
Library Manager: ArmAr.exe V5.06 update 7 (build 960)
Hex Converter:   FromElf.exe V5.06 update 7 (build 960)
CPU DLL:         SARMCM3.DLL V5.38.0.0
Dialog DLL:      DCM.DLL V1.17.5.0
Target DLL:      STLink\ST-LINKIII-KEIL_SWO.dll V3.1.0.0
Dialog DLL:      TCM.DLL V1.56.4.0
 
<h2>Project:</h2>
C:\Users\Arkady\Documents\GitHub\Asterisk_team\Lightweight\Lightweight.uvprojx
Project File Date:  12/08/2023

<h2>Output:</h2>
*** Using Compiler 'V5.06 update 7 (build 960)', folder: 'C:\Keil_v5\ARM\ARMCC\Bin'
Build target 'Target 1'
compiling main.cpp...
src\main\project_config.h(14): warning:  #1-D: last line of file ends without a newline
  #define YELLOW_GOAL 1
.\src\main\project_config.h(14): warning:  #1-D: last line of file ends without a newline
  #define YELLOW_GOAL 1
.\src\Pin\Pin.h(69): warning:  #1-D: last line of file ends without a newline
  #endif /* PIN_H_ */
.\src\main\project_config.h(14): warning:  #1-D: last line of file ends without a newline
  #define YELLOW_GOAL 1
.\src\usart1\usart1.h(17): warning:  #1-D: last line of file ends without a newline
  }
.\src\main\project_config.h(14): warning:  #1-D: last line of file ends without a newline
  #define YELLOW_GOAL 1
.\src\usart2\usart2.h(17): warning:  #1-D: last line of file ends without a newline
  }
.\src\main\project_config.h(14): warning:  #1-D: last line of file ends without a newline
  #define YELLOW_GOAL 1
.\src\usart3\usart3.h(17): warning:  #1-D: last line of file ends without a newline
  }
.\src\main\project_config.h(14): warning:  #1-D: last line of file ends without a newline
  #define YELLOW_GOAL 1
.\src\usart6\usart6.h(17): warning:  #1-D: last line of file ends without a newline
  }
.\src\main\project_config.h(14): warning:  #1-D: last line of file ends without a newline
  #define YELLOW_GOAL 1
.\src\adc\adc.h(23): warning:  #1-D: last line of file ends without a newline
  };
.\src\main\project_config.h(14): warning:  #1-D: last line of file ends without a newline
  #define YELLOW_GOAL 1
.\src\dma\dma.h(15): warning:  #1-D: last line of file ends without a newline
  };
.\src\main\project_config.h(14): warning:  #1-D: last line of file ends without a newline
  #define YELLOW_GOAL 1
.\src\time_service\time_service.h(13): warning:  #1-D: last line of file ends without a newline
  }
.\src\main\project_config.h(14): warning:  #1-D: last line of file ends without a newline
  #define YELLOW_GOAL 1
.\src\Motor\Motor.h(16): warning:  #1-D: last line of file ends without a newline
  };
.\src\main\project_config.h(14): warning:  #1-D: last line of file ends without a newline
  #define YELLOW_GOAL 1
.\src\SPI_1\SPI_1.h(34): warning:  #1-D: last line of file ends without a newline
  }
.\src\main\project_config.h(14): warning:  #1-D: last line of file ends without a newline
  #define YELLOW_GOAL 1
.\src\SPI_DOT\SPI_DOT.h(7): warning:  #1-D: last line of file ends without a newline
  bool SPIAvailable();
.\src\main\project_config.h(14): warning:  #1-D: last line of file ends without a newline
  #define YELLOW_GOAL 1
.\src\SPI_DOT\SPI_DOT.h(7): warning:  #1-D: last line of file ends without a newline
  bool SPIAvailable();
.\src\main\project_config.h(14): warning:  #1-D: last line of file ends without a newline
  #define YELLOW_GOAL 1
.\src\main\project_config.h(14): warning:  #1-D: last line of file ends without a newline
  #define YELLOW_GOAL 1
.\src\SPI_DOT\SPI_DOT.h(7): warning:  #1-D: last line of file ends without a newline
  bool SPIAvailable();
.\src\main\project_config.h(14): warning:  #1-D: last line of file ends without a newline
  #define YELLOW_GOAL 1
.\src\omniplatform\omniplatform.h(16): warning:  #1-D: last line of file ends without a newline
  };
.\src\main\project_config.h(14): warning:  #1-D: last line of file ends without a newline
  #define YELLOW_GOAL 1
.\src\IMU_USART\IMU_USART.h(33): warning:  #1-D: last line of file ends without a newline
  };
.\src\main\project_config.h(14): warning:  #1-D: last line of file ends without a newline
  #define YELLOW_GOAL 1
.\src\OpenMV\OpenMV.h(9): warning:  #47-D: incompatible redefinition of macro "RAD2DEG"  (declared at line 6 of ".\src\omniplatform\omniplatform.h")
  #define RAD2DEG	57.2957795130823208767f
.\src\OpenMV\OpenMV.h(10): warning:  #47-D: incompatible redefinition of macro "DEG2RAD"  (declared at line 7 of ".\src\omniplatform\omniplatform.h")
  #define DEG2RAD	0.017453292519943295769f
.\src\OpenMV\OpenMV.h(31): warning:  #1-D: last line of file ends without a newline
  };
.\src\main\project_config.h(14): warning:  #1-D: last line of file ends without a newline
  #define YELLOW_GOAL 1
.\src\TSOP\TSOP.h(5): warning:  #47-D: incompatible redefinition of macro "RAD2DEG"  (declared at line 9 of ".\src\OpenMV\OpenMV.h")
  #define RAD2DEG	57.2957795130823208767
.\src\TSOP\TSOP.h(6): warning:  #47-D: incompatible redefinition of macro "DEG2RAD"  (declared at line 10 of ".\src\OpenMV\OpenMV.h")
  #define DEG2RAD	0.01745329251994329576
.\src\TSOP\TSOP.h(19): warning:  #1-D: last line of file ends without a newline
  };
.\src\main\project_config.h(14): warning:  #1-D: last line of file ends without a newline
  #define YELLOW_GOAL 1
.\src\I2C\I2C.h(26): warning:  #1-D: last line of file ends without a newline
  };
.\src\main\project_config.h(14): warning:  #1-D: last line of file ends without a newline
  #define YELLOW_GOAL 1
.\src\IR_Locator\IR_Locator.h(34): warning:  #1-D: last line of file ends without a newline
  };
.\src\main\project_config.h(14): warning:  #1-D: last line of file ends without a newline
  #define YELLOW_GOAL 1
.\src\Vec2b\Vec2b.h(21): warning:  #1-D: last line of file ends without a newline
  #endif /* VEC2B_H_ */
.\src\Robot\Robot.h(134): warning:  #1-D: last line of file ends without a newline
  }
src\main\main.cpp(16): warning:  #111-D: statement is unreachable
  	return 0;
src\main\main.cpp(17): warning:  #1-D: last line of file ends without a newline
  }
src\main\main.cpp: 49 warnings, 0 errors
linking...
Program Size: Code=24286 RO-data=1110 RW-data=192 ZI-data=10136  
".\Objects\Lightweight.axf" - 0 Error(s), 49 Warning(s).

<h2>Software Packages used:</h2>

Package Vendor: ARM
                http://www.keil.com/pack/ARM.CMSIS.5.9.0.pack
                ARM.CMSIS.5.9.0
                CMSIS (Common Microcontroller Software Interface Standard)
   * Component: CORE Version: 5.6.0

Package Vendor: Keil
                https://www.keil.com/pack/Keil.STM32F4xx_DFP.2.17.0.pack
                Keil.STM32F4xx_DFP.2.17.0
                STMicroelectronics STM32F4 Series Device Support, Drivers and Examples
   * Component: Startup Version: 2.6.3

<h2>Collection of Component include folders:</h2>
  ./RTE/_Target_1
  C:/Users/Arkady/AppData/Local/Arm/Packs/ARM/CMSIS/5.9.0/CMSIS/Core/Include
  C:/Users/Arkady/AppData/Local/Arm/Packs/Keil/STM32F4xx_DFP/2.17.0/Drivers/CMSIS/Device/ST/STM32F4xx/Include

<h2>Collection of Component Files used:</h2>

   * Component: ARM::CMSIS:CORE:5.6.0

   * Component: Keil::Device:Startup:2.6.3
      Include file:  Drivers/CMSIS/Device/ST/STM32F4xx/Include/stm32f4xx.h
      Source file:   MDK/Device/Source/ARM/STM32F4xx_OTP.s
      Source file:   Drivers/CMSIS/Device/ST/STM32F4xx/Source/Templates/arm/startup_stm32f407xx.s
      Source file:   MDK/Device/Source/ARM/STM32F40xxx_41xxx_OPT.s
      Source file:   Drivers/CMSIS/Device/ST/STM32F4xx/Source/Templates/system_stm32f4xx.c
Build Time Elapsed:  00:00:01
</pre>
</body>
</html>
