<html>
<body>
<pre>
<h1>µVision Build Log</h1>
<h2>Tool Versions:</h2>
IDE-Version: µVision V5.38.0.0
Copyright (C) 2022 ARM Ltd and ARM Germany GmbH. All rights reserved.
License Information: David Avetisyan, HP Inc., LIC=W96CK-ZJMTZ-AWB2F-6S0R7-R17V4-ULPSM
 
Tool Versions:
Toolchain:       MDK-ARM Professional  Version: 5.38.0.0
Toolchain Path:  C:\Keil_v5\ARM\ARMCC\Bin
C Compiler:      Armcc.exe V5.06 update 7 (build 960)
Assembler:       Armasm.exe V5.06 update 7 (build 960)
Linker/Locator:  ArmLink.exe V5.06 update 7 (build 960)
Library Manager: ArmAr.exe V5.06 update 7 (build 960)
Hex Converter:   FromElf.exe V5.06 update 7 (build 960)
CPU DLL:         SARMCM3.DLL V5.38.0.0
Dialog DLL:      DCM.DLL V1.17.5.0
Target DLL:      STLink\ST-LINKIII-KEIL_SWO.dll V3.1.0.0
Dialog DLL:      TCM.DLL V1.56.4.0
 
<h2>Project:</h2>
C:\PARK_HAYASTANIN\Asterisk_team\Lightweight\Lightweight.uvprojx
Project File Date:  03/18/2024

<h2>Output:</h2>
*** Using Compiler 'V5.06 update 7 (build 960)', folder: 'C:\Keil_v5\ARM\ARMCC\Bin'
Build target 'Target 1'
Note: source file '.\src\Pin\Pin.cpp' - object file renamed from '.\Objects\Pin.o' to '.\Objects\pin_1.o'.
compiling Goalkeeper.cpp...
.\src\main\project_config.h(18): warning:  #1-D: last line of file ends without a newline
  #define P_MODE 1
.\src\main\project_config.h(18): warning:  #1-D: last line of file ends without a newline
  #define P_MODE 1
.\src\main\project_config.h(18): warning:  #1-D: last line of file ends without a newline
  #define P_MODE 1
.\src\Vec2b\Vec2b.h(22): warning:  #1-D: last line of file ends without a newline
  #endif /* VEC2B_H_ */
.\src\Processing_coord\Processing_coord.h(49): warning:  #1-D: last line of file ends without a newline
  };
src\Goalkeeper\Goalkeeper.h(30): warning:  #1-D: last line of file ends without a newline
  };
src\Goalkeeper\Goalkeeper.cpp(12): warning:  #1035-D: single-precision operand implicitly converted to double-precision
  	_targetIMU = RAD2DEG * atan2(float(_y), float(_x)) - 180;
src\Goalkeeper\Goalkeeper.cpp(29): warning:  #1035-D: single-precision operand implicitly converted to double-precision
  	int16_t angGoal = RAD2DEG * atan2(float(_y), float(_x));
src\Goalkeeper\Goalkeeper.cpp(47): warning:  #177-D: variable "speed"  was declared but never referenced
  		float err, speed;
src\Goalkeeper\Goalkeeper.cpp(74): warning:  #1035-D: single-precision operand implicitly converted to double-precision
  	int16_t angGoal = RAD2DEG * atan2(float(_y), float(_x));
src\Goalkeeper\Goalkeeper.cpp(101): warning:  #1035-D: single-precision operand implicitly converted to double-precision
  			if (globalAngToBall > angGoal) res.angle = adduct(RAD2DEG * atan2(float(_y), float(_x)) + 90);
src\Goalkeeper\Goalkeeper.cpp(102): warning:  #1035-D: single-precision operand implicitly converted to double-precision
  			else res.angle = adduct(180 + RAD2DEG * atan2(float(_y), float(_x)) + 90);
src\Goalkeeper\Goalkeeper.cpp(121): warning:  #1035-D: single-precision operand implicitly converted to double-precision
  			if (globalAngToBall > angGoal) res.angle = adduct(180 + RAD2DEG * atan2(float(_y), float(_x)) - 90);
src\Goalkeeper\Goalkeeper.cpp(122): warning:  #1035-D: single-precision operand implicitly converted to double-precision
  			else res.angle = adduct(RAD2DEG * atan2(float(_y), float(_x)) - 90);
src\Goalkeeper\Goalkeeper.cpp(158): warning:  #1035-D: single-precision operand implicitly converted to double-precision
  	return Vec2b(u, adduct(atan2(float(pointY - _y), float(pointX - _x)) * RAD2DEG));
src\Goalkeeper\Goalkeeper.cpp(164): warning:  #1-D: last line of file ends without a newline
  }
src\Goalkeeper\Goalkeeper.cpp: 16 warnings, 0 errors
compiling kicker.cpp...
.\src\main\project_config.h(18): warning:  #1-D: last line of file ends without a newline
  #define P_MODE 1
.\src\main\project_config.h(18): warning:  #1-D: last line of file ends without a newline
  #define P_MODE 1
.\src\time_service\time_service.h(13): warning:  #1-D: last line of file ends without a newline
  }
.\src\Pin\Pin.h(71): warning:  #1-D: last line of file ends without a newline
  #endif /* PIN_H_ */
.\src\main\project_config.h(18): warning:  #1-D: last line of file ends without a newline
  #define P_MODE 1
.\src\main\project_config.h(18): warning:  #1-D: last line of file ends without a newline
  #define P_MODE 1
.\src\adc\adc.h(25): warning:  #1-D: last line of file ends without a newline
  };
.\src\dma\Dma.h(19): warning:  #1-D: last line of file ends without a newline
  };
src\kicker\kicker.cpp(28): warning:  #1-D: last line of file ends without a newline
  }
src\kicker\kicker.cpp: 9 warnings, 0 errors
compiling Forward.cpp...
.\src\main\project_config.h(18): warning:  #1-D: last line of file ends without a newline
  #define P_MODE 1
.\src\main\project_config.h(18): warning:  #1-D: last line of file ends without a newline
  #define P_MODE 1
.\src\main\project_config.h(18): warning:  #1-D: last line of file ends without a newline
  #define P_MODE 1
.\src\Vec2b\Vec2b.h(22): warning:  #1-D: last line of file ends without a newline
  #endif /* VEC2B_H_ */
.\src\Processing_coord\Processing_coord.h(49): warning:  #1-D: last line of file ends without a newline
  };
src\Forward\Forward.h(40): warning:  #1-D: last line of file ends without a newline
  };
src\Forward\Forward.cpp(44): warning:  #111-D: statement is unreachable
  			break;
src\Forward\Forward.cpp(47): warning:  #111-D: statement is unreachable
  			break;
src\Forward\Forward.cpp(50): warning:  #111-D: statement is unreachable
  			break;
src\Forward\Forward.cpp(53): warning:  #111-D: statement is unreachable
  			break;
src\Forward\Forward.cpp(56): warning:  #111-D: statement is unreachable
  			break;
src\Forward\Forward.cpp(59): warning:  #111-D: statement is unreachable
  			break;
src\Forward\Forward.cpp(79): warning:  #1035-D: single-precision operand implicitly converted to double-precision
  	_targetIMU = -(90 - RAD2DEG * atan2(float(DIST_BETWEEN_GOALS - _y), float(-_x)));
src\Forward\Forward.cpp(84): warning:  #1035-D: single-precision operand implicitly converted to double-precision
  	float ang = atan2(float(y), float(x)) * RAD2DEG;
src\Forward\Forward.cpp(89): warning:  #1035-D: single-precision operand implicitly converted to double-precision
  	float ang = atan2(float(DIST_BETWEEN_GOALS - y), float(x)) * RAD2DEG;
src\Forward\Forward.cpp(94): warning:  #1035-D: single-precision operand implicitly converted to double-precision
  	int16_t angGoal = RAD2DEG * atan2(float(DIST_BETWEEN_GOALS - _y), float(_x));
src\Forward\Forward.cpp(101): warning:  #1035-D: single-precision operand implicitly converted to double-precision
  	int16_t angGoal = RAD2DEG * atan2(float(_y), float(_x));
src\Forward\Forward.cpp(108): warning:  #1035-D: single-precision operand implicitly converted to double-precision
  	int16_t angGoal = RAD2DEG * atan2(float(DIST_BETWEEN_GOALS - _y), float(_x));
src\Forward\Forward.cpp(115): warning:  #1035-D: single-precision operand implicitly converted to double-precision
  	int16_t angGoal = RAD2DEG * atan2(float(DIST_BETWEEN_GOALS - _y), float(_x));
src\Forward\Forward.cpp(135): warning:  #1-D: last line of file ends without a newline
  }
src\Forward\Forward.cpp: 20 warnings, 0 errors
compiling TSOP.cpp...
.\src\main\project_config.h(18): warning:  #1-D: last line of file ends without a newline
  #define P_MODE 1
.\src\Pin\Pin.h(71): warning:  #1-D: last line of file ends without a newline
  #endif /* PIN_H_ */
.\src\main\project_config.h(18): warning:  #1-D: last line of file ends without a newline
  #define P_MODE 1
.\src\adc\Adc.h(25): warning:  #1-D: last line of file ends without a newline
  };
src\TSOP\TSOP.h(29): warning:  #1-D: last line of file ends without a newline
  };
src\TSOP\TSOP.cpp(95): warning:  #1-D: last line of file ends without a newline
  }
src\TSOP\TSOP.cpp: 6 warnings, 0 errors
compiling main.cpp...
.\src\main\project_config.h(18): warning:  #1-D: last line of file ends without a newline
  #define P_MODE 1
.\src\Pin\Pin.h(71): warning:  #1-D: last line of file ends without a newline
  #endif /* PIN_H_ */
.\src\main\project_config.h(18): warning:  #1-D: last line of file ends without a newline
  #define P_MODE 1
.\src\usart1\usart1.h(17): warning:  #1-D: last line of file ends without a newline
  }
.\src\main\project_config.h(18): warning:  #1-D: last line of file ends without a newline
  #define P_MODE 1
.\src\usart2\usart2.h(17): warning:  #1-D: last line of file ends without a newline
  }
.\src\main\project_config.h(18): warning:  #1-D: last line of file ends without a newline
  #define P_MODE 1
.\src\usart3\usart3.h(17): warning:  #1-D: last line of file ends without a newline
  }
.\src\main\project_config.h(18): warning:  #1-D: last line of file ends without a newline
  #define P_MODE 1
.\src\usart6\usart6.h(17): warning:  #1-D: last line of file ends without a newline
  }
.\src\main\project_config.h(18): warning:  #1-D: last line of file ends without a newline
  #define P_MODE 1
.\src\usable\usable.h(35): warning:  #1-D: last line of file ends without a newline
  #endif /* USABLE_H_ */
.\src\main\project_config.h(18): warning:  #1-D: last line of file ends without a newline
  #define P_MODE 1
.\src\adc\adc.h(25): warning:  #1-D: last line of file ends without a newline
  };
.\src\main\project_config.h(18): warning:  #1-D: last line of file ends without a newline
  #define P_MODE 1
.\src\dma\dma.h(19): warning:  #1-D: last line of file ends without a newline
  };
.\src\main\project_config.h(18): warning:  #1-D: last line of file ends without a newline
  #define P_MODE 1
.\src\time_service\time_service.h(13): warning:  #1-D: last line of file ends without a newline
  }
.\src\main\project_config.h(18): warning:  #1-D: last line of file ends without a newline
  #define P_MODE 1
.\src\Motor\Motor.h(16): warning:  #1-D: last line of file ends without a newline
  };
.\src\main\project_config.h(18): warning:  #1-D: last line of file ends without a newline
  #define P_MODE 1
.\src\SPI_1\SPI_1.h(34): warning:  #1-D: last line of file ends without a newline
  }
.\src\main\project_config.h(18): warning:  #1-D: last line of file ends without a newline
  #define P_MODE 1
.\src\SPI_DOT\SPI_DOT.h(7): warning:  #1-D: last line of file ends without a newline
  bool SPIAvailable();
.\src\main\project_config.h(18): warning:  #1-D: last line of file ends without a newline
  #define P_MODE 1
.\src\SPI_DOT\SPI_DOT.h(7): warning:  #1-D: last line of file ends without a newline
  bool SPIAvailable();
.\src\main\project_config.h(18): warning:  #1-D: last line of file ends without a newline
  #define P_MODE 1
.\src\main\project_config.h(18): warning:  #1-D: last line of file ends without a newline
  #define P_MODE 1
.\src\SPI_DOT\SPI_DOT.h(7): warning:  #1-D: last line of file ends without a newline
  bool SPIAvailable();
.\src\main\project_config.h(18): warning:  #1-D: last line of file ends without a newline
  #define P_MODE 1
.\src\omniplatform\omniplatform.h(16): warning:  #1-D: last line of file ends without a newline
  };
.\src\main\project_config.h(18): warning:  #1-D: last line of file ends without a newline
  #define P_MODE 1
.\src\IMU_USART\IMU_USART.h(36): warning:  #1-D: last line of file ends without a newline
  };
.\src\main\project_config.h(18): warning:  #1-D: last line of file ends without a newline
  #define P_MODE 1
.\src\OpenMV\OpenMV.h(9): warning:  #47-D: incompatible redefinition of macro "RAD2DEG"  (declared at line 6 of ".\src\omniplatform\omniplatform.h")
  #define RAD2DEG	57.2957795130823208767f
.\src\OpenMV\OpenMV.h(10): warning:  #47-D: incompatible redefinition of macro "DEG2RAD"  (declared at line 7 of ".\src\omniplatform\omniplatform.h")
  #define DEG2RAD	0.017453292519943295769f
.\src\OpenMV\OpenMV.h(36): warning:  #1-D: last line of file ends without a newline
  };
.\src\main\project_config.h(18): warning:  #1-D: last line of file ends without a newline
  #define P_MODE 1
.\src\TSOP\TSOP.h(7): warning:  #47-D: incompatible redefinition of macro "DEG2RAD"  (declared at line 10 of ".\src\OpenMV\OpenMV.h")
  #define DEG2RAD	0.01745329251994329576f
.\src\TSOP\TSOP.h(29): warning:  #1-D: last line of file ends without a newline
  };
.\src\main\project_config.h(18): warning:  #1-D: last line of file ends without a newline
  #define P_MODE 1
.\src\I2C\I2C.h(28): warning:  #1-D: last line of file ends without a newline
  };
.\src\main\project_config.h(18): warning:  #1-D: last line of file ends without a newline
  #define P_MODE 1
.\src\IR_Locator\IR_Locator.h(25): warning:  #1-D: last line of file ends without a newline
  };
.\src\main\project_config.h(18): warning:  #1-D: last line of file ends without a newline
  #define P_MODE 1
.\src\main\project_config.h(18): warning:  #1-D: last line of file ends without a newline
  #define P_MODE 1
.\src\Vec2b\Vec2b.h(8): warning:  #47-D: incompatible redefinition of macro "RAD2DEG"  (declared at line 6 of ".\src\TSOP\TSOP.h")
  #define RAD2DEG	57.2957795130823208767
.\src\Vec2b\Vec2b.h(9): warning:  #47-D: incompatible redefinition of macro "DEG2RAD"  (declared at line 7 of ".\src\TSOP\TSOP.h")
  #define DEG2RAD	0.01745329251994329576
.\src\Vec2b\Vec2b.h(22): warning:  #1-D: last line of file ends without a newline
  #endif /* VEC2B_H_ */
.\src\Queues_ball\Queues_ball.h(67): warning:  #1-D: last line of file ends without a newline
  };
.\src\main\project_config.h(18): warning:  #1-D: last line of file ends without a newline
  #define P_MODE 1
.\src\Processing_coord\Processing_coord.h(18): warning:  #47-D: incompatible redefinition of macro "DIST_BETWEEN_GOALS"  (declared at line 11 of ".\src\OpenMV\OpenMV.h")
  #define DIST_BETWEEN_GOALS 221
.\src\Processing_coord\Processing_coord.h(49): warning:  #1-D: last line of file ends without a newline
  };
.\src\main\project_config.h(18): warning:  #1-D: last line of file ends without a newline
  #define P_MODE 1
.\src\Forward\Forward.h(40): warning:  #1-D: last line of file ends without a newline
  };
.\src\main\project_config.h(18): warning:  #1-D: last line of file ends without a newline
  #define P_MODE 1
.\src\Goalkeeper\Goalkeeper.h(30): warning:  #1-D: last line of file ends without a newline
  };
.\src\main\project_config.h(18): warning:  #1-D: last line of file ends without a newline
  #define P_MODE 1
.\src\flash\flash.h(16): warning:  #111-D: statement is unreachable
    FLASH_Lock();
.\src\flash\flash.h(17): warning:  #1-D: last line of file ends without a newline
  }
.\src\main\project_config.h(18): warning:  #1-D: last line of file ends without a newline
  #define P_MODE 1
.\src\main\project_config.h(18): warning:  #1-D: last line of file ends without a newline
  #define P_MODE 1
.\src\Voltage\Voltage.h(18): warning:  #1-D: last line of file ends without a newline
  };
.\src\main\libraries.h(33): warning:  #1-D: last line of file ends without a newline
  #include "Button.h"
.\src\main\project_config.h(18): warning:  #1-D: last line of file ends without a newline
  #define P_MODE 1
.\src\Button\Button.h(12): warning:  #1-D: last line of file ends without a newline
  };
.\src\Robot\Robot.h(206): warning:  #1-D: last line of file ends without a newline
  }
src\main\main.cpp(19): warning:  #111-D: statement is unreachable
  	return 0;
src\main\main.cpp(20): warning:  #1-D: last line of file ends without a newline
  }
src\main\main.cpp: 69 warnings, 0 errors
compiling Queues_ball.cpp...
.\src\main\project_config.h(18): warning:  #1-D: last line of file ends without a newline
  #define P_MODE 1
.\src\main\project_config.h(18): warning:  #1-D: last line of file ends without a newline
  #define P_MODE 1
.\src\Vec2b\Vec2b.h(22): warning:  #1-D: last line of file ends without a newline
  #endif /* VEC2B_H_ */
src\Queues_ball\Queues_ball.h(67): warning:  #1-D: last line of file ends without a newline
  };
src\Queues_ball\Queues_ball.cpp(113): warning:  #1-D: last line of file ends without a newline
  }
src\Queues_ball\Queues_ball.cpp: 5 warnings, 0 errors
compiling Processing_coord.cpp...
.\src\main\project_config.h(18): warning:  #1-D: last line of file ends without a newline
  #define P_MODE 1
.\src\main\project_config.h(18): warning:  #1-D: last line of file ends without a newline
  #define P_MODE 1
.\src\Vec2b\Vec2b.h(22): warning:  #1-D: last line of file ends without a newline
  #endif /* VEC2B_H_ */
src\Processing_coord\Processing_coord.h(49): warning:  #1-D: last line of file ends without a newline
  };
src\Processing_coord\Processing_coord.cpp(53): warning:  #1-D: last line of file ends without a newline
  }
src\Processing_coord\Processing_coord.cpp: 5 warnings, 0 errors
compiling IR_Locator.cpp...
.\src\main\project_config.h(18): warning:  #1-D: last line of file ends without a newline
  #define P_MODE 1
.\src\main\project_config.h(18): warning:  #1-D: last line of file ends without a newline
  #define P_MODE 1
.\src\Pin\Pin.h(71): warning:  #1-D: last line of file ends without a newline
  #endif /* PIN_H_ */
.\src\main\project_config.h(18): warning:  #1-D: last line of file ends without a newline
  #define P_MODE 1
.\src\adc\Adc.h(25): warning:  #1-D: last line of file ends without a newline
  };
.\src\TSOP\TSOP.h(29): warning:  #1-D: last line of file ends without a newline
  };
.\src\main\project_config.h(18): warning:  #1-D: last line of file ends without a newline
  #define P_MODE 1
.\src\I2C\I2C.h(28): warning:  #1-D: last line of file ends without a newline
  };
src\IR_Locator\IR_Locator.h(25): warning:  #1-D: last line of file ends without a newline
  };
src\IR_Locator\IR_Locator.cpp: 9 warnings, 0 errors
compiling Vec2b.cpp...
.\src\main\project_config.h(18): warning:  #1-D: last line of file ends without a newline
  #define P_MODE 1
src\Vec2b\Vec2b.h(22): warning:  #1-D: last line of file ends without a newline
  #endif /* VEC2B_H_ */
src\Vec2b\Vec2b.cpp(44): warning:  #1-D: last line of file ends without a newline
  }
src\Vec2b\Vec2b.cpp: 3 warnings, 0 errors
compiling Voltage.cpp...
.\src\main\project_config.h(18): warning:  #1-D: last line of file ends without a newline
  #define P_MODE 1
.\src\Pin\Pin.h(71): warning:  #1-D: last line of file ends without a newline
  #endif /* PIN_H_ */
.\src\main\project_config.h(18): warning:  #1-D: last line of file ends without a newline
  #define P_MODE 1
.\src\main\project_config.h(18): warning:  #1-D: last line of file ends without a newline
  #define P_MODE 1
.\src\adc\adc.h(25): warning:  #1-D: last line of file ends without a newline
  };
.\src\dma\Dma.h(19): warning:  #1-D: last line of file ends without a newline
  };
src\Voltage\Voltage.h(18): warning:  #1-D: last line of file ends without a newline
  };
src\Voltage\Voltage.cpp(16): warning:  #1-D: last line of file ends without a newline
  }
src\Voltage\Voltage.cpp: 8 warnings, 0 errors
compiling IMU_USART.cpp...
.\src\main\project_config.h(18): warning:  #1-D: last line of file ends without a newline
  #define P_MODE 1
.\src\main\project_config.h(18): warning:  #1-D: last line of file ends without a newline
  #define P_MODE 1
.\src\time_service\time_service.h(13): warning:  #1-D: last line of file ends without a newline
  }
.\src\Pin\Pin.h(71): warning:  #1-D: last line of file ends without a newline
  #endif /* PIN_H_ */
.\src\main\project_config.h(18): warning:  #1-D: last line of file ends without a newline
  #define P_MODE 1
.\src\usart1\usart1.h(17): warning:  #1-D: last line of file ends without a newline
  }
.\src\main\project_config.h(18): warning:  #1-D: last line of file ends without a newline
  #define P_MODE 1
.\src\usart2\usart2.h(17): warning:  #1-D: last line of file ends without a newline
  }
.\src\main\project_config.h(18): warning:  #1-D: last line of file ends without a newline
  #define P_MODE 1
.\src\usart3\usart3.h(17): warning:  #1-D: last line of file ends without a newline
  }
.\src\main\project_config.h(18): warning:  #1-D: last line of file ends without a newline
  #define P_MODE 1
.\src\usart6\usart6.h(17): warning:  #1-D: last line of file ends without a newline
  }
src\IMU_USART\IMU_USART.h(36): warning:  #1-D: last line of file ends without a newline
  };
src\IMU_USART\IMU_USART.cpp(76): warning:  #1-D: last line of file ends without a newline
  }
src\IMU_USART\IMU_USART.cpp: 14 warnings, 0 errors
compiling omniplatform.cpp...
.\src\main\project_config.h(18): warning:  #1-D: last line of file ends without a newline
  #define P_MODE 1
.\src\main\project_config.h(18): warning:  #1-D: last line of file ends without a newline
  #define P_MODE 1
.\src\Pin\Pin.h(71): warning:  #1-D: last line of file ends without a newline
  #endif /* PIN_H_ */
.\src\Motor\Motor.h(16): warning:  #1-D: last line of file ends without a newline
  };
src\omniplatform\omniplatform.h(16): warning:  #1-D: last line of file ends without a newline
  };
src\omniplatform\omniplatform.cpp(21): warning:  #1035-D: single-precision operand implicitly converted to double-precision
  	vecAng = (angle - 45) * DEG2RAD;
src\omniplatform\omniplatform.cpp(25): warning:  #1035-D: single-precision operand implicitly converted to double-precision
  	vecAng = (angle - 135) * DEG2RAD;
src\omniplatform\omniplatform.cpp(29): warning:  #1035-D: single-precision operand implicitly converted to double-precision
  	vecAng = (angle - 225) * DEG2RAD;
src\omniplatform\omniplatform.cpp(33): warning:  #1035-D: single-precision operand implicitly converted to double-precision
  	vecAng = (angle - 315) * DEG2RAD;
src\omniplatform\omniplatform.cpp(43): warning:  #1-D: last line of file ends without a newline
  }
src\omniplatform\omniplatform.cpp: 10 warnings, 0 errors
compiling OpenMV.cpp...
.\src\main\project_config.h(18): warning:  #1-D: last line of file ends without a newline
  #define P_MODE 1
.\src\Pin\Pin.h(71): warning:  #1-D: last line of file ends without a newline
  #endif /* PIN_H_ */
.\src\main\project_config.h(18): warning:  #1-D: last line of file ends without a newline
  #define P_MODE 1
.\src\usart1\usart1.h(17): warning:  #1-D: last line of file ends without a newline
  }
.\src\main\project_config.h(18): warning:  #1-D: last line of file ends without a newline
  #define P_MODE 1
.\src\usart2\usart2.h(17): warning:  #1-D: last line of file ends without a newline
  }
.\src\main\project_config.h(18): warning:  #1-D: last line of file ends without a newline
  #define P_MODE 1
.\src\usart3\usart3.h(17): warning:  #1-D: last line of file ends without a newline
  }
.\src\main\project_config.h(18): warning:  #1-D: last line of file ends without a newline
  #define P_MODE 1
.\src\usart6\usart6.h(17): warning:  #1-D: last line of file ends without a newline
  }
src\OpenMV\OpenMV.h(36): warning:  #1-D: last line of file ends without a newline
  };
src\OpenMV\OpenMV.cpp(145): warning:  #1-D: last line of file ends without a newline
  }
src\OpenMV\OpenMV.cpp: 12 warnings, 0 errors
compiling IMU_SPI.cpp...
.\src\main\project_config.h(18): warning:  #1-D: last line of file ends without a newline
  #define P_MODE 1
.\src\main\project_config.h(18): warning:  #1-D: last line of file ends without a newline
  #define P_MODE 1
.\src\SPI_DOT\SPI_DOT.h(7): warning:  #1-D: last line of file ends without a newline
  bool SPIAvailable();
.\src\Pin\Pin.h(71): warning:  #1-D: last line of file ends without a newline
  #endif /* PIN_H_ */
.\src\main\project_config.h(18): warning:  #1-D: last line of file ends without a newline
  #define P_MODE 1
.\src\time_service\time_service.h(13): warning:  #1-D: last line of file ends without a newline
  }
.\src\main\project_config.h(18): warning:  #1-D: last line of file ends without a newline
  #define P_MODE 1
.\src\SPI_DOT\SPI_DOT.h(7): warning:  #1-D: last line of file ends without a newline
  bool SPIAvailable();
src\IMU_SPI\IMU_SPI.cpp(79): warning:  #1-D: last line of file ends without a newline
  }
src\IMU_SPI\IMU_SPI.cpp: 9 warnings, 0 errors
compiling mpu9250_spi.cpp...
.\src\main\project_config.h(18): warning:  #1-D: last line of file ends without a newline
  #define P_MODE 1
.\src\SPI_DOT\SPI_DOT.h(7): warning:  #1-D: last line of file ends without a newline
  bool SPIAvailable();
.\src\Pin\Pin.h(71): warning:  #1-D: last line of file ends without a newline
  #endif /* PIN_H_ */
.\src\main\project_config.h(18): warning:  #1-D: last line of file ends without a newline
  #define P_MODE 1
.\src\time_service\time_service.h(13): warning:  #1-D: last line of file ends without a newline
  }
src\mpu9250\mpu9250_spi.cpp(407): warning:  #1-D: last line of file ends without a newline
  }
src\mpu9250\mpu9250_spi.cpp: 6 warnings, 0 errors
compiling Button.cpp...
.\src\main\project_config.h(18): warning:  #1-D: last line of file ends without a newline
  #define P_MODE 1
.\src\Pin\Pin.h(71): warning:  #1-D: last line of file ends without a newline
  #endif /* PIN_H_ */
src\Button\Button.h(12): warning:  #1-D: last line of file ends without a newline
  };
src\Button\Button.cpp(13): warning:  #1-D: last line of file ends without a newline
  }
src\Button\Button.cpp: 4 warnings, 0 errors
compiling time_service.cpp...
.\src\main\project_config.h(18): warning:  #1-D: last line of file ends without a newline
  #define P_MODE 1
src\time_service\time_service.h(13): warning:  #1-D: last line of file ends without a newline
  }
src\time_service\time_service.cpp(35): warning:  #1-D: last line of file ends without a newline
  }
src\time_service\time_service.cpp: 3 warnings, 0 errors
compiling Pin.cpp...
src\Pin\Pin.h(71): warning:  #1-D: last line of file ends without a newline
  #endif /* PIN_H_ */
src\Pin\Pin.cpp: 1 warning, 0 errors
compiling usart2.cpp...
.\src\main\project_config.h(18): warning:  #1-D: last line of file ends without a newline
  #define P_MODE 1
src\usart2\usart2.h(17): warning:  #1-D: last line of file ends without a newline
  }
src\usart2\usart2.cpp(56): warning:  #1035-D: single-precision operand implicitly converted to double-precision
  		if (stopBits == 0.5) USART_InitStructure.USART_StopBits = USART_StopBits_0_5; 
src\usart2\usart2.cpp(58): warning:  #1035-D: single-precision operand implicitly converted to double-precision
  		else if (stopBits == 1.5) USART_InitStructure.USART_StopBits = USART_StopBits_1_5;
src\usart2\usart2.cpp(110): warning:  #1-D: last line of file ends without a newline
  }
src\usart2\usart2.cpp: 5 warnings, 0 errors
compiling usart1.cpp...
.\src\main\project_config.h(18): warning:  #1-D: last line of file ends without a newline
  #define P_MODE 1
src\usart1\usart1.h(17): warning:  #1-D: last line of file ends without a newline
  }
src\usart1\usart1.cpp(56): warning:  #1035-D: single-precision operand implicitly converted to double-precision
  		if (stopBits == 0.5) USART_InitStructure.USART_StopBits = USART_StopBits_0_5; 
src\usart1\usart1.cpp(58): warning:  #1035-D: single-precision operand implicitly converted to double-precision
  		else if (stopBits == 1.5) USART_InitStructure.USART_StopBits = USART_StopBits_1_5;
src\usart1\usart1.cpp(110): warning:  #1-D: last line of file ends without a newline
  }
src\usart1\usart1.cpp: 5 warnings, 0 errors
compiling Motor.cpp...
.\src\main\project_config.h(18): warning:  #1-D: last line of file ends without a newline
  #define P_MODE 1
.\src\Pin\Pin.h(71): warning:  #1-D: last line of file ends without a newline
  #endif /* PIN_H_ */
src\Motor\Motor.h(16): warning:  #1-D: last line of file ends without a newline
  };
src\Motor\Motor.cpp(36): warning:  #1-D: last line of file ends without a newline
  }
src\Motor\Motor.cpp: 4 warnings, 0 errors
compiling usart3.cpp...
.\src\main\project_config.h(18): warning:  #1-D: last line of file ends without a newline
  #define P_MODE 1
src\usart3\usart3.h(17): warning:  #1-D: last line of file ends without a newline
  }
src\usart3\usart3.cpp(56): warning:  #1035-D: single-precision operand implicitly converted to double-precision
  		if (stopBits == 0.5) USART_InitStructure.USART_StopBits = USART_StopBits_0_5; 
src\usart3\usart3.cpp(58): warning:  #1035-D: single-precision operand implicitly converted to double-precision
  		else if (stopBits == 1.5) USART_InitStructure.USART_StopBits = USART_StopBits_1_5;
src\usart3\usart3.cpp(110): warning:  #1-D: last line of file ends without a newline
  }
src\usart3\usart3.cpp: 5 warnings, 0 errors
compiling I2C.cpp...
.\src\main\project_config.h(18): warning:  #1-D: last line of file ends without a newline
  #define P_MODE 1
.\src\Pin\Pin.h(71): warning:  #1-D: last line of file ends without a newline
  #endif /* PIN_H_ */
src\I2C\I2C.h(28): warning:  #1-D: last line of file ends without a newline
  };
src\I2C\I2C.cpp(151): warning:  #1-D: last line of file ends without a newline
  }
src\I2C\I2C.cpp: 4 warnings, 0 errors
compiling dma.cpp...
.\src\main\project_config.h(18): warning:  #1-D: last line of file ends without a newline
  #define P_MODE 1
.\src\main\project_config.h(18): warning:  #1-D: last line of file ends without a newline
  #define P_MODE 1
.\src\Pin\Pin.h(71): warning:  #1-D: last line of file ends without a newline
  #endif /* PIN_H_ */
.\src\adc\adc.h(25): warning:  #1-D: last line of file ends without a newline
  };
src\dma\dma.h(19): warning:  #1-D: last line of file ends without a newline
  };
src\dma\dma.cpp(55): warning:  #1-D: last line of file ends without a newline
  }
src\dma\dma.cpp: 6 warnings, 0 errors
compiling adc.cpp...
.\src\main\project_config.h(18): warning:  #1-D: last line of file ends without a newline
  #define P_MODE 1
.\src\Pin\Pin.h(71): warning:  #1-D: last line of file ends without a newline
  #endif /* PIN_H_ */
src\adc\adc.h(25): warning:  #1-D: last line of file ends without a newline
  };
src\adc\adc.cpp(86): warning:  #1-D: last line of file ends without a newline
  }
src\adc\adc.cpp: 4 warnings, 0 errors
compiling usart6.cpp...
.\src\main\project_config.h(18): warning:  #1-D: last line of file ends without a newline
  #define P_MODE 1
src\usart6\usart6.h(17): warning:  #1-D: last line of file ends without a newline
  }
src\usart6\usart6.cpp(56): warning:  #1035-D: single-precision operand implicitly converted to double-precision
  		if (stopBits == 0.5) USART_InitStructure.USART_StopBits = USART_StopBits_0_5; 
src\usart6\usart6.cpp(58): warning:  #1035-D: single-precision operand implicitly converted to double-precision
  		else if (stopBits == 1.5) USART_InitStructure.USART_StopBits = USART_StopBits_1_5;
src\usart6\usart6.cpp(110): warning:  #1-D: last line of file ends without a newline
  }
src\usart6\usart6.cpp: 5 warnings, 0 errors
compiling retarget.cpp...
.\src\main\project_config.h(18): warning:  #1-D: last line of file ends without a newline
  #define P_MODE 1
src\external\retarget.cpp: 1 warning, 0 errors
compiling SPI_1.cpp...
.\src\main\project_config.h(18): warning:  #1-D: last line of file ends without a newline
  #define P_MODE 1
src\SPI_1\SPI_1.h(34): warning:  #1-D: last line of file ends without a newline
  }
src\SPI_1\SPI_1.cpp(119): warning:  #1-D: last line of file ends without a newline
  }  
src\SPI_1\SPI_1.cpp: 3 warnings, 0 errors
compiling SPI_DOT.cpp...
.\src\main\project_config.h(18): warning:  #1-D: last line of file ends without a newline
  #define P_MODE 1
src\SPI_DOT\SPI_DOT.h(7): warning:  #1-D: last line of file ends without a newline
  bool SPIAvailable();
src\SPI_DOT\SPI_DOT.cpp(13): warning:  #177-D: variable "afNumber"  was declared but never referenced
  	uint8_t afNumber = 5;
src\SPI_DOT\SPI_DOT.cpp(66): warning:  #1-D: last line of file ends without a newline
  }
src\SPI_DOT\SPI_DOT.cpp: 4 warnings, 0 errors
compiling stm32f4xx_dac.c...
compiling stm32f4xx_crc.c...
compiling stm32f4xx_dma.c...
compiling stm32f4xx_flash.c...
compiling stm32f4xx_gpio.c...
compiling misc.c...
compiling stm32f4xx_adc.c...
compiling stm32f4xx_spi.c...
compiling stm32f4xx_i2c.c...
compiling system_stm32f4xx.c...
compiling stm32f4xx_usart.c...
compiling stm32f4xx_rcc.c...
compiling stm32f4xx_tim.c...
linking...
Program Size: Code=14348 RO-data=524 RW-data=344 ZI-data=16880  
".\Objects\Lightweight.axf" - 0 Error(s), 255 Warning(s).

<h2>Software Packages used:</h2>

Package Vendor: ARM
                http://www.keil.com/pack/ARM.CMSIS.5.9.0.pack
                ARM.CMSIS.5.9.0
                CMSIS (Common Microcontroller Software Interface Standard)
   * Component: CORE Version: 5.6.0

Package Vendor: Keil
                https://www.keil.com/pack/Keil.STM32F4xx_DFP.2.17.0.pack
                Keil.STM32F4xx_DFP.2.17.0
                STMicroelectronics STM32F4 Series Device Support, Drivers and Examples
   * Component: Startup Version: 2.6.3

<h2>Collection of Component include folders:</h2>
  ./RTE/_Target_1
  C:/Users/Arkady/AppData/Local/Arm/Packs/ARM/CMSIS/5.9.0/CMSIS/Core/Include
  C:/Users/Arkady/AppData/Local/Arm/Packs/Keil/STM32F4xx_DFP/2.17.0/Drivers/CMSIS/Device/ST/STM32F4xx/Include

<h2>Collection of Component Files used:</h2>

   * Component: ARM::CMSIS:CORE:5.6.0

   * Component: Keil::Device:Startup:2.6.3
      Include file:  Drivers/CMSIS/Device/ST/STM32F4xx/Include/stm32f4xx.h
      Source file:   Drivers/CMSIS/Device/ST/STM32F4xx/Source/Templates/arm/startup_stm32f407xx.s
      Source file:   MDK/Device/Source/ARM/STM32F40xxx_41xxx_OPT.s
      Source file:   MDK/Device/Source/ARM/STM32F4xx_OTP.s
      Source file:   Drivers/CMSIS/Device/ST/STM32F4xx/Source/Templates/system_stm32f4xx.c
Build Time Elapsed:  00:00:14
</pre>
</body>
</html>
