<html>
<body>
<pre>
<h1>µVision Build Log</h1>
<h2>Tool Versions:</h2>
IDE-Version: µVision V5.38.0.0
Copyright (C) 2022 ARM Ltd and ARM Germany GmbH. All rights reserved.
License Information: David Avetisyan, HP Inc., LIC=W96CK-ZJMTZ-AWB2F-6S0R7-R17V4-ULPSM
 
Tool Versions:
Toolchain:       MDK-ARM Professional  Version: 5.38.0.0
Toolchain Path:  C:\Keil_v5\ARM\ARMCC\Bin
C Compiler:      Armcc.exe V5.06 update 7 (build 960)
Assembler:       Armasm.exe V5.06 update 7 (build 960)
Linker/Locator:  ArmLink.exe V5.06 update 7 (build 960)
Library Manager: ArmAr.exe V5.06 update 7 (build 960)
Hex Converter:   FromElf.exe V5.06 update 7 (build 960)
CPU DLL:         SARMCM3.DLL V5.38.0.0
Dialog DLL:      DCM.DLL V1.17.5.0
Target DLL:      STLink\ST-LINKIII-KEIL_SWO.dll V3.1.0.0
Dialog DLL:      TCM.DLL V1.56.4.0
 
<h2>Project:</h2>
C:\PARK_HAYASTANIN\ASTERISK\omniplatform\omniplatform.uvprojx
Project File Date:  11/17/2023

<h2>Output:</h2>
*** Using Compiler 'V5.06 update 7 (build 960)', folder: 'C:\Keil_v5\ARM\ARMCC\Bin'
Build target 'Target 1'
compiling omniplatform.cpp...
.\src\Pin\Pin.h(64): warning:  #1-D: last line of file ends without a newline
  #endif /* PIN_H_ */
.\src\Motor\Motor.h(15): warning:  #1-D: last line of file ends without a newline
  };
src\omniplatform\omniplatform.h(16): warning:  #1-D: last line of file ends without a newline
  };
src\omniplatform\omniplatform.cpp(16): warning:  #1035-D: single-precision operand implicitly converted to double-precision
  	vecAng = (angle - 45) * DEG2RAD;
src\omniplatform\omniplatform.cpp(20): warning:  #1035-D: single-precision operand implicitly converted to double-precision
  	vecAng = (angle - 135) * DEG2RAD;
src\omniplatform\omniplatform.cpp(24): warning:  #1035-D: single-precision operand implicitly converted to double-precision
  	vecAng = (angle - 225) * DEG2RAD;
src\omniplatform\omniplatform.cpp(28): warning:  #1035-D: single-precision operand implicitly converted to double-precision
  	vecAng = (angle - 315) * DEG2RAD;
src\omniplatform\omniplatform.cpp(38): warning:  #1-D: last line of file ends without a newline
  }
src\omniplatform\omniplatform.cpp: 8 warnings, 0 errors
compiling main.cpp...
.\src\Pin\Pin.h(64): warning:  #1-D: last line of file ends without a newline
  #endif /* PIN_H_ */
.\src\usart1\usart1.h(17): warning:  #1-D: last line of file ends without a newline
  }
.\src\usart2\usart2.h(17): warning:  #1-D: last line of file ends without a newline
  }
.\src\usart3\usart3.h(17): warning:  #1-D: last line of file ends without a newline
  }
.\src\usart6\usart6.h(17): warning:  #1-D: last line of file ends without a newline
  }
.\src\adc\adc.h(23): warning:  #1-D: last line of file ends without a newline
  };
.\src\dma\dma.h(15): warning:  #1-D: last line of file ends without a newline
  };
.\src\time_service\time_service.h(13): warning:  #1-D: last line of file ends without a newline
  }
.\src\Motor\Motor.h(15): warning:  #1-D: last line of file ends without a newline
  };
.\src\SPI_1\SPI_1.h(34): warning:  #1-D: last line of file ends without a newline
  }
.\src\SPI_DOT\SPI_DOT.h(7): warning:  #1-D: last line of file ends without a newline
  bool SPIAvailable();
.\src\SPI_DOT\SPI_DOT.h(7): warning:  #1-D: last line of file ends without a newline
  bool SPIAvailable();
.\src\SPI_DOT\SPI_DOT.h(7): warning:  #1-D: last line of file ends without a newline
  bool SPIAvailable();
.\src\omniplatform\omniplatform.h(16): warning:  #1-D: last line of file ends without a newline
  };
.\src\IMU_USART\IMU_USART.h(31): warning:  #1-D: last line of file ends without a newline
  };
.\src\usable\usable.h(18): warning:  #1-D: last line of file ends without a newline
  #endif /* USABLE_H_ */
src\main\main.cpp(85): warning:  #111-D: statement is unreachable
  	return 0;
src\main\main.cpp(86): warning:  #1-D: last line of file ends without a newline
  }
src\main\main.cpp: 18 warnings, 0 errors
linking...
Program Size: Code=11670 RO-data=518 RW-data=152 ZI-data=8048  
".\Objects\omniplatform.axf" - 0 Error(s), 26 Warning(s).

<h2>Software Packages used:</h2>

Package Vendor: ARM
                http://www.keil.com/pack/ARM.CMSIS.5.9.0.pack
                ARM.CMSIS.5.9.0
                CMSIS (Common Microcontroller Software Interface Standard)
   * Component: CORE Version: 5.6.0

Package Vendor: Keil
                https://www.keil.com/pack/Keil.STM32F4xx_DFP.2.17.0.pack
                Keil.STM32F4xx_DFP.2.17.0
                STMicroelectronics STM32F4 Series Device Support, Drivers and Examples
   * Component: Startup Version: 2.6.3

<h2>Collection of Component include folders:</h2>
  ./RTE/_Target_1
  C:/Users/Arkady/AppData/Local/Arm/Packs/ARM/CMSIS/5.9.0/CMSIS/Core/Include
  C:/Users/Arkady/AppData/Local/Arm/Packs/Keil/STM32F4xx_DFP/2.17.0/Drivers/CMSIS/Device/ST/STM32F4xx/Include

<h2>Collection of Component Files used:</h2>

   * Component: ARM::CMSIS:CORE:5.6.0

   * Component: Keil::Device:Startup:2.6.3
      Source file:   MDK/Device/Source/ARM/STM32F40xxx_41xxx_OPT.s
      Source file:   MDK/Device/Source/ARM/STM32F4xx_OTP.s
      Source file:   Drivers/CMSIS/Device/ST/STM32F4xx/Source/Templates/arm/startup_stm32f407xx.s
      Include file:  Drivers/CMSIS/Device/ST/STM32F4xx/Include/stm32f4xx.h
      Source file:   Drivers/CMSIS/Device/ST/STM32F4xx/Source/Templates/system_stm32f4xx.c
Build Time Elapsed:  00:00:01
</pre>
</body>
</html>
