Component: ARM Compiler 5.06 update 7 (build 960) Tool: armlink [4d3601]

==============================================================================

Section Cross References

    main.o(i._ZN5Robot10calibratedEv) refers to main.o(.data) for Robot::imuCalibrated
    main.o(i._ZN5Robot13updateSensorsEv) refers to ir_locator.o(i._ZN9IRLocator8getAngleEv) for IRLocator::getAngle()
    main.o(i._ZN5Robot13updateSensorsEv) refers to ir_locator.o(i._ZN9IRLocator7getDistEv) for IRLocator::getDist()
    main.o(i._ZN5Robot13updateSensorsEv) refers to time_service.o(i._ZN12time_service6millisEv) for time_service::millis()
    main.o(i._ZN5Robot13updateSensorsEv) refers to dflt_clz.o(x$fpl$dflt) for __aeabi_i2d
    main.o(i._ZN5Robot13updateSensorsEv) refers to vec2b.o(i._ZN5Vec2bC1Edd) for Vec2b::Vec2b(double, double)
    main.o(i._ZN5Robot13updateSensorsEv) refers to queues_ball.o(i._ZN9BallVec2b4pushE5Vec2bj) for BallVec2b::push(Vec2b, unsigned)
    main.o(i._ZN5Robot13updateSensorsEv) refers to queues_ball.o(i._ZN9BallVec2b15getCurrentVec2bEv) for BallVec2b::getCurrentVec2b()
    main.o(i._ZN5Robot13updateSensorsEv) refers to d2f.o(x$fpl$d2f) for __aeabi_d2f
    main.o(i._ZN5Robot13updateSensorsEv) refers to imu_usart.o(i._ZN8gyro_imu4readEv) for gyro_imu::read()
    main.o(i._ZN5Robot13updateSensorsEv) refers to imu_usart.o(i._ZN8gyro_imu15getCurrentAngleEv) for gyro_imu::getCurrentAngle()
    main.o(i._ZN5Robot13updateSensorsEv) refers to imu_usart.o(i._ZN8gyro_imu20setRotationForTargetEv) for gyro_imu::setRotationForTarget()
    main.o(i._ZN5Robot13updateSensorsEv) refers to imu_usart.o(i._ZN8gyro_imu11getRotationEv) for gyro_imu::getRotation()
    main.o(i._ZN5Robot13updateSensorsEv) refers to imu_usart.o(i._ZN8gyro_imu12setZeroAngleEv) for gyro_imu::setZeroAngle()
    main.o(i._ZN5Robot13updateSensorsEv) refers to main.o(.bss) for Robot::locator
    main.o(i._ZN5Robot13updateSensorsEv) refers to main.o(.data) for Robot::angRaw
    main.o(i._ZN5Robot4initEv) refers to time_service.o(i._ZN12time_service4initEv) for time_service::init()
    main.o(i._ZN5Robot4initEv) refers to time_service.o(i._ZN12time_service9startTimeEv) for time_service::startTime()
    main.o(i._ZN5Robot4initEv) refers to time_service.o(i._ZN12time_service5delayEj) for time_service::delay(unsigned)
    main.o(i._ZN5Robot4initEv) refers to time_service.o(i._ZN12time_service6millisEv) for time_service::millis()
    main.o(i._ZN5Robot4initEv) refers to vec2b.o(i._ZN5Vec2b3setEdd) for Vec2b::set(double, double)
    main.o(i._ZN5Robot4initEv) refers to main.o(.data) for Robot::t
    main.o(i._ZN5Robot4initEv) refers to main.o(.bss) for Robot::currentVector
    main.o(i._ZN5Robot8goToBallEv) refers to time_service.o(i._ZN12time_service6millisEv) for time_service::millis()
    main.o(i._ZN5Robot8goToBallEv) refers to imu_usart.o(i._ZN8gyro_imu6adductEs) for gyro_imu::adduct(short)
    main.o(i._ZN5Robot8goToBallEv) refers to ir_locator.o(i._ZN9IRLocator11angleOffsetEff) for IRLocator::angleOffset(float, float)
    main.o(i._ZN5Robot8goToBallEv) refers to f2d.o(x$fpl$f2d) for __aeabi_f2d
    main.o(i._ZN5Robot8goToBallEv) refers to imu_usart.o(i._ZN8gyro_imu13calculateSoftEfff) for gyro_imu::calculateSoft(float, float, float)
    main.o(i._ZN5Robot8goToBallEv) refers to vec2b.o(i._ZN5Vec2bC1Edd) for Vec2b::Vec2b(double, double)
    main.o(i._ZN5Robot8goToBallEv) refers to vec2b.o(i._ZN5Vec2b8changeToES_) for Vec2b::changeTo(Vec2b)
    main.o(i._ZN5Robot8goToBallEv) refers to imu_usart.o(i._ZN8gyro_imu14getMaxRotationEv) for gyro_imu::getMaxRotation()
    main.o(i._ZN5Robot8goToBallEv) refers to d2f.o(x$fpl$d2f) for __aeabi_d2f
    main.o(i._ZN5Robot8goToBallEv) refers to omniplatform.o(i._ZN12omniplatform4moveEfffff) for omniplatform::move(float, float, float, float, float)
    main.o(i._ZN5Robot8goToBallEv) refers to main.o(.data) for Robot::timeNotSeenBall
    main.o(i._ZN5Robot8goToBallEv) refers to main.o(.bss) for Robot::gyro
    main.o(i.__sti___8_main_cpp_635db6cf) refers to vec2b.o(i._ZN5Vec2bC1Ev) for Vec2b::Vec2b()
    main.o(i.__sti___8_main_cpp_635db6cf) refers to pin.o(i._ZN3PinC1Echt) for Pin::Pin(char, unsigned char, unsigned short)
    main.o(i.__sti___8_main_cpp_635db6cf) refers to i2c.o(i._ZN3I2CC1ER3PinS1_) for I2C::I2C(Pin&, Pin&)
    main.o(i.__sti___8_main_cpp_635db6cf) refers to ir_locator.o(i._ZN9IRLocatorC1ER3I2Cj) for IRLocator::IRLocator(I2C&, unsigned)
    main.o(i.__sti___8_main_cpp_635db6cf) refers to openmv.o(i._ZN6OpenMVC1ER3PinS1_h) for OpenMV::OpenMV(Pin&, Pin&, unsigned char)
    main.o(i.__sti___8_main_cpp_635db6cf) refers to imu_usart.o(i._ZN8gyro_imuC1ER3PinS1_h) for gyro_imu::gyro_imu(Pin&, Pin&, unsigned char)
    main.o(i.__sti___8_main_cpp_635db6cf) refers to motor.o(i._ZN5MotorC1ER3PinhS1_h) for Motor::Motor(Pin&, unsigned char, Pin&, unsigned char)
[...]
    x$fpl$scalbn                             0x08006da2   Section       92  scalbn.o(x$fpl$scalbn)
    $v0                                      0x08006da2   Number         0  scalbn.o(x$fpl$scalbn)
    x$fpl$trapveneer                         0x08006dfe   Section       48  trapv.o(x$fpl$trapveneer)
    $v0                                      0x08006dfe   Number         0  trapv.o(x$fpl$trapveneer)
    .constdata                               0x08006e2e   Section       61  retarget.o(.constdata)
    x$fpl$usenofp                            0x08006e2e   Section        0  usenofp.o(x$fpl$usenofp)
    __tagsym$$used                           0x08006e2e   Number         0  retarget.o(.constdata)
    date_time_commit                         0x08006e2e   Data          61  retarget.o(.constdata)
    .constdata                               0x08006e70   Section      136  pow.o(.constdata)
    bp                                       0x08006e70   Data          16  pow.o(.constdata)
    dp_h                                     0x08006e80   Data          16  pow.o(.constdata)
    dp_l                                     0x08006e90   Data          16  pow.o(.constdata)
    L                                        0x08006ea0   Data          48  pow.o(.constdata)
    P                                        0x08006ed0   Data          40  pow.o(.constdata)
    .constdata                               0x08006ef8   Section      152  atan.o(.constdata)
    atanhi                                   0x08006ef8   Data          32  atan.o(.constdata)
    atanlo                                   0x08006f18   Data          32  atan.o(.constdata)
    aTodd                                    0x08006f38   Data          40  atan.o(.constdata)
    aTeven                                   0x08006f60   Data          48  atan.o(.constdata)
    .constdata                               0x08006f90   Section       48  cos_i.o(.constdata)
    C                                        0x08006f90   Data          48  cos_i.o(.constdata)
    .constdata                               0x08006fc0   Section        8  qnan.o(.constdata)
    .constdata                               0x08006fc8   Section      200  rred.o(.constdata)
    pio2s                                    0x08006fc8   Data          48  rred.o(.constdata)
    twooverpi                                0x08006ff8   Data         152  rred.o(.constdata)
    .constdata                               0x08007090   Section       32  rredf.o(.constdata)
    twooverpi                                0x08007090   Data          32  rredf.o(.constdata)
    .constdata                               0x080070b0   Section       40  sin_i.o(.constdata)
    S                                        0x080070b0   Data          40  sin_i.o(.constdata)
    .init_array                              0x080070f8   Section        4  main.o(.init_array)
    .init_array                              0x080070fc   Section        0  init_aeabi.o(.init_array)
    .data                                    0x20000000   Section       64  main.o(.data)
    .data                                    0x20000040   Section        8  time_service.o(.data)
    .data                                    0x20000048   Section       25  usart1.o(.data)
    .data                                    0x20000062   Section       25  usart2.o(.data)
    .data                                    0x2000007c   Section       25  usart3.o(.data)
    .data                                    0x20000096   Section       25  usart6.o(.data)
    .data                                    0x200000b0   Section       22  spi_1.o(.data)
    .data                                    0x200000c6   Section       16  stm32f4xx_rcc.o(.data)
    APBAHBPrescTable                         0x200000c6   Data          16  stm32f4xx_rcc.o(.data)
    .bss                                     0x200000d8   Section     3408  main.o(.bss)
    .bss                                     0x20000e28   Section       32  spi_1.o(.bss)
    .bss                                     0x20000e48   Section       96  libspace.o(.bss)
    HEAP                                     0x20000ea8   Section     3840  startup_stm32f407xx.o(HEAP)
    Heap_Mem                                 0x20000ea8   Data        3840  startup_stm32f407xx.o(HEAP)
    STACK                                    0x20001da8   Section     4080  startup_stm32f407xx.o(STACK)
    Stack_Mem                                0x20001da8   Data        4080  startup_stm32f407xx.o(STACK)
    __initial_sp                             0x20002d98   Data           0  startup_stm32f407xx.o(STACK)

    Global Symbols

    Symbol Name                              Value     Ov Type        Size  Object(Section)

    BuildAttributes$$THM_ISAv4$E$P$D$K$B$S$7EM$VFPi3$EXTD16$VFPS$VFMA$PE$A:L22UL41UL21$X:L11$S22US41US21$IEEE1$IW$USESV6$~STKCKD$USESV7$~SHL$OTIME$ROPI$IEEEX$EBA8$UX$STANDARDLIB$REQ8$PRES8$EABIv2 0x00000000   Number         0  anon$$obj.o ABSOLUTE
    __ARM_use_no_argv                        0x00000000   Number         0  main.o ABSOLUTE
    SHT$$ARM_EXIDX$$Base                      - Undefined Reference
    SHT$$ARM_EXIDX$$Limit                     - Undefined Reference
    __ARM_exceptions_init                     - Undefined Weak Reference
    __aeabi_unwind_cpp_pr1                    - Undefined Weak Reference
    __aeabi_unwind_cpp_pr2                    - Undefined Weak Reference
    __alloca_initialize                       - Undefined Weak Reference
    __arm_fini_                               - Undefined Weak Reference
    __arm_preinit_                            - Undefined Weak Reference
    __cxa_begin_cleanup                       - Undefined Weak Reference
    __cxa_call_unexpected                     - Undefined Weak Reference
    __cxa_finalize                            - Undefined Weak Reference
    __cxa_type_match                          - Undefined Weak Reference
    __rt_locale                               - Undefined Weak Reference
    __sigvec_lookup                           - Undefined Weak Reference
    __user_heap_extent                        - Undefined Weak Reference
    _atexit_init                              - Undefined Weak Reference
    _call_atexit_fns                          - Undefined Weak Reference
    _clock_init                               - Undefined Weak Reference
    _fp_trap_init                             - Undefined Weak Reference
    _fp_trap_shutdown                         - Undefined Weak Reference
    _get_lc_collate                           - Undefined Weak Reference
    _get_lc_ctype                             - Undefined Weak Reference
    _get_lc_monetary                          - Undefined Weak Reference
    _get_lc_numeric                           - Undefined Weak Reference
    _get_lc_time                              - Undefined Weak Reference
    _getenv_init                              - Undefined Weak Reference
    _handle_redirection                       - Undefined Weak Reference
    _initio                                   - Undefined Weak Reference
    _mutex_acquire                            - Undefined Weak Reference
    _mutex_free                               - Undefined Weak Reference
    _mutex_release                            - Undefined Weak Reference
    _rand_init                                - Undefined Weak Reference
    _signal_finish                            - Undefined Weak Reference
    _signal_init                              - Undefined Weak Reference
    _terminateio                              - Undefined Weak Reference
    __Vectors_Size                           0x00000188   Number         0  startup_stm32f407xx.o ABSOLUTE
    __Vectors                                0x08000000   Data           4  startup_stm32f407xx.o(RESET)
    __Vectors_End                            0x08000188   Data           0  startup_stm32f407xx.o(RESET)
    __main                                   0x08000189   Thumb Code     8  __main.o(!!!main)
    __scatterload                            0x08000191   Thumb Code     0  __scatter.o(!!!scatter)
    __scatterload_rt2                        0x08000191   Thumb Code    44  __scatter.o(!!!scatter)
    __scatterload_rt2_thumb_only             0x08000191   Thumb Code     0  __scatter.o(!!!scatter)
    __scatterload_null                       0x0800019f   Thumb Code     0  __scatter.o(!!!scatter)
    __scatterload_copy                       0x080001c5   Thumb Code    26  __scatter_copy.o(!!handler_copy)
    __scatterload_zeroinit                   0x080001e1   Thumb Code    28  __scatter_zi.o(!!handler_zi)
    __rt_lib_init                            0x080001fd   Thumb Code     0  libinit.o(.ARM.Collect$$libinit$$00000000)
    __rt_lib_init_fp_1                       0x080001ff   Thumb Code     0  libinit2.o(.ARM.Collect$$libinit$$00000001)
    __rt_lib_init_alloca_1                   0x08000203   Thumb Code     0  libinit2.o(.ARM.Collect$$libinit$$0000002E)
    __rt_lib_init_argv_1                     0x08000203   Thumb Code     0  libinit2.o(.ARM.Collect$$libinit$$0000002C)
    __rt_lib_init_atexit_1                   0x08000203   Thumb Code     0  libinit2.o(.ARM.Collect$$libinit$$0000001B)
    __rt_lib_init_clock_1                    0x08000203   Thumb Code     0  libinit2.o(.ARM.Collect$$libinit$$00000021)
    __rt_lib_init_cpp_2                      0x08000203   Thumb Code     0  libinit2.o(.ARM.Collect$$libinit$$00000031)
    __rt_lib_init_exceptions_1               0x08000203   Thumb Code     0  libinit2.o(.ARM.Collect$$libinit$$00000030)
    __rt_lib_init_fp_trap_1                  0x08000203   Thumb Code     0  libinit2.o(.ARM.Collect$$libinit$$0000001F)
    __rt_lib_init_getenv_1                   0x08000203   Thumb Code     0  libinit2.o(.ARM.Collect$$libinit$$00000023)
    __rt_lib_init_heap_1                     0x08000203   Thumb Code     0  libinit2.o(.ARM.Collect$$libinit$$0000000A)
    __rt_lib_init_lc_collate_1               0x08000203   Thumb Code     0  libinit2.o(.ARM.Collect$$libinit$$00000011)
    __rt_lib_init_lc_ctype_1                 0x08000203   Thumb Code     0  libinit2.o(.ARM.Collect$$libinit$$00000013)
    __rt_lib_init_lc_monetary_1              0x08000203   Thumb Code     0  libinit2.o(.ARM.Collect$$libinit$$00000015)
    __rt_lib_init_lc_numeric_1               0x08000203   Thumb Code     0  libinit2.o(.ARM.Collect$$libinit$$00000017)
    __rt_lib_init_lc_time_1                  0x08000203   Thumb Code     0  libinit2.o(.ARM.Collect$$libinit$$00000019)
    __rt_lib_init_preinit_1                  0x08000203   Thumb Code     0  libinit2.o(.ARM.Collect$$libinit$$00000004)
    __rt_lib_init_rand_1                     0x08000203   Thumb Code     0  libinit2.o(.ARM.Collect$$libinit$$0000000E)
    __rt_lib_init_signal_1                   0x08000203   Thumb Code     0  libinit2.o(.ARM.Collect$$libinit$$0000001D)
    __rt_lib_init_stdio_1                    0x08000203   Thumb Code     0  libinit2.o(.ARM.Collect$$libinit$$00000025)
    __rt_lib_init_user_alloc_1               0x08000203   Thumb Code     0  libinit2.o(.ARM.Collect$$libinit$$0000000C)
    __rt_lib_init_cpp_1                      0x08000207   Thumb Code     0  libinit2.o(.ARM.Collect$$libinit$$00000032)
    __rt_lib_init_return                     0x08000207   Thumb Code     0  libinit2.o(.ARM.Collect$$libinit$$00000033)
    __rt_lib_shutdown                        0x08000209   Thumb Code     0  libshutdown.o(.ARM.Collect$$libshutdown$$00000000)
    __rt_lib_shutdown_cpp_1                  0x0800020b   Thumb Code     0  libshutdown2.o(.ARM.Collect$$libshutdown$$00000004)
    __rt_lib_shutdown_fini_1                 0x0800020b   Thumb Code     0  libshutdown2.o(.ARM.Collect$$libshutdown$$00000002)
    __rt_lib_shutdown_fp_trap_1              0x0800020b   Thumb Code     0  libshutdown2.o(.ARM.Collect$$libshutdown$$00000009)
    __rt_lib_shutdown_heap_1                 0x0800020b   Thumb Code     0  libshutdown2.o(.ARM.Collect$$libshutdown$$00000011)
    __rt_lib_shutdown_return                 0x0800020b   Thumb Code     0  libshutdown2.o(.ARM.Collect$$libshutdown$$00000012)
    __rt_lib_shutdown_signal_1               0x0800020b   Thumb Code     0  libshutdown2.o(.ARM.Collect$$libshutdown$$0000000C)
    __rt_lib_shutdown_stdio_1                0x0800020b   Thumb Code     0  libshutdown2.o(.ARM.Collect$$libshutdown$$00000006)
    __rt_lib_shutdown_user_alloc_1           0x0800020b   Thumb Code     0  libshutdown2.o(.ARM.Collect$$libshutdown$$0000000E)
    __rt_entry                               0x0800020d   Thumb Code     0  __rtentry.o(.ARM.Collect$$rtentry$$00000000)
    __rt_entry_presh_1                       0x0800020d   Thumb Code     0  __rtentry2.o(.ARM.Collect$$rtentry$$00000002)
    __rt_entry_sh                            0x0800020d   Thumb Code     0  __rtentry4.o(.ARM.Collect$$rtentry$$00000004)
    __rt_entry_li                            0x08000213   Thumb Code     0  __rtentry2.o(.ARM.Collect$$rtentry$$0000000A)
    __rt_entry_postsh_1                      0x08000213   Thumb Code     0  __rtentry2.o(.ARM.Collect$$rtentry$$00000009)
    __rt_entry_main                          0x08000217   Thumb Code     0  __rtentry2.o(.ARM.Collect$$rtentry$$0000000D)
    __rt_entry_postli_1                      0x08000217   Thumb Code     0  __rtentry2.o(.ARM.Collect$$rtentry$$0000000C)
    __rt_exit                                0x0800021f   Thumb Code     0  rtexit.o(.ARM.Collect$$rtexit$$00000000)
    __rt_exit_ls                             0x08000221   Thumb Code     0  rtexit2.o(.ARM.Collect$$rtexit$$00000003)
    __rt_exit_prels_1                        0x08000221   Thumb Code     0  rtexit2.o(.ARM.Collect$$rtexit$$00000002)
    __rt_exit_exit                           0x08000225   Thumb Code     0  rtexit2.o(.ARM.Collect$$rtexit$$00000004)
    Reset_Handler                            0x0800022d   Thumb Code     8  startup_stm32f407xx.o(.text)
    NMI_Handler                              0x08000235   Thumb Code     2  startup_stm32f407xx.o(.text)
    HardFault_Handler                        0x08000237   Thumb Code     2  startup_stm32f407xx.o(.text)
    MemManage_Handler                        0x08000239   Thumb Code     2  startup_stm32f407xx.o(.text)
    BusFault_Handler                         0x0800023b   Thumb Code     2  startup_stm32f407xx.o(.text)
    UsageFault_Handler                       0x0800023d   Thumb Code     2  startup_stm32f407xx.o(.text)
    SVC_Handler                              0x0800023f   Thumb Code     2  startup_stm32f407xx.o(.text)
    DebugMon_Handler                         0x08000241   Thumb Code     2  startup_stm32f407xx.o(.text)
    PendSV_Handler                           0x08000243   Thumb Code     2  startup_stm32f407xx.o(.text)
    ADC_IRQHandler                           0x08000247   Thumb Code     0  startup_stm32f407xx.o(.text)
    CAN1_RX0_IRQHandler                      0x08000247   Thumb Code     0  startup_stm32f407xx.o(.text)
    CAN1_RX1_IRQHandler                      0x08000247   Thumb Code     0  startup_stm32f407xx.o(.text)
    CAN1_SCE_IRQHandler                      0x08000247   Thumb Code     0  startup_stm32f407xx.o(.text)
    CAN1_TX_IRQHandler                       0x08000247   Thumb Code     0  startup_stm32f407xx.o(.text)
    CAN2_RX0_IRQHandler                      0x08000247   Thumb Code     0  startup_stm32f407xx.o(.text)
    CAN2_RX1_IRQHandler                      0x08000247   Thumb Code     0  startup_stm32f407xx.o(.text)
    CAN2_SCE_IRQHandler                      0x08000247   Thumb Code     0  startup_stm32f407xx.o(.text)
    CAN2_TX_IRQHandler                       0x08000247   Thumb Code     0  startup_stm32f407xx.o(.text)
    DCMI_IRQHandler                          0x08000247   Thumb Code     0  startup_stm32f407xx.o(.text)
    DMA1_Stream0_IRQHandler                  0x08000247   Thumb Code     0  startup_stm32f407xx.o(.text)
    DMA1_Stream1_IRQHandler                  0x08000247   Thumb Code     0  startup_stm32f407xx.o(.text)
    DMA1_Stream2_IRQHandler                  0x08000247   Thumb Code     0  startup_stm32f407xx.o(.text)
    DMA1_Stream3_IRQHandler                  0x08000247   Thumb Code     0  startup_stm32f407xx.o(.text)
    DMA1_Stream4_IRQHandler                  0x08000247   Thumb Code     0  startup_stm32f407xx.o(.text)
    DMA1_Stream5_IRQHandler                  0x08000247   Thumb Code     0  startup_stm32f407xx.o(.text)
    DMA1_Stream6_IRQHandler                  0x08000247   Thumb Code     0  startup_stm32f407xx.o(.text)
    DMA1_Stream7_IRQHandler                  0x08000247   Thumb Code     0  startup_stm32f407xx.o(.text)
    DMA2_Stream0_IRQHandler                  0x08000247   Thumb Code     0  startup_stm32f407xx.o(.text)
    DMA2_Stream1_IRQHandler                  0x08000247   Thumb Code     0  startup_stm32f407xx.o(.text)
    DMA2_Stream2_IRQHandler                  0x08000247   Thumb Code     0  startup_stm32f407xx.o(.text)
    DMA2_Stream3_IRQHandler                  0x08000247   Thumb Code     0  startup_stm32f407xx.o(.text)
    DMA2_Stream4_IRQHandler                  0x08000247   Thumb Code     0  startup_stm32f407xx.o(.text)
    DMA2_Stream5_IRQHandler                  0x08000247   Thumb Code     0  startup_stm32f407xx.o(.text)
    DMA2_Stream6_IRQHandler                  0x08000247   Thumb Code     0  startup_stm32f407xx.o(.text)
    DMA2_Stream7_IRQHandler                  0x08000247   Thumb Code     0  startup_stm32f407xx.o(.text)
    ETH_IRQHandler                           0x08000247   Thumb Code     0  startup_stm32f407xx.o(.text)
    ETH_WKUP_IRQHandler                      0x08000247   Thumb Code     0  startup_stm32f407xx.o(.text)
    EXTI0_IRQHandler                         0x08000247   Thumb Code     0  startup_stm32f407xx.o(.text)
    EXTI15_10_IRQHandler                     0x08000247   Thumb Code     0  startup_stm32f407xx.o(.text)
    EXTI1_IRQHandler                         0x08000247   Thumb Code     0  startup_stm32f407xx.o(.text)
    EXTI2_IRQHandler                         0x08000247   Thumb Code     0  startup_stm32f407xx.o(.text)
    EXTI3_IRQHandler                         0x08000247   Thumb Code     0  startup_stm32f407xx.o(.text)
    EXTI4_IRQHandler                         0x08000247   Thumb Code     0  startup_stm32f407xx.o(.text)
    EXTI9_5_IRQHandler                       0x08000247   Thumb Code     0  startup_stm32f407xx.o(.text)
    FLASH_IRQHandler                         0x08000247   Thumb Code     0  startup_stm32f407xx.o(.text)
    FMC_IRQHandler                           0x08000247   Thumb Code     0  startup_stm32f407xx.o(.text)
    FPU_IRQHandler                           0x08000247   Thumb Code     0  startup_stm32f407xx.o(.text)
    HASH_RNG_IRQHandler                      0x08000247   Thumb Code     0  startup_stm32f407xx.o(.text)
    I2C1_ER_IRQHandler                       0x08000247   Thumb Code     0  startup_stm32f407xx.o(.text)
    I2C1_EV_IRQHandler                       0x08000247   Thumb Code     0  startup_stm32f407xx.o(.text)
    I2C2_ER_IRQHandler                       0x08000247   Thumb Code     0  startup_stm32f407xx.o(.text)
    I2C2_EV_IRQHandler                       0x08000247   Thumb Code     0  startup_stm32f407xx.o(.text)
    I2C3_ER_IRQHandler                       0x08000247   Thumb Code     0  startup_stm32f407xx.o(.text)
    I2C3_EV_IRQHandler                       0x08000247   Thumb Code     0  startup_stm32f407xx.o(.text)
    OTG_FS_IRQHandler                        0x08000247   Thumb Code     0  startup_stm32f407xx.o(.text)
    OTG_FS_WKUP_IRQHandler                   0x08000247   Thumb Code     0  startup_stm32f407xx.o(.text)
    OTG_HS_EP1_IN_IRQHandler                 0x08000247   Thumb Code     0  startup_stm32f407xx.o(.text)
    OTG_HS_EP1_OUT_IRQHandler                0x08000247   Thumb Code     0  startup_stm32f407xx.o(.text)
    OTG_HS_IRQHandler                        0x08000247   Thumb Code     0  startup_stm32f407xx.o(.text)
    OTG_HS_WKUP_IRQHandler                   0x08000247   Thumb Code     0  startup_stm32f407xx.o(.text)
    PVD_IRQHandler                           0x08000247   Thumb Code     0  startup_stm32f407xx.o(.text)
    RCC_IRQHandler                           0x08000247   Thumb Code     0  startup_stm32f407xx.o(.text)
    RTC_Alarm_IRQHandler                     0x08000247   Thumb Code     0  startup_stm32f407xx.o(.text)
    RTC_WKUP_IRQHandler                      0x08000247   Thumb Code     0  startup_stm32f407xx.o(.text)
    SDIO_IRQHandler                          0x08000247   Thumb Code     0  startup_stm32f407xx.o(.text)
    SPI2_IRQHandler                          0x08000247   Thumb Code     0  startup_stm32f407xx.o(.text)
    SPI3_IRQHandler                          0x08000247   Thumb Code     0  startup_stm32f407xx.o(.text)
    TAMP_STAMP_IRQHandler                    0x08000247   Thumb Code     0  startup_stm32f407xx.o(.text)
    TIM1_BRK_TIM9_IRQHandler                 0x08000247   Thumb Code     0  startup_stm32f407xx.o(.text)
    TIM1_CC_IRQHandler                       0x08000247   Thumb Code     0  startup_stm32f407xx.o(.text)
    TIM1_TRG_COM_TIM11_IRQHandler            0x08000247   Thumb Code     0  startup_stm32f407xx.o(.text)
    TIM1_UP_TIM10_IRQHandler                 0x08000247   Thumb Code     0  startup_stm32f407xx.o(.text)
    TIM2_IRQHandler                          0x08000247   Thumb Code     0  startup_stm32f407xx.o(.text)
    TIM3_IRQHandler                          0x08000247   Thumb Code     0  startup_stm32f407xx.o(.text)
    TIM4_IRQHandler                          0x08000247   Thumb Code     0  startup_stm32f407xx.o(.text)
    TIM5_IRQHandler                          0x08000247   Thumb Code     0  startup_stm32f407xx.o(.text)
    TIM6_DAC_IRQHandler                      0x08000247   Thumb Code     0  startup_stm32f407xx.o(.text)
    TIM7_IRQHandler                          0x08000247   Thumb Code     0  startup_stm32f407xx.o(.text)
    TIM8_BRK_TIM12_IRQHandler                0x08000247   Thumb Code     0  startup_stm32f407xx.o(.text)
    TIM8_CC_IRQHandler                       0x08000247   Thumb Code     0  startup_stm32f407xx.o(.text)
    TIM8_TRG_COM_TIM14_IRQHandler            0x08000247   Thumb Code     0  startup_stm32f407xx.o(.text)
    TIM8_UP_TIM13_IRQHandler                 0x08000247   Thumb Code     0  startup_stm32f407xx.o(.text)
    UART4_IRQHandler                         0x08000247   Thumb Code     0  startup_stm32f407xx.o(.text)
    UART5_IRQHandler                         0x08000247   Thumb Code     0  startup_stm32f407xx.o(.text)
    WWDG_IRQHandler                          0x08000247   Thumb Code     0  startup_stm32f407xx.o(.text)
    __user_initial_stackheap                 0x08000249   Thumb Code     0  startup_stm32f407xx.o(.text)
    __semihosting$guard                      0x0800026d   Thumb Code     0  use_no_semi.o(.text)
    __use_no_semihosting_swi                 0x0800026d   Thumb Code     2  use_no_semi.o(.text)
    __aeabi_memcpy4                          0x0800026f   Thumb Code     0  rt_memcpy_w.o(.text)
    __aeabi_memcpy8                          0x0800026f   Thumb Code     0  rt_memcpy_w.o(.text)
    __rt_memcpy_w                            0x0800026f   Thumb Code   100  rt_memcpy_w.o(.text)
    _memcpy_lastbytes_aligned                0x080002b7   Thumb Code     0  rt_memcpy_w.o(.text)
    __use_two_region_memory                  0x080002d3   Thumb Code     2  heapauxi.o(.text)
    __rt_heap_escrow                         0x080002d5   Thumb Code     2  heapauxi.o(.text)
    __rt_heap_expand                         0x080002d7   Thumb Code     2  heapauxi.o(.text)
    __cpp_initialize__aeabi_                 0x080002d9   Thumb Code    26  init_aeabi.o(.text)
    __read_errno                             0x080002fd   Thumb Code    10  _rserrno.o(.text)
    __set_errno                              0x08000307   Thumb Code    12  _rserrno.o(.text)
    __aeabi_errno_addr                       0x08000315   Thumb Code     8  rt_errno_addr_intlibspace.o(.text)
    __errno$intlibspace                      0x08000315   Thumb Code     0  rt_errno_addr_intlibspace.o(.text)
    __rt_errno_addr$intlibspace              0x08000315   Thumb Code     0  rt_errno_addr_intlibspace.o(.text)
    __user_libspace                          0x0800031d   Thumb Code     8  libspace.o(.text)
    __user_perproc_libspace                  0x0800031d   Thumb Code     0  libspace.o(.text)
    __user_perthread_libspace                0x0800031d   Thumb Code     0  libspace.o(.text)
    __user_setup_stackheap                   0x08000325   Thumb Code    74  sys_stackheap_outer.o(.text)
    exit                                     0x0800036f   Thumb Code    18  exit.o(.text)
    GPIO_Init                                0x08000381   Thumb Code   144  stm32f4xx_gpio.o(i.GPIO_Init)
    GPIO_PinAFConfig                         0x08000411   Thumb Code    70  stm32f4xx_gpio.o(i.GPIO_PinAFConfig)
    GPIO_ResetBits                           0x08000457   Thumb Code     4  stm32f4xx_gpio.o(i.GPIO_ResetBits)
    GPIO_SetBits                             0x0800045b   Thumb Code     4  stm32f4xx_gpio.o(i.GPIO_SetBits)
    RCC_AHB1PeriphClockCmd                   0x08000461   Thumb Code    26  stm32f4xx_rcc.o(i.RCC_AHB1PeriphClockCmd)
    RCC_APB1PeriphClockCmd                   0x08000481   Thumb Code    26  stm32f4xx_rcc.o(i.RCC_APB1PeriphClockCmd)
    RCC_APB2PeriphClockCmd                   0x080004a1   Thumb Code    26  stm32f4xx_rcc.o(i.RCC_APB2PeriphClockCmd)
    RCC_GetClocksFreq                        0x080004c1   Thumb Code   214  stm32f4xx_rcc.o(i.RCC_GetClocksFreq)
    SPI1_IRQHandler                          0x080005a9   Thumb Code    92  spi_1.o(i.SPI1_IRQHandler)
    SPI_I2S_GetFlagStatus                    0x08000615   Thumb Code    18  stm32f4xx_spi.o(i.SPI_I2S_GetFlagStatus)
    SysTick_Handler                          0x08000739   Thumb Code    20  time_service.o(i.SysTick_Handler)
    SystemInit                               0x08000751   Thumb Code    88  system_stm32f4xx.o(i.SystemInit)
    TIM_BDTRConfig                           0x080007b9   Thumb Code    32  stm32f4xx_tim.o(i.TIM_BDTRConfig)
    TIM_Cmd                                  0x080007d9   Thumb Code    24  stm32f4xx_tim.o(i.TIM_Cmd)
    TIM_CtrlPWMOutputs                       0x080007f1   Thumb Code    30  stm32f4xx_tim.o(i.TIM_CtrlPWMOutputs)
    TIM_OC1Init                              0x08000811   Thumb Code   114  stm32f4xx_tim.o(i.TIM_OC1Init)
    TIM_OC2Init                              0x0800088d   Thumb Code   154  stm32f4xx_tim.o(i.TIM_OC2Init)
    TIM_OC3Init                              0x08000931   Thumb Code   150  stm32f4xx_tim.o(i.TIM_OC3Init)
    TIM_OC4Init                              0x080009d1   Thumb Code   112  stm32f4xx_tim.o(i.TIM_OC4Init)
    TIM_SetCompare1                          0x08000a49   Thumb Code     4  stm32f4xx_tim.o(i.TIM_SetCompare1)
    TIM_SetCompare2                          0x08000a4d   Thumb Code     4  stm32f4xx_tim.o(i.TIM_SetCompare2)
    TIM_SetCompare3                          0x08000a51   Thumb Code     4  stm32f4xx_tim.o(i.TIM_SetCompare3)
    TIM_SetCompare4                          0x08000a55   Thumb Code     4  stm32f4xx_tim.o(i.TIM_SetCompare4)
    TIM_TimeBaseInit                         0x08000a59   Thumb Code   104  stm32f4xx_tim.o(i.TIM_TimeBaseInit)
    USART1_IRQHandler                        0x08000add   Thumb Code   132  usart1.o(i.USART1_IRQHandler)
    USART2_IRQHandler                        0x08000b7d   Thumb Code   138  usart2.o(i.USART2_IRQHandler)
    USART3_IRQHandler                        0x08000c25   Thumb Code   138  usart3.o(i.USART3_IRQHandler)
    USART6_IRQHandler                        0x08000ccd   Thumb Code   138  usart6.o(i.USART6_IRQHandler)
    USART_ClearITPendingBit                  0x08000d75   Thumb Code    30  stm32f4xx_usart.o(i.USART_ClearITPendingBit)
    USART_Cmd                                0x08000d93   Thumb Code    24  stm32f4xx_usart.o(i.USART_Cmd)
    USART_ITConfig                           0x08000dab   Thumb Code    74  stm32f4xx_usart.o(i.USART_ITConfig)
    USART_Init                               0x08000df5   Thumb Code   204  stm32f4xx_usart.o(i.USART_Init)
    USART_StructInit                         0x08000ec9   Thumb Code    24  stm32f4xx_usart.o(i.USART_StructInit)
    omniplatform::move(float, float, float, float, float) 0x08000ee1   Thumb Code   494  omniplatform.o(i._ZN12omniplatform4moveEfffff)
    omniplatform::omniplatform(Motor&, Motor&, Motor&, Motor&) 0x080010ed   Thumb Code    68  omniplatform.o(i._ZN12omniplatformC1ER5MotorS1_S1_S1_)
    omniplatform::omniplatform__sub_object(Motor&, Motor&, Motor&, Motor&) 0x080010ed   Thumb Code     0  omniplatform.o(i._ZN12omniplatformC1ER5MotorS1_S1_S1_)
    time_service::init()                     0x08001131   Thumb Code    86  time_service.o(i._ZN12time_service4initEv)
    time_service::delay(unsigned)            0x08001191   Thumb Code    32  time_service.o(i._ZN12time_service5delayEj)
    time_service::millis()                   0x080011b5   Thumb Code     8  time_service.o(i._ZN12time_service6millisEv)
    time_service::startTime()                0x080011c1   Thumb Code    18  time_service.o(i._ZN12time_service9startTimeEv)
    I2C::generateStop()                      0x080011d3   Thumb Code    56  i2c.o(i._ZN3I2C12generateStopEv)
    I2C::generateStart()                     0x0800120b   Thumb Code    74  i2c.o(i._ZN3I2C13generateStartEv)
    I2C::read()                              0x08001255   Thumb Code    78  i2c.o(i._ZN3I2C4readEv)
    I2C::send(unsigned char)                 0x080012a3   Thumb Code    56  i2c.o(i._ZN3I2C4sendEh)
    I2C::delay()                             0x080012db   Thumb Code    28  i2c.o(i._ZN3I2C5delayEv)
    I2C::sclLow()                            0x080012f7   Thumb Code    12  i2c.o(i._ZN3I2C6sclLowEv)
    I2C::sdaLow()                            0x08001303   Thumb Code    14  i2c.o(i._ZN3I2C6sdaLowEv)
    I2C::readAch()                           0x08001311   Thumb Code    68  i2c.o(i._ZN3I2C7readAchEv)
    I2C::sclHigh()                           0x08001355   Thumb Code    12  i2c.o(i._ZN3I2C7sclHighEv)
    I2C::sdaHigh()                           0x08001361   Thumb Code    14  i2c.o(i._ZN3I2C7sdaHighEv)
    I2C::sdaRead()                           0x0800136f   Thumb Code    34  i2c.o(i._ZN3I2C7sdaReadEv)
    I2C::writeBit(bool)                      0x08001391   Thumb Code    60  i2c.o(i._ZN3I2C8writeBitEb)
    I2C::I2C(Pin&, Pin&)                     0x080013cd   Thumb Code    46  i2c.o(i._ZN3I2CC1ER3PinS1_)
    I2C::I2C__sub_object(Pin&, Pin&)         0x080013cd   Thumb Code     0  i2c.o(i._ZN3I2CC1ER3PinS1_)
    Pin::RCC_ClockCmd()                      0x080013fd   Thumb Code   256  pin.o(i._ZN3Pin12RCC_ClockCmdEv)
    Pin::setTimParams(unsigned short)        0x08001531   Thumb Code   198  pin.o(i._ZN3Pin12setTimParamsEt)
    Pin::setAFforUSART(unsigned short)       0x08001625   Thumb Code    40  pin.o(i._ZN3Pin13setAFforUSARTEt)
    Pin::pwm(unsigned)                       0x0800164d   Thumb Code    68  pin.o(i._ZN3Pin3pwmEj)
    Pin::getPin()                            0x08001691   Thumb Code     6  pin.o(i._ZN3Pin6getPinEv)
    Pin::setBit()                            0x08001697   Thumb Code    16  pin.o(i._ZN3Pin6setBitEv)
    Pin::setPin(unsigned char)               0x080016a7   Thumb Code   204  pin.o(i._ZN3Pin6setPinEh)
    Pin::pwmInit(short, unsigned, unsigned char) 0x08001775   Thumb Code   260  pin.o(i._ZN3Pin7pwmInitEsjh)
    Pin::setGPIO(char)                       0x0800187d   Thumb Code    78  pin.o(i._ZN3Pin7setGPIOEc)
    Pin::getGPIOx()                          0x080018f1   Thumb Code     6  pin.o(i._ZN3Pin8getGPIOxEv)
    Pin::resetBit()                          0x080018f7   Thumb Code    16  pin.o(i._ZN3Pin8resetBitEv)
    Pin::getPeriod()                         0x08001907   Thumb Code     8  pin.o(i._ZN3Pin9getPeriodEv)
    Pin::Pin(char, unsigned char, unsigned short) 0x08001911   Thumb Code   526  pin.o(i._ZN3PinC1Echt)
    Pin::Pin__sub_object(char, unsigned char, unsigned short) 0x08001911   Thumb Code     0  pin.o(i._ZN3PinC1Echt)
    Motor::getMaxSpeed()                     0x08001b45   Thumb Code    12  motor.o(i._ZN5Motor11getMaxSpeedEv)
    Motor::go(short)                         0x08001b51   Thumb Code   108  motor.o(i._ZN5Motor2goEs)
    Motor::Motor(Pin&, unsigned char, Pin&, unsigned char) 0x08001bbd   Thumb Code    70  motor.o(i._ZN5MotorC1ER3PinhS1_h)
    Motor::Motor__sub_object(Pin&, unsigned char, Pin&, unsigned char) 0x08001bbd   Thumb Code     0  motor.o(i._ZN5MotorC1ER3PinhS1_h)
    Robot::calibrated()                      0x08001c05   Thumb Code     6  main.o(i._ZN5Robot10calibratedEv)
    Robot::updateSensors()                   0x08001c11   Thumb Code   432  main.o(i._ZN5Robot13updateSensorsEv)
    Robot::init()                            0x08001e05   Thumb Code    92  main.o(i._ZN5Robot4initEv)
    Robot::goToBall()                        0x08001e95   Thumb Code   450  main.o(i._ZN5Robot8goToBallEv)
    Vec2b::set(double, double)               0x080020a5   Thumb Code    10  vec2b.o(i._ZN5Vec2b3setEdd)
    Vec2b::changeTo(Vec2b)                   0x080020b1   Thumb Code   870  vec2b.o(i._ZN5Vec2b8changeToES_)
    Vec2b::Vec2b(double, double)             0x08002449   Thumb Code    10  vec2b.o(i._ZN5Vec2bC1Edd)
    Vec2b::Vec2b__sub_object(double, double) 0x08002449   Thumb Code     0  vec2b.o(i._ZN5Vec2bC1Edd)
    Vec2b::Vec2b()                           0x08002455   Thumb Code    18  vec2b.o(i._ZN5Vec2bC1Ev)
    Vec2b::Vec2b__sub_object()               0x08002455   Thumb Code     0  vec2b.o(i._ZN5Vec2bC1Ev)
    uart1::usart1Init(unsigned, float, unsigned char) 0x08002471   Thumb Code   308  usart1.o(i._ZN5uart110usart1InitEjfh)
    uart1::read()                            0x080025d9   Thumb Code    62  usart1.o(i._ZN5uart14readEv)
    uart1::available()                       0x08002621   Thumb Code    44  usart1.o(i._ZN5uart19availableEv)
    uart2::usart2Init(unsigned, float, unsigned char) 0x08002655   Thumb Code   308  usart2.o(i._ZN5uart210usart2InitEjfh)
    uart2::read()                            0x080027bd   Thumb Code    62  usart2.o(i._ZN5uart24readEv)
    uart2::available()                       0x08002805   Thumb Code    44  usart2.o(i._ZN5uart29availableEv)
    uart3::usart3Init(unsigned, float, unsigned char) 0x08002839   Thumb Code   308  usart3.o(i._ZN5uart310usart3InitEjfh)
    uart3::read()                            0x080029a1   Thumb Code    62  usart3.o(i._ZN5uart34readEv)
    uart3::available()                       0x080029e9   Thumb Code    44  usart3.o(i._ZN5uart39availableEv)
    uart6::usart6Init(unsigned, float, unsigned char) 0x08002a1d   Thumb Code   308  usart6.o(i._ZN5uart610usart6InitEjfh)
    uart6::read()                            0x08002b85   Thumb Code    62  usart6.o(i._ZN5uart64readEv)
    uart6::available()                       0x08002bcd   Thumb Code    44  usart6.o(i._ZN5uart69availableEv)
    OpenMV::initUSART(unsigned char)         0x08002c01   Thumb Code    86  openmv.o(i._ZN6OpenMV9initUSARTEh)
    OpenMV::OpenMV(Pin&, Pin&, unsigned char) 0x08002c57   Thumb Code    42  openmv.o(i._ZN6OpenMVC1ER3PinS1_h)
    OpenMV::OpenMV__sub_object(Pin&, Pin&, unsigned char) 0x08002c57   Thumb Code     0  openmv.o(i._ZN6OpenMVC1ER3PinS1_h)
    gyro_imu::getRotation()                  0x08002c81   Thumb Code     8  imu_usart.o(i._ZN8gyro_imu11getRotationEv)
    gyro_imu::setZeroAngle()                 0x08002c89   Thumb Code     6  imu_usart.o(i._ZN8gyro_imu12setZeroAngleEv)
    gyro_imu::calculateSoft(float, float, float) 0x08002c91   Thumb Code   164  imu_usart.o(i._ZN8gyro_imu13calculateSoftEfff)
    gyro_imu::getMaxRotation()               0x08002d3d   Thumb Code     8  imu_usart.o(i._ZN8gyro_imu14getMaxRotationEv)
    gyro_imu::getCurrentAngle()              0x08002d45   Thumb Code     8  imu_usart.o(i._ZN8gyro_imu15getCurrentAngleEv)
    gyro_imu::setRotationForTarget()         0x08002d4d   Thumb Code    66  imu_usart.o(i._ZN8gyro_imu20setRotationForTargetEv)
    gyro_imu::read()                         0x08002d91   Thumb Code   268  imu_usart.o(i._ZN8gyro_imu4readEv)
    gyro_imu::adduct(short)                  0x08002ea1   Thumb Code    32  imu_usart.o(i._ZN8gyro_imu6adductEs)
    gyro_imu::initUSART(unsigned char)       0x08002ec1   Thumb Code    86  imu_usart.o(i._ZN8gyro_imu9initUSARTEh)
    gyro_imu::gyro_imu(Pin&, Pin&, unsigned char) 0x08002f17   Thumb Code    36  imu_usart.o(i._ZN8gyro_imuC1ER3PinS1_h)
    gyro_imu::gyro_imu__sub_object(Pin&, Pin&, unsigned char) 0x08002f17   Thumb Code     0  imu_usart.o(i._ZN8gyro_imuC1ER3PinS1_h)
    BallVec2b::changeValues(bool)            0x08002f3b   Thumb Code   750  queues_ball.o(i._ZN9BallVec2b12changeValuesEb)
    BallVec2b::getCurrentVec2b()             0x08003229   Thumb Code    48  queues_ball.o(i._ZN9BallVec2b15getCurrentVec2bEv)
    BallVec2b::setTransitionBy360()          0x08003259   Thumb Code   262  queues_ball.o(i._ZN9BallVec2b18setTransitionBy360Ev)
    BallVec2b::push(Vec2b, unsigned)         0x08003379   Thumb Code   308  queues_ball.o(i._ZN9BallVec2b4pushE5Vec2bj)
    BallVec2b::adduct(double)                0x080034ad   Thumb Code   110  queues_ball.o(i._ZN9BallVec2b6adductEd)
    BallVec2b::calculate()                   0x08003535   Thumb Code  1186  queues_ball.o(i._ZN9BallVec2b9calculateEv)
    BallVec2b::BallVec2b()                   0x080039d9   Thumb Code   148  queues_ball.o(i._ZN9BallVec2bC1Ev)
    BallVec2b::BallVec2b__sub_object()       0x080039d9   Thumb Code     0  queues_ball.o(i._ZN9BallVec2bC1Ev)
    IRLocator::angleOffset(float, float)     0x08003a81   Thumb Code   342  ir_locator.o(i._ZN9IRLocator11angleOffsetEff)
    IRLocator::convertDist(double)           0x08003c09   Thumb Code   146  ir_locator.o(i._ZN9IRLocator11convertDistEd)
    IRLocator::adduct(short)                 0x08003cb5   Thumb Code    32  ir_locator.o(i._ZN9IRLocator6adductEs)
    IRLocator::getDist()                     0x08003cd5   Thumb Code     8  ir_locator.o(i._ZN9IRLocator7getDistEv)
    IRLocator::getAngle()                    0x08003cdd   Thumb Code    88  ir_locator.o(i._ZN9IRLocator8getAngleEv)
    IRLocator::getValue(unsigned char)       0x08003d35   Thumb Code   106  ir_locator.o(i._ZN9IRLocator8getValueEh)
    IRLocator::IRLocator(I2C&, unsigned)     0x08003d9f   Thumb Code    26  ir_locator.o(i._ZN9IRLocatorC1ER3I2Cj)
    IRLocator::IRLocator__sub_object(I2C&, unsigned) 0x08003d9f   Thumb Code     0  ir_locator.o(i._ZN9IRLocatorC1ER3I2Cj)
    Vec2bTime::set(double, double, unsigned, short) 0x08003db9   Thumb Code    14  queues_ball.o(i._ZN9Vec2bTime3setEddjs)
    Vec2bTime::getLen()                      0x08003dc7   Thumb Code     6  queues_ball.o(i._ZN9Vec2bTime6getLenEv)
    Vec2bTime::correct()                     0x08003dcd   Thumb Code    76  queues_ball.o(i._ZN9Vec2bTime7correctEv)
    Vec2bTime::getTime()                     0x08003e21   Thumb Code     6  queues_ball.o(i._ZN9Vec2bTime7getTimeEv)
    Vec2bTime::getAngle()                    0x08003e27   Thumb Code     6  queues_ball.o(i._ZN9Vec2bTime8getAngleEv)
    Vec2bTime::Vec2bTime()                   0x08003e2d   Thumb Code    14  queues_ball.o(i._ZN9Vec2bTimeC1Ev)
    Vec2bTime::Vec2bTime__sub_object()       0x08003e2d   Thumb Code     0  queues_ball.o(i._ZN9Vec2bTimeC1Ev)
    std::pow(double, int)                    0x08003e3b   Thumb Code    52  queues_ball.o(i._ZSt3powdi)
    std::sin(float)                          0x08003e6f   Thumb Code    24  openmv.o(i._ZSt3sinf)
    __ARM_fpclassify                         0x08003e87   Thumb Code    48  fpclassify.o(i.__ARM_fpclassify)
    __ARM_fpclassifyf                        0x08003eb7   Thumb Code    38  fpclassifyf.o(i.__ARM_fpclassifyf)
    __aeabi_vec_ctor_nocookie_nodtor         0x08003edd   Thumb Code    36  aeabi_vec_ctor_nocookie_nodtor.o(i.__aeabi_vec_ctor_nocookie_nodtor)
    __hardfp_atan                            0x08003f01   Thumb Code   622  atan.o(i.__hardfp_atan)
    __hardfp_atan2                           0x080041d9   Thumb Code   448  atan2.o(i.__hardfp_atan2)
    __hardfp_cos                             0x080043d9   Thumb Code   180  cos.o(i.__hardfp_cos)
    __hardfp_pow                             0x080044a1   Thumb Code  3072  pow.o(i.__hardfp_pow)
    __hardfp_sin                             0x080050f1   Thumb Code   180  sin.o(i.__hardfp_sin)
    __hardfp_sinf                            0x080051b9   Thumb Code   344  sinf.o(i.__hardfp_sinf)
    __hardfp_sqrt                            0x08005349   Thumb Code   122  sqrt.o(i.__hardfp_sqrt)
    __ieee754_rem_pio2                       0x080053c9   Thumb Code   938  rred.o(i.__ieee754_rem_pio2)
    __kernel_cos                             0x08005801   Thumb Code   322  cos_i.o(i.__kernel_cos)
    __kernel_poly                            0x08005971   Thumb Code   248  poly.o(i.__kernel_poly)
    __kernel_sin                             0x08005a69   Thumb Code   280  sin_i.o(i.__kernel_sin)
    __mathlib_dbl_divzero                    0x08005b99   Thumb Code    28  dunder.o(i.__mathlib_dbl_divzero)
    __mathlib_dbl_infnan                     0x08005bc9   Thumb Code    20  dunder.o(i.__mathlib_dbl_infnan)
    __mathlib_dbl_infnan2                    0x08005bdd   Thumb Code    20  dunder.o(i.__mathlib_dbl_infnan2)
    __mathlib_dbl_invalid                    0x08005bf1   Thumb Code    24  dunder.o(i.__mathlib_dbl_invalid)
    __mathlib_dbl_overflow                   0x08005c11   Thumb Code    24  dunder.o(i.__mathlib_dbl_overflow)
    __mathlib_dbl_underflow                  0x08005c31   Thumb Code    24  dunder.o(i.__mathlib_dbl_underflow)
    __mathlib_flt_infnan                     0x08005c51   Thumb Code     6  funder.o(i.__mathlib_flt_infnan)
    __mathlib_flt_invalid                    0x08005c59   Thumb Code    10  funder.o(i.__mathlib_flt_invalid)
    __mathlib_flt_underflow                  0x08005c69   Thumb Code    10  funder.o(i.__mathlib_flt_underflow)
    __mathlib_rredf2                         0x08005c79   Thumb Code   316  rredf.o(i.__mathlib_rredf2)
    _sys_exit                                0x08005f65   Thumb Code     4  retarget.o(i._sys_exit)
    atan                                     0x08005f69   Thumb Code    16  atan.o(i.atan)
    fabs                                     0x08005f79   Thumb Code    24  fabs.o(i.fabs)
    main                                     0x08005f91   Thumb Code    22  main.o(i.main)
    sqrt                                     0x08005fa7   Thumb Code   110  sqrt.o(i.sqrt)
    __aeabi_dneg                             0x08006015   Thumb Code     0  basic.o(x$fpl$basic)
    _dneg                                    0x08006015   Thumb Code     6  basic.o(x$fpl$basic)
    __aeabi_fneg                             0x0800601b   Thumb Code     0  basic.o(x$fpl$basic)
    _fneg                                    0x0800601b   Thumb Code     6  basic.o(x$fpl$basic)
    _dabs                                    0x08006021   Thumb Code     6  basic.o(x$fpl$basic)
    _fabs                                    0x08006027   Thumb Code     6  basic.o(x$fpl$basic)
    __aeabi_d2f                              0x0800602d   Thumb Code     0  d2f.o(x$fpl$d2f)
    _d2f                                     0x0800602d   Thumb Code    98  d2f.o(x$fpl$d2f)
    __aeabi_dadd                             0x08006091   Thumb Code     0  daddsub_clz.o(x$fpl$dadd)
    _dadd                                    0x08006091   Thumb Code   332  daddsub_clz.o(x$fpl$dadd)
    __fpl_dcheck_NaN1                        0x080061e1   Thumb Code    10  dcheck1.o(x$fpl$dcheck1)
    __fpl_dcmp_Inf                           0x080061f1   Thumb Code    24  dcmpi.o(x$fpl$dcmpinf)
    __aeabi_ddiv                             0x08006209   Thumb Code     0  ddiv.o(x$fpl$ddiv)
    _ddiv                                    0x08006209   Thumb Code   552  ddiv.o(x$fpl$ddiv)
    __aeabi_cdcmpeq                          0x080064b9   Thumb Code     0  deqf.o(x$fpl$deqf)
    _dcmpeq                                  0x080064b9   Thumb Code   120  deqf.o(x$fpl$deqf)
    __aeabi_d2iz                             0x08006531   Thumb Code     0  dfix.o(x$fpl$dfix)
    _dfix                                    0x08006531   Thumb Code    94  dfix.o(x$fpl$dfix)
    __aeabi_i2d                              0x0800658f   Thumb Code     0  dflt_clz.o(x$fpl$dflt)
    _dflt                                    0x0800658f   Thumb Code    46  dflt_clz.o(x$fpl$dflt)
    __aeabi_ui2d                             0x080065bd   Thumb Code     0  dflt_clz.o(x$fpl$dfltu)
    _dfltu                                   0x080065bd   Thumb Code    38  dflt_clz.o(x$fpl$dfltu)
    __aeabi_cdcmple                          0x080065e5   Thumb Code     0  dleqf.o(x$fpl$dleqf)
    _dcmple                                  0x080065e5   Thumb Code   120  dleqf.o(x$fpl$dleqf)
    __fpl_dcmple_InfNaN                      0x08006647   Thumb Code     0  dleqf.o(x$fpl$dleqf)
    __aeabi_dmul                             0x0800665d   Thumb Code     0  dmul.o(x$fpl$dmul)
    _dmul                                    0x0800665d   Thumb Code   332  dmul.o(x$fpl$dmul)
    __fpl_dnaninf                            0x080067b1   Thumb Code   156  dnaninf.o(x$fpl$dnaninf)
    __fpl_dretinf                            0x0800684d   Thumb Code    12  dretinf.o(x$fpl$dretinf)
    __aeabi_cdrcmple                         0x08006859   Thumb Code     0  drleqf.o(x$fpl$drleqf)
    _drcmple                                 0x08006859   Thumb Code   108  drleqf.o(x$fpl$drleqf)
    __aeabi_drsub                            0x080068c5   Thumb Code     0  daddsub_clz.o(x$fpl$drsb)
    _drsb                                    0x080068c5   Thumb Code    22  daddsub_clz.o(x$fpl$drsb)
    _dsqrt                                   0x080068dd   Thumb Code   404  dsqrt_umaal.o(x$fpl$dsqrt)
    __aeabi_dsub                             0x08006a75   Thumb Code     0  daddsub_clz.o(x$fpl$dsub)
    _dsub                                    0x08006a75   Thumb Code   464  daddsub_clz.o(x$fpl$dsub)
    __aeabi_f2d                              0x08006c49   Thumb Code     0  f2d.o(x$fpl$f2d)
    _f2d                                     0x08006c49   Thumb Code    86  f2d.o(x$fpl$f2d)
    __fpl_fnaninf                            0x08006c9f   Thumb Code   140  fnaninf.o(x$fpl$fnaninf)
    _fp_init                                 0x08006d2b   Thumb Code    10  fpinit.o(x$fpl$fpinit)
    __fplib_config_fpu_vfp                   0x08006d33   Thumb Code     0  fpinit.o(x$fpl$fpinit)
    __fplib_config_pureend_doubles           0x08006d33   Thumb Code     0  fpinit.o(x$fpl$fpinit)
    __fpl_fretinf                            0x08006d35   Thumb Code    10  fretinf.o(x$fpl$fretinf)
    __fpl_return_NaN                         0x08006d3f   Thumb Code   100  retnan.o(x$fpl$retnan)
    __ARM_scalbn                             0x08006da3   Thumb Code    92  scalbn.o(x$fpl$scalbn)
    __fpl_cmpreturn                          0x08006dff   Thumb Code    48  trapv.o(x$fpl$trapveneer)
    __I$use$fp                               0x08006e2e   Number         0  usenofp.o(x$fpl$usenofp)
    __mathlib_zero                           0x08006fc0   Data           8  qnan.o(.constdata)
    Region$$Table$$Base                      0x080070d8   Number         0  anon$$obj.o(Region$$Table)
    Region$$Table$$Limit                     0x080070f8   Number         0  anon$$obj.o(Region$$Table)
    SHT$$INIT_ARRAY$$Base                    0x080070f8   Number         0  main.o(.init_array)
    SHT$$INIT_ARRAY$$Limit                   0x080070fc   Number         0  init_aeabi.o(.init_array)
    Robot::ang                               0x20000000   Data           4  main.o(.data)
    Robot::angRes                            0x20000004   Data           4  main.o(.data)
    Robot::imuCalibrated                     0x20000008   Data           1  main.o(.data)
    Robot::pow                               0x2000000a   Data           2  main.o(.data)
    Robot::angleIMU                          0x2000000c   Data           4  main.o(.data)
    Robot::angSoft                           0x20000010   Data           4  main.o(.data)
    Robot::distSoft                          0x20000014   Data           4  main.o(.data)
    Robot::dist                              0x20000018   Data           4  main.o(.data)
    Robot::distOld                           0x2000001c   Data           4  main.o(.data)
    Robot::t                                 0x20000020   Data           4  main.o(.data)
    Robot::timeNotSeenBall                   0x20000024   Data           4  main.o(.data)
    Robot::timeUpdateQueue                   0x20000028   Data           4  main.o(.data)
    Robot::x                                 0x2000002c   Data           2  main.o(.data)
    Robot::y                                 0x2000002e   Data           2  main.o(.data)
    Robot::angRaw                            0x20000030   Data           2  main.o(.data)
    Robot::distRaw                           0x20000034   Data           4  main.o(.data)
    Robot::testRes                           0x20000038   Data           8  main.o(.data)
    time_service::tim                        0x20000040   Data           8  time_service.o(.data)
    uart1::rx                                0x20000048   Data           8  usart1.o(.data)
    uart1::_rxCnt                            0x20000050   Data           2  usart1.o(.data)
    uart1::_txCnt                            0x20000052   Data           2  usart1.o(.data)
    uart1::tx                                0x20000054   Data           8  usart1.o(.data)
    uart1::_sendCnt                          0x2000005c   Data           2  usart1.o(.data)
    uart1::_readCnt                          0x2000005e   Data           2  usart1.o(.data)
    uart1::flag                              0x20000060   Data           1  usart1.o(.data)
    uart2::rx                                0x20000062   Data           8  usart2.o(.data)
    uart2::_rxCnt                            0x2000006a   Data           2  usart2.o(.data)
    uart2::_txCnt                            0x2000006c   Data           2  usart2.o(.data)
    uart2::tx                                0x2000006e   Data           8  usart2.o(.data)
    uart2::_sendCnt                          0x20000076   Data           2  usart2.o(.data)
    uart2::_readCnt                          0x20000078   Data           2  usart2.o(.data)
    uart2::flag                              0x2000007a   Data           1  usart2.o(.data)
    uart3::rx                                0x2000007c   Data           8  usart3.o(.data)
    uart3::_rxCnt                            0x20000084   Data           2  usart3.o(.data)
    uart3::_txCnt                            0x20000086   Data           2  usart3.o(.data)
    uart3::tx                                0x20000088   Data           8  usart3.o(.data)
    uart3::_sendCnt                          0x20000090   Data           2  usart3.o(.data)
    uart3::_readCnt                          0x20000092   Data           2  usart3.o(.data)
    uart3::flag                              0x20000094   Data           1  usart3.o(.data)
    uart6::rx                                0x20000096   Data           8  usart6.o(.data)
    uart6::_rxCnt                            0x2000009e   Data           2  usart6.o(.data)
    uart6::_txCnt                            0x200000a0   Data           2  usart6.o(.data)
    uart6::tx                                0x200000a2   Data           8  usart6.o(.data)
    uart6::_sendCnt                          0x200000aa   Data           2  usart6.o(.data)
    uart6::_readCnt                          0x200000ac   Data           2  usart6.o(.data)
    uart6::flag                              0x200000ae   Data           1  usart6.o(.data)
    SPI_1::_spi_mode                         0x200000b0   Data           4  spi_1.o(.data)
    SPI_1::_spi_direction                    0x200000b4   Data           4  spi_1.o(.data)
    SPI_1::_baud_rate                        0x200000b8   Data           4  spi_1.o(.data)
    SPI_1::_first_bit                        0x200000bc   Data           4  spi_1.o(.data)
    SPI_1::_cur_rx_read                      0x200000c0   Data           2  spi_1.o(.data)
    SPI_1::_cur_rx_write                     0x200000c2   Data           2  spi_1.o(.data)
    SPI_1::_buf_size                         0x200000c4   Data           2  spi_1.o(.data)
    Robot::currentVector                     0x200000d8   Data          16  main.o(.bss)
    Robot::locatorSCL                        0x200000e8   Data          64  main.o(.bss)
    Robot::locatorSDA                        0x20000128   Data          64  main.o(.bss)
    Robot::locatorI2C                        0x20000168   Data         128  main.o(.bss)
    Robot::locator                           0x200001e8   Data         140  main.o(.bss)
    Robot::tx_openMV                         0x20000274   Data          64  main.o(.bss)
    Robot::rx_openMV                         0x200002b4   Data          64  main.o(.bss)
    Robot::camera                            0x200002f4   Data          20  main.o(.bss)
    Robot::tx_imu                            0x20000308   Data          64  main.o(.bss)
    Robot::rx_imu                            0x20000348   Data          64  main.o(.bss)
    Robot::gyro                              0x20000388   Data          12  main.o(.bss)
    Robot::motor1in1                         0x20000394   Data          64  main.o(.bss)
    Robot::motor1in2                         0x200003d4   Data          64  main.o(.bss)
    Robot::motor1                            0x20000414   Data         128  main.o(.bss)
    Robot::motor2in1                         0x20000494   Data          64  main.o(.bss)
    Robot::motor2in2                         0x200004d4   Data          64  main.o(.bss)
    Robot::motor2                            0x20000514   Data         128  main.o(.bss)
    Robot::motor3in1                         0x20000594   Data          64  main.o(.bss)
    Robot::motor3in2                         0x200005d4   Data          64  main.o(.bss)
    Robot::motor3                            0x20000614   Data         128  main.o(.bss)
    Robot::motor4in1                         0x20000694   Data          64  main.o(.bss)
    Robot::motor4in2                         0x200006d4   Data          64  main.o(.bss)
    Robot::motor4                            0x20000714   Data         128  main.o(.bss)
    Robot::omni                              0x20000794   Data         512  main.o(.bss)
    Robot::ball                              0x20000998   Data        1168  main.o(.bss)
    SPI_1::_rx_buffer                        0x20000e28   Data          32  spi_1.o(.bss)
    __libspace_start                         0x20000e48   Data          96  libspace.o(.bss)
    __temporary_stack_top$libspace           0x20000ea8   Data           0  libspace.o(.bss)



==============================================================================

Memory Map of the image

  Image Entry point : 0x08000189

  Load Region LR_IROM1 (Base: 0x08000000, Size: 0x000071d4, Max: 0x00100000, ABSOLUTE)

    Execution Region ER_IROM1 (Exec base: 0x08000000, Load base: 0x08000000, Size: 0x000070fc, Max: 0x00100000, ABSOLUTE)

    Exec Addr    Load Addr    Size         Type   Attr      Idx    E Section Name        Object

    0x08000000   0x08000000   0x00000188   Data   RO         4269    RESET               startup_stm32f407xx.o
    0x08000188   0x08000188   0x00000008   Code   RO         4402  * !!!main             c_w.l(__main.o)
    0x08000190   0x08000190   0x00000034   Code   RO         4942    !!!scatter          c_w.l(__scatter.o)
    0x080001c4   0x080001c4   0x0000001a   Code   RO         4944    !!handler_copy      c_w.l(__scatter_copy.o)
    0x080001de   0x080001de   0x00000002   PAD
    0x080001e0   0x080001e0   0x0000001c   Code   RO         4946    !!handler_zi        c_w.l(__scatter_zi.o)
    0x080001fc   0x080001fc   0x00000002   Code   RO         4750    .ARM.Collect$$libinit$$00000000  c_w.l(libinit.o)
    0x080001fe   0x080001fe   0x00000004   Code   RO         4570    .ARM.Collect$$libinit$$00000001  c_w.l(libinit2.o)
    0x08000202   0x08000202   0x00000000   Code   RO         4573    .ARM.Collect$$libinit$$00000004  c_w.l(libinit2.o)
    0x08000202   0x08000202   0x00000000   Code   RO         4576    .ARM.Collect$$libinit$$0000000A  c_w.l(libinit2.o)
    0x08000202   0x08000202   0x00000000   Code   RO         4578    .ARM.Collect$$libinit$$0000000C  c_w.l(libinit2.o)
    0x08000202   0x08000202   0x00000000   Code   RO         4580    .ARM.Collect$$libinit$$0000000E  c_w.l(libinit2.o)
    0x08000202   0x08000202   0x00000000   Code   RO         4583    .ARM.Collect$$libinit$$00000011  c_w.l(libinit2.o)
    0x08000202   0x08000202   0x00000000   Code   RO         4585    .ARM.Collect$$libinit$$00000013  c_w.l(libinit2.o)
    0x08000202   0x08000202   0x00000000   Code   RO         4587    .ARM.Collect$$libinit$$00000015  c_w.l(libinit2.o)
    0x08000202   0x08000202   0x00000000   Code   RO         4589    .ARM.Collect$$libinit$$00000017  c_w.l(libinit2.o)
    0x08000202   0x08000202   0x00000000   Code   RO         4591    .ARM.Collect$$libinit$$00000019  c_w.l(libinit2.o)
    0x08000202   0x08000202   0x00000000   Code   RO         4593    .ARM.Collect$$libinit$$0000001B  c_w.l(libinit2.o)
    0x08000202   0x08000202   0x00000000   Code   RO         4595    .ARM.Collect$$libinit$$0000001D  c_w.l(libinit2.o)
    0x08000202   0x08000202   0x00000000   Code   RO         4597    .ARM.Collect$$libinit$$0000001F  c_w.l(libinit2.o)
    0x08000202   0x08000202   0x00000000   Code   RO         4599    .ARM.Collect$$libinit$$00000021  c_w.l(libinit2.o)
    0x08000202   0x08000202   0x00000000   Code   RO         4601    .ARM.Collect$$libinit$$00000023  c_w.l(libinit2.o)
    0x08000202   0x08000202   0x00000000   Code   RO         4603    .ARM.Collect$$libinit$$00000025  c_w.l(libinit2.o)
    0x08000202   0x08000202   0x00000000   Code   RO         4607    .ARM.Collect$$libinit$$0000002C  c_w.l(libinit2.o)
    0x08000202   0x08000202   0x00000000   Code   RO         4609    .ARM.Collect$$libinit$$0000002E  c_w.l(libinit2.o)
    0x08000202   0x08000202   0x00000000   Code   RO         4611    .ARM.Collect$$libinit$$00000030  c_w.l(libinit2.o)
    0x08000202   0x08000202   0x00000004   Code   RO         4612    .ARM.Collect$$libinit$$00000031  c_w.l(libinit2.o)
    0x08000206   0x08000206   0x00000000   Code   RO         4613    .ARM.Collect$$libinit$$00000032  c_w.l(libinit2.o)
    0x08000206   0x08000206   0x00000002   Code   RO         4614    .ARM.Collect$$libinit$$00000033  c_w.l(libinit2.o)
    0x08000208   0x08000208   0x00000002   Code   RO         4899    .ARM.Collect$$libshutdown$$00000000  c_w.l(libshutdown.o)
    0x0800020a   0x0800020a   0x00000000   Code   RO         4905    .ARM.Collect$$libshutdown$$00000002  c_w.l(libshutdown2.o)
    0x0800020a   0x0800020a   0x00000000   Code   RO         4907    .ARM.Collect$$libshutdown$$00000004  c_w.l(libshutdown2.o)
    0x0800020a   0x0800020a   0x00000000   Code   RO         4909    .ARM.Collect$$libshutdown$$00000006  c_w.l(libshutdown2.o)
    0x0800020a   0x0800020a   0x00000000   Code   RO         4912    .ARM.Collect$$libshutdown$$00000009  c_w.l(libshutdown2.o)
    0x0800020a   0x0800020a   0x00000000   Code   RO         4915    .ARM.Collect$$libshutdown$$0000000C  c_w.l(libshutdown2.o)
    0x0800020a   0x0800020a   0x00000000   Code   RO         4917    .ARM.Collect$$libshutdown$$0000000E  c_w.l(libshutdown2.o)
    0x0800020a   0x0800020a   0x00000000   Code   RO         4920    .ARM.Collect$$libshutdown$$00000011  c_w.l(libshutdown2.o)
    0x0800020a   0x0800020a   0x00000002   Code   RO         4921    .ARM.Collect$$libshutdown$$00000012  c_w.l(libshutdown2.o)
    0x0800020c   0x0800020c   0x00000000   Code   RO         4567    .ARM.Collect$$rtentry$$00000000  c_w.l(__rtentry.o)
    0x0800020c   0x0800020c   0x00000000   Code   RO         4706    .ARM.Collect$$rtentry$$00000002  c_w.l(__rtentry2.o)
    0x0800020c   0x0800020c   0x00000006   Code   RO         4718    .ARM.Collect$$rtentry$$00000004  c_w.l(__rtentry4.o)
    0x08000212   0x08000212   0x00000000   Code   RO         4708    .ARM.Collect$$rtentry$$00000009  c_w.l(__rtentry2.o)
    0x08000212   0x08000212   0x00000004   Code   RO         4709    .ARM.Collect$$rtentry$$0000000A  c_w.l(__rtentry2.o)
    0x08000216   0x08000216   0x00000000   Code   RO         4711    .ARM.Collect$$rtentry$$0000000C  c_w.l(__rtentry2.o)
    0x08000216   0x08000216   0x00000008   Code   RO         4712    .ARM.Collect$$rtentry$$0000000D  c_w.l(__rtentry2.o)
    0x0800021e   0x0800021e   0x00000002   Code   RO         4760    .ARM.Collect$$rtexit$$00000000  c_w.l(rtexit.o)
    0x08000220   0x08000220   0x00000000   Code   RO         4839    .ARM.Collect$$rtexit$$00000002  c_w.l(rtexit2.o)
    0x08000220   0x08000220   0x00000004   Code   RO         4840    .ARM.Collect$$rtexit$$00000003  c_w.l(rtexit2.o)
    0x08000224   0x08000224   0x00000006   Code   RO         4841    .ARM.Collect$$rtexit$$00000004  c_w.l(rtexit2.o)
    0x0800022a   0x0800022a   0x00000002   PAD
    0x0800022c   0x0800022c   0x00000040   Code   RO         4270    .text               startup_stm32f407xx.o
    0x0800026c   0x0800026c   0x00000002   Code   RO         4396    .text               c_w.l(use_no_semi.o)
    0x0800026e   0x0800026e   0x00000064   Code   RO         4398    .text               c_w.l(rt_memcpy_w.o)
    0x080002d2   0x080002d2   0x00000006   Code   RO         4400    .text               c_w.l(heapauxi.o)
    0x080002d8   0x080002d8   0x00000024   Code   RO         4407    .text               c_w.l(init_aeabi.o)
    0x080002fc   0x080002fc   0x00000016   Code   RO         4568    .text               c_w.l(_rserrno.o)
    0x08000312   0x08000312   0x00000002   PAD
    0x08000314   0x08000314   0x00000008   Code   RO         4723    .text               c_w.l(rt_errno_addr_intlibspace.o)
    0x0800031c   0x0800031c   0x00000008   Code   RO         4734    .text               c_w.l(libspace.o)
    0x08000324   0x08000324   0x0000004a   Code   RO         4737    .text               c_w.l(sys_stackheap_outer.o)
    0x0800036e   0x0800036e   0x00000012   Code   RO         4739    .text               c_w.l(exit.o)
    0x08000380   0x08000380   0x00000090   Code   RO         2543    i.GPIO_Init         stm32f4xx_gpio.o
    0x08000410   0x08000410   0x00000046   Code   RO         2544    i.GPIO_PinAFConfig  stm32f4xx_gpio.o
    0x08000456   0x08000456   0x00000004   Code   RO         2550    i.GPIO_ResetBits    stm32f4xx_gpio.o
    0x0800045a   0x0800045a   0x00000004   Code   RO         2551    i.GPIO_SetBits      stm32f4xx_gpio.o
    0x0800045e   0x0800045e   0x00000002   PAD
    0x08000460   0x08000460   0x00000020   Code   RO         2878    i.RCC_AHB1PeriphClockCmd  stm32f4xx_rcc.o
    0x08000480   0x08000480   0x00000020   Code   RO         2887    i.RCC_APB1PeriphClockCmd  stm32f4xx_rcc.o
    0x080004a0   0x080004a0   0x00000020   Code   RO         2890    i.RCC_APB2PeriphClockCmd  stm32f4xx_rcc.o
    0x080004c0   0x080004c0   0x000000e8   Code   RO         2899    i.RCC_GetClocksFreq  stm32f4xx_rcc.o
    0x080005a8   0x080005a8   0x0000006c   Code   RO         1493    i.SPI1_IRQHandler   spi_1.o
    0x08000614   0x08000614   0x00000012   Code   RO         3233    i.SPI_I2S_GetFlagStatus  stm32f4xx_spi.o
    0x08000626   0x08000626   0x00000002   PAD
    0x08000628   0x08000628   0x00000110   Code   RO         4277    i.SetSysClock       system_stm32f4xx.o
    0x08000738   0x08000738   0x00000018   Code   RO          562    i.SysTick_Handler   time_service.o
    0x08000750   0x08000750   0x00000068   Code   RO         4279    i.SystemInit        system_stm32f4xx.o
    0x080007b8   0x080007b8   0x00000020   Code   RO         3395    i.TIM_BDTRConfig    stm32f4xx_tim.o
    0x080007d8   0x080007d8   0x00000018   Code   RO         3406    i.TIM_Cmd           stm32f4xx_tim.o
    0x080007f0   0x080007f0   0x0000001e   Code   RO         3408    i.TIM_CtrlPWMOutputs  stm32f4xx_tim.o
    0x0800080e   0x0800080e   0x00000002   PAD
    0x08000810   0x08000810   0x0000007c   Code   RO         3435    i.TIM_OC1Init       stm32f4xx_tim.o
    0x0800088c   0x0800088c   0x000000a4   Code   RO         3440    i.TIM_OC2Init       stm32f4xx_tim.o
    0x08000930   0x08000930   0x000000a0   Code   RO         3445    i.TIM_OC3Init       stm32f4xx_tim.o
    0x080009d0   0x080009d0   0x00000078   Code   RO         3450    i.TIM_OC4Init       stm32f4xx_tim.o
    0x08000a48   0x08000a48   0x00000004   Code   RO         3468    i.TIM_SetCompare1   stm32f4xx_tim.o
    0x08000a4c   0x08000a4c   0x00000004   Code   RO         3469    i.TIM_SetCompare2   stm32f4xx_tim.o
    0x08000a50   0x08000a50   0x00000004   Code   RO         3470    i.TIM_SetCompare3   stm32f4xx_tim.o
    0x08000a54   0x08000a54   0x00000004   Code   RO         3471    i.TIM_SetCompare4   stm32f4xx_tim.o
    0x08000a58   0x08000a58   0x00000084   Code   RO         3478    i.TIM_TimeBaseInit  stm32f4xx_tim.o
    0x08000adc   0x08000adc   0x000000a0   Code   RO          827    i.USART1_IRQHandler  usart1.o
    0x08000b7c   0x08000b7c   0x000000a8   Code   RO          888    i.USART2_IRQHandler  usart2.o
    0x08000c24   0x08000c24   0x000000a8   Code   RO          942    i.USART3_IRQHandler  usart3.o
    0x08000ccc   0x08000ccc   0x000000a8   Code   RO          996    i.USART6_IRQHandler  usart6.o
    0x08000d74   0x08000d74   0x0000001e   Code   RO         3960    i.USART_ClearITPendingBit  stm32f4xx_usart.o
    0x08000d92   0x08000d92   0x00000018   Code   RO         3963    i.USART_Cmd         stm32f4xx_usart.o
    0x08000daa   0x08000daa   0x0000004a   Code   RO         3969    i.USART_ITConfig    stm32f4xx_usart.o
    0x08000df4   0x08000df4   0x000000d4   Code   RO         3970    i.USART_Init        stm32f4xx_usart.o
    0x08000ec8   0x08000ec8   0x00000018   Code   RO         3986    i.USART_StructInit  stm32f4xx_usart.o
    0x08000ee0   0x08000ee0   0x0000020c   Code   RO          467    i._ZN12omniplatform4moveEfffff  omniplatform.o
    0x080010ec   0x080010ec   0x00000044   Code   RO          469    i._ZN12omniplatformC1ER5MotorS1_S1_S1_  omniplatform.o
    0x08001130   0x08001130   0x00000060   Code   RO          563    i._ZN12time_service4initEv  time_service.o
    0x08001190   0x08001190   0x00000024   Code   RO          564    i._ZN12time_service5delayEj  time_service.o
    0x080011b4   0x080011b4   0x0000000c   Code   RO          565    i._ZN12time_service6millisEv  time_service.o
    0x080011c0   0x080011c0   0x00000012   Code   RO          567    i._ZN12time_service9startTimeEv  time_service.o
    0x080011d2   0x080011d2   0x00000038   Code   RO         1170    i._ZN3I2C12generateStopEv  i2c.o
    0x0800120a   0x0800120a   0x0000004a   Code   RO         1171    i._ZN3I2C13generateStartEv  i2c.o
    0x08001254   0x08001254   0x0000004e   Code   RO         1172    i._ZN3I2C4readEv    i2c.o
    0x080012a2   0x080012a2   0x00000038   Code   RO         1173    i._ZN3I2C4sendEh    i2c.o
    0x080012da   0x080012da   0x0000001c   Code   RO         1174    i._ZN3I2C5delayEv   i2c.o
    0x080012f6   0x080012f6   0x0000000c   Code   RO         1175    i._ZN3I2C6sclLowEv  i2c.o
    0x08001302   0x08001302   0x0000000e   Code   RO         1176    i._ZN3I2C6sdaLowEv  i2c.o
    0x08001310   0x08001310   0x00000044   Code   RO         1177    i._ZN3I2C7readAchEv  i2c.o
    0x08001354   0x08001354   0x0000000c   Code   RO         1178    i._ZN3I2C7sclHighEv  i2c.o
    0x08001360   0x08001360   0x0000000e   Code   RO         1180    i._ZN3I2C7sdaHighEv  i2c.o
    0x0800136e   0x0800136e   0x00000022   Code   RO         1181    i._ZN3I2C7sdaReadEv  i2c.o
    0x08001390   0x08001390   0x0000003c   Code   RO         1184    i._ZN3I2C8writeBitEb  i2c.o
    0x080013cc   0x080013cc   0x0000002e   Code   RO         1185    i._ZN3I2CC1ER3PinS1_  i2c.o
    0x080013fa   0x080013fa   0x00000002   PAD
    0x080013fc   0x080013fc   0x00000134   Code   RO          626    i._ZN3Pin12RCC_ClockCmdEv  pin.o
    0x08001530   0x08001530   0x000000f4   Code   RO          627    i._ZN3Pin12setTimParamsEt  pin.o
    0x08001624   0x08001624   0x00000028   Code   RO          628    i._ZN3Pin13setAFforUSARTEt  pin.o
    0x0800164c   0x0800164c   0x00000044   Code   RO          629    i._ZN3Pin3pwmEj     pin.o
    0x08001690   0x08001690   0x00000006   Code   RO          631    i._ZN3Pin6getPinEv  pin.o
    0x08001696   0x08001696   0x00000010   Code   RO          632    i._ZN3Pin6setBitEv  pin.o
    0x080016a6   0x080016a6   0x000000cc   Code   RO          633    i._ZN3Pin6setPinEh  pin.o
    0x08001772   0x08001772   0x00000002   PAD
    0x08001774   0x08001774   0x00000108   Code   RO          634    i._ZN3Pin7pwmInitEsjh  pin.o
    0x0800187c   0x0800187c   0x00000074   Code   RO          635    i._ZN3Pin7setGPIOEc  pin.o
    0x080018f0   0x080018f0   0x00000006   Code   RO          636    i._ZN3Pin8getGPIOxEv  pin.o
    0x080018f6   0x080018f6   0x00000010   Code   RO          637    i._ZN3Pin8resetBitEv  pin.o
    0x08001906   0x08001906   0x00000008   Code   RO          638    i._ZN3Pin9getPeriodEv  pin.o
    0x0800190e   0x0800190e   0x00000002   PAD
    0x08001910   0x08001910   0x00000234   Code   RO          639    i._ZN3PinC1Echt     pin.o
    0x08001b44   0x08001b44   0x0000000c   Code   RO         1287    i._ZN5Motor11getMaxSpeedEv  motor.o
    0x08001b50   0x08001b50   0x0000006c   Code   RO         1288    i._ZN5Motor2goEs    motor.o
    0x08001bbc   0x08001bbc   0x00000046   Code   RO         1291    i._ZN5MotorC1ER3PinhS1_h  motor.o
    0x08001c02   0x08001c02   0x00000002   PAD
    0x08001c04   0x08001c04   0x0000000c   Code   RO            4    i._ZN5Robot10calibratedEv  main.o
    0x08001c10   0x08001c10   0x000001f4   Code   RO            5    i._ZN5Robot13updateSensorsEv  main.o
    0x08001e04   0x08001e04   0x00000090   Code   RO            6    i._ZN5Robot4initEv  main.o
    0x08001e94   0x08001e94   0x00000210   Code   RO            7    i._ZN5Robot8goToBallEv  main.o
    0x080020a4   0x080020a4   0x0000000a   Code   RO          255    i._ZN5Vec2b3setEdd  vec2b.o
    0x080020ae   0x080020ae   0x00000002   PAD
    0x080020b0   0x080020b0   0x00000398   Code   RO          256    i._ZN5Vec2b8changeToES_  vec2b.o
    0x08002448   0x08002448   0x0000000a   Code   RO          257    i._ZN5Vec2bC1Edd    vec2b.o
    0x08002452   0x08002452   0x00000002   PAD
    0x08002454   0x08002454   0x0000001c   Code   RO          258    i._ZN5Vec2bC1Ev     vec2b.o
    0x08002470   0x08002470   0x00000168   Code   RO          828    i._ZN5uart110usart1InitEjfh  usart1.o
    0x080025d8   0x080025d8   0x00000048   Code   RO          829    i._ZN5uart14readEv  usart1.o
    0x08002620   0x08002620   0x00000034   Code   RO          831    i._ZN5uart19availableEv  usart1.o
    0x08002654   0x08002654   0x00000168   Code   RO          889    i._ZN5uart210usart2InitEjfh  usart2.o
    0x080027bc   0x080027bc   0x00000048   Code   RO          890    i._ZN5uart24readEv  usart2.o
    0x08002804   0x08002804   0x00000034   Code   RO          892    i._ZN5uart29availableEv  usart2.o
    0x08002838   0x08002838   0x00000168   Code   RO          943    i._ZN5uart310usart3InitEjfh  usart3.o
    0x080029a0   0x080029a0   0x00000048   Code   RO          944    i._ZN5uart34readEv  usart3.o
    0x080029e8   0x080029e8   0x00000034   Code   RO          946    i._ZN5uart39availableEv  usart3.o
    0x08002a1c   0x08002a1c   0x00000168   Code   RO          997    i._ZN5uart610usart6InitEjfh  usart6.o
    0x08002b84   0x08002b84   0x00000048   Code   RO          998    i._ZN5uart64readEv  usart6.o
    0x08002bcc   0x08002bcc   0x00000034   Code   RO         1000    i._ZN5uart69availableEv  usart6.o
    0x08002c00   0x08002c00   0x00000056   Code   RO          313    i._ZN6OpenMV9initUSARTEh  openmv.o
    0x08002c56   0x08002c56   0x0000002a   Code   RO          314    i._ZN6OpenMVC1ER3PinS1_h  openmv.o
    0x08002c80   0x08002c80   0x00000008   Code   RO          731    i._ZN8gyro_imu11getRotationEv  imu_usart.o
    0x08002c88   0x08002c88   0x00000006   Code   RO          732    i._ZN8gyro_imu12setZeroAngleEv  imu_usart.o
    0x08002c8e   0x08002c8e   0x00000002   PAD
    0x08002c90   0x08002c90   0x000000ac   Code   RO          733    i._ZN8gyro_imu13calculateSoftEfff  imu_usart.o
    0x08002d3c   0x08002d3c   0x00000008   Code   RO          734    i._ZN8gyro_imu14getMaxRotationEv  imu_usart.o
    0x08002d44   0x08002d44   0x00000008   Code   RO          735    i._ZN8gyro_imu15getCurrentAngleEv  imu_usart.o
    0x08002d4c   0x08002d4c   0x00000042   Code   RO          736    i._ZN8gyro_imu20setRotationForTargetEv  imu_usart.o
    0x08002d8e   0x08002d8e   0x00000002   PAD
    0x08002d90   0x08002d90   0x00000110   Code   RO          737    i._ZN8gyro_imu4readEv  imu_usart.o
    0x08002ea0   0x08002ea0   0x00000020   Code   RO          738    i._ZN8gyro_imu6adductEs  imu_usart.o
    0x08002ec0   0x08002ec0   0x00000056   Code   RO          740    i._ZN8gyro_imu9initUSARTEh  imu_usart.o
    0x08002f16   0x08002f16   0x00000024   Code   RO          742    i._ZN8gyro_imuC1ER3PinS1_h  imu_usart.o
    0x08002f3a   0x08002f3a   0x000002ee   Code   RO         4154    i._ZN9BallVec2b12changeValuesEb  queues_ball.o
    0x08003228   0x08003228   0x00000030   Code   RO         4155    i._ZN9BallVec2b15getCurrentVec2bEv  queues_ball.o
    0x08003258   0x08003258   0x00000120   Code   RO         4156    i._ZN9BallVec2b18setTransitionBy360Ev  queues_ball.o
    0x08003378   0x08003378   0x00000134   Code   RO         4157    i._ZN9BallVec2b4pushE5Vec2bj  queues_ball.o
    0x080034ac   0x080034ac   0x00000088   Code   RO         4158    i._ZN9BallVec2b6adductEd  queues_ball.o
    0x08003534   0x08003534   0x000004a2   Code   RO         4159    i._ZN9BallVec2b9calculateEv  queues_ball.o
    0x080039d6   0x080039d6   0x00000002   PAD
    0x080039d8   0x080039d8   0x000000a8   Code   RO         4160    i._ZN9BallVec2bC1Ev  queues_ball.o
    0x08003a80   0x08003a80   0x00000188   Code   RO          401    i._ZN9IRLocator11angleOffsetEff  ir_locator.o
    0x08003c08   0x08003c08   0x000000ac   Code   RO          402    i._ZN9IRLocator11convertDistEd  ir_locator.o
    0x08003cb4   0x08003cb4   0x00000020   Code   RO          403    i._ZN9IRLocator6adductEs  ir_locator.o
    0x08003cd4   0x08003cd4   0x00000008   Code   RO          404    i._ZN9IRLocator7getDistEv  ir_locator.o
    0x08003cdc   0x08003cdc   0x00000058   Code   RO          405    i._ZN9IRLocator8getAngleEv  ir_locator.o
    0x08003d34   0x08003d34   0x0000006a   Code   RO          406    i._ZN9IRLocator8getValueEh  ir_locator.o
    0x08003d9e   0x08003d9e   0x0000001a   Code   RO          407    i._ZN9IRLocatorC1ER3I2Cj  ir_locator.o
    0x08003db8   0x08003db8   0x0000000e   Code   RO         4208    i._ZN9Vec2bTime3setEddjs  queues_ball.o
    0x08003dc6   0x08003dc6   0x00000006   Code   RO         4226    i._ZN9Vec2bTime6getLenEv  queues_ball.o
    0x08003dcc   0x08003dcc   0x00000054   Code   RO         4214    i._ZN9Vec2bTime7correctEv  queues_ball.o
    0x08003e20   0x08003e20   0x00000006   Code   RO         4238    i._ZN9Vec2bTime7getTimeEv  queues_ball.o
    0x08003e26   0x08003e26   0x00000006   Code   RO         4232    i._ZN9Vec2bTime8getAngleEv  queues_ball.o
    0x08003e2c   0x08003e2c   0x0000000e   Code   RO         4244    i._ZN9Vec2bTimeC1Ev  queues_ball.o
    0x08003e3a   0x08003e3a   0x00000034   Code   RO         4220    i._ZSt3powdi        queues_ball.o
    0x08003e6e   0x08003e6e   0x00000018   Code   RO          373    i._ZSt3sinf         openmv.o
    0x08003e86   0x08003e86   0x00000030   Code   RO         4670    i.__ARM_fpclassify  m_wm.l(fpclassify.o)
    0x08003eb6   0x08003eb6   0x00000026   Code   RO         4672    i.__ARM_fpclassifyf  m_wm.l(fpclassifyf.o)
    0x08003edc   0x08003edc   0x00000024   Code   RO         4410    i.__aeabi_vec_ctor_nocookie_nodtor  cpprt_w.l(aeabi_vec_ctor_nocookie_nodtor.o)
    0x08003f00   0x08003f00   0x000002d8   Code   RO         4633    i.__hardfp_atan     m_wm.l(atan.o)
    0x080041d8   0x080041d8   0x00000200   Code   RO         4469    i.__hardfp_atan2    m_wm.l(atan2.o)
    0x080043d8   0x080043d8   0x000000c8   Code   RO         4493    i.__hardfp_cos      m_wm.l(cos.o)
    0x080044a0   0x080044a0   0x00000c50   Code   RO         4517    i.__hardfp_pow      m_wm.l(pow.o)
    0x080050f0   0x080050f0   0x000000c8   Code   RO         4531    i.__hardfp_sin      m_wm.l(sin.o)
    0x080051b8   0x080051b8   0x00000190   Code   RO         4543    i.__hardfp_sinf     m_wm.l(sinf.o)
    0x08005348   0x08005348   0x0000007a   Code   RO         4555    i.__hardfp_sqrt     m_wm.l(sqrt.o)
    0x080053c2   0x080053c2   0x00000006   PAD
    0x080053c8   0x080053c8   0x00000438   Code   RO         4691    i.__ieee754_rem_pio2  m_wm.l(rred.o)
    0x08005800   0x08005800   0x00000170   Code   RO         4647    i.__kernel_cos      m_wm.l(cos_i.o)
    0x08005970   0x08005970   0x000000f8   Code   RO         4688    i.__kernel_poly     m_wm.l(poly.o)
    0x08005a68   0x08005a68   0x00000130   Code   RO         4699    i.__kernel_sin      m_wm.l(sin_i.o)
    0x08005b98   0x08005b98   0x00000030   Code   RO         4650    i.__mathlib_dbl_divzero  m_wm.l(dunder.o)
    0x08005bc8   0x08005bc8   0x00000014   Code   RO         4651    i.__mathlib_dbl_infnan  m_wm.l(dunder.o)
    0x08005bdc   0x08005bdc   0x00000014   Code   RO         4652    i.__mathlib_dbl_infnan2  m_wm.l(dunder.o)
    0x08005bf0   0x08005bf0   0x00000020   Code   RO         4653    i.__mathlib_dbl_invalid  m_wm.l(dunder.o)
    0x08005c10   0x08005c10   0x00000020   Code   RO         4654    i.__mathlib_dbl_overflow  m_wm.l(dunder.o)
    0x08005c30   0x08005c30   0x00000020   Code   RO         4656    i.__mathlib_dbl_underflow  m_wm.l(dunder.o)
    0x08005c50   0x08005c50   0x00000006   Code   RO         4675    i.__mathlib_flt_infnan  m_wm.l(funder.o)
    0x08005c56   0x08005c56   0x00000002   PAD
    0x08005c58   0x08005c58   0x00000010   Code   RO         4677    i.__mathlib_flt_invalid  m_wm.l(funder.o)
    0x08005c68   0x08005c68   0x00000010   Code   RO         4680    i.__mathlib_flt_underflow  m_wm.l(funder.o)
    0x08005c78   0x08005c78   0x00000154   Code   RO         4696    i.__mathlib_rredf2  m_wm.l(rredf.o)
    0x08005dcc   0x08005dcc   0x00000198   Code   RO            8    i.__sti___8_main_cpp_635db6cf  main.o
    0x08005f64   0x08005f64   0x00000004   Code   RO         1738    i._sys_exit         retarget.o
    0x08005f68   0x08005f68   0x00000010   Code   RO         4635    i.atan              m_wm.l(atan.o)
    0x08005f78   0x08005f78   0x00000018   Code   RO         4666    i.fabs              m_wm.l(fabs.o)
    0x08005f90   0x08005f90   0x00000016   Code   RO            9    i.main              main.o
    0x08005fa6   0x08005fa6   0x0000006e   Code   RO         4557    i.sqrt              m_wm.l(sqrt.o)
    0x08006014   0x08006014   0x00000018   Code   RO         4413    x$fpl$basic         fz_wm.l(basic.o)
    0x0800602c   0x0800602c   0x00000062   Code   RO         4415    x$fpl$d2f           fz_wm.l(d2f.o)
    0x0800608e   0x0800608e   0x00000002   PAD
    0x08006090   0x08006090   0x00000150   Code   RO         4417    x$fpl$dadd          fz_wm.l(daddsub_clz.o)
    0x080061e0   0x080061e0   0x00000010   Code   RO         4730    x$fpl$dcheck1       fz_wm.l(dcheck1.o)
    0x080061f0   0x080061f0   0x00000018   Code   RO         4618    x$fpl$dcmpinf       fz_wm.l(dcmpi.o)
    0x08006208   0x08006208   0x000002b0   Code   RO         4424    x$fpl$ddiv          fz_wm.l(ddiv.o)
    0x080064b8   0x080064b8   0x00000078   Code   RO         4427    x$fpl$deqf          fz_wm.l(deqf.o)
    0x08006530   0x08006530   0x0000005e   Code   RO         4429    x$fpl$dfix          fz_wm.l(dfix.o)
    0x0800658e   0x0800658e   0x0000002e   Code   RO         4438    x$fpl$dflt          fz_wm.l(dflt_clz.o)
    0x080065bc   0x080065bc   0x00000026   Code   RO         4437    x$fpl$dfltu         fz_wm.l(dflt_clz.o)
    0x080065e2   0x080065e2   0x00000002   PAD
    0x080065e4   0x080065e4   0x00000078   Code   RO         4447    x$fpl$dleqf         fz_wm.l(dleqf.o)
    0x0800665c   0x0800665c   0x00000154   Code   RO         4449    x$fpl$dmul          fz_wm.l(dmul.o)
    0x080067b0   0x080067b0   0x0000009c   Code   RO         4620    x$fpl$dnaninf       fz_wm.l(dnaninf.o)
    0x0800684c   0x0800684c   0x0000000c   Code   RO         4622    x$fpl$dretinf       fz_wm.l(dretinf.o)
    0x08006858   0x08006858   0x0000006c   Code   RO         4451    x$fpl$drleqf        fz_wm.l(drleqf.o)
    0x080068c4   0x080068c4   0x00000016   Code   RO         4418    x$fpl$drsb          fz_wm.l(daddsub_clz.o)
    0x080068da   0x080068da   0x00000002   PAD
    0x080068dc   0x080068dc   0x00000198   Code   RO         4624    x$fpl$dsqrt         fz_wm.l(dsqrt_umaal.o)
    0x08006a74   0x08006a74   0x000001d4   Code   RO         4419    x$fpl$dsub          fz_wm.l(daddsub_clz.o)
    0x08006c48   0x08006c48   0x00000056   Code   RO         4453    x$fpl$f2d           fz_wm.l(f2d.o)
    0x08006c9e   0x08006c9e   0x0000008c   Code   RO         4626    x$fpl$fnaninf       fz_wm.l(fnaninf.o)
    0x08006d2a   0x08006d2a   0x0000000a   Code   RO         4732    x$fpl$fpinit        fz_wm.l(fpinit.o)
    0x08006d34   0x08006d34   0x0000000a   Code   RO         4628    x$fpl$fretinf       fz_wm.l(fretinf.o)
    0x08006d3e   0x08006d3e   0x00000064   Code   RO         4758    x$fpl$retnan        fz_wm.l(retnan.o)
    0x08006da2   0x08006da2   0x0000005c   Code   RO         4630    x$fpl$scalbn        fz_wm.l(scalbn.o)
    0x08006dfe   0x08006dfe   0x00000030   Code   RO         4834    x$fpl$trapveneer    fz_wm.l(trapv.o)
    0x08006e2e   0x08006e2e   0x00000000   Code   RO         4632    x$fpl$usenofp       fz_wm.l(usenofp.o)
    0x08006e2e   0x08006e2e   0x0000003d   Data   RO         1751    .constdata          retarget.o
    0x08006e6b   0x08006e6b   0x00000005   PAD
    0x08006e70   0x08006e70   0x00000088   Data   RO         4520    .constdata          m_wm.l(pow.o)
    0x08006ef8   0x08006ef8   0x00000098   Data   RO         4636    .constdata          m_wm.l(atan.o)
    0x08006f90   0x08006f90   0x00000030   Data   RO         4648    .constdata          m_wm.l(cos_i.o)
    0x08006fc0   0x08006fc0   0x00000008   Data   RO         4690    .constdata          m_wm.l(qnan.o)
    0x08006fc8   0x08006fc8   0x000000c8   Data   RO         4693    .constdata          m_wm.l(rred.o)
    0x08007090   0x08007090   0x00000020   Data   RO         4697    .constdata          m_wm.l(rredf.o)
    0x080070b0   0x080070b0   0x00000028   Data   RO         4700    .constdata          m_wm.l(sin_i.o)
    0x080070d8   0x080070d8   0x00000020   Data   RO         4940    Region$$Table       anon$$obj.o
    0x080070f8   0x080070f8   0x00000004   Data   RO           18    .init_array         main.o
    0x080070fc   0x080070f8   0x00000000   Data   RO         4405    .init_array         c_w.l(init_aeabi.o)


    Execution Region RW_IRAM1 (Exec base: 0x20000000, Load base: 0x080070fc, Size: 0x00002d98, Max: 0x00020000, ABSOLUTE)

    Exec Addr    Load Addr    Size         Type   Attr      Idx    E Section Name        Object

    0x20000000   0x080070fc   0x00000040   Data   RW           17    .data               main.o
    0x20000040   0x0800713c   0x00000008   Data   RW          574    .data               time_service.o
    0x20000048   0x08007144   0x00000019   Data   RW          837    .data               usart1.o
    0x20000061   0x0800715d   0x00000001   PAD
    0x20000062   0x0800715e   0x00000019   Data   RW          898    .data               usart2.o
    0x2000007b   0x08007177   0x00000001   PAD
    0x2000007c   0x08007178   0x00000019   Data   RW          952    .data               usart3.o
    0x20000095   0x08007191   0x00000001   PAD
    0x20000096   0x08007192   0x00000019   Data   RW         1006    .data               usart6.o
    0x200000af   0x080071ab   0x00000001   PAD
    0x200000b0   0x080071ac   0x00000016   Data   RW         1504    .data               spi_1.o
    0x200000c6   0x080071c2   0x00000010   Data   RW         2931    .data               stm32f4xx_rcc.o
    0x200000d6   0x080071d2   0x00000002   PAD
    0x200000d8        -       0x00000d50   Zero   RW           16    .bss                main.o
    0x20000e28        -       0x00000020   Zero   RW         1503    .bss                spi_1.o
    0x20000e48        -       0x00000060   Zero   RW         4735    .bss                c_w.l(libspace.o)
    0x20000ea8        -       0x00000f00   Zero   RW         4268    HEAP                startup_stm32f407xx.o
    0x20001da8        -       0x00000ff0   Zero   RW         4267    STACK               startup_stm32f407xx.o


==============================================================================

Image component sizes


      Code (inc. data)   RO Data    RW Data    ZI Data      Debug   Object Name

       552          0          0          0          0       8248   i2c.o
       694         12          0          0          0       7216   imu_usart.o
       824         76          0          0          0       5964   ir_locator.o
      1614        304          4         64       3408     303257   main.o
         0          0          0          0          0     256632   misc.o
       190          0          0          0          0       2660   motor.o
       592         30          0          0          0       2784   omniplatform.o
       152          0          0          0          0       3426   openmv.o
      1860        216          0          0          0       9696   pin.o
      3066         98          0          0          0      11424   queues_ball.o
         4          0         61          0          0       2660   retarget.o
       108         16          0         22         32       1290   spi_1.o
        64         26        392          0       7920        880   startup_stm32f407xx.o
       222          0          0          0          0      10007   stm32f4xx_gpio.o
       328         36          0         16          0      20115   stm32f4xx_rcc.o
        18          0          0          0          0       9444   stm32f4xx_spi.o
       802         66          0          0          0      27871   stm32f4xx_tim.o
       364          8          0          0          0      10199   stm32f4xx_usart.o
       376         26          0          0          0       1325   system_stm32f4xx.o
       186         22          0          8          0      32953   time_service.o
       644         98          0         25          0      37975   usart1.o
       652        100          0         25          0       3604   usart2.o
       652        100          0         25          0       3604   usart3.o
       652        100          0         25          0       3604   usart6.o
       968         60          0          0          0       3284   vec2b.o

    ----------------------------------------------------------------------
     15608       1394        494        216      11360     780122   Object Totals
         0          0         32          0          0          0   (incl. Generated)
        24          0          5          6          0          0   (incl. Padding)

    ----------------------------------------------------------------------

      Code (inc. data)   RO Data    RW Data    ZI Data      Debug   Library Member Name

         8          0          0          0          0         68   __main.o
         0          0          0          0          0          0   __rtentry.o
        12          0          0          0          0          0   __rtentry2.o
         6          0          0          0          0          0   __rtentry4.o
        52          8          0          0          0          0   __scatter.o
        26          0          0          0          0          0   __scatter_copy.o
        28          0          0          0          0          0   __scatter_zi.o
        22          0          0          0          0        100   _rserrno.o
        18          0          0          0          0         80   exit.o
         6          0          0          0          0        152   heapauxi.o
        36         10          0          0          0         80   init_aeabi.o
         2          0          0          0          0          0   libinit.o
        10          0          0          0          0          0   libinit2.o
         2          0          0          0          0          0   libshutdown.o
         2          0          0          0          0          0   libshutdown2.o
         8          4          0          0         96         68   libspace.o
         8          4          0          0          0         68   rt_errno_addr_intlibspace.o
       100          0          0          0          0         80   rt_memcpy_w.o
         2          0          0          0          0          0   rtexit.o
        10          0          0          0          0          0   rtexit2.o
        74          0          0          0          0         80   sys_stackheap_outer.o
         2          0          0          0          0         68   use_no_semi.o
        36          0          0          0          0         84   aeabi_vec_ctor_nocookie_nodtor.o
        24          0          0          0          0        164   basic.o
        98          4          0          0          0        140   d2f.o
       826         16          0          0          0        492   daddsub_clz.o
        16          4          0          0          0        116   dcheck1.o
        24          0          0          0          0        116   dcmpi.o
       688        140          0          0          0        256   ddiv.o
       120          4          0          0          0        140   deqf.o
        94          4          0          0          0        140   dfix.o
        84          0          0          0          0        232   dflt_clz.o
       120          4          0          0          0        140   dleqf.o
       340         12          0          0          0        152   dmul.o
       156          4          0          0          0        140   dnaninf.o
        12          0          0          0          0        116   dretinf.o
       108          0          0          0          0        128   drleqf.o
       408         56          0          0          0        168   dsqrt_umaal.o
        86          4          0          0          0        132   f2d.o
       140          4          0          0          0        132   fnaninf.o
        10          0          0          0          0        116   fpinit.o
        10          0          0          0          0        116   fretinf.o
       100          0          0          0          0        116   retnan.o
        92          0          0          0          0        116   scalbn.o
        48          0          0          0          0        116   trapv.o
         0          0          0          0          0          0   usenofp.o
       744        106        152          0          0        352   atan.o
       512         64          0          0          0        208   atan2.o
       200         20          0          0          0        164   cos.o
       368         46         48          0          0        200   cos_i.o
       184         44          0          0          0        744   dunder.o
        24          0          0          0          0        124   fabs.o
        48          0          0          0          0        124   fpclassify.o
        38          0          0          0          0        116   fpclassifyf.o
        38         12          0          0          0        348   funder.o
       248          0          0          0          0        152   poly.o
      3152        296        136          0          0        352   pow.o
         0          0          8          0          0          0   qnan.o
      1080        142        200          0          0        188   rred.o
       340         24         32          0          0        160   rredf.o
       200         20          0          0          0        164   sin.o
       304         24         40          0          0        208   sin_i.o
       400         56          0          0          0        212   sinf.o
       232          0          0          0          0        296   sqrt.o

    ----------------------------------------------------------------------
     12206       1136        616          0         96       8524   Library Totals
        20          0          0          0          0          0   (incl. Padding)

    ----------------------------------------------------------------------

      Code (inc. data)   RO Data    RW Data    ZI Data      Debug   Library Name

       434         26          0          0         96        844   c_w.l
        36          0          0          0          0         84   cpprt_w.l
      3604        256          0          0          0       3484   fz_wm.l
      8112        854        616          0          0       4112   m_wm.l

    ----------------------------------------------------------------------
     12206       1136        616          0         96       8524   Library Totals

    ----------------------------------------------------------------------

==============================================================================


      Code (inc. data)   RO Data    RW Data    ZI Data      Debug   

     27814       2530       1110        216      11456     771682   Grand Totals
     27814       2530       1110        216      11456     771682   ELF Image Totals
     27814       2530       1110        216          0          0   ROM Totals

==============================================================================

    Total RO  Size (Code + RO Data)                28924 (  28.25kB)
    Total RW  Size (RW Data + ZI Data)             11672 (  11.40kB)
    Total ROM Size (Code + RO Data + RW Data)      29140 (  28.46kB)

==============================================================================

