Component: ARM Compiler 5.06 update 7 (build 960) Tool: armlink [4d3601]

==============================================================================

Section Cross References

    time_service.o(i.SysTick_Handler) refers to time_service.o(.data) for time_service::tim
    time_service.o(i._ZN12time_service4initEv) refers to stm32f4xx_rcc.o(i.RCC_GetClocksFreq) for RCC_GetClocksFreq
    time_service.o(i._ZN12time_service5delayEj) refers to time_service.o(.data) for time_service::tim
    time_service.o(i._ZN12time_service6millisEv) refers to time_service.o(.data) for time_service::tim
    time_service.o(.ARM.exidx) refers to time_service.o(i.SysTick_Handler) for i.SysTick_Handler
    time_service.o(.ARM.exidx) refers to time_service.o(i._ZN12time_service6millisEv) for i._ZN12time_service6millisEv
    time_service.o(.ARM.exidx) refers to time_service.o(i._ZN12time_service9startTimeEv) for i._ZN12time_service9startTimeEv
    time_service.o(.ARM.exidx) refers to time_service.o(i._ZN12time_service8stopTimeEv) for i._ZN12time_service8stopTimeEv
    time_service.o(.ARM.exidx) refers to time_service.o(i._ZN12time_service4initEv) for i._ZN12time_service4initEv
    time_service.o(.ARM.exidx) refers to time_service.o(i._ZN12time_service5delayEj) for i._ZN12time_service5delayEj
    pin.o(i._ZN3Pin12RCC_ClockCmdEv) refers to stm32f4xx_rcc.o(i.RCC_APB2PeriphClockCmd) for RCC_APB2PeriphClockCmd
    pin.o(i._ZN3Pin12RCC_ClockCmdEv) refers to stm32f4xx_rcc.o(i.RCC_APB1PeriphClockCmd) for RCC_APB1PeriphClockCmd
    pin.o(i._ZN3Pin3pwmEj) refers to stm32f4xx_tim.o(i.TIM_SetCompare1) for TIM_SetCompare1
    pin.o(i._ZN3Pin3pwmEj) refers to stm32f4xx_tim.o(i.TIM_SetCompare2) for TIM_SetCompare2
    pin.o(i._ZN3Pin3pwmEj) refers to stm32f4xx_tim.o(i.TIM_SetCompare3) for TIM_SetCompare3
    pin.o(i._ZN3Pin3pwmEj) refers to stm32f4xx_tim.o(i.TIM_SetCompare4) for TIM_SetCompare4
    pin.o(i._ZN3Pin3setEb) refers to stm32f4xx_gpio.o(i.GPIO_SetBits) for GPIO_SetBits
    pin.o(i._ZN3Pin3setEb) refers to stm32f4xx_gpio.o(i.GPIO_ResetBits) for GPIO_ResetBits
    pin.o(i._ZN3Pin6setBitEv) refers to stm32f4xx_gpio.o(i.GPIO_SetBits) for GPIO_SetBits
    pin.o(i._ZN3Pin7pwmInitEsjh) refers to pin.o(i._ZN3Pin12RCC_ClockCmdEv) for Pin::RCC_ClockCmd()
    pin.o(i._ZN3Pin7pwmInitEsjh) refers to stm32f4xx_tim.o(i.TIM_TimeBaseInit) for TIM_TimeBaseInit
    pin.o(i._ZN3Pin7pwmInitEsjh) refers to stm32f4xx_tim.o(i.TIM_Cmd) for TIM_Cmd
    pin.o(i._ZN3Pin7pwmInitEsjh) refers to stm32f4xx_tim.o(i.TIM_BDTRConfig) for TIM_BDTRConfig
    pin.o(i._ZN3Pin7pwmInitEsjh) refers to stm32f4xx_tim.o(i.TIM_OC1Init) for TIM_OC1Init
    pin.o(i._ZN3Pin7pwmInitEsjh) refers to stm32f4xx_tim.o(i.TIM_OC2Init) for TIM_OC2Init
    pin.o(i._ZN3Pin7pwmInitEsjh) refers to stm32f4xx_tim.o(i.TIM_OC3Init) for TIM_OC3Init
    pin.o(i._ZN3Pin7pwmInitEsjh) refers to stm32f4xx_tim.o(i.TIM_OC4Init) for TIM_OC4Init
    pin.o(i._ZN3Pin7pwmInitEsjh) refers to stm32f4xx_tim.o(i.TIM_CtrlPWMOutputs) for TIM_CtrlPWMOutputs
    pin.o(i._ZN3Pin8resetBitEv) refers to stm32f4xx_gpio.o(i.GPIO_ResetBits) for GPIO_ResetBits
    pin.o(i._ZN3PinC1Echt) refers to pin.o(i._ZN3Pin6setPinEh) for Pin::setPin(unsigned char)
    pin.o(i._ZN3PinC1Echt) refers to pin.o(i._ZN3Pin7setGPIOEc) for Pin::setGPIO(char)
    pin.o(i._ZN3PinC1Echt) refers to pin.o(i._ZN3Pin12setTimParamsEt) for Pin::setTimParams(unsigned short)
    pin.o(i._ZN3PinC1Echt) refers to pin.o(i._ZN3Pin13setAFforUSARTEt) for Pin::setAFforUSART(unsigned short)
    pin.o(i._ZN3PinC1Echt) refers to stm32f4xx_rcc.o(i.RCC_AHB1PeriphClockCmd) for RCC_AHB1PeriphClockCmd
    pin.o(i._ZN3PinC1Echt) refers to stm32f4xx_gpio.o(i.GPIO_Init) for GPIO_Init
    pin.o(i._ZN3PinC1Echt) refers to stm32f4xx_gpio.o(i.GPIO_PinAFConfig) for GPIO_PinAFConfig
    pin.o(.ARM.exidx) refers to pin.o(i._ZN3Pin13setAFforUSARTEt) for i._ZN3Pin13setAFforUSARTEt
    pin.o(.ARM.exidx) refers to pin.o(i._ZN3Pin12setTimParamsEt) for i._ZN3Pin12setTimParamsEt
    pin.o(.ARM.exidx) refers to pin.o(i._ZN3Pin7setGPIOEc) for i._ZN3Pin7setGPIOEc
    pin.o(.ARM.exidx) refers to pin.o(i._ZN3Pin6setPinEh) for i._ZN3Pin6setPinEh
    pin.o(.ARM.exidx) refers to pin.o(i._ZN3PinC1Echt) for i._ZN3PinC1Echt
    pin.o(.ARM.exidx) refers to pin.o(i._ZN3Pin12RCC_ClockCmdEv) for i._ZN3Pin12RCC_ClockCmdEv
    pin.o(.ARM.exidx) refers to pin.o(i._ZN3Pin7pwmInitEsjh) for i._ZN3Pin7pwmInitEsjh
    pin.o(.ARM.exidx) refers to pin.o(i._ZN3Pin3pwmEj) for i._ZN3Pin3pwmEj
    pin.o(.ARM.exidx) refers to pin.o(i._ZN3Pin3setEb) for i._ZN3Pin3setEb
    pin.o(.ARM.exidx) refers to pin.o(i._ZN3Pin6setBitEv) for i._ZN3Pin6setBitEv
    pin.o(.ARM.exidx) refers to pin.o(i._ZN3Pin8resetBitEv) for i._ZN3Pin8resetBitEv
    pin.o(.ARM.exidx) refers to pin.o(i._ZN3Pin9getPeriodEv) for i._ZN3Pin9getPeriodEv
    pin.o(.ARM.exidx) refers to pin.o(i._ZN3Pin6getPinEv) for i._ZN3Pin6getPinEv
    pin.o(.ARM.exidx) refers to pin.o(i._ZN3Pin8getGPIOxEv) for i._ZN3Pin8getGPIOxEv
[...]
    i.GPIO_PinAFConfig                       0x080003e8   Section        0  stm32f4xx_gpio.o(i.GPIO_PinAFConfig)
    i.GPIO_ResetBits                         0x0800042e   Section        0  stm32f4xx_gpio.o(i.GPIO_ResetBits)
    i.GPIO_SetBits                           0x08000432   Section        0  stm32f4xx_gpio.o(i.GPIO_SetBits)
    i.RCC_AHB1PeriphClockCmd                 0x08000438   Section        0  stm32f4xx_rcc.o(i.RCC_AHB1PeriphClockCmd)
    i.RCC_APB1PeriphClockCmd                 0x08000458   Section        0  stm32f4xx_rcc.o(i.RCC_APB1PeriphClockCmd)
    i.RCC_APB2PeriphClockCmd                 0x08000478   Section        0  stm32f4xx_rcc.o(i.RCC_APB2PeriphClockCmd)
    i.RCC_GetClocksFreq                      0x08000498   Section        0  stm32f4xx_rcc.o(i.RCC_GetClocksFreq)
    i.SPI1_IRQHandler                        0x08000580   Section        0  spi_1.o(i.SPI1_IRQHandler)
    i.SPI_I2S_GetFlagStatus                  0x080005ec   Section        0  stm32f4xx_spi.o(i.SPI_I2S_GetFlagStatus)
    i.SetSysClock                            0x08000600   Section        0  system_stm32f4xx.o(i.SetSysClock)
    SetSysClock                              0x08000601   Thumb Code   262  system_stm32f4xx.o(i.SetSysClock)
    i.SysTick_Handler                        0x08000710   Section        0  time_service.o(i.SysTick_Handler)
    i.SystemInit                             0x08000728   Section        0  system_stm32f4xx.o(i.SystemInit)
    i.TIM_BDTRConfig                         0x08000790   Section        0  stm32f4xx_tim.o(i.TIM_BDTRConfig)
    i.TIM_Cmd                                0x080007b0   Section        0  stm32f4xx_tim.o(i.TIM_Cmd)
    i.TIM_CtrlPWMOutputs                     0x080007c8   Section        0  stm32f4xx_tim.o(i.TIM_CtrlPWMOutputs)
    i.TIM_OC1Init                            0x080007e8   Section        0  stm32f4xx_tim.o(i.TIM_OC1Init)
    i.TIM_OC2Init                            0x08000864   Section        0  stm32f4xx_tim.o(i.TIM_OC2Init)
    i.TIM_OC3Init                            0x08000908   Section        0  stm32f4xx_tim.o(i.TIM_OC3Init)
    i.TIM_OC4Init                            0x080009a8   Section        0  stm32f4xx_tim.o(i.TIM_OC4Init)
    i.TIM_SetCompare1                        0x08000a20   Section        0  stm32f4xx_tim.o(i.TIM_SetCompare1)
    i.TIM_SetCompare2                        0x08000a24   Section        0  stm32f4xx_tim.o(i.TIM_SetCompare2)
    i.TIM_SetCompare3                        0x08000a28   Section        0  stm32f4xx_tim.o(i.TIM_SetCompare3)
    i.TIM_SetCompare4                        0x08000a2c   Section        0  stm32f4xx_tim.o(i.TIM_SetCompare4)
    i.TIM_TimeBaseInit                       0x08000a30   Section        0  stm32f4xx_tim.o(i.TIM_TimeBaseInit)
    i.USART1_IRQHandler                      0x08000ab4   Section        0  usart1.o(i.USART1_IRQHandler)
    i.USART2_IRQHandler                      0x08000b54   Section        0  usart2.o(i.USART2_IRQHandler)
    i.USART3_IRQHandler                      0x08000bfc   Section        0  usart3.o(i.USART3_IRQHandler)
    i.USART6_IRQHandler                      0x08000ca4   Section        0  usart6.o(i.USART6_IRQHandler)
    i.USART_ClearITPendingBit                0x08000d4c   Section        0  stm32f4xx_usart.o(i.USART_ClearITPendingBit)
    i.USART_Cmd                              0x08000d6a   Section        0  stm32f4xx_usart.o(i.USART_Cmd)
    i.USART_ITConfig                         0x08000d82   Section        0  stm32f4xx_usart.o(i.USART_ITConfig)
    i.USART_Init                             0x08000dcc   Section        0  stm32f4xx_usart.o(i.USART_Init)
    i.USART_StructInit                       0x08000ea0   Section        0  stm32f4xx_usart.o(i.USART_StructInit)
    i._ZN12omniplatform4moveEfffff           0x08000eb8   Section        0  omniplatform.o(i._ZN12omniplatform4moveEfffff)
    i._ZN12omniplatformC1ER5MotorS1_S1_S1_   0x080010c4   Section        0  omniplatform.o(i._ZN12omniplatformC1ER5MotorS1_S1_S1_)
    i._ZN12time_service4initEv               0x08001108   Section        0  time_service.o(i._ZN12time_service4initEv)
    i._ZN12time_service5delayEj              0x08001168   Section        0  time_service.o(i._ZN12time_service5delayEj)
    i._ZN12time_service6millisEv             0x0800118c   Section        0  time_service.o(i._ZN12time_service6millisEv)
    i._ZN12time_service9startTimeEv          0x08001198   Section        0  time_service.o(i._ZN12time_service9startTimeEv)
    i._ZN3I2C12generateStopEv                0x080011aa   Section        0  i2c.o(i._ZN3I2C12generateStopEv)
    i._ZN3I2C13generateStartEv               0x080011e2   Section        0  i2c.o(i._ZN3I2C13generateStartEv)
    i._ZN3I2C4readEv                         0x0800122c   Section        0  i2c.o(i._ZN3I2C4readEv)
    i._ZN3I2C4sendEh                         0x0800127a   Section        0  i2c.o(i._ZN3I2C4sendEh)
    i._ZN3I2C5delayEv                        0x080012b2   Section        0  i2c.o(i._ZN3I2C5delayEv)
    i._ZN3I2C6sclLowEv                       0x080012ce   Section        0  i2c.o(i._ZN3I2C6sclLowEv)
    i._ZN3I2C6sdaLowEv                       0x080012da   Section        0  i2c.o(i._ZN3I2C6sdaLowEv)
    i._ZN3I2C7readAchEv                      0x080012e8   Section        0  i2c.o(i._ZN3I2C7readAchEv)
    i._ZN3I2C7sclHighEv                      0x0800132c   Section        0  i2c.o(i._ZN3I2C7sclHighEv)
    i._ZN3I2C7sdaHighEv                      0x08001338   Section        0  i2c.o(i._ZN3I2C7sdaHighEv)
    i._ZN3I2C7sdaReadEv                      0x08001346   Section        0  i2c.o(i._ZN3I2C7sdaReadEv)
    i._ZN3I2C8writeBitEb                     0x08001368   Section        0  i2c.o(i._ZN3I2C8writeBitEb)
    i._ZN3I2CC1ER3PinS1_                     0x080013a4   Section        0  i2c.o(i._ZN3I2CC1ER3PinS1_)
    i._ZN3Pin12RCC_ClockCmdEv                0x080013d4   Section        0  pin.o(i._ZN3Pin12RCC_ClockCmdEv)
    i._ZN3Pin12setTimParamsEt                0x08001508   Section        0  pin.o(i._ZN3Pin12setTimParamsEt)
    i._ZN3Pin13setAFforUSARTEt               0x080015fc   Section        0  pin.o(i._ZN3Pin13setAFforUSARTEt)
    i._ZN3Pin3pwmEj                          0x08001624   Section        0  pin.o(i._ZN3Pin3pwmEj)
    i._ZN3Pin6getPinEv                       0x08001668   Section        0  pin.o(i._ZN3Pin6getPinEv)
    i._ZN3Pin6setBitEv                       0x0800166e   Section        0  pin.o(i._ZN3Pin6setBitEv)
    i._ZN3Pin6setPinEh                       0x0800167e   Section        0  pin.o(i._ZN3Pin6setPinEh)
    i._ZN3Pin7pwmInitEsjh                    0x0800174c   Section        0  pin.o(i._ZN3Pin7pwmInitEsjh)
    i._ZN3Pin7setGPIOEc                      0x08001854   Section        0  pin.o(i._ZN3Pin7setGPIOEc)
    i._ZN3Pin8getGPIOxEv                     0x080018c8   Section        0  pin.o(i._ZN3Pin8getGPIOxEv)
    i._ZN3Pin8resetBitEv                     0x080018ce   Section        0  pin.o(i._ZN3Pin8resetBitEv)
    i._ZN3Pin9getPeriodEv                    0x080018de   Section        0  pin.o(i._ZN3Pin9getPeriodEv)
    i._ZN3PinC1Echt                          0x080018e8   Section        0  pin.o(i._ZN3PinC1Echt)
    i._ZN5Motor11getMaxSpeedEv               0x08001b1c   Section        0  motor.o(i._ZN5Motor11getMaxSpeedEv)
    i._ZN5Motor2goEs                         0x08001b28   Section        0  motor.o(i._ZN5Motor2goEs)
    i._ZN5MotorC1ER3PinS1_                   0x08001b94   Section        0  motor.o(i._ZN5MotorC1ER3PinS1_)
    i._ZN5uart110usart1InitEjfh              0x08001bb8   Section        0  usart1.o(i._ZN5uart110usart1InitEjfh)
    i._ZN5uart14readEv                       0x08001d20   Section        0  usart1.o(i._ZN5uart14readEv)
    i._ZN5uart19availableEv                  0x08001d68   Section        0  usart1.o(i._ZN5uart19availableEv)
    i._ZN5uart210usart2InitEjfh              0x08001d9c   Section        0  usart2.o(i._ZN5uart210usart2InitEjfh)
    i._ZN5uart24readEv                       0x08001f04   Section        0  usart2.o(i._ZN5uart24readEv)
    i._ZN5uart29availableEv                  0x08001f4c   Section        0  usart2.o(i._ZN5uart29availableEv)
    i._ZN5uart310usart3InitEjfh              0x08001f80   Section        0  usart3.o(i._ZN5uart310usart3InitEjfh)
    i._ZN5uart34readEv                       0x080020e8   Section        0  usart3.o(i._ZN5uart34readEv)
    i._ZN5uart39availableEv                  0x08002130   Section        0  usart3.o(i._ZN5uart39availableEv)
    i._ZN5uart610usart6InitEjfh              0x08002164   Section        0  usart6.o(i._ZN5uart610usart6InitEjfh)
    i._ZN5uart64readEv                       0x080022cc   Section        0  usart6.o(i._ZN5uart64readEv)
    i._ZN5uart69availableEv                  0x08002314   Section        0  usart6.o(i._ZN5uart69availableEv)
    i._ZN8gyro_imu11getRotationEv            0x08002348   Section        0  imu_usart.o(i._ZN8gyro_imu11getRotationEv)
    i._ZN8gyro_imu12setZeroAngleEv           0x08002350   Section        0  imu_usart.o(i._ZN8gyro_imu12setZeroAngleEv)
    i._ZN8gyro_imu14getMaxRotationEv         0x08002356   Section        0  imu_usart.o(i._ZN8gyro_imu14getMaxRotationEv)
    i._ZN8gyro_imu15getCurrentAngleEv        0x0800235e   Section        0  imu_usart.o(i._ZN8gyro_imu15getCurrentAngleEv)
    i._ZN8gyro_imu20setRotationForTargetEv   0x08002366   Section        0  imu_usart.o(i._ZN8gyro_imu20setRotationForTargetEv)
    i._ZN8gyro_imu4readEv                    0x080023a8   Section        0  imu_usart.o(i._ZN8gyro_imu4readEv)
    i._ZN8gyro_imu6adductEs                  0x080024b8   Section        0  imu_usart.o(i._ZN8gyro_imu6adductEs)
    i._ZN8gyro_imu9initUSARTEh               0x080024d8   Section        0  imu_usart.o(i._ZN8gyro_imu9initUSARTEh)
    i._ZN8gyro_imu9setTargetEs               0x0800252e   Section        0  imu_usart.o(i._ZN8gyro_imu9setTargetEs)
    i._ZN8gyro_imuC1ER3PinS1_h               0x08002532   Section        0  imu_usart.o(i._ZN8gyro_imuC1ER3PinS1_h)
    i._ZN9IRLocator11angleOffsetEff          0x08002558   Section        0  ir_locator.o(i._ZN9IRLocator11angleOffsetEff)
    i._ZN9IRLocator11convertDistEd           0x080026e0   Section        0  ir_locator.o(i._ZN9IRLocator11convertDistEd)
    i._ZN9IRLocator6adductEs                 0x0800278c   Section        0  ir_locator.o(i._ZN9IRLocator6adductEs)
    i._ZN9IRLocator7getDistEv                0x080027ac   Section        0  ir_locator.o(i._ZN9IRLocator7getDistEv)
    i._ZN9IRLocator8getAngleEv               0x080027b4   Section        0  ir_locator.o(i._ZN9IRLocator8getAngleEv)
    i._ZN9IRLocator8getValueEh               0x0800281a   Section        0  ir_locator.o(i._ZN9IRLocator8getValueEh)
    i._ZN9IRLocatorC1ER3I2Cj                 0x08002884   Section        0  ir_locator.o(i._ZN9IRLocatorC1ER3I2Cj)
    i._ZSt3sinf                              0x0800289e   Section        0  omniplatform.o(i._ZSt3sinf)
    i.__ARM_fpclassify                       0x080028b6   Section        0  fpclassify.o(i.__ARM_fpclassify)
    i.__ARM_fpclassifyf                      0x080028e6   Section        0  fpclassifyf.o(i.__ARM_fpclassifyf)
    i.__hardfp_pow                           0x08002910   Section        0  pow.o(i.__hardfp_pow)
    i.__hardfp_sinf                          0x08003560   Section        0  sinf.o(i.__hardfp_sinf)
    i.__kernel_poly                          0x080036f0   Section        0  poly.o(i.__kernel_poly)
    i.__mathlib_dbl_divzero                  0x080037e8   Section        0  dunder.o(i.__mathlib_dbl_divzero)
    i.__mathlib_dbl_infnan2                  0x08003818   Section        0  dunder.o(i.__mathlib_dbl_infnan2)
    i.__mathlib_dbl_invalid                  0x08003830   Section        0  dunder.o(i.__mathlib_dbl_invalid)
    i.__mathlib_dbl_overflow                 0x08003850   Section        0  dunder.o(i.__mathlib_dbl_overflow)
    i.__mathlib_dbl_underflow                0x08003870   Section        0  dunder.o(i.__mathlib_dbl_underflow)
    i.__mathlib_flt_infnan                   0x08003890   Section        0  funder.o(i.__mathlib_flt_infnan)
    i.__mathlib_flt_invalid                  0x08003898   Section        0  funder.o(i.__mathlib_flt_invalid)
    i.__mathlib_flt_underflow                0x080038a8   Section        0  funder.o(i.__mathlib_flt_underflow)
    i.__mathlib_rredf2                       0x080038b8   Section        0  rredf.o(i.__mathlib_rredf2)
    i._sys_exit                              0x08003a0c   Section        0  retarget.o(i._sys_exit)
    i.fabs                                   0x08003a10   Section        0  fabs.o(i.fabs)
    i.main                                   0x08003a28   Section        0  main.o(i.main)
    i.sqrt                                   0x08003e80   Section        0  sqrt.o(i.sqrt)
    x$fpl$basic                              0x08003eee   Section       24  basic.o(x$fpl$basic)
    $v0                                      0x08003eee   Number         0  basic.o(x$fpl$basic)
    x$fpl$d2f                                0x08003f08   Section       98  d2f.o(x$fpl$d2f)
    $v0                                      0x08003f08   Number         0  d2f.o(x$fpl$d2f)
    x$fpl$dadd                               0x08003f6c   Section      336  daddsub_clz.o(x$fpl$dadd)
    $v0                                      0x08003f6c   Number         0  daddsub_clz.o(x$fpl$dadd)
    _dadd1                                   0x08003f7d   Thumb Code     0  daddsub_clz.o(x$fpl$dadd)
    x$fpl$dcheck1                            0x080040bc   Section       16  dcheck1.o(x$fpl$dcheck1)
    $v0                                      0x080040bc   Number         0  dcheck1.o(x$fpl$dcheck1)
    x$fpl$dcmpinf                            0x080040cc   Section       24  dcmpi.o(x$fpl$dcmpinf)
    $v0                                      0x080040cc   Number         0  dcmpi.o(x$fpl$dcmpinf)
    x$fpl$ddiv                               0x080040e4   Section      688  ddiv.o(x$fpl$ddiv)
    $v0                                      0x080040e4   Number         0  ddiv.o(x$fpl$ddiv)
    ddiv_entry                               0x080040eb   Thumb Code     0  ddiv.o(x$fpl$ddiv)
    x$fpl$deqf                               0x08004394   Section      120  deqf.o(x$fpl$deqf)
    $v0                                      0x08004394   Number         0  deqf.o(x$fpl$deqf)
    x$fpl$dflt                               0x0800440c   Section       46  dflt_clz.o(x$fpl$dflt)
    $v0                                      0x0800440c   Number         0  dflt_clz.o(x$fpl$dflt)
    x$fpl$dleqf                              0x0800443c   Section      120  dleqf.o(x$fpl$dleqf)
    $v0                                      0x0800443c   Number         0  dleqf.o(x$fpl$dleqf)
    x$fpl$dmul                               0x080044b4   Section      340  dmul.o(x$fpl$dmul)
    $v0                                      0x080044b4   Number         0  dmul.o(x$fpl$dmul)
    x$fpl$dnaninf                            0x08004608   Section      156  dnaninf.o(x$fpl$dnaninf)
    $v0                                      0x08004608   Number         0  dnaninf.o(x$fpl$dnaninf)
    x$fpl$dretinf                            0x080046a4   Section       12  dretinf.o(x$fpl$dretinf)
    $v0                                      0x080046a4   Number         0  dretinf.o(x$fpl$dretinf)
    x$fpl$drleqf                             0x080046b0   Section      108  drleqf.o(x$fpl$drleqf)
    $v0                                      0x080046b0   Number         0  drleqf.o(x$fpl$drleqf)
    x$fpl$drsb                               0x0800471c   Section       22  daddsub_clz.o(x$fpl$drsb)
    $v0                                      0x0800471c   Number         0  daddsub_clz.o(x$fpl$drsb)
    x$fpl$dsqrt                              0x08004734   Section      408  dsqrt_umaal.o(x$fpl$dsqrt)
    $v0                                      0x08004734   Number         0  dsqrt_umaal.o(x$fpl$dsqrt)
    x$fpl$dsub                               0x080048cc   Section      468  daddsub_clz.o(x$fpl$dsub)
    $v0                                      0x080048cc   Number         0  daddsub_clz.o(x$fpl$dsub)
    _dsub1                                   0x080048dd   Thumb Code     0  daddsub_clz.o(x$fpl$dsub)
    x$fpl$f2d                                0x08004aa0   Section       86  f2d.o(x$fpl$f2d)
    $v0                                      0x08004aa0   Number         0  f2d.o(x$fpl$f2d)
    x$fpl$fnaninf                            0x08004af6   Section      140  fnaninf.o(x$fpl$fnaninf)
    $v0                                      0x08004af6   Number         0  fnaninf.o(x$fpl$fnaninf)
    x$fpl$fpinit                             0x08004b82   Section       10  fpinit.o(x$fpl$fpinit)
    $v0                                      0x08004b82   Number         0  fpinit.o(x$fpl$fpinit)
    x$fpl$fretinf                            0x08004b8c   Section       10  fretinf.o(x$fpl$fretinf)
    $v0                                      0x08004b8c   Number         0  fretinf.o(x$fpl$fretinf)
    x$fpl$retnan                             0x08004b96   Section      100  retnan.o(x$fpl$retnan)
    $v0                                      0x08004b96   Number         0  retnan.o(x$fpl$retnan)
    x$fpl$scalbn                             0x08004bfa   Section       92  scalbn.o(x$fpl$scalbn)
    $v0                                      0x08004bfa   Number         0  scalbn.o(x$fpl$scalbn)
    x$fpl$trapveneer                         0x08004c56   Section       48  trapv.o(x$fpl$trapveneer)
    $v0                                      0x08004c56   Number         0  trapv.o(x$fpl$trapveneer)
    .constdata                               0x08004c86   Section       61  retarget.o(.constdata)
    x$fpl$usenofp                            0x08004c86   Section        0  usenofp.o(x$fpl$usenofp)
    __tagsym$$used                           0x08004c86   Number         0  retarget.o(.constdata)
    date_time_commit                         0x08004c86   Data          61  retarget.o(.constdata)
    .constdata                               0x08004cc8   Section      136  pow.o(.constdata)
    bp                                       0x08004cc8   Data          16  pow.o(.constdata)
    dp_h                                     0x08004cd8   Data          16  pow.o(.constdata)
    dp_l                                     0x08004ce8   Data          16  pow.o(.constdata)
    L                                        0x08004cf8   Data          48  pow.o(.constdata)
    P                                        0x08004d28   Data          40  pow.o(.constdata)
    .constdata                               0x08004d50   Section        8  qnan.o(.constdata)
    .constdata                               0x08004d58   Section       32  rredf.o(.constdata)
    twooverpi                                0x08004d58   Data          32  rredf.o(.constdata)
    .data                                    0x20000000   Section        8  time_service.o(.data)
    .data                                    0x20000008   Section       22  spi_1.o(.data)
    .data                                    0x2000001e   Section       25  usart1.o(.data)
    .data                                    0x20000038   Section       25  usart2.o(.data)
    .data                                    0x20000052   Section       25  usart3.o(.data)
    .data                                    0x2000006c   Section       25  usart6.o(.data)
    .data                                    0x20000085   Section       16  stm32f4xx_rcc.o(.data)
    APBAHBPrescTable                         0x20000085   Data          16  stm32f4xx_rcc.o(.data)
    .bss                                     0x20000098   Section       32  spi_1.o(.bss)
    .bss                                     0x200000b8   Section       96  libspace.o(.bss)
    HEAP                                     0x20000118   Section     3840  startup_stm32f407xx.o(HEAP)
    Heap_Mem                                 0x20000118   Data        3840  startup_stm32f407xx.o(HEAP)
    STACK                                    0x20001018   Section     4080  startup_stm32f407xx.o(STACK)
    Stack_Mem                                0x20001018   Data        4080  startup_stm32f407xx.o(STACK)
    __initial_sp                             0x20002008   Data           0  startup_stm32f407xx.o(STACK)

    Global Symbols

    Symbol Name                              Value     Ov Type        Size  Object(Section)

    BuildAttributes$$THM_ISAv4$E$P$D$K$B$S$7EM$VFPi3$EXTD16$VFPS$VFMA$PE$A:L22UL41UL21$X:L11$S22US41US21$IEEE1$IW$USESV6$~STKCKD$USESV7$~SHL$OTIME$ROPI$IEEEX$EBA8$UX$STANDARDLIB$REQ8$PRES8$EABIv2 0x00000000   Number         0  anon$$obj.o ABSOLUTE
    __ARM_use_no_argv                        0x00000000   Number         0  main.o ABSOLUTE
    __ARM_exceptions_init                     - Undefined Weak Reference
    __alloca_initialize                       - Undefined Weak Reference
    __arm_fini_                               - Undefined Weak Reference
    __arm_preinit_                            - Undefined Weak Reference
    __cpp_initialize__aeabi_                  - Undefined Weak Reference
    __cxa_finalize                            - Undefined Weak Reference
    __rt_locale                               - Undefined Weak Reference
    __sigvec_lookup                           - Undefined Weak Reference
    _atexit_init                              - Undefined Weak Reference
    _call_atexit_fns                          - Undefined Weak Reference
    _clock_init                               - Undefined Weak Reference
    _fp_trap_init                             - Undefined Weak Reference
    _fp_trap_shutdown                         - Undefined Weak Reference
    _get_lc_collate                           - Undefined Weak Reference
    _get_lc_ctype                             - Undefined Weak Reference
    _get_lc_monetary                          - Undefined Weak Reference
    _get_lc_numeric                           - Undefined Weak Reference
    _get_lc_time                              - Undefined Weak Reference
    _getenv_init                              - Undefined Weak Reference
    _handle_redirection                       - Undefined Weak Reference
    _init_alloc                               - Undefined Weak Reference
    _init_user_alloc                          - Undefined Weak Reference
    _initio                                   - Undefined Weak Reference
    _rand_init                                - Undefined Weak Reference
    _signal_finish                            - Undefined Weak Reference
    _signal_init                              - Undefined Weak Reference
    _terminate_alloc                          - Undefined Weak Reference
    _terminate_user_alloc                     - Undefined Weak Reference
    _terminateio                              - Undefined Weak Reference
    __Vectors_Size                           0x00000188   Number         0  startup_stm32f407xx.o ABSOLUTE
    __Vectors                                0x08000000   Data           4  startup_stm32f407xx.o(RESET)
    __Vectors_End                            0x08000188   Data           0  startup_stm32f407xx.o(RESET)
    __main                                   0x08000189   Thumb Code     8  __main.o(!!!main)
    __scatterload                            0x08000191   Thumb Code     0  __scatter.o(!!!scatter)
    __scatterload_rt2                        0x08000191   Thumb Code    44  __scatter.o(!!!scatter)
    __scatterload_rt2_thumb_only             0x08000191   Thumb Code     0  __scatter.o(!!!scatter)
    __scatterload_null                       0x0800019f   Thumb Code     0  __scatter.o(!!!scatter)
    __scatterload_copy                       0x080001c5   Thumb Code    26  __scatter_copy.o(!!handler_copy)
    __scatterload_zeroinit                   0x080001e1   Thumb Code    28  __scatter_zi.o(!!handler_zi)
    __rt_lib_init                            0x080001fd   Thumb Code     0  libinit.o(.ARM.Collect$$libinit$$00000000)
    __rt_lib_init_fp_1                       0x080001ff   Thumb Code     0  libinit2.o(.ARM.Collect$$libinit$$00000001)
    __rt_lib_init_alloca_1                   0x08000203   Thumb Code     0  libinit2.o(.ARM.Collect$$libinit$$0000002E)
    __rt_lib_init_argv_1                     0x08000203   Thumb Code     0  libinit2.o(.ARM.Collect$$libinit$$0000002C)
    __rt_lib_init_atexit_1                   0x08000203   Thumb Code     0  libinit2.o(.ARM.Collect$$libinit$$0000001B)
    __rt_lib_init_clock_1                    0x08000203   Thumb Code     0  libinit2.o(.ARM.Collect$$libinit$$00000021)
    __rt_lib_init_cpp_1                      0x08000203   Thumb Code     0  libinit2.o(.ARM.Collect$$libinit$$00000032)
    __rt_lib_init_exceptions_1               0x08000203   Thumb Code     0  libinit2.o(.ARM.Collect$$libinit$$00000030)
    __rt_lib_init_fp_trap_1                  0x08000203   Thumb Code     0  libinit2.o(.ARM.Collect$$libinit$$0000001F)
    __rt_lib_init_getenv_1                   0x08000203   Thumb Code     0  libinit2.o(.ARM.Collect$$libinit$$00000023)
    __rt_lib_init_heap_1                     0x08000203   Thumb Code     0  libinit2.o(.ARM.Collect$$libinit$$0000000A)
    __rt_lib_init_lc_collate_1               0x08000203   Thumb Code     0  libinit2.o(.ARM.Collect$$libinit$$00000011)
    __rt_lib_init_lc_ctype_1                 0x08000203   Thumb Code     0  libinit2.o(.ARM.Collect$$libinit$$00000013)
    __rt_lib_init_lc_monetary_1              0x08000203   Thumb Code     0  libinit2.o(.ARM.Collect$$libinit$$00000015)
    __rt_lib_init_lc_numeric_1               0x08000203   Thumb Code     0  libinit2.o(.ARM.Collect$$libinit$$00000017)
    __rt_lib_init_lc_time_1                  0x08000203   Thumb Code     0  libinit2.o(.ARM.Collect$$libinit$$00000019)
    __rt_lib_init_preinit_1                  0x08000203   Thumb Code     0  libinit2.o(.ARM.Collect$$libinit$$00000004)
    __rt_lib_init_rand_1                     0x08000203   Thumb Code     0  libinit2.o(.ARM.Collect$$libinit$$0000000E)
    __rt_lib_init_return                     0x08000203   Thumb Code     0  libinit2.o(.ARM.Collect$$libinit$$00000033)
    __rt_lib_init_signal_1                   0x08000203   Thumb Code     0  libinit2.o(.ARM.Collect$$libinit$$0000001D)
    __rt_lib_init_stdio_1                    0x08000203   Thumb Code     0  libinit2.o(.ARM.Collect$$libinit$$00000025)
    __rt_lib_init_user_alloc_1               0x08000203   Thumb Code     0  libinit2.o(.ARM.Collect$$libinit$$0000000C)
    __rt_lib_shutdown                        0x08000205   Thumb Code     0  libshutdown.o(.ARM.Collect$$libshutdown$$00000000)
    __rt_lib_shutdown_cpp_1                  0x08000207   Thumb Code     0  libshutdown2.o(.ARM.Collect$$libshutdown$$00000004)
    __rt_lib_shutdown_fini_1                 0x08000207   Thumb Code     0  libshutdown2.o(.ARM.Collect$$libshutdown$$00000002)
    __rt_lib_shutdown_fp_trap_1              0x08000207   Thumb Code     0  libshutdown2.o(.ARM.Collect$$libshutdown$$00000009)
    __rt_lib_shutdown_heap_1                 0x08000207   Thumb Code     0  libshutdown2.o(.ARM.Collect$$libshutdown$$00000011)
    __rt_lib_shutdown_return                 0x08000207   Thumb Code     0  libshutdown2.o(.ARM.Collect$$libshutdown$$00000012)
    __rt_lib_shutdown_signal_1               0x08000207   Thumb Code     0  libshutdown2.o(.ARM.Collect$$libshutdown$$0000000C)
    __rt_lib_shutdown_stdio_1                0x08000207   Thumb Code     0  libshutdown2.o(.ARM.Collect$$libshutdown$$00000006)
    __rt_lib_shutdown_user_alloc_1           0x08000207   Thumb Code     0  libshutdown2.o(.ARM.Collect$$libshutdown$$0000000E)
    __rt_entry                               0x08000209   Thumb Code     0  __rtentry.o(.ARM.Collect$$rtentry$$00000000)
    __rt_entry_presh_1                       0x08000209   Thumb Code     0  __rtentry2.o(.ARM.Collect$$rtentry$$00000002)
    __rt_entry_sh                            0x08000209   Thumb Code     0  __rtentry4.o(.ARM.Collect$$rtentry$$00000004)
    __rt_entry_li                            0x0800020f   Thumb Code     0  __rtentry2.o(.ARM.Collect$$rtentry$$0000000A)
    __rt_entry_postsh_1                      0x0800020f   Thumb Code     0  __rtentry2.o(.ARM.Collect$$rtentry$$00000009)
    __rt_entry_main                          0x08000213   Thumb Code     0  __rtentry2.o(.ARM.Collect$$rtentry$$0000000D)
    __rt_entry_postli_1                      0x08000213   Thumb Code     0  __rtentry2.o(.ARM.Collect$$rtentry$$0000000C)
    __rt_exit                                0x0800021b   Thumb Code     0  rtexit.o(.ARM.Collect$$rtexit$$00000000)
    __rt_exit_ls                             0x0800021d   Thumb Code     0  rtexit2.o(.ARM.Collect$$rtexit$$00000003)
    __rt_exit_prels_1                        0x0800021d   Thumb Code     0  rtexit2.o(.ARM.Collect$$rtexit$$00000002)
    __rt_exit_exit                           0x08000221   Thumb Code     0  rtexit2.o(.ARM.Collect$$rtexit$$00000004)
    Reset_Handler                            0x08000229   Thumb Code     8  startup_stm32f407xx.o(.text)
    NMI_Handler                              0x08000231   Thumb Code     2  startup_stm32f407xx.o(.text)
    HardFault_Handler                        0x08000233   Thumb Code     2  startup_stm32f407xx.o(.text)
    MemManage_Handler                        0x08000235   Thumb Code     2  startup_stm32f407xx.o(.text)
    BusFault_Handler                         0x08000237   Thumb Code     2  startup_stm32f407xx.o(.text)
    UsageFault_Handler                       0x08000239   Thumb Code     2  startup_stm32f407xx.o(.text)
    SVC_Handler                              0x0800023b   Thumb Code     2  startup_stm32f407xx.o(.text)
    DebugMon_Handler                         0x0800023d   Thumb Code     2  startup_stm32f407xx.o(.text)
    PendSV_Handler                           0x0800023f   Thumb Code     2  startup_stm32f407xx.o(.text)
    ADC_IRQHandler                           0x08000243   Thumb Code     0  startup_stm32f407xx.o(.text)
    CAN1_RX0_IRQHandler                      0x08000243   Thumb Code     0  startup_stm32f407xx.o(.text)
    CAN1_RX1_IRQHandler                      0x08000243   Thumb Code     0  startup_stm32f407xx.o(.text)
    CAN1_SCE_IRQHandler                      0x08000243   Thumb Code     0  startup_stm32f407xx.o(.text)
    CAN1_TX_IRQHandler                       0x08000243   Thumb Code     0  startup_stm32f407xx.o(.text)
    CAN2_RX0_IRQHandler                      0x08000243   Thumb Code     0  startup_stm32f407xx.o(.text)
    CAN2_RX1_IRQHandler                      0x08000243   Thumb Code     0  startup_stm32f407xx.o(.text)
    CAN2_SCE_IRQHandler                      0x08000243   Thumb Code     0  startup_stm32f407xx.o(.text)
    CAN2_TX_IRQHandler                       0x08000243   Thumb Code     0  startup_stm32f407xx.o(.text)
    DCMI_IRQHandler                          0x08000243   Thumb Code     0  startup_stm32f407xx.o(.text)
    DMA1_Stream0_IRQHandler                  0x08000243   Thumb Code     0  startup_stm32f407xx.o(.text)
    DMA1_Stream1_IRQHandler                  0x08000243   Thumb Code     0  startup_stm32f407xx.o(.text)
    DMA1_Stream2_IRQHandler                  0x08000243   Thumb Code     0  startup_stm32f407xx.o(.text)
    DMA1_Stream3_IRQHandler                  0x08000243   Thumb Code     0  startup_stm32f407xx.o(.text)
    DMA1_Stream4_IRQHandler                  0x08000243   Thumb Code     0  startup_stm32f407xx.o(.text)
    DMA1_Stream5_IRQHandler                  0x08000243   Thumb Code     0  startup_stm32f407xx.o(.text)
    DMA1_Stream6_IRQHandler                  0x08000243   Thumb Code     0  startup_stm32f407xx.o(.text)
    DMA1_Stream7_IRQHandler                  0x08000243   Thumb Code     0  startup_stm32f407xx.o(.text)
    DMA2_Stream0_IRQHandler                  0x08000243   Thumb Code     0  startup_stm32f407xx.o(.text)
    DMA2_Stream1_IRQHandler                  0x08000243   Thumb Code     0  startup_stm32f407xx.o(.text)
    DMA2_Stream2_IRQHandler                  0x08000243   Thumb Code     0  startup_stm32f407xx.o(.text)
    DMA2_Stream3_IRQHandler                  0x08000243   Thumb Code     0  startup_stm32f407xx.o(.text)
    DMA2_Stream4_IRQHandler                  0x08000243   Thumb Code     0  startup_stm32f407xx.o(.text)
    DMA2_Stream5_IRQHandler                  0x08000243   Thumb Code     0  startup_stm32f407xx.o(.text)
    DMA2_Stream6_IRQHandler                  0x08000243   Thumb Code     0  startup_stm32f407xx.o(.text)
    DMA2_Stream7_IRQHandler                  0x08000243   Thumb Code     0  startup_stm32f407xx.o(.text)
    ETH_IRQHandler                           0x08000243   Thumb Code     0  startup_stm32f407xx.o(.text)
    ETH_WKUP_IRQHandler                      0x08000243   Thumb Code     0  startup_stm32f407xx.o(.text)
    EXTI0_IRQHandler                         0x08000243   Thumb Code     0  startup_stm32f407xx.o(.text)
    EXTI15_10_IRQHandler                     0x08000243   Thumb Code     0  startup_stm32f407xx.o(.text)
    EXTI1_IRQHandler                         0x08000243   Thumb Code     0  startup_stm32f407xx.o(.text)
    EXTI2_IRQHandler                         0x08000243   Thumb Code     0  startup_stm32f407xx.o(.text)
    EXTI3_IRQHandler                         0x08000243   Thumb Code     0  startup_stm32f407xx.o(.text)
    EXTI4_IRQHandler                         0x08000243   Thumb Code     0  startup_stm32f407xx.o(.text)
    EXTI9_5_IRQHandler                       0x08000243   Thumb Code     0  startup_stm32f407xx.o(.text)
    FLASH_IRQHandler                         0x08000243   Thumb Code     0  startup_stm32f407xx.o(.text)
    FMC_IRQHandler                           0x08000243   Thumb Code     0  startup_stm32f407xx.o(.text)
    FPU_IRQHandler                           0x08000243   Thumb Code     0  startup_stm32f407xx.o(.text)
    HASH_RNG_IRQHandler                      0x08000243   Thumb Code     0  startup_stm32f407xx.o(.text)
    I2C1_ER_IRQHandler                       0x08000243   Thumb Code     0  startup_stm32f407xx.o(.text)
    I2C1_EV_IRQHandler                       0x08000243   Thumb Code     0  startup_stm32f407xx.o(.text)
    I2C2_ER_IRQHandler                       0x08000243   Thumb Code     0  startup_stm32f407xx.o(.text)
    I2C2_EV_IRQHandler                       0x08000243   Thumb Code     0  startup_stm32f407xx.o(.text)
    I2C3_ER_IRQHandler                       0x08000243   Thumb Code     0  startup_stm32f407xx.o(.text)
    I2C3_EV_IRQHandler                       0x08000243   Thumb Code     0  startup_stm32f407xx.o(.text)
    OTG_FS_IRQHandler                        0x08000243   Thumb Code     0  startup_stm32f407xx.o(.text)
    OTG_FS_WKUP_IRQHandler                   0x08000243   Thumb Code     0  startup_stm32f407xx.o(.text)
    OTG_HS_EP1_IN_IRQHandler                 0x08000243   Thumb Code     0  startup_stm32f407xx.o(.text)
    OTG_HS_EP1_OUT_IRQHandler                0x08000243   Thumb Code     0  startup_stm32f407xx.o(.text)
    OTG_HS_IRQHandler                        0x08000243   Thumb Code     0  startup_stm32f407xx.o(.text)
    OTG_HS_WKUP_IRQHandler                   0x08000243   Thumb Code     0  startup_stm32f407xx.o(.text)
    PVD_IRQHandler                           0x08000243   Thumb Code     0  startup_stm32f407xx.o(.text)
    RCC_IRQHandler                           0x08000243   Thumb Code     0  startup_stm32f407xx.o(.text)
    RTC_Alarm_IRQHandler                     0x08000243   Thumb Code     0  startup_stm32f407xx.o(.text)
    RTC_WKUP_IRQHandler                      0x08000243   Thumb Code     0  startup_stm32f407xx.o(.text)
    SDIO_IRQHandler                          0x08000243   Thumb Code     0  startup_stm32f407xx.o(.text)
    SPI2_IRQHandler                          0x08000243   Thumb Code     0  startup_stm32f407xx.o(.text)
    SPI3_IRQHandler                          0x08000243   Thumb Code     0  startup_stm32f407xx.o(.text)
    TAMP_STAMP_IRQHandler                    0x08000243   Thumb Code     0  startup_stm32f407xx.o(.text)
    TIM1_BRK_TIM9_IRQHandler                 0x08000243   Thumb Code     0  startup_stm32f407xx.o(.text)
    TIM1_CC_IRQHandler                       0x08000243   Thumb Code     0  startup_stm32f407xx.o(.text)
    TIM1_TRG_COM_TIM11_IRQHandler            0x08000243   Thumb Code     0  startup_stm32f407xx.o(.text)
    TIM1_UP_TIM10_IRQHandler                 0x08000243   Thumb Code     0  startup_stm32f407xx.o(.text)
    TIM2_IRQHandler                          0x08000243   Thumb Code     0  startup_stm32f407xx.o(.text)
    TIM3_IRQHandler                          0x08000243   Thumb Code     0  startup_stm32f407xx.o(.text)
    TIM4_IRQHandler                          0x08000243   Thumb Code     0  startup_stm32f407xx.o(.text)
    TIM5_IRQHandler                          0x08000243   Thumb Code     0  startup_stm32f407xx.o(.text)
    TIM6_DAC_IRQHandler                      0x08000243   Thumb Code     0  startup_stm32f407xx.o(.text)
    TIM7_IRQHandler                          0x08000243   Thumb Code     0  startup_stm32f407xx.o(.text)
    TIM8_BRK_TIM12_IRQHandler                0x08000243   Thumb Code     0  startup_stm32f407xx.o(.text)
    TIM8_CC_IRQHandler                       0x08000243   Thumb Code     0  startup_stm32f407xx.o(.text)
    TIM8_TRG_COM_TIM14_IRQHandler            0x08000243   Thumb Code     0  startup_stm32f407xx.o(.text)
    TIM8_UP_TIM13_IRQHandler                 0x08000243   Thumb Code     0  startup_stm32f407xx.o(.text)
    UART4_IRQHandler                         0x08000243   Thumb Code     0  startup_stm32f407xx.o(.text)
    UART5_IRQHandler                         0x08000243   Thumb Code     0  startup_stm32f407xx.o(.text)
    WWDG_IRQHandler                          0x08000243   Thumb Code     0  startup_stm32f407xx.o(.text)
    __user_initial_stackheap                 0x08000245   Thumb Code     0  startup_stm32f407xx.o(.text)
    __semihosting$guard                      0x08000269   Thumb Code     0  use_no_semi.o(.text)
    __use_no_semihosting_swi                 0x08000269   Thumb Code     2  use_no_semi.o(.text)
    __aeabi_memcpy4                          0x0800026b   Thumb Code     0  rt_memcpy_w.o(.text)
    __aeabi_memcpy8                          0x0800026b   Thumb Code     0  rt_memcpy_w.o(.text)
    __rt_memcpy_w                            0x0800026b   Thumb Code   100  rt_memcpy_w.o(.text)
    _memcpy_lastbytes_aligned                0x080002b3   Thumb Code     0  rt_memcpy_w.o(.text)
    __use_two_region_memory                  0x080002cf   Thumb Code     2  heapauxi.o(.text)
    __rt_heap_escrow$2region                 0x080002d1   Thumb Code     2  heapauxi.o(.text)
    __rt_heap_expand$2region                 0x080002d3   Thumb Code     2  heapauxi.o(.text)
    __read_errno                             0x080002d5   Thumb Code    10  _rserrno.o(.text)
    __set_errno                              0x080002df   Thumb Code    12  _rserrno.o(.text)
    __aeabi_errno_addr                       0x080002ed   Thumb Code     8  rt_errno_addr_intlibspace.o(.text)
    __errno$intlibspace                      0x080002ed   Thumb Code     0  rt_errno_addr_intlibspace.o(.text)
    __rt_errno_addr$intlibspace              0x080002ed   Thumb Code     0  rt_errno_addr_intlibspace.o(.text)
    __user_libspace                          0x080002f5   Thumb Code     8  libspace.o(.text)
    __user_perproc_libspace                  0x080002f5   Thumb Code     0  libspace.o(.text)
    __user_perthread_libspace                0x080002f5   Thumb Code     0  libspace.o(.text)
    __user_setup_stackheap                   0x080002fd   Thumb Code    74  sys_stackheap_outer.o(.text)
    exit                                     0x08000347   Thumb Code    18  exit.o(.text)
    GPIO_Init                                0x08000359   Thumb Code   144  stm32f4xx_gpio.o(i.GPIO_Init)
    GPIO_PinAFConfig                         0x080003e9   Thumb Code    70  stm32f4xx_gpio.o(i.GPIO_PinAFConfig)
    GPIO_ResetBits                           0x0800042f   Thumb Code     4  stm32f4xx_gpio.o(i.GPIO_ResetBits)
    GPIO_SetBits                             0x08000433   Thumb Code     4  stm32f4xx_gpio.o(i.GPIO_SetBits)
    RCC_AHB1PeriphClockCmd                   0x08000439   Thumb Code    26  stm32f4xx_rcc.o(i.RCC_AHB1PeriphClockCmd)
    RCC_APB1PeriphClockCmd                   0x08000459   Thumb Code    26  stm32f4xx_rcc.o(i.RCC_APB1PeriphClockCmd)
    RCC_APB2PeriphClockCmd                   0x08000479   Thumb Code    26  stm32f4xx_rcc.o(i.RCC_APB2PeriphClockCmd)
    RCC_GetClocksFreq                        0x08000499   Thumb Code   214  stm32f4xx_rcc.o(i.RCC_GetClocksFreq)
    SPI1_IRQHandler                          0x08000581   Thumb Code    92  spi_1.o(i.SPI1_IRQHandler)
    SPI_I2S_GetFlagStatus                    0x080005ed   Thumb Code    18  stm32f4xx_spi.o(i.SPI_I2S_GetFlagStatus)
    SysTick_Handler                          0x08000711   Thumb Code    20  time_service.o(i.SysTick_Handler)
    SystemInit                               0x08000729   Thumb Code    88  system_stm32f4xx.o(i.SystemInit)
    TIM_BDTRConfig                           0x08000791   Thumb Code    32  stm32f4xx_tim.o(i.TIM_BDTRConfig)
    TIM_Cmd                                  0x080007b1   Thumb Code    24  stm32f4xx_tim.o(i.TIM_Cmd)
    TIM_CtrlPWMOutputs                       0x080007c9   Thumb Code    30  stm32f4xx_tim.o(i.TIM_CtrlPWMOutputs)
    TIM_OC1Init                              0x080007e9   Thumb Code   114  stm32f4xx_tim.o(i.TIM_OC1Init)
    TIM_OC2Init                              0x08000865   Thumb Code   154  stm32f4xx_tim.o(i.TIM_OC2Init)
    TIM_OC3Init                              0x08000909   Thumb Code   150  stm32f4xx_tim.o(i.TIM_OC3Init)
    TIM_OC4Init                              0x080009a9   Thumb Code   112  stm32f4xx_tim.o(i.TIM_OC4Init)
    TIM_SetCompare1                          0x08000a21   Thumb Code     4  stm32f4xx_tim.o(i.TIM_SetCompare1)
    TIM_SetCompare2                          0x08000a25   Thumb Code     4  stm32f4xx_tim.o(i.TIM_SetCompare2)
    TIM_SetCompare3                          0x08000a29   Thumb Code     4  stm32f4xx_tim.o(i.TIM_SetCompare3)
    TIM_SetCompare4                          0x08000a2d   Thumb Code     4  stm32f4xx_tim.o(i.TIM_SetCompare4)
    TIM_TimeBaseInit                         0x08000a31   Thumb Code   104  stm32f4xx_tim.o(i.TIM_TimeBaseInit)
    USART1_IRQHandler                        0x08000ab5   Thumb Code   132  usart1.o(i.USART1_IRQHandler)
    USART2_IRQHandler                        0x08000b55   Thumb Code   138  usart2.o(i.USART2_IRQHandler)
    USART3_IRQHandler                        0x08000bfd   Thumb Code   138  usart3.o(i.USART3_IRQHandler)
    USART6_IRQHandler                        0x08000ca5   Thumb Code   138  usart6.o(i.USART6_IRQHandler)
    USART_ClearITPendingBit                  0x08000d4d   Thumb Code    30  stm32f4xx_usart.o(i.USART_ClearITPendingBit)
    USART_Cmd                                0x08000d6b   Thumb Code    24  stm32f4xx_usart.o(i.USART_Cmd)
    USART_ITConfig                           0x08000d83   Thumb Code    74  stm32f4xx_usart.o(i.USART_ITConfig)
    USART_Init                               0x08000dcd   Thumb Code   204  stm32f4xx_usart.o(i.USART_Init)
    USART_StructInit                         0x08000ea1   Thumb Code    24  stm32f4xx_usart.o(i.USART_StructInit)
    omniplatform::move(float, float, float, float, float) 0x08000eb9   Thumb Code   494  omniplatform.o(i._ZN12omniplatform4moveEfffff)
    omniplatform::omniplatform(Motor&, Motor&, Motor&, Motor&) 0x080010c5   Thumb Code    68  omniplatform.o(i._ZN12omniplatformC1ER5MotorS1_S1_S1_)
    omniplatform::omniplatform__sub_object(Motor&, Motor&, Motor&, Motor&) 0x080010c5   Thumb Code     0  omniplatform.o(i._ZN12omniplatformC1ER5MotorS1_S1_S1_)
    time_service::init()                     0x08001109   Thumb Code    86  time_service.o(i._ZN12time_service4initEv)
    time_service::delay(unsigned)            0x08001169   Thumb Code    32  time_service.o(i._ZN12time_service5delayEj)
    time_service::millis()                   0x0800118d   Thumb Code     8  time_service.o(i._ZN12time_service6millisEv)
    time_service::startTime()                0x08001199   Thumb Code    18  time_service.o(i._ZN12time_service9startTimeEv)
    I2C::generateStop()                      0x080011ab   Thumb Code    56  i2c.o(i._ZN3I2C12generateStopEv)
    I2C::generateStart()                     0x080011e3   Thumb Code    74  i2c.o(i._ZN3I2C13generateStartEv)
    I2C::read()                              0x0800122d   Thumb Code    78  i2c.o(i._ZN3I2C4readEv)
    I2C::send(unsigned char)                 0x0800127b   Thumb Code    56  i2c.o(i._ZN3I2C4sendEh)
    I2C::delay()                             0x080012b3   Thumb Code    28  i2c.o(i._ZN3I2C5delayEv)
    I2C::sclLow()                            0x080012cf   Thumb Code    12  i2c.o(i._ZN3I2C6sclLowEv)
    I2C::sdaLow()                            0x080012db   Thumb Code    14  i2c.o(i._ZN3I2C6sdaLowEv)
    I2C::readAch()                           0x080012e9   Thumb Code    68  i2c.o(i._ZN3I2C7readAchEv)
    I2C::sclHigh()                           0x0800132d   Thumb Code    12  i2c.o(i._ZN3I2C7sclHighEv)
    I2C::sdaHigh()                           0x08001339   Thumb Code    14  i2c.o(i._ZN3I2C7sdaHighEv)
    I2C::sdaRead()                           0x08001347   Thumb Code    34  i2c.o(i._ZN3I2C7sdaReadEv)
    I2C::writeBit(bool)                      0x08001369   Thumb Code    60  i2c.o(i._ZN3I2C8writeBitEb)
    I2C::I2C(Pin&, Pin&)                     0x080013a5   Thumb Code    46  i2c.o(i._ZN3I2CC1ER3PinS1_)
    I2C::I2C__sub_object(Pin&, Pin&)         0x080013a5   Thumb Code     0  i2c.o(i._ZN3I2CC1ER3PinS1_)
    Pin::RCC_ClockCmd()                      0x080013d5   Thumb Code   256  pin.o(i._ZN3Pin12RCC_ClockCmdEv)
    Pin::setTimParams(unsigned short)        0x08001509   Thumb Code   198  pin.o(i._ZN3Pin12setTimParamsEt)
    Pin::setAFforUSART(unsigned short)       0x080015fd   Thumb Code    40  pin.o(i._ZN3Pin13setAFforUSARTEt)
    Pin::pwm(unsigned)                       0x08001625   Thumb Code    68  pin.o(i._ZN3Pin3pwmEj)
    Pin::getPin()                            0x08001669   Thumb Code     6  pin.o(i._ZN3Pin6getPinEv)
    Pin::setBit()                            0x0800166f   Thumb Code    16  pin.o(i._ZN3Pin6setBitEv)
    Pin::setPin(unsigned char)               0x0800167f   Thumb Code   204  pin.o(i._ZN3Pin6setPinEh)
    Pin::pwmInit(short, unsigned, unsigned char) 0x0800174d   Thumb Code   260  pin.o(i._ZN3Pin7pwmInitEsjh)
    Pin::setGPIO(char)                       0x08001855   Thumb Code    78  pin.o(i._ZN3Pin7setGPIOEc)
    Pin::getGPIOx()                          0x080018c9   Thumb Code     6  pin.o(i._ZN3Pin8getGPIOxEv)
    Pin::resetBit()                          0x080018cf   Thumb Code    16  pin.o(i._ZN3Pin8resetBitEv)
    Pin::getPeriod()                         0x080018df   Thumb Code     8  pin.o(i._ZN3Pin9getPeriodEv)
    Pin::Pin(char, unsigned char, unsigned short) 0x080018e9   Thumb Code   526  pin.o(i._ZN3PinC1Echt)
    Pin::Pin__sub_object(char, unsigned char, unsigned short) 0x080018e9   Thumb Code     0  pin.o(i._ZN3PinC1Echt)
    Motor::getMaxSpeed()                     0x08001b1d   Thumb Code    12  motor.o(i._ZN5Motor11getMaxSpeedEv)
    Motor::go(short)                         0x08001b29   Thumb Code   108  motor.o(i._ZN5Motor2goEs)
    Motor::Motor(Pin&, Pin&)                 0x08001b95   Thumb Code    34  motor.o(i._ZN5MotorC1ER3PinS1_)
    Motor::Motor__sub_object(Pin&, Pin&)     0x08001b95   Thumb Code     0  motor.o(i._ZN5MotorC1ER3PinS1_)
    uart1::usart1Init(unsigned, float, unsigned char) 0x08001bb9   Thumb Code   308  usart1.o(i._ZN5uart110usart1InitEjfh)
    uart1::read()                            0x08001d21   Thumb Code    62  usart1.o(i._ZN5uart14readEv)
    uart1::available()                       0x08001d69   Thumb Code    44  usart1.o(i._ZN5uart19availableEv)
    uart2::usart2Init(unsigned, float, unsigned char) 0x08001d9d   Thumb Code   308  usart2.o(i._ZN5uart210usart2InitEjfh)
    uart2::read()                            0x08001f05   Thumb Code    62  usart2.o(i._ZN5uart24readEv)
    uart2::available()                       0x08001f4d   Thumb Code    44  usart2.o(i._ZN5uart29availableEv)
    uart3::usart3Init(unsigned, float, unsigned char) 0x08001f81   Thumb Code   308  usart3.o(i._ZN5uart310usart3InitEjfh)
    uart3::read()                            0x080020e9   Thumb Code    62  usart3.o(i._ZN5uart34readEv)
    uart3::available()                       0x08002131   Thumb Code    44  usart3.o(i._ZN5uart39availableEv)
    uart6::usart6Init(unsigned, float, unsigned char) 0x08002165   Thumb Code   308  usart6.o(i._ZN5uart610usart6InitEjfh)
    uart6::read()                            0x080022cd   Thumb Code    62  usart6.o(i._ZN5uart64readEv)
    uart6::available()                       0x08002315   Thumb Code    44  usart6.o(i._ZN5uart69availableEv)
    gyro_imu::getRotation()                  0x08002349   Thumb Code     8  imu_usart.o(i._ZN8gyro_imu11getRotationEv)
    gyro_imu::setZeroAngle()                 0x08002351   Thumb Code     6  imu_usart.o(i._ZN8gyro_imu12setZeroAngleEv)
    gyro_imu::getMaxRotation()               0x08002357   Thumb Code     8  imu_usart.o(i._ZN8gyro_imu14getMaxRotationEv)
    gyro_imu::getCurrentAngle()              0x0800235f   Thumb Code     8  imu_usart.o(i._ZN8gyro_imu15getCurrentAngleEv)
    gyro_imu::setRotationForTarget()         0x08002367   Thumb Code    66  imu_usart.o(i._ZN8gyro_imu20setRotationForTargetEv)
    gyro_imu::read()                         0x080023a9   Thumb Code   268  imu_usart.o(i._ZN8gyro_imu4readEv)
    gyro_imu::adduct(short)                  0x080024b9   Thumb Code    32  imu_usart.o(i._ZN8gyro_imu6adductEs)
    gyro_imu::initUSART(unsigned char)       0x080024d9   Thumb Code    86  imu_usart.o(i._ZN8gyro_imu9initUSARTEh)
    gyro_imu::setTarget(short)               0x0800252f   Thumb Code     4  imu_usart.o(i._ZN8gyro_imu9setTargetEs)
    gyro_imu::gyro_imu(Pin&, Pin&, unsigned char) 0x08002533   Thumb Code    36  imu_usart.o(i._ZN8gyro_imuC1ER3PinS1_h)
    gyro_imu::gyro_imu__sub_object(Pin&, Pin&, unsigned char) 0x08002533   Thumb Code     0  imu_usart.o(i._ZN8gyro_imuC1ER3PinS1_h)
    IRLocator::angleOffset(float, float)     0x08002559   Thumb Code   342  ir_locator.o(i._ZN9IRLocator11angleOffsetEff)
    IRLocator::convertDist(double)           0x080026e1   Thumb Code   146  ir_locator.o(i._ZN9IRLocator11convertDistEd)
    IRLocator::adduct(short)                 0x0800278d   Thumb Code    32  ir_locator.o(i._ZN9IRLocator6adductEs)
    IRLocator::getDist()                     0x080027ad   Thumb Code     8  ir_locator.o(i._ZN9IRLocator7getDistEv)
    IRLocator::getAngle()                    0x080027b5   Thumb Code   102  ir_locator.o(i._ZN9IRLocator8getAngleEv)
    IRLocator::getValue(unsigned char)       0x0800281b   Thumb Code   106  ir_locator.o(i._ZN9IRLocator8getValueEh)
    IRLocator::IRLocator(I2C&, unsigned)     0x08002885   Thumb Code    26  ir_locator.o(i._ZN9IRLocatorC1ER3I2Cj)
    IRLocator::IRLocator__sub_object(I2C&, unsigned) 0x08002885   Thumb Code     0  ir_locator.o(i._ZN9IRLocatorC1ER3I2Cj)
    std::sin(float)                          0x0800289f   Thumb Code    24  omniplatform.o(i._ZSt3sinf)
    __ARM_fpclassify                         0x080028b7   Thumb Code    48  fpclassify.o(i.__ARM_fpclassify)
    __ARM_fpclassifyf                        0x080028e7   Thumb Code    38  fpclassifyf.o(i.__ARM_fpclassifyf)
    __hardfp_pow                             0x08002911   Thumb Code  3072  pow.o(i.__hardfp_pow)
    __hardfp_sinf                            0x08003561   Thumb Code   344  sinf.o(i.__hardfp_sinf)
    __kernel_poly                            0x080036f1   Thumb Code   248  poly.o(i.__kernel_poly)
    __mathlib_dbl_divzero                    0x080037e9   Thumb Code    28  dunder.o(i.__mathlib_dbl_divzero)
    __mathlib_dbl_infnan2                    0x08003819   Thumb Code    20  dunder.o(i.__mathlib_dbl_infnan2)
    __mathlib_dbl_invalid                    0x08003831   Thumb Code    24  dunder.o(i.__mathlib_dbl_invalid)
    __mathlib_dbl_overflow                   0x08003851   Thumb Code    24  dunder.o(i.__mathlib_dbl_overflow)
    __mathlib_dbl_underflow                  0x08003871   Thumb Code    24  dunder.o(i.__mathlib_dbl_underflow)
    __mathlib_flt_infnan                     0x08003891   Thumb Code     6  funder.o(i.__mathlib_flt_infnan)
    __mathlib_flt_invalid                    0x08003899   Thumb Code    10  funder.o(i.__mathlib_flt_invalid)
    __mathlib_flt_underflow                  0x080038a9   Thumb Code    10  funder.o(i.__mathlib_flt_underflow)
    __mathlib_rredf2                         0x080038b9   Thumb Code   316  rredf.o(i.__mathlib_rredf2)
    _sys_exit                                0x08003a0d   Thumb Code     4  retarget.o(i._sys_exit)
    fabs                                     0x08003a11   Thumb Code    24  fabs.o(i.fabs)
    main                                     0x08003a29   Thumb Code  1070  main.o(i.main)
    sqrt                                     0x08003e81   Thumb Code   110  sqrt.o(i.sqrt)
    __aeabi_dneg                             0x08003eef   Thumb Code     0  basic.o(x$fpl$basic)
    _dneg                                    0x08003eef   Thumb Code     6  basic.o(x$fpl$basic)
    __aeabi_fneg                             0x08003ef5   Thumb Code     0  basic.o(x$fpl$basic)
    _fneg                                    0x08003ef5   Thumb Code     6  basic.o(x$fpl$basic)
    _dabs                                    0x08003efb   Thumb Code     6  basic.o(x$fpl$basic)
    _fabs                                    0x08003f01   Thumb Code     6  basic.o(x$fpl$basic)
    __aeabi_d2f                              0x08003f09   Thumb Code     0  d2f.o(x$fpl$d2f)
    _d2f                                     0x08003f09   Thumb Code    98  d2f.o(x$fpl$d2f)
    __aeabi_dadd                             0x08003f6d   Thumb Code     0  daddsub_clz.o(x$fpl$dadd)
    _dadd                                    0x08003f6d   Thumb Code   332  daddsub_clz.o(x$fpl$dadd)
    __fpl_dcheck_NaN1                        0x080040bd   Thumb Code    10  dcheck1.o(x$fpl$dcheck1)
    __fpl_dcmp_Inf                           0x080040cd   Thumb Code    24  dcmpi.o(x$fpl$dcmpinf)
    __aeabi_ddiv                             0x080040e5   Thumb Code     0  ddiv.o(x$fpl$ddiv)
    _ddiv                                    0x080040e5   Thumb Code   552  ddiv.o(x$fpl$ddiv)
    __aeabi_cdcmpeq                          0x08004395   Thumb Code     0  deqf.o(x$fpl$deqf)
    _dcmpeq                                  0x08004395   Thumb Code   120  deqf.o(x$fpl$deqf)
    __aeabi_i2d                              0x0800440d   Thumb Code     0  dflt_clz.o(x$fpl$dflt)
    _dflt                                    0x0800440d   Thumb Code    46  dflt_clz.o(x$fpl$dflt)
    __aeabi_cdcmple                          0x0800443d   Thumb Code     0  dleqf.o(x$fpl$dleqf)
    _dcmple                                  0x0800443d   Thumb Code   120  dleqf.o(x$fpl$dleqf)
    __fpl_dcmple_InfNaN                      0x0800449f   Thumb Code     0  dleqf.o(x$fpl$dleqf)
    __aeabi_dmul                             0x080044b5   Thumb Code     0  dmul.o(x$fpl$dmul)
    _dmul                                    0x080044b5   Thumb Code   332  dmul.o(x$fpl$dmul)
    __fpl_dnaninf                            0x08004609   Thumb Code   156  dnaninf.o(x$fpl$dnaninf)
    __fpl_dretinf                            0x080046a5   Thumb Code    12  dretinf.o(x$fpl$dretinf)
    __aeabi_cdrcmple                         0x080046b1   Thumb Code     0  drleqf.o(x$fpl$drleqf)
    _drcmple                                 0x080046b1   Thumb Code   108  drleqf.o(x$fpl$drleqf)
    __aeabi_drsub                            0x0800471d   Thumb Code     0  daddsub_clz.o(x$fpl$drsb)
    _drsb                                    0x0800471d   Thumb Code    22  daddsub_clz.o(x$fpl$drsb)
    _dsqrt                                   0x08004735   Thumb Code   404  dsqrt_umaal.o(x$fpl$dsqrt)
    __aeabi_dsub                             0x080048cd   Thumb Code     0  daddsub_clz.o(x$fpl$dsub)
    _dsub                                    0x080048cd   Thumb Code   464  daddsub_clz.o(x$fpl$dsub)
    __aeabi_f2d                              0x08004aa1   Thumb Code     0  f2d.o(x$fpl$f2d)
    _f2d                                     0x08004aa1   Thumb Code    86  f2d.o(x$fpl$f2d)
    __fpl_fnaninf                            0x08004af7   Thumb Code   140  fnaninf.o(x$fpl$fnaninf)
    _fp_init                                 0x08004b83   Thumb Code    10  fpinit.o(x$fpl$fpinit)
    __fplib_config_fpu_vfp                   0x08004b8b   Thumb Code     0  fpinit.o(x$fpl$fpinit)
    __fplib_config_pureend_doubles           0x08004b8b   Thumb Code     0  fpinit.o(x$fpl$fpinit)
    __fpl_fretinf                            0x08004b8d   Thumb Code    10  fretinf.o(x$fpl$fretinf)
    __fpl_return_NaN                         0x08004b97   Thumb Code   100  retnan.o(x$fpl$retnan)
    __ARM_scalbn                             0x08004bfb   Thumb Code    92  scalbn.o(x$fpl$scalbn)
    __fpl_cmpreturn                          0x08004c57   Thumb Code    48  trapv.o(x$fpl$trapveneer)
    __I$use$fp                               0x08004c86   Number         0  usenofp.o(x$fpl$usenofp)
    __mathlib_zero                           0x08004d50   Data           8  qnan.o(.constdata)
    Region$$Table$$Base                      0x08004d78   Number         0  anon$$obj.o(Region$$Table)
    Region$$Table$$Limit                     0x08004d98   Number         0  anon$$obj.o(Region$$Table)
    time_service::tim                        0x20000000   Data           8  time_service.o(.data)
    SPI_1::_spi_mode                         0x20000008   Data           4  spi_1.o(.data)
    SPI_1::_spi_direction                    0x2000000c   Data           4  spi_1.o(.data)
    SPI_1::_baud_rate                        0x20000010   Data           4  spi_1.o(.data)
    SPI_1::_first_bit                        0x20000014   Data           4  spi_1.o(.data)
    SPI_1::_cur_rx_read                      0x20000018   Data           2  spi_1.o(.data)
    SPI_1::_cur_rx_write                     0x2000001a   Data           2  spi_1.o(.data)
    SPI_1::_buf_size                         0x2000001c   Data           2  spi_1.o(.data)
    uart1::rx                                0x2000001e   Data           8  usart1.o(.data)
    uart1::_rxCnt                            0x20000026   Data           2  usart1.o(.data)
    uart1::_txCnt                            0x20000028   Data           2  usart1.o(.data)
    uart1::tx                                0x2000002a   Data           8  usart1.o(.data)
    uart1::_sendCnt                          0x20000032   Data           2  usart1.o(.data)
    uart1::_readCnt                          0x20000034   Data           2  usart1.o(.data)
    uart1::flag                              0x20000036   Data           1  usart1.o(.data)
    uart2::rx                                0x20000038   Data           8  usart2.o(.data)
    uart2::_rxCnt                            0x20000040   Data           2  usart2.o(.data)
    uart2::_txCnt                            0x20000042   Data           2  usart2.o(.data)
    uart2::tx                                0x20000044   Data           8  usart2.o(.data)
    uart2::_sendCnt                          0x2000004c   Data           2  usart2.o(.data)
    uart2::_readCnt                          0x2000004e   Data           2  usart2.o(.data)
    uart2::flag                              0x20000050   Data           1  usart2.o(.data)
    uart3::rx                                0x20000052   Data           8  usart3.o(.data)
    uart3::_rxCnt                            0x2000005a   Data           2  usart3.o(.data)
    uart3::_txCnt                            0x2000005c   Data           2  usart3.o(.data)
    uart3::tx                                0x2000005e   Data           8  usart3.o(.data)
    uart3::_sendCnt                          0x20000066   Data           2  usart3.o(.data)
    uart3::_readCnt                          0x20000068   Data           2  usart3.o(.data)
    uart3::flag                              0x2000006a   Data           1  usart3.o(.data)
    uart6::rx                                0x2000006c   Data           8  usart6.o(.data)
    uart6::_rxCnt                            0x20000074   Data           2  usart6.o(.data)
    uart6::_txCnt                            0x20000076   Data           2  usart6.o(.data)
    uart6::tx                                0x20000078   Data           8  usart6.o(.data)
    uart6::_sendCnt                          0x20000080   Data           2  usart6.o(.data)
    uart6::_readCnt                          0x20000082   Data           2  usart6.o(.data)
    uart6::flag                              0x20000084   Data           1  usart6.o(.data)
    SPI_1::_rx_buffer                        0x20000098   Data          32  spi_1.o(.bss)
    __libspace_start                         0x200000b8   Data          96  libspace.o(.bss)
    __temporary_stack_top$libspace           0x20000118   Data           0  libspace.o(.bss)



==============================================================================

Memory Map of the image

  Image Entry point : 0x08000189

  Load Region LR_IROM1 (Base: 0x08000000, Size: 0x00004e30, Max: 0x00100000, ABSOLUTE)

    Execution Region ER_IROM1 (Exec base: 0x08000000, Load base: 0x08000000, Size: 0x00004d98, Max: 0x00100000, ABSOLUTE)

    Exec Addr    Load Addr    Size         Type   Attr      Idx    E Section Name        Object

    0x08000000   0x08000000   0x00000188   Data   RO         4086    RESET               startup_stm32f407xx.o
    0x08000188   0x08000188   0x00000008   Code   RO         4219  * !!!main             c_w.l(__main.o)
    0x08000190   0x08000190   0x00000034   Code   RO         4623    !!!scatter          c_w.l(__scatter.o)
    0x080001c4   0x080001c4   0x0000001a   Code   RO         4625    !!handler_copy      c_w.l(__scatter_copy.o)
    0x080001de   0x080001de   0x00000002   PAD
    0x080001e0   0x080001e0   0x0000001c   Code   RO         4627    !!handler_zi        c_w.l(__scatter_zi.o)
    0x080001fc   0x080001fc   0x00000002   Code   RO         4499    .ARM.Collect$$libinit$$00000000  c_w.l(libinit.o)
    0x080001fe   0x080001fe   0x00000004   Code   RO         4504    .ARM.Collect$$libinit$$00000001  c_w.l(libinit2.o)
    0x08000202   0x08000202   0x00000000   Code   RO         4507    .ARM.Collect$$libinit$$00000004  c_w.l(libinit2.o)
    0x08000202   0x08000202   0x00000000   Code   RO         4510    .ARM.Collect$$libinit$$0000000A  c_w.l(libinit2.o)
    0x08000202   0x08000202   0x00000000   Code   RO         4512    .ARM.Collect$$libinit$$0000000C  c_w.l(libinit2.o)
    0x08000202   0x08000202   0x00000000   Code   RO         4514    .ARM.Collect$$libinit$$0000000E  c_w.l(libinit2.o)
    0x08000202   0x08000202   0x00000000   Code   RO         4517    .ARM.Collect$$libinit$$00000011  c_w.l(libinit2.o)
    0x08000202   0x08000202   0x00000000   Code   RO         4519    .ARM.Collect$$libinit$$00000013  c_w.l(libinit2.o)
    0x08000202   0x08000202   0x00000000   Code   RO         4521    .ARM.Collect$$libinit$$00000015  c_w.l(libinit2.o)
    0x08000202   0x08000202   0x00000000   Code   RO         4523    .ARM.Collect$$libinit$$00000017  c_w.l(libinit2.o)
    0x08000202   0x08000202   0x00000000   Code   RO         4525    .ARM.Collect$$libinit$$00000019  c_w.l(libinit2.o)
    0x08000202   0x08000202   0x00000000   Code   RO         4527    .ARM.Collect$$libinit$$0000001B  c_w.l(libinit2.o)
    0x08000202   0x08000202   0x00000000   Code   RO         4529    .ARM.Collect$$libinit$$0000001D  c_w.l(libinit2.o)
    0x08000202   0x08000202   0x00000000   Code   RO         4531    .ARM.Collect$$libinit$$0000001F  c_w.l(libinit2.o)
    0x08000202   0x08000202   0x00000000   Code   RO         4533    .ARM.Collect$$libinit$$00000021  c_w.l(libinit2.o)
    0x08000202   0x08000202   0x00000000   Code   RO         4535    .ARM.Collect$$libinit$$00000023  c_w.l(libinit2.o)
    0x08000202   0x08000202   0x00000000   Code   RO         4537    .ARM.Collect$$libinit$$00000025  c_w.l(libinit2.o)
    0x08000202   0x08000202   0x00000000   Code   RO         4541    .ARM.Collect$$libinit$$0000002C  c_w.l(libinit2.o)
    0x08000202   0x08000202   0x00000000   Code   RO         4543    .ARM.Collect$$libinit$$0000002E  c_w.l(libinit2.o)
    0x08000202   0x08000202   0x00000000   Code   RO         4545    .ARM.Collect$$libinit$$00000030  c_w.l(libinit2.o)
    0x08000202   0x08000202   0x00000000   Code   RO         4547    .ARM.Collect$$libinit$$00000032  c_w.l(libinit2.o)
    0x08000202   0x08000202   0x00000002   Code   RO         4548    .ARM.Collect$$libinit$$00000033  c_w.l(libinit2.o)
    0x08000204   0x08000204   0x00000002   Code   RO         4568    .ARM.Collect$$libshutdown$$00000000  c_w.l(libshutdown.o)
    0x08000206   0x08000206   0x00000000   Code   RO         4576    .ARM.Collect$$libshutdown$$00000002  c_w.l(libshutdown2.o)
    0x08000206   0x08000206   0x00000000   Code   RO         4578    .ARM.Collect$$libshutdown$$00000004  c_w.l(libshutdown2.o)
    0x08000206   0x08000206   0x00000000   Code   RO         4580    .ARM.Collect$$libshutdown$$00000006  c_w.l(libshutdown2.o)
    0x08000206   0x08000206   0x00000000   Code   RO         4583    .ARM.Collect$$libshutdown$$00000009  c_w.l(libshutdown2.o)
    0x08000206   0x08000206   0x00000000   Code   RO         4586    .ARM.Collect$$libshutdown$$0000000C  c_w.l(libshutdown2.o)
    0x08000206   0x08000206   0x00000000   Code   RO         4588    .ARM.Collect$$libshutdown$$0000000E  c_w.l(libshutdown2.o)
    0x08000206   0x08000206   0x00000000   Code   RO         4591    .ARM.Collect$$libshutdown$$00000011  c_w.l(libshutdown2.o)
    0x08000206   0x08000206   0x00000002   Code   RO         4592    .ARM.Collect$$libshutdown$$00000012  c_w.l(libshutdown2.o)
    0x08000208   0x08000208   0x00000000   Code   RO         4359    .ARM.Collect$$rtentry$$00000000  c_w.l(__rtentry.o)
    0x08000208   0x08000208   0x00000000   Code   RO         4460    .ARM.Collect$$rtentry$$00000002  c_w.l(__rtentry2.o)
    0x08000208   0x08000208   0x00000006   Code   RO         4472    .ARM.Collect$$rtentry$$00000004  c_w.l(__rtentry4.o)
    0x0800020e   0x0800020e   0x00000000   Code   RO         4462    .ARM.Collect$$rtentry$$00000009  c_w.l(__rtentry2.o)
    0x0800020e   0x0800020e   0x00000004   Code   RO         4463    .ARM.Collect$$rtentry$$0000000A  c_w.l(__rtentry2.o)
    0x08000212   0x08000212   0x00000000   Code   RO         4465    .ARM.Collect$$rtentry$$0000000C  c_w.l(__rtentry2.o)
    0x08000212   0x08000212   0x00000008   Code   RO         4466    .ARM.Collect$$rtentry$$0000000D  c_w.l(__rtentry2.o)
    0x0800021a   0x0800021a   0x00000002   Code   RO         4502    .ARM.Collect$$rtexit$$00000000  c_w.l(rtexit.o)
    0x0800021c   0x0800021c   0x00000000   Code   RO         4552    .ARM.Collect$$rtexit$$00000002  c_w.l(rtexit2.o)
    0x0800021c   0x0800021c   0x00000004   Code   RO         4553    .ARM.Collect$$rtexit$$00000003  c_w.l(rtexit2.o)
    0x08000220   0x08000220   0x00000006   Code   RO         4554    .ARM.Collect$$rtexit$$00000004  c_w.l(rtexit2.o)
    0x08000226   0x08000226   0x00000002   PAD
    0x08000228   0x08000228   0x00000040   Code   RO         4087    .text               startup_stm32f407xx.o
    0x08000268   0x08000268   0x00000002   Code   RO         4213    .text               c_w.l(use_no_semi.o)
    0x0800026a   0x0800026a   0x00000064   Code   RO         4215    .text               c_w.l(rt_memcpy_w.o)
    0x080002ce   0x080002ce   0x00000006   Code   RO         4217    .text               c_w.l(heapauxi.o)
    0x080002d4   0x080002d4   0x00000016   Code   RO         4360    .text               c_w.l(_rserrno.o)
    0x080002ea   0x080002ea   0x00000002   PAD
    0x080002ec   0x080002ec   0x00000008   Code   RO         4477    .text               c_w.l(rt_errno_addr_intlibspace.o)
    0x080002f4   0x080002f4   0x00000008   Code   RO         4487    .text               c_w.l(libspace.o)
    0x080002fc   0x080002fc   0x0000004a   Code   RO         4490    .text               c_w.l(sys_stackheap_outer.o)
    0x08000346   0x08000346   0x00000012   Code   RO         4492    .text               c_w.l(exit.o)
    0x08000358   0x08000358   0x00000090   Code   RO         2386    i.GPIO_Init         stm32f4xx_gpio.o
    0x080003e8   0x080003e8   0x00000046   Code   RO         2387    i.GPIO_PinAFConfig  stm32f4xx_gpio.o
    0x0800042e   0x0800042e   0x00000004   Code   RO         2393    i.GPIO_ResetBits    stm32f4xx_gpio.o
    0x08000432   0x08000432   0x00000004   Code   RO         2394    i.GPIO_SetBits      stm32f4xx_gpio.o
    0x08000436   0x08000436   0x00000002   PAD
    0x08000438   0x08000438   0x00000020   Code   RO         2721    i.RCC_AHB1PeriphClockCmd  stm32f4xx_rcc.o
    0x08000458   0x08000458   0x00000020   Code   RO         2730    i.RCC_APB1PeriphClockCmd  stm32f4xx_rcc.o
    0x08000478   0x08000478   0x00000020   Code   RO         2733    i.RCC_APB2PeriphClockCmd  stm32f4xx_rcc.o
    0x08000498   0x08000498   0x000000e8   Code   RO         2742    i.RCC_GetClocksFreq  stm32f4xx_rcc.o
    0x08000580   0x08000580   0x0000006c   Code   RO          745    i.SPI1_IRQHandler   spi_1.o
    0x080005ec   0x080005ec   0x00000012   Code   RO         3076    i.SPI_I2S_GetFlagStatus  stm32f4xx_spi.o
    0x080005fe   0x080005fe   0x00000002   PAD
    0x08000600   0x08000600   0x00000110   Code   RO         4094    i.SetSysClock       system_stm32f4xx.o
    0x08000710   0x08000710   0x00000018   Code   RO            4    i.SysTick_Handler   time_service.o
    0x08000728   0x08000728   0x00000068   Code   RO         4096    i.SystemInit        system_stm32f4xx.o
    0x08000790   0x08000790   0x00000020   Code   RO         3238    i.TIM_BDTRConfig    stm32f4xx_tim.o
    0x080007b0   0x080007b0   0x00000018   Code   RO         3249    i.TIM_Cmd           stm32f4xx_tim.o
    0x080007c8   0x080007c8   0x0000001e   Code   RO         3251    i.TIM_CtrlPWMOutputs  stm32f4xx_tim.o
    0x080007e6   0x080007e6   0x00000002   PAD
    0x080007e8   0x080007e8   0x0000007c   Code   RO         3278    i.TIM_OC1Init       stm32f4xx_tim.o
    0x08000864   0x08000864   0x000000a4   Code   RO         3283    i.TIM_OC2Init       stm32f4xx_tim.o
    0x08000908   0x08000908   0x000000a0   Code   RO         3288    i.TIM_OC3Init       stm32f4xx_tim.o
    0x080009a8   0x080009a8   0x00000078   Code   RO         3293    i.TIM_OC4Init       stm32f4xx_tim.o
    0x08000a20   0x08000a20   0x00000004   Code   RO         3311    i.TIM_SetCompare1   stm32f4xx_tim.o
    0x08000a24   0x08000a24   0x00000004   Code   RO         3312    i.TIM_SetCompare2   stm32f4xx_tim.o
    0x08000a28   0x08000a28   0x00000004   Code   RO         3313    i.TIM_SetCompare3   stm32f4xx_tim.o
    0x08000a2c   0x08000a2c   0x00000004   Code   RO         3314    i.TIM_SetCompare4   stm32f4xx_tim.o
    0x08000a30   0x08000a30   0x00000084   Code   RO         3321    i.TIM_TimeBaseInit  stm32f4xx_tim.o
    0x08000ab4   0x08000ab4   0x000000a0   Code   RO         1147    i.USART1_IRQHandler  usart1.o
    0x08000b54   0x08000b54   0x000000a8   Code   RO         1205    i.USART2_IRQHandler  usart2.o
    0x08000bfc   0x08000bfc   0x000000a8   Code   RO         1259    i.USART3_IRQHandler  usart3.o
    0x08000ca4   0x08000ca4   0x000000a8   Code   RO         1313    i.USART6_IRQHandler  usart6.o
    0x08000d4c   0x08000d4c   0x0000001e   Code   RO         3803    i.USART_ClearITPendingBit  stm32f4xx_usart.o
    0x08000d6a   0x08000d6a   0x00000018   Code   RO         3806    i.USART_Cmd         stm32f4xx_usart.o
    0x08000d82   0x08000d82   0x0000004a   Code   RO         3812    i.USART_ITConfig    stm32f4xx_usart.o
    0x08000dcc   0x08000dcc   0x000000d4   Code   RO         3813    i.USART_Init        stm32f4xx_usart.o
    0x08000ea0   0x08000ea0   0x00000018   Code   RO         3829    i.USART_StructInit  stm32f4xx_usart.o
    0x08000eb8   0x08000eb8   0x0000020c   Code   RO          990    i._ZN12omniplatform4moveEfffff  omniplatform.o
    0x080010c4   0x080010c4   0x00000044   Code   RO          992    i._ZN12omniplatformC1ER5MotorS1_S1_S1_  omniplatform.o
    0x08001108   0x08001108   0x00000060   Code   RO            5    i._ZN12time_service4initEv  time_service.o
    0x08001168   0x08001168   0x00000024   Code   RO            6    i._ZN12time_service5delayEj  time_service.o
    0x0800118c   0x0800118c   0x0000000c   Code   RO            7    i._ZN12time_service6millisEv  time_service.o
    0x08001198   0x08001198   0x00000012   Code   RO            9    i._ZN12time_service9startTimeEv  time_service.o
    0x080011aa   0x080011aa   0x00000038   Code   RO          419    i._ZN3I2C12generateStopEv  i2c.o
    0x080011e2   0x080011e2   0x0000004a   Code   RO          420    i._ZN3I2C13generateStartEv  i2c.o
    0x0800122c   0x0800122c   0x0000004e   Code   RO          421    i._ZN3I2C4readEv    i2c.o
    0x0800127a   0x0800127a   0x00000038   Code   RO          422    i._ZN3I2C4sendEh    i2c.o
    0x080012b2   0x080012b2   0x0000001c   Code   RO          423    i._ZN3I2C5delayEv   i2c.o
    0x080012ce   0x080012ce   0x0000000c   Code   RO          424    i._ZN3I2C6sclLowEv  i2c.o
    0x080012da   0x080012da   0x0000000e   Code   RO          425    i._ZN3I2C6sdaLowEv  i2c.o
    0x080012e8   0x080012e8   0x00000044   Code   RO          426    i._ZN3I2C7readAchEv  i2c.o
    0x0800132c   0x0800132c   0x0000000c   Code   RO          427    i._ZN3I2C7sclHighEv  i2c.o
    0x08001338   0x08001338   0x0000000e   Code   RO          429    i._ZN3I2C7sdaHighEv  i2c.o
    0x08001346   0x08001346   0x00000022   Code   RO          430    i._ZN3I2C7sdaReadEv  i2c.o
    0x08001368   0x08001368   0x0000003c   Code   RO          433    i._ZN3I2C8writeBitEb  i2c.o
    0x080013a4   0x080013a4   0x0000002e   Code   RO          434    i._ZN3I2CC1ER3PinS1_  i2c.o
    0x080013d2   0x080013d2   0x00000002   PAD
    0x080013d4   0x080013d4   0x00000134   Code   RO          181    i._ZN3Pin12RCC_ClockCmdEv  pin.o
    0x08001508   0x08001508   0x000000f4   Code   RO          182    i._ZN3Pin12setTimParamsEt  pin.o
    0x080015fc   0x080015fc   0x00000028   Code   RO          183    i._ZN3Pin13setAFforUSARTEt  pin.o
    0x08001624   0x08001624   0x00000044   Code   RO          184    i._ZN3Pin3pwmEj     pin.o
    0x08001668   0x08001668   0x00000006   Code   RO          186    i._ZN3Pin6getPinEv  pin.o
    0x0800166e   0x0800166e   0x00000010   Code   RO          187    i._ZN3Pin6setBitEv  pin.o
    0x0800167e   0x0800167e   0x000000cc   Code   RO          188    i._ZN3Pin6setPinEh  pin.o
    0x0800174a   0x0800174a   0x00000002   PAD
    0x0800174c   0x0800174c   0x00000108   Code   RO          189    i._ZN3Pin7pwmInitEsjh  pin.o
    0x08001854   0x08001854   0x00000074   Code   RO          190    i._ZN3Pin7setGPIOEc  pin.o
    0x080018c8   0x080018c8   0x00000006   Code   RO          191    i._ZN3Pin8getGPIOxEv  pin.o
    0x080018ce   0x080018ce   0x00000010   Code   RO          192    i._ZN3Pin8resetBitEv  pin.o
    0x080018de   0x080018de   0x00000008   Code   RO          193    i._ZN3Pin9getPeriodEv  pin.o
    0x080018e6   0x080018e6   0x00000002   PAD
    0x080018e8   0x080018e8   0x00000234   Code   RO          194    i._ZN3PinC1Echt     pin.o
    0x08001b1c   0x08001b1c   0x0000000c   Code   RO          536    i._ZN5Motor11getMaxSpeedEv  motor.o
    0x08001b28   0x08001b28   0x0000006c   Code   RO          537    i._ZN5Motor2goEs    motor.o
    0x08001b94   0x08001b94   0x00000022   Code   RO          539    i._ZN5MotorC1ER3PinS1_  motor.o
    0x08001bb6   0x08001bb6   0x00000002   PAD
    0x08001bb8   0x08001bb8   0x00000168   Code   RO         1148    i._ZN5uart110usart1InitEjfh  usart1.o
    0x08001d20   0x08001d20   0x00000048   Code   RO         1149    i._ZN5uart14readEv  usart1.o
    0x08001d68   0x08001d68   0x00000034   Code   RO         1151    i._ZN5uart19availableEv  usart1.o
    0x08001d9c   0x08001d9c   0x00000168   Code   RO         1206    i._ZN5uart210usart2InitEjfh  usart2.o
    0x08001f04   0x08001f04   0x00000048   Code   RO         1207    i._ZN5uart24readEv  usart2.o
    0x08001f4c   0x08001f4c   0x00000034   Code   RO         1209    i._ZN5uart29availableEv  usart2.o
    0x08001f80   0x08001f80   0x00000168   Code   RO         1260    i._ZN5uart310usart3InitEjfh  usart3.o
    0x080020e8   0x080020e8   0x00000048   Code   RO         1261    i._ZN5uart34readEv  usart3.o
    0x08002130   0x08002130   0x00000034   Code   RO         1263    i._ZN5uart39availableEv  usart3.o
    0x08002164   0x08002164   0x00000168   Code   RO         1314    i._ZN5uart610usart6InitEjfh  usart6.o
    0x080022cc   0x080022cc   0x00000048   Code   RO         1315    i._ZN5uart64readEv  usart6.o
    0x08002314   0x08002314   0x00000034   Code   RO         1317    i._ZN5uart69availableEv  usart6.o
    0x08002348   0x08002348   0x00000008   Code   RO         1045    i._ZN8gyro_imu11getRotationEv  imu_usart.o
    0x08002350   0x08002350   0x00000006   Code   RO         1046    i._ZN8gyro_imu12setZeroAngleEv  imu_usart.o
    0x08002356   0x08002356   0x00000008   Code   RO         1047    i._ZN8gyro_imu14getMaxRotationEv  imu_usart.o
    0x0800235e   0x0800235e   0x00000008   Code   RO         1048    i._ZN8gyro_imu15getCurrentAngleEv  imu_usart.o
    0x08002366   0x08002366   0x00000042   Code   RO         1049    i._ZN8gyro_imu20setRotationForTargetEv  imu_usart.o
    0x080023a8   0x080023a8   0x00000110   Code   RO         1050    i._ZN8gyro_imu4readEv  imu_usart.o
    0x080024b8   0x080024b8   0x00000020   Code   RO         1051    i._ZN8gyro_imu6adductEs  imu_usart.o
    0x080024d8   0x080024d8   0x00000056   Code   RO         1053    i._ZN8gyro_imu9initUSARTEh  imu_usart.o
    0x0800252e   0x0800252e   0x00000004   Code   RO         1054    i._ZN8gyro_imu9setTargetEs  imu_usart.o
    0x08002532   0x08002532   0x00000024   Code   RO         1055    i._ZN8gyro_imuC1ER3PinS1_h  imu_usart.o
    0x08002556   0x08002556   0x00000002   PAD
    0x08002558   0x08002558   0x00000188   Code   RO         1505    i._ZN9IRLocator11angleOffsetEff  ir_locator.o
    0x080026e0   0x080026e0   0x000000ac   Code   RO         1506    i._ZN9IRLocator11convertDistEd  ir_locator.o
    0x0800278c   0x0800278c   0x00000020   Code   RO         1507    i._ZN9IRLocator6adductEs  ir_locator.o
    0x080027ac   0x080027ac   0x00000008   Code   RO         1508    i._ZN9IRLocator7getDistEv  ir_locator.o
    0x080027b4   0x080027b4   0x00000066   Code   RO         1509    i._ZN9IRLocator8getAngleEv  ir_locator.o
    0x0800281a   0x0800281a   0x0000006a   Code   RO         1510    i._ZN9IRLocator8getValueEh  ir_locator.o
    0x08002884   0x08002884   0x0000001a   Code   RO         1511    i._ZN9IRLocatorC1ER3I2Cj  ir_locator.o
    0x0800289e   0x0800289e   0x00000018   Code   RO         1020    i._ZSt3sinf         omniplatform.o
    0x080028b6   0x080028b6   0x00000030   Code   RO         4412    i.__ARM_fpclassify  m_wm.l(fpclassify.o)
    0x080028e6   0x080028e6   0x00000026   Code   RO         4414    i.__ARM_fpclassifyf  m_wm.l(fpclassifyf.o)
    0x0800290c   0x0800290c   0x00000004   PAD
    0x08002910   0x08002910   0x00000c50   Code   RO         4321    i.__hardfp_pow      m_wm.l(pow.o)
    0x08003560   0x08003560   0x00000190   Code   RO         4347    i.__hardfp_sinf     m_wm.l(sinf.o)
    0x080036f0   0x080036f0   0x000000f8   Code   RO         4430    i.__kernel_poly     m_wm.l(poly.o)
    0x080037e8   0x080037e8   0x00000030   Code   RO         4392    i.__mathlib_dbl_divzero  m_wm.l(dunder.o)
    0x08003818   0x08003818   0x00000014   Code   RO         4394    i.__mathlib_dbl_infnan2  m_wm.l(dunder.o)
    0x0800382c   0x0800382c   0x00000004   PAD
    0x08003830   0x08003830   0x00000020   Code   RO         4395    i.__mathlib_dbl_invalid  m_wm.l(dunder.o)
    0x08003850   0x08003850   0x00000020   Code   RO         4396    i.__mathlib_dbl_overflow  m_wm.l(dunder.o)
    0x08003870   0x08003870   0x00000020   Code   RO         4398    i.__mathlib_dbl_underflow  m_wm.l(dunder.o)
    0x08003890   0x08003890   0x00000006   Code   RO         4417    i.__mathlib_flt_infnan  m_wm.l(funder.o)
    0x08003896   0x08003896   0x00000002   PAD
    0x08003898   0x08003898   0x00000010   Code   RO         4419    i.__mathlib_flt_invalid  m_wm.l(funder.o)
    0x080038a8   0x080038a8   0x00000010   Code   RO         4422    i.__mathlib_flt_underflow  m_wm.l(funder.o)
    0x080038b8   0x080038b8   0x00000154   Code   RO         4438    i.__mathlib_rredf2  m_wm.l(rredf.o)
    0x08003a0c   0x08003a0c   0x00000004   Code   RO         4000    i._sys_exit         retarget.o
    0x08003a10   0x08003a10   0x00000018   Code   RO         4408    i.fabs              m_wm.l(fabs.o)
    0x08003a28   0x08003a28   0x00000458   Code   RO         1589    i.main              main.o
    0x08003e80   0x08003e80   0x0000006e   Code   RO         4449    i.sqrt              m_wm.l(sqrt.o)
    0x08003eee   0x08003eee   0x00000018   Code   RO         4221    x$fpl$basic         fz_wm.l(basic.o)
    0x08003f06   0x08003f06   0x00000002   PAD
    0x08003f08   0x08003f08   0x00000062   Code   RO         4223    x$fpl$d2f           fz_wm.l(d2f.o)
    0x08003f6a   0x08003f6a   0x00000002   PAD
    0x08003f6c   0x08003f6c   0x00000150   Code   RO         4225    x$fpl$dadd          fz_wm.l(daddsub_clz.o)
    0x080040bc   0x080040bc   0x00000010   Code   RO         4479    x$fpl$dcheck1       fz_wm.l(dcheck1.o)
    0x080040cc   0x080040cc   0x00000018   Code   RO         4362    x$fpl$dcmpinf       fz_wm.l(dcmpi.o)
    0x080040e4   0x080040e4   0x000002b0   Code   RO         4232    x$fpl$ddiv          fz_wm.l(ddiv.o)
    0x08004394   0x08004394   0x00000078   Code   RO         4235    x$fpl$deqf          fz_wm.l(deqf.o)
    0x0800440c   0x0800440c   0x0000002e   Code   RO         4242    x$fpl$dflt          fz_wm.l(dflt_clz.o)
    0x0800443a   0x0800443a   0x00000002   PAD
    0x0800443c   0x0800443c   0x00000078   Code   RO         4251    x$fpl$dleqf         fz_wm.l(dleqf.o)
    0x080044b4   0x080044b4   0x00000154   Code   RO         4253    x$fpl$dmul          fz_wm.l(dmul.o)
    0x08004608   0x08004608   0x0000009c   Code   RO         4364    x$fpl$dnaninf       fz_wm.l(dnaninf.o)
    0x080046a4   0x080046a4   0x0000000c   Code   RO         4366    x$fpl$dretinf       fz_wm.l(dretinf.o)
    0x080046b0   0x080046b0   0x0000006c   Code   RO         4255    x$fpl$drleqf        fz_wm.l(drleqf.o)
    0x0800471c   0x0800471c   0x00000016   Code   RO         4226    x$fpl$drsb          fz_wm.l(daddsub_clz.o)
    0x08004732   0x08004732   0x00000002   PAD
    0x08004734   0x08004734   0x00000198   Code   RO         4485    x$fpl$dsqrt         fz_wm.l(dsqrt_umaal.o)
    0x080048cc   0x080048cc   0x000001d4   Code   RO         4227    x$fpl$dsub          fz_wm.l(daddsub_clz.o)
    0x08004aa0   0x08004aa0   0x00000056   Code   RO         4257    x$fpl$f2d           fz_wm.l(f2d.o)
    0x08004af6   0x08004af6   0x0000008c   Code   RO         4368    x$fpl$fnaninf       fz_wm.l(fnaninf.o)
    0x08004b82   0x08004b82   0x0000000a   Code   RO         4560    x$fpl$fpinit        fz_wm.l(fpinit.o)
    0x08004b8c   0x08004b8c   0x0000000a   Code   RO         4370    x$fpl$fretinf       fz_wm.l(fretinf.o)
    0x08004b96   0x08004b96   0x00000064   Code   RO         4500    x$fpl$retnan        fz_wm.l(retnan.o)
    0x08004bfa   0x08004bfa   0x0000005c   Code   RO         4372    x$fpl$scalbn        fz_wm.l(scalbn.o)
    0x08004c56   0x08004c56   0x00000030   Code   RO         4549    x$fpl$trapveneer    fz_wm.l(trapv.o)
    0x08004c86   0x08004c86   0x00000000   Code   RO         4374    x$fpl$usenofp       fz_wm.l(usenofp.o)
    0x08004c86   0x08004c86   0x0000003d   Data   RO         4013    .constdata          retarget.o
    0x08004cc3   0x08004cc3   0x00000005   PAD
    0x08004cc8   0x08004cc8   0x00000088   Data   RO         4324    .constdata          m_wm.l(pow.o)
    0x08004d50   0x08004d50   0x00000008   Data   RO         4432    .constdata          m_wm.l(qnan.o)
    0x08004d58   0x08004d58   0x00000020   Data   RO         4439    .constdata          m_wm.l(rredf.o)
    0x08004d78   0x08004d78   0x00000020   Data   RO         4621    Region$$Table       anon$$obj.o


    Execution Region RW_IRAM1 (Exec base: 0x20000000, Load base: 0x08004d98, Size: 0x00002008, Max: 0x00020000, ABSOLUTE)

    Exec Addr    Load Addr    Size         Type   Attr      Idx    E Section Name        Object

    0x20000000   0x08004d98   0x00000008   Data   RW           16    .data               time_service.o
    0x20000008   0x08004da0   0x00000016   Data   RW          756    .data               spi_1.o
    0x2000001e   0x08004db6   0x00000019   Data   RW         1157    .data               usart1.o
    0x20000037   0x08004dcf   0x00000001   PAD
    0x20000038   0x08004dd0   0x00000019   Data   RW         1215    .data               usart2.o
    0x20000051   0x08004de9   0x00000001   PAD
    0x20000052   0x08004dea   0x00000019   Data   RW         1269    .data               usart3.o
    0x2000006b   0x08004e03   0x00000001   PAD
    0x2000006c   0x08004e04   0x00000019   Data   RW         1323    .data               usart6.o
    0x20000085   0x08004e1d   0x00000010   Data   RW         2774    .data               stm32f4xx_rcc.o
    0x20000095   0x08004e2d   0x00000003   PAD
    0x20000098        -       0x00000020   Zero   RW          755    .bss                spi_1.o
    0x200000b8        -       0x00000060   Zero   RW         4488    .bss                c_w.l(libspace.o)
    0x20000118        -       0x00000f00   Zero   RW         4085    HEAP                startup_stm32f407xx.o
    0x20001018        -       0x00000ff0   Zero   RW         4084    STACK               startup_stm32f407xx.o


==============================================================================

Image component sizes


      Code (inc. data)   RO Data    RW Data    ZI Data      Debug   Object Name

         0          0          0          0          0       1456   adc.o
       552          0          0          0          0       7948   i2c.o
       526          4          0          0          0       6628   imu_usart.o
       838         76          0          0          0       6866   ir_locator.o
      1112         42          0          0          0       5183   main.o
         0          0          0          0          0     256592   misc.o
       154          0          0          0          0       2408   motor.o
       616         30          0          0          0       3990   omniplatform.o
      1860        216          0          0          0       9416   pin.o
         4          0         61          0          0       2600   retarget.o
       108         16          0         22         32       5946   spi_1.o
        64         26        392          0       7920        860   startup_stm32f407xx.o
       222          0          0          0          0       9887   stm32f4xx_gpio.o
       328         36          0         16          0      19975   stm32f4xx_rcc.o
        18          0          0          0          0       9384   stm32f4xx_spi.o
       802         66          0          0          0      27591   stm32f4xx_tim.o
       364          8          0          0          0      10059   stm32f4xx_usart.o
       376         26          0          0          0       1285   system_stm32f4xx.o
       186         22          0          8          0     321985   time_service.o
       644         98          0         25          0      33099   usart1.o
       652        100          0         25          0       3484   usart2.o
       652        100          0         25          0       3484   usart3.o
       652        100          0         25          0       3484   usart6.o

    ----------------------------------------------------------------------
     10746        966        490        152       7952     753610   Object Totals
         0          0         32          0          0          0   (incl. Generated)
        16          0          5          6          0          0   (incl. Padding)

    ----------------------------------------------------------------------

      Code (inc. data)   RO Data    RW Data    ZI Data      Debug   Library Member Name

         8          0          0          0          0         68   __main.o
         0          0          0          0          0          0   __rtentry.o
        12          0          0          0          0          0   __rtentry2.o
         6          0          0          0          0          0   __rtentry4.o
        52          8          0          0          0          0   __scatter.o
        26          0          0          0          0          0   __scatter_copy.o
        28          0          0          0          0          0   __scatter_zi.o
        22          0          0          0          0        100   _rserrno.o
        18          0          0          0          0         80   exit.o
         6          0          0          0          0        152   heapauxi.o
         2          0          0          0          0          0   libinit.o
         6          0          0          0          0          0   libinit2.o
         2          0          0          0          0          0   libshutdown.o
         2          0          0          0          0          0   libshutdown2.o
         8          4          0          0         96         68   libspace.o
         8          4          0          0          0         68   rt_errno_addr_intlibspace.o
       100          0          0          0          0         80   rt_memcpy_w.o
         2          0          0          0          0          0   rtexit.o
        10          0          0          0          0          0   rtexit2.o
        74          0          0          0          0         80   sys_stackheap_outer.o
         2          0          0          0          0         68   use_no_semi.o
        24          0          0          0          0        164   basic.o
        98          4          0          0          0        140   d2f.o
       826         16          0          0          0        492   daddsub_clz.o
        16          4          0          0          0        116   dcheck1.o
        24          0          0          0          0        116   dcmpi.o
       688        140          0          0          0        256   ddiv.o
       120          4          0          0          0        140   deqf.o
        46          0          0          0          0        116   dflt_clz.o
       120          4          0          0          0        140   dleqf.o
       340         12          0          0          0        152   dmul.o
       156          4          0          0          0        140   dnaninf.o
        12          0          0          0          0        116   dretinf.o
       108          0          0          0          0        128   drleqf.o
       408         56          0          0          0        168   dsqrt_umaal.o
        86          4          0          0          0        132   f2d.o
       140          4          0          0          0        132   fnaninf.o
        10          0          0          0          0        116   fpinit.o
        10          0          0          0          0        116   fretinf.o
       100          0          0          0          0        116   retnan.o
        92          0          0          0          0        116   scalbn.o
        48          0          0          0          0        116   trapv.o
         0          0          0          0          0          0   usenofp.o
       164         44          0          0          0        620   dunder.o
        24          0          0          0          0        124   fabs.o
        48          0          0          0          0        124   fpclassify.o
        38          0          0          0          0        116   fpclassifyf.o
        38         12          0          0          0        348   funder.o
       248          0          0          0          0        152   poly.o
      3152        296        136          0          0        352   pow.o
         0          0          8          0          0          0   qnan.o
       340         24         32          0          0        160   rredf.o
       400         56          0          0          0        212   sinf.o
       110          0          0          0          0        148   sqrt.o

    ----------------------------------------------------------------------
      8452        700        176          0         96       6348   Library Totals
        24          0          0          0          0          0   (incl. Padding)

    ----------------------------------------------------------------------

      Code (inc. data)   RO Data    RW Data    ZI Data      Debug   Library Name

       394         16          0          0         96        764   c_w.l
      3472        252          0          0          0       3228   fz_wm.l
      4562        432        176          0          0       2356   m_wm.l

    ----------------------------------------------------------------------
      8452        700        176          0         96       6348   Library Totals

    ----------------------------------------------------------------------

==============================================================================


      Code (inc. data)   RO Data    RW Data    ZI Data      Debug   

     19198       1666        666        152       8048     746498   Grand Totals
     19198       1666        666        152       8048     746498   ELF Image Totals
     19198       1666        666        152          0          0   ROM Totals

==============================================================================

    Total RO  Size (Code + RO Data)                19864 (  19.40kB)
    Total RW  Size (RW Data + ZI Data)              8200 (   8.01kB)
    Total ROM Size (Code + RO Data + RW Data)      20016 (  19.55kB)

==============================================================================

