Component: ARM Compiler 5.06 update 7 (build 960) Tool: armlink [4d3601]

==============================================================================

Section Cross References

    main.o(i._Z10writeFLASHh) refers to stm32f4xx_flash.o(i.FLASH_Unlock) for FLASH_Unlock
    main.o(i._Z10writeFLASHh) refers to stm32f4xx_flash.o(i.FLASH_EraseSector) for FLASH_EraseSector
    main.o(i._Z10writeFLASHh) refers to stm32f4xx_flash.o(i.FLASH_ProgramWord) for FLASH_ProgramWord
    main.o(i._Z10writeFLASHh) refers to stm32f4xx_flash.o(i.FLASH_Lock) for FLASH_Lock
    main.o(i._Z9readFLASHv) refers to stm32f4xx_flash.o(i.FLASH_Unlock) for FLASH_Unlock
    main.o(i._ZN8Asterisk10calibratedEv) refers to main.o(.data) for Asterisk::imuCalibrated
    main.o(i._ZN8Asterisk15forwardStrategyEv) refers to forward.o(i._ZN7Forward16getTargetForwardEv) for Forward::getTargetForward()
    main.o(i._ZN8Asterisk15forwardStrategyEv) refers to imu_usart.o(i._ZN8gyro_imu9setTargetEf) for gyro_imu::setTarget(float)
    main.o(i._ZN8Asterisk15forwardStrategyEv) refers to imu_usart.o(i._ZN8gyro_imu20setRotationForTargetEv) for gyro_imu::setRotationForTarget()
    main.o(i._ZN8Asterisk15forwardStrategyEv) refers to imu_usart.o(i._ZN8gyro_imu11getRotationEv) for gyro_imu::getRotation()
    main.o(i._ZN8Asterisk15forwardStrategyEv) refers to main.o(i._ZSt3absf) for std::abs(float)
    main.o(i._ZN8Asterisk15forwardStrategyEv) refers to pin_1.o(i._ZN3Pin3setEb) for Pin::set(bool)
    main.o(i._ZN8Asterisk15forwardStrategyEv) refers to forward.o(i._ZN7Forward12setFieldZoneEv) for Forward::setFieldZone()
    main.o(i._ZN8Asterisk15forwardStrategyEv) refers to main.o(i._ZN8Asterisk20getVec2bToBallFollowEh) for Asterisk::getVec2bToBallFollow(unsigned char)
    main.o(i._ZN8Asterisk15forwardStrategyEv) refers to forward.o(i._ZN7Forward9checkOUTsEv) for Forward::checkOUTs()
    main.o(i._ZN8Asterisk15forwardStrategyEv) refers to forward.o(i._ZN7Forward10robotInOUTEv) for Forward::robotInOUT()
    main.o(i._ZN8Asterisk15forwardStrategyEv) refers to forward.o(i._ZN7Forward12setOUTVectorEh5Vec2b) for Forward::setOUTVector(unsigned char, Vec2b)
    main.o(i._ZN8Asterisk15forwardStrategyEv) refers to forward.o(i._ZN7Forward16robotInFreeFieldEv) for Forward::robotInFreeField()
    main.o(i._ZN8Asterisk15forwardStrategyEv) refers to time_service.o(i._ZN12time_service6millisEv) for time_service::millis()
    main.o(i._ZN8Asterisk15forwardStrategyEv) refers to forward.o(i._ZN7Forward11resetCountsEv) for Forward::resetCounts()
    main.o(i._ZN8Asterisk15forwardStrategyEv) refers to processing_coord.o(i._ZN15ProcessingCoord13getVecToPointEss) for ProcessingCoord::getVecToPoint(short, short)
    main.o(i._ZN8Asterisk15forwardStrategyEv) refers to processing_coord.o(i._ZN15ProcessingCoord9adduct180Es) for ProcessingCoord::adduct180(short)
    main.o(i._ZN8Asterisk15forwardStrategyEv) refers to forward.o(i._ZN7Forward12robotNearOUTEv) for Forward::robotNearOUT()
    main.o(i._ZN8Asterisk15forwardStrategyEv) refers to f2d.o(x$fpl$f2d) for __aeabi_f2d
    main.o(i._ZN8Asterisk15forwardStrategyEv) refers to forward.o(i._ZN7Forward12setNearSpeedEhf) for Forward::setNearSpeed(unsigned char, float)
    main.o(i._ZN8Asterisk15forwardStrategyEv) refers to vec2b.o(i._ZN5Vec2bC1Edd) for Vec2b::Vec2b(double, double)
    main.o(i._ZN8Asterisk15forwardStrategyEv) refers to forward.o(i._ZN7Forward10nearMyGoalEv) for Forward::nearMyGoal()
    main.o(i._ZN8Asterisk15forwardStrategyEv) refers to forward.o(i._ZN7Forward11vec2bOnGoalEff) for Forward::vec2bOnGoal(float, float)
    main.o(i._ZN8Asterisk15forwardStrategyEv) refers to forward.o(i._ZN7Forward11inEnemyGoalEv) for Forward::inEnemyGoal()
    main.o(i._ZN8Asterisk15forwardStrategyEv) refers to vec2b.o(i._ZN5Vec2bplERKS_) for Vec2b::operator +(const Vec2b&)
    main.o(i._ZN8Asterisk15forwardStrategyEv) refers to forward.o(i._ZN7Forward8inMyGoalEv) for Forward::inMyGoal()
    main.o(i._ZN8Asterisk15forwardStrategyEv) refers to forward.o(i._ZN7Forward10ballInBackEf) for Forward::ballInBack(float)
    main.o(i._ZN8Asterisk15forwardStrategyEv) refers to vec2b.o(i._ZN5Vec2bmLERKf) for Vec2b::operator *=(const float&)
    main.o(i._ZN8Asterisk15forwardStrategyEv) refers to drleqf.o(x$fpl$drleqf) for __aeabi_cdrcmple
    main.o(i._ZN8Asterisk15forwardStrategyEv) refers to vec2b.o(i._ZN5Vec2b8changeToES_) for Vec2b::changeTo(Vec2b)
    main.o(i._ZN8Asterisk15forwardStrategyEv) refers to imu_usart.o(i._ZN8gyro_imu14getMaxRotationEv) for gyro_imu::getMaxRotation()
    main.o(i._ZN8Asterisk15forwardStrategyEv) refers to main.o(.data) for Asterisk::doesntSeeGoals
    main.o(i._ZN8Asterisk15forwardStrategyEv) refers to main.o(.bss) for Asterisk::myForward
    main.o(i._ZN8Asterisk15forwardStrategyEv) refers to d2f.o(x$fpl$d2f) for __aeabi_d2f
    main.o(i._ZN8Asterisk15forwardStrategyEv) refers to omniplatform.o(i._ZN12omniplatform4moveEfffff) for omniplatform::move(float, float, float, float, float)
[...]
    Dma::Dma__sub_object(unsigned, Adc&, DMA_Stream_TypeDef*, unsigned, unsigned, unsigned char) 0x0800254f   Thumb Code     0  dma.o(i._ZN3DmaC1EjR3AdcP18DMA_Stream_TypeDefjjh)
    Pin::RCC_ClockCmd()                      0x0800258d   Thumb Code   256  pin_1.o(i._ZN3Pin12RCC_ClockCmdEv)
    Pin::setTimParams(unsigned short)        0x080026c1   Thumb Code   198  pin_1.o(i._ZN3Pin12setTimParamsEt)
    Pin::setAFforUSART(unsigned short)       0x080027b5   Thumb Code    40  pin_1.o(i._ZN3Pin13setAFforUSARTEt)
    Pin::pwm(unsigned)                       0x080027dd   Thumb Code    68  pin_1.o(i._ZN3Pin3pwmEj)
    Pin::set(bool)                           0x08002821   Thumb Code    32  pin_1.o(i._ZN3Pin3setEb)
    Pin::getPin()                            0x08002841   Thumb Code     6  pin_1.o(i._ZN3Pin6getPinEv)
    Pin::setPin(unsigned char)               0x08002847   Thumb Code   204  pin_1.o(i._ZN3Pin6setPinEh)
    Pin::pwmInit(short, unsigned, unsigned char) 0x08002915   Thumb Code   292  pin_1.o(i._ZN3Pin7pwmInitEsjh)
    Pin::readPin()                           0x08002a41   Thumb Code    24  pin_1.o(i._ZN3Pin7readPinEv)
    Pin::setGPIO(char)                       0x08002a59   Thumb Code    78  pin_1.o(i._ZN3Pin7setGPIOEc)
    Pin::getGPIOx()                          0x08002acd   Thumb Code     6  pin_1.o(i._ZN3Pin8getGPIOxEv)
    Pin::getPeriod()                         0x08002ad3   Thumb Code     8  pin_1.o(i._ZN3Pin9getPeriodEv)
    Pin::Pin(char, unsigned char, unsigned short) 0x08002add   Thumb Code   528  pin_1.o(i._ZN3PinC1Echt)
    Pin::Pin__sub_object(char, unsigned char, unsigned short) 0x08002add   Thumb Code     0  pin_1.o(i._ZN3PinC1Echt)
    TSOP::angleOffset(double, double, double) 0x08002d11   Thumb Code   498  tsop.o(i._ZN4TSOP11angleOffsetEddd)
    TSOP::convertDist(double)                0x08002f4d   Thumb Code   146  tsop.o(i._ZN4TSOP11convertDistEd)
    TSOP::updateTSOPs()                      0x08002ff9   Thumb Code   280  tsop.o(i._ZN4TSOP11updateTSOPsEv)
    TSOP::adduct(short)                      0x08003111   Thumb Code    32  tsop.o(i._ZN4TSOP6adductEs)
    TSOP::distBad(short)                     0x08003131   Thumb Code    16  tsop.o(i._ZN4TSOP7distBadEs)
    TSOP::getDist()                          0x08003141   Thumb Code     6  tsop.o(i._ZN4TSOP7getDistEv)
    TSOP::getAngle()                         0x08003147   Thumb Code     6  tsop.o(i._ZN4TSOP8getAngleEv)
    TSOP::calculate()                        0x0800314d   Thumb Code   274  tsop.o(i._ZN4TSOP9calculateEv)
    TSOP::TSOP(Pin&, Pin&, Pin&, Pin&, Pin&, Pin&) 0x08003275   Thumb Code   124  tsop.o(i._ZN4TSOPC1ER3PinS1_S1_S1_S1_S1_)
    TSOP::TSOP__sub_object(Pin&, Pin&, Pin&, Pin&, Pin&, Pin&) 0x08003275   Thumb Code     0  tsop.o(i._ZN4TSOPC1ER3PinS1_S1_S1_S1_S1_)
    Motor::getMaxSpeed()                     0x080032f5   Thumb Code    12  motor.o(i._ZN5Motor11getMaxSpeedEv)
    Motor::go(short)                         0x08003301   Thumb Code   108  motor.o(i._ZN5Motor2goEs)
    Motor::disable()                         0x0800336d   Thumb Code    24  motor.o(i._ZN5Motor7disableEv)
    Motor::Motor(Pin&, unsigned char, Pin&, unsigned char) 0x08003385   Thumb Code    70  motor.o(i._ZN5MotorC1ER3PinhS1_h)
    Motor::Motor__sub_object(Pin&, unsigned char, Pin&, unsigned char) 0x08003385   Thumb Code     0  motor.o(i._ZN5MotorC1ER3PinhS1_h)
    Vec2b::set(double, double)               0x080033cb   Thumb Code    10  vec2b.o(i._ZN5Vec2b3setEdd)
    Vec2b::changeTo(Vec2b)                   0x080033d5   Thumb Code   870  vec2b.o(i._ZN5Vec2b8changeToES_)
    Vec2b::Vec2b(double, double)             0x0800376d   Thumb Code    10  vec2b.o(i._ZN5Vec2bC1Edd)
    Vec2b::Vec2b__sub_object(double, double) 0x0800376d   Thumb Code     0  vec2b.o(i._ZN5Vec2bC1Edd)
    Vec2b::Vec2b()                           0x08003779   Thumb Code    18  vec2b.o(i._ZN5Vec2bC1Ev)
    Vec2b::Vec2b__sub_object()               0x08003779   Thumb Code     0  vec2b.o(i._ZN5Vec2bC1Ev)
    Vec2b::operator *=(const float&)         0x08003795   Thumb Code    70  vec2b.o(i._ZN5Vec2bmLERKf)
    Vec2b::operator +(const Vec2b&)          0x080037dd   Thumb Code   524  vec2b.o(i._ZN5Vec2bplERKS_)
    uart1::usart1Init(unsigned, float, unsigned char) 0x080039f9   Thumb Code   308  usart1.o(i._ZN5uart110usart1InitEjfh)
    uart1::read()                            0x08003b61   Thumb Code    62  usart1.o(i._ZN5uart14readEv)
    uart1::available()                       0x08003ba9   Thumb Code    44  usart1.o(i._ZN5uart19availableEv)
    uart2::usart2Init(unsigned, float, unsigned char) 0x08003bdd   Thumb Code   308  usart2.o(i._ZN5uart210usart2InitEjfh)
    uart2::read()                            0x08003d45   Thumb Code    62  usart2.o(i._ZN5uart24readEv)
    uart2::available()                       0x08003d8d   Thumb Code    44  usart2.o(i._ZN5uart29availableEv)
    uart3::usart3Init(unsigned, float, unsigned char) 0x08003dc1   Thumb Code   308  usart3.o(i._ZN5uart310usart3InitEjfh)
    uart3::read()                            0x08003f29   Thumb Code    62  usart3.o(i._ZN5uart34readEv)
    uart3::available()                       0x08003f71   Thumb Code    44  usart3.o(i._ZN5uart39availableEv)
    uart6::usart6Init(unsigned, float, unsigned char) 0x08003fa5   Thumb Code   308  usart6.o(i._ZN5uart610usart6InitEjfh)
    uart6::read()                            0x0800410d   Thumb Code    62  usart6.o(i._ZN5uart64readEv)
    uart6::available()                       0x08004155   Thumb Code    44  usart6.o(i._ZN5uart69availableEv)
    Button::pressed()                        0x08004189   Thumb Code   166  button.o(i._ZN6Button7pressedEv)
    Button::Button(Pin, bool)                0x0800422f   Thumb Code    40  button.o(i._ZN6ButtonC1E3Pinb)
    Button::Button__sub_object(Pin, bool)    0x0800422f   Thumb Code     0  button.o(i._ZN6ButtonC1E3Pinb)
    Kicker::getDMASignal()                   0x08004257   Thumb Code    18  kicker.o(i._ZN6Kicker12getDMASignalEv)
    Kicker::Kicker(Pin&, Dma&)               0x08004269   Thumb Code    34  kicker.o(i._ZN6KickerC1ER3PinR3Dma)
    Kicker::Kicker__sub_object(Pin&, Dma&)   0x08004269   Thumb Code     0  kicker.o(i._ZN6KickerC1ER3PinR3Dma)
    OpenMV::adductionMV(short)               0x08004295   Thumb Code    32  openmv.o(i._ZN6OpenMV11adductionMVEs)
    OpenMV::getDistBlue()                    0x080042b5   Thumb Code     8  openmv.o(i._ZN6OpenMV11getDistBlueEv)
    OpenMV::getAngleBlue()                   0x080042bd   Thumb Code     8  openmv.o(i._ZN6OpenMV12getAngleBlueEv)
    OpenMV::getDistYellow()                  0x080042c5   Thumb Code     8  openmv.o(i._ZN6OpenMV13getDistYellowEv)
    OpenMV::getAngleYellow()                 0x080042cd   Thumb Code     8  openmv.o(i._ZN6OpenMV14getAngleYellowEv)
    OpenMV::crc8(volatile unsigned char*, unsigned char) 0x080042d5   Thumb Code    58  openmv.o(i._ZN6OpenMV4crc8EPVhh)
    OpenMV::getX()                           0x0800430f   Thumb Code    18  openmv.o(i._ZN6OpenMV4getXEv)
    OpenMV::getY()                           0x08004321   Thumb Code    18  openmv.o(i._ZN6OpenMV4getYEv)
    OpenMV::read()                           0x08004333   Thumb Code   296  openmv.o(i._ZN6OpenMV4readEv)
    OpenMV::calculate(short, bool, bool)     0x0800445d   Thumb Code   680  openmv.o(i._ZN6OpenMV9calculateEsbb)
    OpenMV::initUSART(unsigned char)         0x08004719   Thumb Code    86  openmv.o(i._ZN6OpenMV9initUSARTEh)
    OpenMV::OpenMV(Pin&, Pin&, unsigned char) 0x08004771   Thumb Code    56  openmv.o(i._ZN6OpenMVC1ER3PinS1_h)
    OpenMV::OpenMV__sub_object(Pin&, Pin&, unsigned char) 0x08004771   Thumb Code     0  openmv.o(i._ZN6OpenMVC1ER3PinS1_h)
    Forward::ballInBack(float)               0x080047ad   Thumb Code   112  forward.o(i._ZN7Forward10ballInBackEf)
    Forward::myGoalLine(short, short)        0x0800482d   Thumb Code   132  forward.o(i._ZN7Forward10myGoalLineEss)
    Forward::nearMyGoal()                    0x080048c1   Thumb Code   306  forward.o(i._ZN7Forward10nearMyGoalEv)
    Forward::robotInOUT()                    0x08004a11   Thumb Code    18  forward.o(i._ZN7Forward10robotInOUTEv)
    Forward::getBallSide(float)              0x08004a25   Thumb Code    38  forward.o(i._ZN7Forward11getBallSideEf)
    Forward::inEnemyGoal()                   0x08004a51   Thumb Code    54  forward.o(i._ZN7Forward11inEnemyGoalEv)
    Forward::resetCounts()                   0x08004a87   Thumb Code     8  forward.o(i._ZN7Forward11resetCountsEv)
    Forward::vec2bOnGoal(float, float)       0x08004a91   Thumb Code   488  forward.o(i._ZN7Forward11vec2bOnGoalEff)
    Forward::robotNearOUT()                  0x08004c91   Thumb Code    78  forward.o(i._ZN7Forward12robotNearOUTEv)
    Forward::setFieldZone()                  0x08004cdf   Thumb Code   120  forward.o(i._ZN7Forward12setFieldZoneEv)
    Forward::setNearSpeed(unsigned char, float) 0x08004d59   Thumb Code   304  forward.o(i._ZN7Forward12setNearSpeedEhf)
    Forward::setOUTVector(unsigned char, Vec2b) 0x08004e8d   Thumb Code   404  forward.o(i._ZN7Forward12setOUTVectorEh5Vec2b)
    Forward::enemyGoalLine(short, short)     0x08005021   Thumb Code   116  forward.o(i._ZN7Forward13enemyGoalLineEss)
    Forward::isMyGoalCircle(short, short, short, short) 0x0800509d   Thumb Code   214  forward.o(i._ZN7Forward14isMyGoalCircleEssss)
    Forward::getTargetForward()              0x08005189   Thumb Code   122  forward.o(i._ZN7Forward16getTargetForwardEv)
    Forward::robotInFreeField()              0x08005215   Thumb Code    18  forward.o(i._ZN7Forward16robotInFreeFieldEv)
    Forward::getVecForMyCircle(short, short) 0x08005229   Thumb Code   170  forward.o(i._ZN7Forward17getVecForMyCircleEss)
    Forward::isEnemyGoalCircle(short, short, short, short) 0x080052dd   Thumb Code   246  forward.o(i._ZN7Forward17isEnemyGoalCircleEssss)
    Forward::getVecForEnemyCircle(short, short) 0x080053f5   Thumb Code   290  forward.o(i._ZN7Forward20getVecForEnemyCircleEss)
    Forward::inMyGoal()                      0x08005529   Thumb Code    54  forward.o(i._ZN7Forward8inMyGoalEv)
    Forward::checkOUTs()                     0x0800555f   Thumb Code   230  forward.o(i._ZN7Forward9checkOUTsEv)
    Forward::Forward()                       0x08005645   Thumb Code    28  forward.o(i._ZN7ForwardC1Ev)
    Forward::Forward__sub_object()           0x08005645   Thumb Code     0  forward.o(i._ZN7ForwardC1Ev)
    Asterisk::calibrated()                   0x08005661   Thumb Code     6  main.o(i._ZN8Asterisk10calibratedEv)
    Asterisk::forwardStrategy()              0x0800566d   Thumb Code  1310  main.o(i._ZN8Asterisk15forwardStrategyEv)
    Asterisk::goalkeeperStrategy()           0x08005ba1   Thumb Code  1458  main.o(i._ZN8Asterisk18goalkeeperStrategyEv)
    Asterisk::getVec2bToBallFollow(unsigned char) 0x08006189   Thumb Code   548  main.o(i._ZN8Asterisk20getVec2bToBallFollowEh)
    Asterisk::init(unsigned char, unsigned char, unsigned char) 0x08006419   Thumb Code   276  main.o(i._ZN8Asterisk4initEhhh)
    Asterisk::update()                       0x080065c5   Thumb Code  1250  main.o(i._ZN8Asterisk6updateEv)
    Asterisk::getRole()                      0x08006aad   Thumb Code     6  main.o(i._ZN8Asterisk7getRoleEv)
    Asterisk::mustLeave()                    0x08006ab9   Thumb Code   174  main.o(i._ZN8Asterisk9mustLeaveEv)
    gyro_imu::adduct0_360(float)             0x08006b8d   Thumb Code    54  imu_usart.o(i._ZN8gyro_imu11adduct0_360Ef)
    gyro_imu::getRotation()                  0x08006bc9   Thumb Code     8  imu_usart.o(i._ZN8gyro_imu11getRotationEv)
    gyro_imu::setZeroAngle()                 0x08006bd1   Thumb Code   232  imu_usart.o(i._ZN8gyro_imu12setZeroAngleEv)
    gyro_imu::calculateSoft(float, float)    0x08006cbd   Thumb Code   144  imu_usart.o(i._ZN8gyro_imu13calculateSoftEff)
    gyro_imu::getMaxRotation()               0x08006d5d   Thumb Code     8  imu_usart.o(i._ZN8gyro_imu14getMaxRotationEv)
    gyro_imu::getCurrentAngle()              0x08006d65   Thumb Code     8  imu_usart.o(i._ZN8gyro_imu15getCurrentAngleEv)
    gyro_imu::setRotationForTarget()         0x08006d6d   Thumb Code    86  imu_usart.o(i._ZN8gyro_imu20setRotationForTargetEv)
    gyro_imu::read()                         0x08006dc9   Thumb Code   268  imu_usart.o(i._ZN8gyro_imu4readEv)
    gyro_imu::adduct(short)                  0x08006ed9   Thumb Code    32  imu_usart.o(i._ZN8gyro_imu6adductEs)
    gyro_imu::initUSART(unsigned char)       0x08006ef9   Thumb Code    86  imu_usart.o(i._ZN8gyro_imu9initUSARTEh)
    gyro_imu::setTarget(float)               0x08006f51   Thumb Code    26  imu_usart.o(i._ZN8gyro_imu9setTargetEf)
    gyro_imu::gyro_imu(Pin&, Pin&, unsigned char) 0x08006f75   Thumb Code    42  imu_usart.o(i._ZN8gyro_imuC1ER3PinS1_h)
    gyro_imu::gyro_imu__sub_object(Pin&, Pin&, unsigned char) 0x08006f75   Thumb Code     0  imu_usart.o(i._ZN8gyro_imuC1ER3PinS1_h)
    BallVec2b::changeValues(bool)            0x08006fa5   Thumb Code   694  queues_ball.o(i._ZN9BallVec2b12changeValuesEb)
    BallVec2b::getCurrentVec2b()             0x0800725b   Thumb Code    48  queues_ball.o(i._ZN9BallVec2b15getCurrentVec2bEv)
    BallVec2b::getDerivativeAng()            0x0800728b   Thumb Code    10  queues_ball.o(i._ZN9BallVec2b16getDerivativeAngEv)
    BallVec2b::getDerivativeDist()           0x08007295   Thumb Code    10  queues_ball.o(i._ZN9BallVec2b17getDerivativeDistEv)
    BallVec2b::setTransitionBy360()          0x080072a1   Thumb Code   244  queues_ball.o(i._ZN9BallVec2b18setTransitionBy360Ev)
    BallVec2b::push(Vec2b, long long)        0x080073ad   Thumb Code   492  queues_ball.o(i._ZN9BallVec2b4pushE5Vec2bx)
    BallVec2b::adduct(double)                0x08007599   Thumb Code   110  queues_ball.o(i._ZN9BallVec2b6adductEd)
    BallVec2b::calculate()                   0x08007621   Thumb Code  1314  queues_ball.o(i._ZN9BallVec2b9calculateEv)
    BallVec2b::BallVec2b()                   0x08007b45   Thumb Code   160  queues_ball.o(i._ZN9BallVec2bC1Ev)
    BallVec2b::BallVec2b__sub_object()       0x08007b45   Thumb Code     0  queues_ball.o(i._ZN9BallVec2bC1Ev)
    Vec2bTime::set(double, double, unsigned, short) 0x08007bf9   Thumb Code    18  queues_ball.o(i._ZN9Vec2bTime3setEddjs)
    Vec2bTime::getLen()                      0x08007c0b   Thumb Code     6  queues_ball.o(i._ZN9Vec2bTime6getLenEv)
    Vec2bTime::correct()                     0x08007c11   Thumb Code    86  queues_ball.o(i._ZN9Vec2bTime7correctEv)
    Vec2bTime::getTime()                     0x08007c71   Thumb Code     6  queues_ball.o(i._ZN9Vec2bTime7getTimeEv)
    Vec2bTime::getAngle()                    0x08007c77   Thumb Code     6  queues_ball.o(i._ZN9Vec2bTime8getAngleEv)
    Vec2bTime::Vec2bTime()                   0x08007c7d   Thumb Code    14  queues_ball.o(i._ZN9Vec2bTimeC1Ev)
    Vec2bTime::Vec2bTime__sub_object()       0x08007c7d   Thumb Code     0  queues_ball.o(i._ZN9Vec2bTimeC1Ev)
    std::abs(double)                         0x08007c8b   Thumb Code    32  main.o(i._ZSt3absd)
    std::abs(float)                          0x08007cab   Thumb Code    10  main.o(i._ZSt3absf)
    std::cos(float)                          0x08007cb5   Thumb Code    24  openmv.o(i._ZSt3cosf)
    std::pow(double, int)                    0x08007ccd   Thumb Code    52  queues_ball.o(i._ZSt3powdi)
    std::pow(float, float)                   0x08007d01   Thumb Code    32  goalkeeper.o(i._ZSt3powff)
    std::pow(float, int)                     0x08007d21   Thumb Code    34  goalkeeper.o(i._ZSt3powfi)
    std::sin(float)                          0x08007d43   Thumb Code    24  openmv.o(i._ZSt3sinf)
    std::sqrt(float)                         0x08007d5b   Thumb Code    24  processing_coord.o(i._ZSt4sqrtf)
    std::atan2(float, float)                 0x08007d73   Thumb Code    32  goalkeeper.o(i._ZSt5atan2ff)
    __ARM_fpclassify                         0x08007d93   Thumb Code    48  fpclassify.o(i.__ARM_fpclassify)
    __ARM_fpclassifyf                        0x08007dc3   Thumb Code    38  fpclassifyf.o(i.__ARM_fpclassifyf)
    __aeabi_vec_ctor_nocookie_nodtor         0x08007de9   Thumb Code    36  aeabi_vec_ctor_nocookie_nodtor.o(i.__aeabi_vec_ctor_nocookie_nodtor)
    __hardfp_atan                            0x08007e11   Thumb Code   622  atan.o(i.__hardfp_atan)
    __hardfp_atan2                           0x080080e9   Thumb Code   448  atan2.o(i.__hardfp_atan2)
    __hardfp_atan2f                          0x080082e9   Thumb Code   594  atan2f.o(i.__hardfp_atan2f)
    __hardfp_cos                             0x08008599   Thumb Code   180  cos.o(i.__hardfp_cos)
    __hardfp_cosf                            0x08008661   Thumb Code   280  cosf.o(i.__hardfp_cosf)
    __hardfp_fabs                            0x080087b1   Thumb Code    20  fabs.o(i.__hardfp_fabs)
    __hardfp_pow                             0x080087c9   Thumb Code  3072  pow.o(i.__hardfp_pow)
    __hardfp_powf                            0x08009419   Thumb Code  1606  powf.o(i.__hardfp_powf)
    __mathlib_powf                           0x08009419   Thumb Code     0  powf.o(i.__hardfp_powf)
    __hardfp_sin                             0x08009a81   Thumb Code   180  sin.o(i.__hardfp_sin)
    __hardfp_sinf                            0x08009b49   Thumb Code   344  sinf.o(i.__hardfp_sinf)
    __hardfp_sqrt                            0x08009cd9   Thumb Code   122  sqrt.o(i.__hardfp_sqrt)
    __hardfp_sqrtf                           0x08009d53   Thumb Code    58  sqrtf.o(i.__hardfp_sqrtf)
    __ieee754_rem_pio2                       0x08009d91   Thumb Code   938  rred.o(i.__ieee754_rem_pio2)
    __kernel_cos                             0x0800a1c9   Thumb Code   322  cos_i.o(i.__kernel_cos)
    __kernel_poly                            0x0800a339   Thumb Code   248  poly.o(i.__kernel_poly)
    __kernel_sin                             0x0800a431   Thumb Code   280  sin_i.o(i.__kernel_sin)
    __mathlib_dbl_divzero                    0x0800a561   Thumb Code    28  dunder.o(i.__mathlib_dbl_divzero)
    __mathlib_dbl_infnan                     0x0800a591   Thumb Code    20  dunder.o(i.__mathlib_dbl_infnan)
    __mathlib_dbl_infnan2                    0x0800a5a5   Thumb Code    20  dunder.o(i.__mathlib_dbl_infnan2)
    __mathlib_dbl_invalid                    0x0800a5b9   Thumb Code    24  dunder.o(i.__mathlib_dbl_invalid)
    __mathlib_dbl_overflow                   0x0800a5d9   Thumb Code    24  dunder.o(i.__mathlib_dbl_overflow)
    __mathlib_dbl_underflow                  0x0800a5f9   Thumb Code    24  dunder.o(i.__mathlib_dbl_underflow)
    __mathlib_flt_divzero                    0x0800a619   Thumb Code    14  funder.o(i.__mathlib_flt_divzero)
    __mathlib_flt_infnan                     0x0800a62d   Thumb Code     6  funder.o(i.__mathlib_flt_infnan)
    __mathlib_flt_infnan2                    0x0800a633   Thumb Code     6  funder.o(i.__mathlib_flt_infnan2)
    __mathlib_flt_invalid                    0x0800a639   Thumb Code    10  funder.o(i.__mathlib_flt_invalid)
    __mathlib_flt_overflow                   0x0800a649   Thumb Code    10  funder.o(i.__mathlib_flt_overflow)
    __mathlib_flt_underflow                  0x0800a659   Thumb Code    10  funder.o(i.__mathlib_flt_underflow)
    __mathlib_rredf2                         0x0800a669   Thumb Code   316  rredf.o(i.__mathlib_rredf2)
    _sys_exit                                0x0800ac39   Thumb Code     4  retarget.o(i._sys_exit)
    atan                                     0x0800ac3d   Thumb Code    16  atan.o(i.atan)
    fabs                                     0x0800ac4d   Thumb Code    24  fabs.o(i.fabs)
    main                                     0x0800ac65   Thumb Code    52  main.o(i.main)
    sqrt                                     0x0800ac99   Thumb Code   110  sqrt.o(i.sqrt)
    __aeabi_dneg                             0x0800ad07   Thumb Code     0  basic.o(x$fpl$basic)
    _dneg                                    0x0800ad07   Thumb Code     6  basic.o(x$fpl$basic)
    __aeabi_fneg                             0x0800ad0d   Thumb Code     0  basic.o(x$fpl$basic)
    _fneg                                    0x0800ad0d   Thumb Code     6  basic.o(x$fpl$basic)
    _dabs                                    0x0800ad13   Thumb Code     6  basic.o(x$fpl$basic)
    _fabs                                    0x0800ad19   Thumb Code     6  basic.o(x$fpl$basic)
    __aeabi_d2f                              0x0800ad21   Thumb Code     0  d2f.o(x$fpl$d2f)
    _d2f                                     0x0800ad21   Thumb Code    98  d2f.o(x$fpl$d2f)
    __aeabi_dadd                             0x0800ad85   Thumb Code     0  daddsub_clz.o(x$fpl$dadd)
    _dadd                                    0x0800ad85   Thumb Code   332  daddsub_clz.o(x$fpl$dadd)
    __fpl_dcheck_NaN1                        0x0800aed5   Thumb Code    10  dcheck1.o(x$fpl$dcheck1)
    __fpl_dcmp_Inf                           0x0800aee5   Thumb Code    24  dcmpi.o(x$fpl$dcmpinf)
    __aeabi_ddiv                             0x0800aefd   Thumb Code     0  ddiv.o(x$fpl$ddiv)
    _ddiv                                    0x0800aefd   Thumb Code   552  ddiv.o(x$fpl$ddiv)
    __aeabi_cdcmpeq                          0x0800b1ad   Thumb Code     0  deqf.o(x$fpl$deqf)
    _dcmpeq                                  0x0800b1ad   Thumb Code   120  deqf.o(x$fpl$deqf)
    __aeabi_d2iz                             0x0800b225   Thumb Code     0  dfix.o(x$fpl$dfix)
    _dfix                                    0x0800b225   Thumb Code    94  dfix.o(x$fpl$dfix)
    __aeabi_i2d                              0x0800b283   Thumb Code     0  dflt_clz.o(x$fpl$dflt)
    _dflt                                    0x0800b283   Thumb Code    46  dflt_clz.o(x$fpl$dflt)
    __aeabi_l2d                              0x0800b2b1   Thumb Code     0  dfltll_clz.o(x$fpl$dfltll)
    _ll_sto_d                                0x0800b2b1   Thumb Code   162  dfltll_clz.o(x$fpl$dfltll)
    __aeabi_ui2d                             0x0800b353   Thumb Code     0  dflt_clz.o(x$fpl$dfltu)
    _dfltu                                   0x0800b353   Thumb Code    38  dflt_clz.o(x$fpl$dfltu)
    __aeabi_ul2d                             0x0800b379   Thumb Code     0  dfltll_clz.o(x$fpl$dfltull)
    _ll_uto_d                                0x0800b379   Thumb Code   138  dfltll_clz.o(x$fpl$dfltull)
    __aeabi_cdcmple                          0x0800b405   Thumb Code     0  dleqf.o(x$fpl$dleqf)
    _dcmple                                  0x0800b405   Thumb Code   120  dleqf.o(x$fpl$dleqf)
    __fpl_dcmple_InfNaN                      0x0800b467   Thumb Code     0  dleqf.o(x$fpl$dleqf)
    __aeabi_dmul                             0x0800b47d   Thumb Code     0  dmul.o(x$fpl$dmul)
    _dmul                                    0x0800b47d   Thumb Code   332  dmul.o(x$fpl$dmul)
    __fpl_dnaninf                            0x0800b5d1   Thumb Code   156  dnaninf.o(x$fpl$dnaninf)
    __fpl_dretinf                            0x0800b66d   Thumb Code    12  dretinf.o(x$fpl$dretinf)
    __aeabi_cdrcmple                         0x0800b679   Thumb Code     0  drleqf.o(x$fpl$drleqf)
    _drcmple                                 0x0800b679   Thumb Code   108  drleqf.o(x$fpl$drleqf)
    __aeabi_drsub                            0x0800b6e5   Thumb Code     0  daddsub_clz.o(x$fpl$drsb)
    _drsb                                    0x0800b6e5   Thumb Code    22  daddsub_clz.o(x$fpl$drsb)
    _dsqrt                                   0x0800b6fd   Thumb Code   404  dsqrt_umaal.o(x$fpl$dsqrt)
    __aeabi_dsub                             0x0800b895   Thumb Code     0  daddsub_clz.o(x$fpl$dsub)
    _dsub                                    0x0800b895   Thumb Code   464  daddsub_clz.o(x$fpl$dsub)
    __aeabi_f2d                              0x0800ba69   Thumb Code     0  f2d.o(x$fpl$f2d)
    _f2d                                     0x0800ba69   Thumb Code    86  f2d.o(x$fpl$f2d)
    __fpl_fnaninf                            0x0800babf   Thumb Code   140  fnaninf.o(x$fpl$fnaninf)
    _fp_init                                 0x0800bb4b   Thumb Code    10  fpinit.o(x$fpl$fpinit)
    __fplib_config_fpu_vfp                   0x0800bb53   Thumb Code     0  fpinit.o(x$fpl$fpinit)
    __fplib_config_pureend_doubles           0x0800bb53   Thumb Code     0  fpinit.o(x$fpl$fpinit)
    __fpl_fretinf                            0x0800bb55   Thumb Code    10  fretinf.o(x$fpl$fretinf)
    __fpl_return_NaN                         0x0800bb5f   Thumb Code   100  retnan.o(x$fpl$retnan)
    __ARM_scalbn                             0x0800bbc3   Thumb Code    92  scalbn.o(x$fpl$scalbn)
    __fpl_cmpreturn                          0x0800bc1f   Thumb Code    48  trapv.o(x$fpl$trapveneer)
    __I$use$fp                               0x0800bc4e   Number         0  usenofp.o(x$fpl$usenofp)
    __mathlib_zero                           0x0800bf20   Data           8  qnan.o(.constdata)
    Region$$Table$$Base                      0x0800c038   Number         0  anon$$obj.o(Region$$Table)
    Region$$Table$$Limit                     0x0800c058   Number         0  anon$$obj.o(Region$$Table)
    SHT$$INIT_ARRAY$$Base                    0x0800c058   Number         0  main.o(.init_array)
    SHT$$INIT_ARRAY$$Limit                   0x0800c05c   Number         0  init_aeabi.o(.init_array)
    Asterisk::ang                            0x20000000   Data           4  main.o(.data)
    Asterisk::angRes                         0x20000004   Data           4  main.o(.data)
    Asterisk::imuCalibrated                  0x20000008   Data           1  main.o(.data)
    Asterisk::pow                            0x2000000a   Data           2  main.o(.data)
    Asterisk::angleIMU                       0x2000000c   Data           4  main.o(.data)
    Asterisk::angSoft                        0x20000010   Data           4  main.o(.data)
    Asterisk::distSoft                       0x20000014   Data           4  main.o(.data)
    Asterisk::dist                           0x20000018   Data           4  main.o(.data)
    Asterisk::distOld                        0x2000001c   Data           4  main.o(.data)
    Asterisk::angOld                         0x20000020   Data           4  main.o(.data)
    Asterisk::t                              0x20000028   Data           8  main.o(.data)
    Asterisk::timeNotSeenBall                0x20000030   Data           8  main.o(.data)
    Asterisk::timeUpdateQueue                0x20000038   Data           8  main.o(.data)
    Asterisk::timeCheckLeave                 0x20000040   Data           8  main.o(.data)
    Asterisk::timeInLeaving                  0x20000048   Data           8  main.o(.data)
    Asterisk::timeCalibrEnd                  0x20000050   Data           8  main.o(.data)
    Asterisk::timeOUT                        0x20000058   Data           8  main.o(.data)
    Asterisk::x                              0x20000060   Data           2  main.o(.data)
    Asterisk::y                              0x20000062   Data           2  main.o(.data)
    Asterisk::xGkReturn                      0x20000064   Data           2  main.o(.data)
    Asterisk::yGkReturn                      0x20000066   Data           2  main.o(.data)
    Asterisk::angRaw                         0x20000068   Data           4  main.o(.data)
    Asterisk::angRawOld                      0x2000006c   Data           4  main.o(.data)
    Asterisk::distRaw                        0x20000070   Data           4  main.o(.data)
    Asterisk::distRaw2                       0x20000074   Data           4  main.o(.data)
    Asterisk::distSoftOld                    0x20000078   Data           4  main.o(.data)
    Asterisk::myGoal                         0x2000007c   Data           1  main.o(.data)
    Asterisk::myRole                         0x2000007d   Data           1  main.o(.data)
    Asterisk::dBl                            0x2000007e   Data           2  main.o(.data)
    Asterisk::dYe                            0x20000080   Data           2  main.o(.data)
    Asterisk::angBlue                        0x20000082   Data           2  main.o(.data)
    Asterisk::angYellow                      0x20000084   Data           2  main.o(.data)
    Asterisk::targetRaw                      0x20000088   Data           4  main.o(.data)
    Asterisk::target                         0x2000008c   Data           4  main.o(.data)
    Asterisk::speedForward                   0x20000090   Data           8  main.o(.data)
    Asterisk::angleBallGoal                  0x20000098   Data           2  main.o(.data)
    Asterisk::angToGoal                      0x2000009a   Data           2  main.o(.data)
    Asterisk::doesntSeeGoals                 0x2000009c   Data           1  main.o(.data)
    Asterisk::ang0_360                       0x2000009e   Data           2  main.o(.data)
    Asterisk::angY                           0x200000a0   Data           2  main.o(.data)
    Asterisk::myMode                         0x200000a2   Data           1  main.o(.data)
    Asterisk::seeBall                        0x200000a3   Data           1  main.o(.data)
    Asterisk::motorsWork                     0x200000a4   Data           1  main.o(.data)
    Asterisk::neverTurnMotors                0x200000a5   Data           1  main.o(.data)
    Asterisk::robotMustLeave                 0x200000a6   Data           1  main.o(.data)
    Asterisk::robotInOutOld                  0x200000a7   Data           1  main.o(.data)
    Asterisk::inLeave                        0x200000a8   Data           1  main.o(.data)
    Asterisk::inReturn                       0x200000a9   Data           1  main.o(.data)
    Asterisk::goFromOUT                      0x200000aa   Data           1  main.o(.data)
    Asterisk::goFromOutTime                  0x200000ab   Data           1  main.o(.data)
    Asterisk::kLen                           0x200000b0   Data           8  main.o(.data)
    Asterisk::kAng                           0x200000b8   Data           8  main.o(.data)
    Asterisk::volt                           0x200000c0   Data           8  main.o(.data)
    Asterisk::currLeaveTime                  0x200000c8   Data           2  main.o(.data)
    Asterisk::outStatus                      0x200000ca   Data           1  main.o(.data)
    Asterisk::outStatusNow                   0x200000cb   Data           1  main.o(.data)
    Asterisk::robotInOUT                     0x200000cc   Data           1  main.o(.data)
    Asterisk::xYellow                        0x200000d0   Data           4  main.o(.data)
    Asterisk::yYellow                        0x200000d4   Data           4  main.o(.data)
    Asterisk::xBlue                          0x200000d8   Data           4  main.o(.data)
    Asterisk::yBlue                          0x200000dc   Data           4  main.o(.data)
    Asterisk::capacitorADC                   0x200000e0   Data           4  main.o(.data)
    Asterisk::nearOUT                        0x200000e4   Data           1  main.o(.data)
    Asterisk::ballGrip                       0x200000e5   Data           1  main.o(.data)
    Asterisk::ballVal                        0x200000e6   Data           2  main.o(.data)
    Asterisk::globalAng2Ball                 0x200000e8   Data           4  main.o(.data)
    Asterisk::detourDir                      0x200000ec   Data           1  main.o(.data)
    Asterisk::thisButton                     0x200000ed   Data           1  main.o(.data)
    Asterisk::voltageDiv                     0x200000f0   Data           8  main.o(.data)
    Asterisk::ballSens                       0x200000f8   Data           8  main.o(.data)
    time_service::tim                        0x20000108   Data           8  time_service.o(.data)
    uart1::rx                                0x20000110   Data           8  usart1.o(.data)
    uart1::_rxCnt                            0x20000118   Data           2  usart1.o(.data)
    uart1::_txCnt                            0x2000011a   Data           2  usart1.o(.data)
    uart1::tx                                0x2000011c   Data           8  usart1.o(.data)
    uart1::_sendCnt                          0x20000124   Data           2  usart1.o(.data)
    uart1::_readCnt                          0x20000126   Data           2  usart1.o(.data)
    uart1::flag                              0x20000128   Data           1  usart1.o(.data)
    uart2::rx                                0x2000012a   Data           8  usart2.o(.data)
    uart2::_rxCnt                            0x20000132   Data           2  usart2.o(.data)
    uart2::_txCnt                            0x20000134   Data           2  usart2.o(.data)
    uart2::tx                                0x20000136   Data           8  usart2.o(.data)
    uart2::_sendCnt                          0x2000013e   Data           2  usart2.o(.data)
    uart2::_readCnt                          0x20000140   Data           2  usart2.o(.data)
    uart2::flag                              0x20000142   Data           1  usart2.o(.data)
    uart3::rx                                0x20000144   Data           8  usart3.o(.data)
    uart3::_rxCnt                            0x2000014c   Data           2  usart3.o(.data)
    uart3::_txCnt                            0x2000014e   Data           2  usart3.o(.data)
    uart3::tx                                0x20000150   Data           8  usart3.o(.data)
    uart3::_sendCnt                          0x20000158   Data           2  usart3.o(.data)
    uart3::_readCnt                          0x2000015a   Data           2  usart3.o(.data)
    uart3::flag                              0x2000015c   Data           1  usart3.o(.data)
    uart6::rx                                0x2000015e   Data           8  usart6.o(.data)
    uart6::_rxCnt                            0x20000166   Data           2  usart6.o(.data)
    uart6::_txCnt                            0x20000168   Data           2  usart6.o(.data)
    uart6::tx                                0x2000016a   Data           8  usart6.o(.data)
    uart6::_sendCnt                          0x20000172   Data           2  usart6.o(.data)
    uart6::_readCnt                          0x20000174   Data           2  usart6.o(.data)
    uart6::flag                              0x20000176   Data           1  usart6.o(.data)
    SPI_1::_spi_mode                         0x20000178   Data           4  spi_1.o(.data)
    SPI_1::_spi_direction                    0x2000017c   Data           4  spi_1.o(.data)
    SPI_1::_baud_rate                        0x20000180   Data           4  spi_1.o(.data)
    SPI_1::_first_bit                        0x20000184   Data           4  spi_1.o(.data)
    SPI_1::_cur_rx_read                      0x20000188   Data           2  spi_1.o(.data)
    SPI_1::_cur_rx_write                     0x2000018a   Data           2  spi_1.o(.data)
    SPI_1::_buf_size                         0x2000018c   Data           2  spi_1.o(.data)
    Asterisk::currentVector                  0x200001a0   Data          16  main.o(.bss)
    Asterisk::goToBall                       0x200001b0   Data          16  main.o(.bss)
    Asterisk::goOUT                          0x200001c0   Data          16  main.o(.bss)
    Asterisk::goTo                           0x200001d0   Data          16  main.o(.bss)
    Asterisk::tssps_                         0x200001e0   Data          32  main.o(.bss)
    Asterisk::voltageDividerPin              0x20000200   Data          64  main.o(.bss)
    Asterisk::voltageDividerPinADC           0x20000240   Data          64  main.o(.bss)
    Asterisk::voltageDividerDMA              0x20000280   Data          80  main.o(.bss)
    Asterisk::capacitorPin                   0x200002d0   Data          64  main.o(.bss)
    Asterisk::capacitorPinADC                0x20000310   Data          64  main.o(.bss)
    Asterisk::capacitor                      0x20000350   Data          80  main.o(.bss)
    Asterisk::ballSensPin                    0x200003a0   Data          64  main.o(.bss)
    Asterisk::ballSensADC                    0x200003e0   Data          64  main.o(.bss)
    Asterisk::ballSensDMA                    0x20000420   Data          80  main.o(.bss)
    Asterisk::tsop_in1                       0x20000470   Data          64  main.o(.bss)
    Asterisk::tsop_in2                       0x200004b0   Data          64  main.o(.bss)
    Asterisk::tsop_in3                       0x200004f0   Data          64  main.o(.bss)
    Asterisk::tsop_in4                       0x20000530   Data          64  main.o(.bss)
    Asterisk::tsopPin1                       0x20000570   Data          64  main.o(.bss)
    Asterisk::tsopPin2                       0x200005b0   Data          64  main.o(.bss)
    Asterisk::tsops                          0x200005f0   Data         424  main.o(.bss)
    Asterisk::tx_openMV                      0x20000798   Data          64  main.o(.bss)
    Asterisk::rx_openMV                      0x200007d8   Data          64  main.o(.bss)
    Asterisk::camera                         0x20000818   Data          40  main.o(.bss)
    Asterisk::reset_imu_pin                  0x20000840   Data          64  main.o(.bss)
    Asterisk::tx_imu                         0x20000880   Data          64  main.o(.bss)
    Asterisk::rx_imu                         0x200008c0   Data          64  main.o(.bss)
    Asterisk::gyro                           0x20000900   Data          16  main.o(.bss)
    Asterisk::kickerPin                      0x20000910   Data          64  main.o(.bss)
    Asterisk::kicker                         0x20000950   Data          32  main.o(.bss)
    Asterisk::button1                        0x20000970   Data          64  main.o(.bss)
    Asterisk::button2                        0x200009b0   Data          64  main.o(.bss)
    Asterisk::button3                        0x200009f0   Data          64  main.o(.bss)
    Asterisk::motorsButton                   0x20000a30   Data          80  main.o(.bss)
    Asterisk::butt2                          0x20000a80   Data          80  main.o(.bss)
    Asterisk::butt3                          0x20000ad0   Data          80  main.o(.bss)
    Asterisk::resetIMU                       0x20000b20   Data          80  main.o(.bss)
    Asterisk::swMotorPower                   0x20000b70   Data          64  main.o(.bss)
    Asterisk::swGoalChoose                   0x20000bb0   Data          64  main.o(.bss)
    Asterisk::swRoleChoose                   0x20000bf0   Data          64  main.o(.bss)
    Asterisk::switcher                       0x20000c30   Data          64  main.o(.bss)
    Asterisk::gkLED                          0x20000c70   Data          64  main.o(.bss)
    Asterisk::forwLED                        0x20000cb0   Data          64  main.o(.bss)
    Asterisk::blueGoalLED                    0x20000cf0   Data          64  main.o(.bss)
    Asterisk::yellowGoalLED                  0x20000d30   Data          64  main.o(.bss)
    Asterisk::led1                           0x20000d70   Data          64  main.o(.bss)
    Asterisk::led2                           0x20000db0   Data          64  main.o(.bss)
    Asterisk::led3                           0x20000df0   Data          64  main.o(.bss)
    Asterisk::motor1in1                      0x20000e30   Data          64  main.o(.bss)
    Asterisk::motor1in2                      0x20000e70   Data          64  main.o(.bss)
    Asterisk::motor1                         0x20000eb0   Data         128  main.o(.bss)
    Asterisk::motor2in1                      0x20000f30   Data          64  main.o(.bss)
    Asterisk::motor2in2                      0x20000f70   Data          64  main.o(.bss)
    Asterisk::motor2                         0x20000fb0   Data         128  main.o(.bss)
    Asterisk::motor3in1                      0x20001030   Data          64  main.o(.bss)
    Asterisk::motor3in2                      0x20001070   Data          64  main.o(.bss)
    Asterisk::motor3                         0x200010b0   Data         128  main.o(.bss)
    Asterisk::motor4in1                      0x20001130   Data          64  main.o(.bss)
    Asterisk::motor4in2                      0x20001170   Data          64  main.o(.bss)
    Asterisk::motor4                         0x200011b0   Data         128  main.o(.bss)
    Asterisk::omni                           0x20001230   Data         512  main.o(.bss)
    Asterisk::ball                           0x20001430   Data        3336  main.o(.bss)
    Asterisk::myForward                      0x20002138   Data          36  main.o(.bss)
    Asterisk::myGoalkeeper                   0x2000215c   Data          48  main.o(.bss)
    SPI_1::_rx_buffer                        0x2000218c   Data          32  spi_1.o(.bss)
    __libspace_start                         0x200021ac   Data          96  libspace.o(.bss)
    __temporary_stack_top$libspace           0x2000220c   Data           0  libspace.o(.bss)



==============================================================================

Memory Map of the image

  Image Entry point : 0x08000189

  Load Region LR_IROM1 (Base: 0x08000000, Size: 0x0000c1fc, Max: 0x00100000, ABSOLUTE, COMPRESSED[0x0000c06c])

    Execution Region ER_IROM1 (Exec base: 0x08000000, Load base: 0x08000000, Size: 0x0000c05c, Max: 0x00100000, ABSOLUTE)

    Exec Addr    Load Addr    Size         Type   Attr      Idx    E Section Name        Object

    0x08000000   0x08000000   0x00000188   Data   RO         5413    RESET               startup_stm32f407xx.o
    0x08000188   0x08000188   0x00000008   Code   RO         5546  * !!!main             c_w.l(__main.o)
    0x08000190   0x08000190   0x00000034   Code   RO         6116    !!!scatter          c_w.l(__scatter.o)
    0x080001c4   0x080001c4   0x0000005a   Code   RO         6114    !!dczerorl2         c_w.l(__dczerorl2.o)
    0x0800021e   0x0800021e   0x00000002   PAD
    0x08000220   0x08000220   0x0000001c   Code   RO         6118    !!handler_zi        c_w.l(__scatter_zi.o)
    0x0800023c   0x0800023c   0x00000002   Code   RO         5922    .ARM.Collect$$libinit$$00000000  c_w.l(libinit.o)
    0x0800023e   0x0800023e   0x00000004   Code   RO         5746    .ARM.Collect$$libinit$$00000001  c_w.l(libinit2.o)
    0x08000242   0x08000242   0x00000000   Code   RO         5749    .ARM.Collect$$libinit$$00000004  c_w.l(libinit2.o)
    0x08000242   0x08000242   0x00000000   Code   RO         5752    .ARM.Collect$$libinit$$0000000A  c_w.l(libinit2.o)
    0x08000242   0x08000242   0x00000000   Code   RO         5754    .ARM.Collect$$libinit$$0000000C  c_w.l(libinit2.o)
    0x08000242   0x08000242   0x00000000   Code   RO         5756    .ARM.Collect$$libinit$$0000000E  c_w.l(libinit2.o)
    0x08000242   0x08000242   0x00000000   Code   RO         5759    .ARM.Collect$$libinit$$00000011  c_w.l(libinit2.o)
    0x08000242   0x08000242   0x00000000   Code   RO         5761    .ARM.Collect$$libinit$$00000013  c_w.l(libinit2.o)
    0x08000242   0x08000242   0x00000000   Code   RO         5763    .ARM.Collect$$libinit$$00000015  c_w.l(libinit2.o)
    0x08000242   0x08000242   0x00000000   Code   RO         5765    .ARM.Collect$$libinit$$00000017  c_w.l(libinit2.o)
    0x08000242   0x08000242   0x00000000   Code   RO         5767    .ARM.Collect$$libinit$$00000019  c_w.l(libinit2.o)
    0x08000242   0x08000242   0x00000000   Code   RO         5769    .ARM.Collect$$libinit$$0000001B  c_w.l(libinit2.o)
    0x08000242   0x08000242   0x00000000   Code   RO         5771    .ARM.Collect$$libinit$$0000001D  c_w.l(libinit2.o)
    0x08000242   0x08000242   0x00000000   Code   RO         5773    .ARM.Collect$$libinit$$0000001F  c_w.l(libinit2.o)
    0x08000242   0x08000242   0x00000000   Code   RO         5775    .ARM.Collect$$libinit$$00000021  c_w.l(libinit2.o)
    0x08000242   0x08000242   0x00000000   Code   RO         5777    .ARM.Collect$$libinit$$00000023  c_w.l(libinit2.o)
    0x08000242   0x08000242   0x00000000   Code   RO         5779    .ARM.Collect$$libinit$$00000025  c_w.l(libinit2.o)
    0x08000242   0x08000242   0x00000000   Code   RO         5783    .ARM.Collect$$libinit$$0000002C  c_w.l(libinit2.o)
    0x08000242   0x08000242   0x00000000   Code   RO         5785    .ARM.Collect$$libinit$$0000002E  c_w.l(libinit2.o)
    0x08000242   0x08000242   0x00000000   Code   RO         5787    .ARM.Collect$$libinit$$00000030  c_w.l(libinit2.o)
    0x08000242   0x08000242   0x00000004   Code   RO         5788    .ARM.Collect$$libinit$$00000031  c_w.l(libinit2.o)
    0x08000246   0x08000246   0x00000000   Code   RO         5789    .ARM.Collect$$libinit$$00000032  c_w.l(libinit2.o)
    0x08000246   0x08000246   0x00000002   Code   RO         5790    .ARM.Collect$$libinit$$00000033  c_w.l(libinit2.o)
    0x08000248   0x08000248   0x00000002   Code   RO         6071    .ARM.Collect$$libshutdown$$00000000  c_w.l(libshutdown.o)
    0x0800024a   0x0800024a   0x00000000   Code   RO         6077    .ARM.Collect$$libshutdown$$00000002  c_w.l(libshutdown2.o)
    0x0800024a   0x0800024a   0x00000000   Code   RO         6079    .ARM.Collect$$libshutdown$$00000004  c_w.l(libshutdown2.o)
    0x0800024a   0x0800024a   0x00000000   Code   RO         6081    .ARM.Collect$$libshutdown$$00000006  c_w.l(libshutdown2.o)
    0x0800024a   0x0800024a   0x00000000   Code   RO         6084    .ARM.Collect$$libshutdown$$00000009  c_w.l(libshutdown2.o)
    0x0800024a   0x0800024a   0x00000000   Code   RO         6087    .ARM.Collect$$libshutdown$$0000000C  c_w.l(libshutdown2.o)
    0x0800024a   0x0800024a   0x00000000   Code   RO         6089    .ARM.Collect$$libshutdown$$0000000E  c_w.l(libshutdown2.o)
    0x0800024a   0x0800024a   0x00000000   Code   RO         6092    .ARM.Collect$$libshutdown$$00000011  c_w.l(libshutdown2.o)
    0x0800024a   0x0800024a   0x00000002   Code   RO         6093    .ARM.Collect$$libshutdown$$00000012  c_w.l(libshutdown2.o)
    0x0800024c   0x0800024c   0x00000000   Code   RO         5743    .ARM.Collect$$rtentry$$00000000  c_w.l(__rtentry.o)
    0x0800024c   0x0800024c   0x00000000   Code   RO         5878    .ARM.Collect$$rtentry$$00000002  c_w.l(__rtentry2.o)
    0x0800024c   0x0800024c   0x00000006   Code   RO         5890    .ARM.Collect$$rtentry$$00000004  c_w.l(__rtentry4.o)
    0x08000252   0x08000252   0x00000000   Code   RO         5880    .ARM.Collect$$rtentry$$00000009  c_w.l(__rtentry2.o)
    0x08000252   0x08000252   0x00000004   Code   RO         5881    .ARM.Collect$$rtentry$$0000000A  c_w.l(__rtentry2.o)
    0x08000256   0x08000256   0x00000000   Code   RO         5883    .ARM.Collect$$rtentry$$0000000C  c_w.l(__rtentry2.o)
    0x08000256   0x08000256   0x00000008   Code   RO         5884    .ARM.Collect$$rtentry$$0000000D  c_w.l(__rtentry2.o)
    0x0800025e   0x0800025e   0x00000002   Code   RO         5932    .ARM.Collect$$rtexit$$00000000  c_w.l(rtexit.o)
    0x08000260   0x08000260   0x00000000   Code   RO         6011    .ARM.Collect$$rtexit$$00000002  c_w.l(rtexit2.o)
    0x08000260   0x08000260   0x00000004   Code   RO         6012    .ARM.Collect$$rtexit$$00000003  c_w.l(rtexit2.o)
    0x08000264   0x08000264   0x00000006   Code   RO         6013    .ARM.Collect$$rtexit$$00000004  c_w.l(rtexit2.o)
    0x0800026a   0x0800026a   0x00000002   PAD
    0x0800026c   0x0800026c   0x00000040   Code   RO         5414    .text               startup_stm32f407xx.o
    0x080002ac   0x080002ac   0x00000002   Code   RO         5540    .text               c_w.l(use_no_semi.o)
    0x080002ae   0x080002ae   0x00000064   Code   RO         5542    .text               c_w.l(rt_memcpy_w.o)
    0x08000312   0x08000312   0x00000006   Code   RO         5544    .text               c_w.l(heapauxi.o)
    0x08000318   0x08000318   0x00000024   Code   RO         5551    .text               c_w.l(init_aeabi.o)
    0x0800033c   0x0800033c   0x00000016   Code   RO         5744    .text               c_w.l(_rserrno.o)
    0x08000352   0x08000352   0x00000002   PAD
    0x08000354   0x08000354   0x00000008   Code   RO         5895    .text               c_w.l(rt_errno_addr_intlibspace.o)
    0x0800035c   0x0800035c   0x00000008   Code   RO         5906    .text               c_w.l(libspace.o)
    0x08000364   0x08000364   0x0000004a   Code   RO         5909    .text               c_w.l(sys_stackheap_outer.o)
    0x080003ae   0x080003ae   0x00000012   Code   RO         5911    .text               c_w.l(exit.o)
    0x080003c0   0x080003c0   0x00000016   Code   RO         2980    i.ADC_Cmd           stm32f4xx_adc.o
    0x080003d6   0x080003d6   0x00000002   PAD
    0x080003d8   0x080003d8   0x00000030   Code   RO         2981    i.ADC_CommonInit    stm32f4xx_adc.o
    0x08000408   0x08000408   0x00000016   Code   RO         2984    i.ADC_DMACmd        stm32f4xx_adc.o
    0x0800041e   0x0800041e   0x00000016   Code   RO         2985    i.ADC_DMARequestAfterLastTransferCmd  stm32f4xx_adc.o
    0x08000434   0x08000434   0x00000016   Code   RO         2989    i.ADC_EOCOnEachRegularChannelCmd  stm32f4xx_adc.o
    0x0800044a   0x0800044a   0x00000002   PAD
    0x0800044c   0x0800044c   0x00000054   Code   RO         3000    i.ADC_Init          stm32f4xx_adc.o
    0x080004a0   0x080004a0   0x000000b8   Code   RO         3005    i.ADC_RegularChannelConfig  stm32f4xx_adc.o
    0x08000558   0x08000558   0x0000000a   Code   RO         3007    i.ADC_SoftwareStartConv  stm32f4xx_adc.o
    0x08000562   0x08000562   0x00000016   Code   RO         3669    i.DMA_Cmd           stm32f4xx_dma.o
    0x08000578   0x08000578   0x00000158   Code   RO         3670    i.DMA_DeInit        stm32f4xx_dma.o
    0x080006d0   0x080006d0   0x00000058   Code   RO         3681    i.DMA_Init          stm32f4xx_dma.o
    0x08000728   0x08000728   0x00000090   Code   RO         3803    i.GPIO_Init         stm32f4xx_gpio.o
    0x080007b8   0x080007b8   0x00000046   Code   RO         3804    i.GPIO_PinAFConfig  stm32f4xx_gpio.o
    0x080007fe   0x080007fe   0x00000008   Code   RO         3806    i.GPIO_ReadInputData  stm32f4xx_gpio.o
    0x08000806   0x08000806   0x00000004   Code   RO         3810    i.GPIO_ResetBits    stm32f4xx_gpio.o
    0x0800080a   0x0800080a   0x00000004   Code   RO         3811    i.GPIO_SetBits      stm32f4xx_gpio.o
    0x0800080e   0x0800080e   0x00000002   PAD
    0x08000810   0x08000810   0x00000020   Code   RO         4138    i.RCC_AHB1PeriphClockCmd  stm32f4xx_rcc.o
    0x08000830   0x08000830   0x00000020   Code   RO         4147    i.RCC_APB1PeriphClockCmd  stm32f4xx_rcc.o
    0x08000850   0x08000850   0x00000020   Code   RO         4150    i.RCC_APB2PeriphClockCmd  stm32f4xx_rcc.o
    0x08000870   0x08000870   0x000000e8   Code   RO         4159    i.RCC_GetClocksFreq  stm32f4xx_rcc.o
    0x08000958   0x08000958   0x0000006c   Code   RO         2675    i.SPI1_IRQHandler   spi_1.o
    0x080009c4   0x080009c4   0x00000012   Code   RO         4493    i.SPI_I2S_GetFlagStatus  stm32f4xx_spi.o
    0x080009d6   0x080009d6   0x00000002   PAD
    0x080009d8   0x080009d8   0x00000110   Code   RO         5421    i.SetSysClock       system_stm32f4xx.o
    0x08000ae8   0x08000ae8   0x00000018   Code   RO         1735    i.SysTick_Handler   time_service.o
    0x08000b00   0x08000b00   0x00000068   Code   RO         5423    i.SystemInit        system_stm32f4xx.o
    0x08000b68   0x08000b68   0x00000020   Code   RO         4655    i.TIM_BDTRConfig    stm32f4xx_tim.o
    0x08000b88   0x08000b88   0x00000018   Code   RO         4666    i.TIM_Cmd           stm32f4xx_tim.o
    0x08000ba0   0x08000ba0   0x0000001e   Code   RO         4668    i.TIM_CtrlPWMOutputs  stm32f4xx_tim.o
    0x08000bbe   0x08000bbe   0x00000002   PAD
    0x08000bc0   0x08000bc0   0x0000007c   Code   RO         4695    i.TIM_OC1Init       stm32f4xx_tim.o
    0x08000c3c   0x08000c3c   0x000000a4   Code   RO         4700    i.TIM_OC2Init       stm32f4xx_tim.o
    0x08000ce0   0x08000ce0   0x000000a0   Code   RO         4705    i.TIM_OC3Init       stm32f4xx_tim.o
    0x08000d80   0x08000d80   0x00000078   Code   RO         4710    i.TIM_OC4Init       stm32f4xx_tim.o
    0x08000df8   0x08000df8   0x00000004   Code   RO         4728    i.TIM_SetCompare1   stm32f4xx_tim.o
    0x08000dfc   0x08000dfc   0x00000004   Code   RO         4729    i.TIM_SetCompare2   stm32f4xx_tim.o
    0x08000e00   0x08000e00   0x00000004   Code   RO         4730    i.TIM_SetCompare3   stm32f4xx_tim.o
    0x08000e04   0x08000e04   0x00000004   Code   RO         4731    i.TIM_SetCompare4   stm32f4xx_tim.o
    0x08000e08   0x08000e08   0x00000084   Code   RO         4738    i.TIM_TimeBaseInit  stm32f4xx_tim.o
    0x08000e8c   0x08000e8c   0x000000a0   Code   RO         2147    i.USART1_IRQHandler  usart1.o
    0x08000f2c   0x08000f2c   0x000000a8   Code   RO         2208    i.USART2_IRQHandler  usart2.o
    0x08000fd4   0x08000fd4   0x000000a8   Code   RO         2262    i.USART3_IRQHandler  usart3.o
    0x0800107c   0x0800107c   0x000000a8   Code   RO         2316    i.USART6_IRQHandler  usart6.o
    0x08001124   0x08001124   0x0000001e   Code   RO         5220    i.USART_ClearITPendingBit  stm32f4xx_usart.o
    0x08001142   0x08001142   0x00000018   Code   RO         5223    i.USART_Cmd         stm32f4xx_usart.o
    0x0800115a   0x0800115a   0x0000004a   Code   RO         5229    i.USART_ITConfig    stm32f4xx_usart.o
    0x080011a4   0x080011a4   0x000000d4   Code   RO         5230    i.USART_Init        stm32f4xx_usart.o
    0x08001278   0x08001278   0x00000018   Code   RO         5246    i.USART_StructInit  stm32f4xx_usart.o
    0x08001290   0x08001290   0x00000038   Code   RO         1504    i._ZN10BallSensor10ballInGripEv  ballsensor.o
    0x080012c8   0x080012c8   0x00000018   Code   RO         1505    i._ZN10BallSensor8getValueEv  ballsensor.o
    0x080012e0   0x080012e0   0x00000008   Code   RO         1506    i._ZN10BallSensorC1ER3Dma  ballsensor.o
    0x080012e8   0x080012e8   0x00000004   Code   RO          369    i._ZN10Goalkeeper12setLeaveTimeEs  goalkeeper.o
    0x080012ec   0x080012ec   0x0000006c   Code   RO          370    i._ZN10Goalkeeper14getVecToReturnEv  goalkeeper.o
    0x08001358   0x08001358   0x00000050   Code   RO          371    i._ZN10Goalkeeper16changeFromReturnEv  goalkeeper.o
    0x080013a8   0x080013a8   0x00000074   Code   RO          372    i._ZN10Goalkeeper16getGoalkeeperPosEv  goalkeeper.o
    0x0800141c   0x0800141c   0x00000088   Code   RO          373    i._ZN10Goalkeeper17getTargetRadiusesEv  goalkeeper.o
    0x080014a4   0x080014a4   0x0000018c   Code   RO          374    i._ZN10Goalkeeper18getVecToGoalCenterEv  goalkeeper.o
    0x08001630   0x08001630   0x000000ac   Code   RO          375    i._ZN10Goalkeeper19getCurrentLeaveTimeEs  goalkeeper.o
    0x080016dc   0x080016dc   0x00000084   Code   RO          376    i._ZN10Goalkeeper19getTargetGoalkeeperEv  goalkeeper.o
    0x08001760   0x08001760   0x00000048   Code   RO          377    i._ZN10Goalkeeper20getCoeffToGoalCenterEf  goalkeeper.o
    0x080017a8   0x080017a8   0x00000564   Code   RO          378    i._ZN10Goalkeeper20getVecToIntersectionEs  goalkeeper.o
    0x08001d0c   0x08001d0c   0x00000030   Code   RO          379    i._ZN10GoalkeeperC1Ev  goalkeeper.o
    0x08001d3c   0x08001d3c   0x0000003c   Code   RO         1289    i._ZN12omniplatform11adduct0_360Ef  omniplatform.o
    0x08001d78   0x08001d78   0x00000220   Code   RO         1290    i._ZN12omniplatform4moveEfffff  omniplatform.o
    0x08001f98   0x08001f98   0x00000024   Code   RO         1291    i._ZN12omniplatform7disableEv  omniplatform.o
    0x08001fbc   0x08001fbc   0x00000044   Code   RO         1292    i._ZN12omniplatformC1ER5MotorS1_S1_S1_  omniplatform.o
    0x08002000   0x08002000   0x00000060   Code   RO         1736    i._ZN12time_service4initEv  time_service.o
    0x08002060   0x08002060   0x00000024   Code   RO         1737    i._ZN12time_service5delayEj  time_service.o
    0x08002084   0x08002084   0x0000000c   Code   RO         1738    i._ZN12time_service6millisEv  time_service.o
    0x08002090   0x08002090   0x00000012   Code   RO         1740    i._ZN12time_service9startTimeEv  time_service.o
    0x080020a2   0x080020a2   0x00000002   PAD
    0x080020a4   0x080020a4   0x0000004c   Code   RO         1546    i._ZN14VoltageDividor10getVoltageEv  voltage.o
    0x080020f0   0x080020f0   0x00000018   Code   RO         1547    i._ZN14VoltageDividor10voltageLowEf  voltage.o
    0x08002108   0x08002108   0x00000010   Code   RO         1548    i._ZN14VoltageDividorC1ER3Dma  voltage.o
    0x08002118   0x08002118   0x00000012   Code   RO          645    i._ZN15ProcessingCoord10checkXLeftEs  processing_coord.o
    0x0800212a   0x0800212a   0x00000012   Code   RO          646    i._ZN15ProcessingCoord10checkYDownEs  processing_coord.o
    0x0800213c   0x0800213c   0x00000012   Code   RO          647    i._ZN15ProcessingCoord11checkXRightEs  processing_coord.o
    0x0800214e   0x0800214e   0x00000002   PAD
    0x08002150   0x08002150   0x00000100   Code   RO          648    i._ZN15ProcessingCoord13getVecToPointEss  processing_coord.o
    0x08002250   0x08002250   0x0000004a   Code   RO          650    i._ZN15ProcessingCoord3mapEfffff  processing_coord.o
    0x0800229a   0x0800229a   0x00000020   Code   RO          651    i._ZN15ProcessingCoord6adductEs  processing_coord.o
    0x080022ba   0x080022ba   0x00000004   Code   RO          652    i._ZN15ProcessingCoord7setGoalEh  processing_coord.o
    0x080022be   0x080022be   0x00000012   Code   RO          653    i._ZN15ProcessingCoord8checkYUpEs  processing_coord.o
    0x080022d0   0x080022d0   0x0000004a   Code   RO          654    i._ZN15ProcessingCoord8distanceEffff  processing_coord.o
    0x0800231a   0x0800231a   0x00000020   Code   RO          655    i._ZN15ProcessingCoord9adduct180Es  processing_coord.o
    0x0800233a   0x0800233a   0x00000006   Code   RO          656    i._ZN15ProcessingCoord9setMaxLenEf  processing_coord.o
    0x08002340   0x08002340   0x00000012   Code   RO          657    i._ZN15ProcessingCoord9setParamsEsssss  processing_coord.o
    0x08002352   0x08002352   0x0000001c   Code   RO          658    i._ZN15ProcessingCoordC1Ev  processing_coord.o
    0x0800236e   0x0800236e   0x00000024   Code   RO         2370    i._ZN3Adc10adcDmaInitEv  adc.o
    0x08002392   0x08002392   0x00000024   Code   RO         2371    i._ZN3Adc10setChannelEv  adc.o
    0x080023b6   0x080023b6   0x00000002   PAD
    0x080023b8   0x080023b8   0x00000028   Code   RO         2372    i._ZN3Adc12getRCCPeriphEP11ADC_TypeDef  adc.o
    0x080023e0   0x080023e0   0x00000006   Code   RO         2374    i._ZN3Adc6getADCEv  adc.o
    0x080023e6   0x080023e6   0x00000028   Code   RO         2375    i._ZN3Adc7adcInitEh  adc.o
    0x0800240e   0x0800240e   0x0000003c   Code   RO         2377    i._ZN3Adc8startADCEv  adc.o
    0x0800244a   0x0800244a   0x00000026   Code   RO         2378    i._ZN3Adc9getCyclesEh  adc.o
    0x08002470   0x08002470   0x00000038   Code   RO         2379    i._ZN3AdcC1EP11ADC_TypeDefhh  adc.o
    0x080024a8   0x080024a8   0x00000010   Code   RO         2457    i._ZN3Dma10dataReturnEh  dma.o
    0x080024b8   0x080024b8   0x0000002a   Code   RO         2458    i._ZN3Dma12adcInitInDmaEh  dma.o
    0x080024e2   0x080024e2   0x0000006c   Code   RO         2460    i._ZN3Dma7dmaInitEP18DMA_Stream_TypeDefjj  dma.o
    0x0800254e   0x0800254e   0x0000003c   Code   RO         2462    i._ZN3DmaC1EjR3AdcP18DMA_Stream_TypeDefjjh  dma.o
    0x0800258a   0x0800258a   0x00000002   PAD
    0x0800258c   0x0800258c   0x00000134   Code   RO         1618    i._ZN3Pin12RCC_ClockCmdEv  pin_1.o
    0x080026c0   0x080026c0   0x000000f4   Code   RO         1619    i._ZN3Pin12setTimParamsEt  pin_1.o
    0x080027b4   0x080027b4   0x00000028   Code   RO         1620    i._ZN3Pin13setAFforUSARTEt  pin_1.o
    0x080027dc   0x080027dc   0x00000044   Code   RO         1621    i._ZN3Pin3pwmEj     pin_1.o
    0x08002820   0x08002820   0x00000020   Code   RO         1622    i._ZN3Pin3setEb     pin_1.o
    0x08002840   0x08002840   0x00000006   Code   RO         1623    i._ZN3Pin6getPinEv  pin_1.o
    0x08002846   0x08002846   0x000000cc   Code   RO         1625    i._ZN3Pin6setPinEh  pin_1.o
    0x08002912   0x08002912   0x00000002   PAD
    0x08002914   0x08002914   0x0000012c   Code   RO         1626    i._ZN3Pin7pwmInitEsjh  pin_1.o
    0x08002a40   0x08002a40   0x00000018   Code   RO         1627    i._ZN3Pin7readPinEv  pin_1.o
    0x08002a58   0x08002a58   0x00000074   Code   RO         1628    i._ZN3Pin7setGPIOEc  pin_1.o
    0x08002acc   0x08002acc   0x00000006   Code   RO         1629    i._ZN3Pin8getGPIOxEv  pin_1.o
    0x08002ad2   0x08002ad2   0x00000008   Code   RO         1631    i._ZN3Pin9getPeriodEv  pin_1.o
    0x08002ada   0x08002ada   0x00000002   PAD
    0x08002adc   0x08002adc   0x00000234   Code   RO         1632    i._ZN3PinC1Echt     pin_1.o
    0x08002d10   0x08002d10   0x0000023c   Code   RO         1038    i._ZN4TSOP11angleOffsetEddd  tsop.o
    0x08002f4c   0x08002f4c   0x000000ac   Code   RO         1039    i._ZN4TSOP11convertDistEd  tsop.o
    0x08002ff8   0x08002ff8   0x00000118   Code   RO         1040    i._ZN4TSOP11updateTSOPsEv  tsop.o
    0x08003110   0x08003110   0x00000020   Code   RO         1041    i._ZN4TSOP6adductEs  tsop.o
    0x08003130   0x08003130   0x00000010   Code   RO         1042    i._ZN4TSOP7distBadEs  tsop.o
    0x08003140   0x08003140   0x00000006   Code   RO         1043    i._ZN4TSOP7getDistEv  tsop.o
    0x08003146   0x08003146   0x00000006   Code   RO         1044    i._ZN4TSOP8getAngleEv  tsop.o
    0x0800314c   0x0800314c   0x00000128   Code   RO         1045    i._ZN4TSOP9calculateEv  tsop.o
    0x08003274   0x08003274   0x00000080   Code   RO         1046    i._ZN4TSOPC1ER3PinS1_S1_S1_S1_S1_  tsop.o
    0x080032f4   0x080032f4   0x0000000c   Code   RO         2096    i._ZN5Motor11getMaxSpeedEv  motor.o
    0x08003300   0x08003300   0x0000006c   Code   RO         2097    i._ZN5Motor2goEs    motor.o
    0x0800336c   0x0800336c   0x00000018   Code   RO         2098    i._ZN5Motor7disableEv  motor.o
    0x08003384   0x08003384   0x00000046   Code   RO         2100    i._ZN5MotorC1ER3PinhS1_h  motor.o
    0x080033ca   0x080033ca   0x0000000a   Code   RO         1444    i._ZN5Vec2b3setEdd  vec2b.o
    0x080033d4   0x080033d4   0x00000398   Code   RO         1445    i._ZN5Vec2b8changeToES_  vec2b.o
    0x0800376c   0x0800376c   0x0000000a   Code   RO         1446    i._ZN5Vec2bC1Edd    vec2b.o
    0x08003776   0x08003776   0x00000002   PAD
    0x08003778   0x08003778   0x0000001c   Code   RO         1447    i._ZN5Vec2bC1Ev     vec2b.o
    0x08003794   0x08003794   0x00000046   Code   RO         1448    i._ZN5Vec2bmLERKf   vec2b.o
    0x080037da   0x080037da   0x00000002   PAD
    0x080037dc   0x080037dc   0x0000021c   Code   RO         1449    i._ZN5Vec2bplERKS_  vec2b.o
    0x080039f8   0x080039f8   0x00000168   Code   RO         2148    i._ZN5uart110usart1InitEjfh  usart1.o
    0x08003b60   0x08003b60   0x00000048   Code   RO         2149    i._ZN5uart14readEv  usart1.o
    0x08003ba8   0x08003ba8   0x00000034   Code   RO         2151    i._ZN5uart19availableEv  usart1.o
    0x08003bdc   0x08003bdc   0x00000168   Code   RO         2209    i._ZN5uart210usart2InitEjfh  usart2.o
    0x08003d44   0x08003d44   0x00000048   Code   RO         2210    i._ZN5uart24readEv  usart2.o
    0x08003d8c   0x08003d8c   0x00000034   Code   RO         2212    i._ZN5uart29availableEv  usart2.o
    0x08003dc0   0x08003dc0   0x00000168   Code   RO         2263    i._ZN5uart310usart3InitEjfh  usart3.o
    0x08003f28   0x08003f28   0x00000048   Code   RO         2264    i._ZN5uart34readEv  usart3.o
    0x08003f70   0x08003f70   0x00000034   Code   RO         2266    i._ZN5uart39availableEv  usart3.o
    0x08003fa4   0x08003fa4   0x00000168   Code   RO         2317    i._ZN5uart610usart6InitEjfh  usart6.o
    0x0800410c   0x0800410c   0x00000048   Code   RO         2318    i._ZN5uart64readEv  usart6.o
    0x08004154   0x08004154   0x00000034   Code   RO         2320    i._ZN5uart69availableEv  usart6.o
    0x08004188   0x08004188   0x000000a6   Code   RO         1585    i._ZN6Button7pressedEv  button.o
    0x0800422e   0x0800422e   0x00000028   Code   RO         1586    i._ZN6ButtonC1E3Pinb  button.o
    0x08004256   0x08004256   0x00000012   Code   RO          891    i._ZN6Kicker12getDMASignalEv  kicker.o
    0x08004268   0x08004268   0x0000002c   Code   RO          896    i._ZN6KickerC1ER3PinR3Dma  kicker.o
    0x08004294   0x08004294   0x00000020   Code   RO         1132    i._ZN6OpenMV11adductionMVEs  openmv.o
    0x080042b4   0x080042b4   0x00000008   Code   RO         1133    i._ZN6OpenMV11getDistBlueEv  openmv.o
    0x080042bc   0x080042bc   0x00000008   Code   RO         1134    i._ZN6OpenMV12getAngleBlueEv  openmv.o
    0x080042c4   0x080042c4   0x00000008   Code   RO         1135    i._ZN6OpenMV13getDistYellowEv  openmv.o
    0x080042cc   0x080042cc   0x00000008   Code   RO         1136    i._ZN6OpenMV14getAngleYellowEv  openmv.o
    0x080042d4   0x080042d4   0x0000003a   Code   RO         1137    i._ZN6OpenMV4crc8EPVhh  openmv.o
    0x0800430e   0x0800430e   0x00000012   Code   RO         1138    i._ZN6OpenMV4getXEv  openmv.o
    0x08004320   0x08004320   0x00000012   Code   RO         1139    i._ZN6OpenMV4getYEv  openmv.o
    0x08004332   0x08004332   0x00000128   Code   RO         1140    i._ZN6OpenMV4readEv  openmv.o
    0x0800445a   0x0800445a   0x00000002   PAD
    0x0800445c   0x0800445c   0x000002bc   Code   RO         1141    i._ZN6OpenMV9calculateEsbb  openmv.o
    0x08004718   0x08004718   0x00000056   Code   RO         1142    i._ZN6OpenMV9initUSARTEh  openmv.o
    0x0800476e   0x0800476e   0x00000002   PAD
    0x08004770   0x08004770   0x0000003c   Code   RO         1143    i._ZN6OpenMVC1ER3PinS1_h  openmv.o
    0x080047ac   0x080047ac   0x00000080   Code   RO          488    i._ZN7Forward10ballInBackEf  forward.o
    0x0800482c   0x0800482c   0x00000094   Code   RO          489    i._ZN7Forward10myGoalLineEss  forward.o
    0x080048c0   0x080048c0   0x00000150   Code   RO          490    i._ZN7Forward10nearMyGoalEv  forward.o
    0x08004a10   0x08004a10   0x00000012   Code   RO          491    i._ZN7Forward10robotInOUTEv  forward.o
    0x08004a22   0x08004a22   0x00000002   PAD
    0x08004a24   0x08004a24   0x0000002c   Code   RO          492    i._ZN7Forward11getBallSideEf  forward.o
    0x08004a50   0x08004a50   0x00000036   Code   RO          493    i._ZN7Forward11inEnemyGoalEv  forward.o
    0x08004a86   0x08004a86   0x00000008   Code   RO          494    i._ZN7Forward11resetCountsEv  forward.o
    0x08004a8e   0x08004a8e   0x00000002   PAD
    0x08004a90   0x08004a90   0x00000200   Code   RO          495    i._ZN7Forward11vec2bOnGoalEff  forward.o
    0x08004c90   0x08004c90   0x0000004e   Code   RO          496    i._ZN7Forward12robotNearOUTEv  forward.o
    0x08004cde   0x08004cde   0x00000078   Code   RO          497    i._ZN7Forward12setFieldZoneEv  forward.o
    0x08004d56   0x08004d56   0x00000002   PAD
    0x08004d58   0x08004d58   0x00000134   Code   RO          498    i._ZN7Forward12setNearSpeedEhf  forward.o
    0x08004e8c   0x08004e8c   0x00000194   Code   RO          499    i._ZN7Forward12setOUTVectorEh5Vec2b  forward.o
    0x08005020   0x08005020   0x0000007c   Code   RO          500    i._ZN7Forward13enemyGoalLineEss  forward.o
    0x0800509c   0x0800509c   0x000000ec   Code   RO          501    i._ZN7Forward14isMyGoalCircleEssss  forward.o
    0x08005188   0x08005188   0x0000008c   Code   RO          502    i._ZN7Forward16getTargetForwardEv  forward.o
    0x08005214   0x08005214   0x00000012   Code   RO          503    i._ZN7Forward16robotInFreeFieldEv  forward.o
    0x08005226   0x08005226   0x00000002   PAD
    0x08005228   0x08005228   0x000000b4   Code   RO          504    i._ZN7Forward17getVecForMyCircleEss  forward.o
    0x080052dc   0x080052dc   0x00000118   Code   RO          505    i._ZN7Forward17isEnemyGoalCircleEssss  forward.o
    0x080053f4   0x080053f4   0x00000134   Code   RO          506    i._ZN7Forward20getVecForEnemyCircleEss  forward.o
    0x08005528   0x08005528   0x00000036   Code   RO          507    i._ZN7Forward8inMyGoalEv  forward.o
    0x0800555e   0x0800555e   0x000000e6   Code   RO          508    i._ZN7Forward9checkOUTsEv  forward.o
    0x08005644   0x08005644   0x0000001c   Code   RO          509    i._ZN7ForwardC1Ev   forward.o
    0x08005660   0x08005660   0x0000000c   Code   RO           10    i._ZN8Asterisk10calibratedEv  main.o
    0x0800566c   0x0800566c   0x00000534   Code   RO           11    i._ZN8Asterisk15forwardStrategyEv  main.o
    0x08005ba0   0x08005ba0   0x000005e8   Code   RO           12    i._ZN8Asterisk18goalkeeperStrategyEv  main.o
    0x08006188   0x08006188   0x00000290   Code   RO           13    i._ZN8Asterisk20getVec2bToBallFollowEh  main.o
    0x08006418   0x08006418   0x000001ac   Code   RO           14    i._ZN8Asterisk4initEhhh  main.o
    0x080065c4   0x080065c4   0x000004e8   Code   RO           15    i._ZN8Asterisk6updateEv  main.o
    0x08006aac   0x08006aac   0x0000000c   Code   RO           16    i._ZN8Asterisk7getRoleEv  main.o
    0x08006ab8   0x08006ab8   0x000000d4   Code   RO           17    i._ZN8Asterisk9mustLeaveEv  main.o
    0x08006b8c   0x08006b8c   0x0000003c   Code   RO         1338    i._ZN8gyro_imu11adduct0_360Ef  imu_usart.o
    0x08006bc8   0x08006bc8   0x00000008   Code   RO         1339    i._ZN8gyro_imu11getRotationEv  imu_usart.o
    0x08006bd0   0x08006bd0   0x000000ec   Code   RO         1340    i._ZN8gyro_imu12setZeroAngleEv  imu_usart.o
    0x08006cbc   0x08006cbc   0x000000a0   Code   RO         1341    i._ZN8gyro_imu13calculateSoftEff  imu_usart.o
    0x08006d5c   0x08006d5c   0x00000008   Code   RO         1342    i._ZN8gyro_imu14getMaxRotationEv  imu_usart.o
    0x08006d64   0x08006d64   0x00000008   Code   RO         1343    i._ZN8gyro_imu15getCurrentAngleEv  imu_usart.o
    0x08006d6c   0x08006d6c   0x0000005c   Code   RO         1344    i._ZN8gyro_imu20setRotationForTargetEv  imu_usart.o
    0x08006dc8   0x08006dc8   0x00000110   Code   RO         1345    i._ZN8gyro_imu4readEv  imu_usart.o
    0x08006ed8   0x08006ed8   0x00000020   Code   RO         1346    i._ZN8gyro_imu6adductEs  imu_usart.o
    0x08006ef8   0x08006ef8   0x00000056   Code   RO         1348    i._ZN8gyro_imu9initUSARTEh  imu_usart.o
    0x08006f4e   0x08006f4e   0x00000002   PAD
    0x08006f50   0x08006f50   0x00000024   Code   RO         1349    i._ZN8gyro_imu9setTargetEf  imu_usart.o
    0x08006f74   0x08006f74   0x00000030   Code   RO         1350    i._ZN8gyro_imuC1ER3PinS1_h  imu_usart.o
    0x08006fa4   0x08006fa4   0x000002b6   Code   RO          763    i._ZN9BallVec2b12changeValuesEb  queues_ball.o
    0x0800725a   0x0800725a   0x00000030   Code   RO          764    i._ZN9BallVec2b15getCurrentVec2bEv  queues_ball.o
    0x0800728a   0x0800728a   0x0000000a   Code   RO          765    i._ZN9BallVec2b16getDerivativeAngEv  queues_ball.o
    0x08007294   0x08007294   0x0000000a   Code   RO          766    i._ZN9BallVec2b17getDerivativeDistEv  queues_ball.o
    0x0800729e   0x0800729e   0x00000002   PAD
    0x080072a0   0x080072a0   0x0000010c   Code   RO          767    i._ZN9BallVec2b18setTransitionBy360Ev  queues_ball.o
    0x080073ac   0x080073ac   0x000001ec   Code   RO          768    i._ZN9BallVec2b4pushE5Vec2bx  queues_ball.o
    0x08007598   0x08007598   0x00000088   Code   RO          769    i._ZN9BallVec2b6adductEd  queues_ball.o
    0x08007620   0x08007620   0x00000522   Code   RO          770    i._ZN9BallVec2b9calculateEv  queues_ball.o
    0x08007b42   0x08007b42   0x00000002   PAD
    0x08007b44   0x08007b44   0x000000b4   Code   RO          771    i._ZN9BallVec2bC1Ev  queues_ball.o
    0x08007bf8   0x08007bf8   0x00000012   Code   RO          829    i._ZN9Vec2bTime3setEddjs  queues_ball.o
    0x08007c0a   0x08007c0a   0x00000006   Code   RO          847    i._ZN9Vec2bTime6getLenEv  queues_ball.o
    0x08007c10   0x08007c10   0x00000060   Code   RO          835    i._ZN9Vec2bTime7correctEv  queues_ball.o
    0x08007c70   0x08007c70   0x00000006   Code   RO          859    i._ZN9Vec2bTime7getTimeEv  queues_ball.o
    0x08007c76   0x08007c76   0x00000006   Code   RO          853    i._ZN9Vec2bTime8getAngleEv  queues_ball.o
    0x08007c7c   0x08007c7c   0x0000000e   Code   RO          865    i._ZN9Vec2bTimeC1Ev  queues_ball.o
    0x08007c8a   0x08007c8a   0x00000020   Code   RO          121    i._ZSt3absd         main.o
    0x08007caa   0x08007caa   0x0000000a   Code   RO          127    i._ZSt3absf         main.o
    0x08007cb4   0x08007cb4   0x00000018   Code   RO         1216    i._ZSt3cosf         openmv.o
    0x08007ccc   0x08007ccc   0x00000034   Code   RO          841    i._ZSt3powdi        queues_ball.o
    0x08007d00   0x08007d00   0x00000020   Code   RO          460    i._ZSt3powff        goalkeeper.o
    0x08007d20   0x08007d20   0x00000022   Code   RO          454    i._ZSt3powfi        goalkeeper.o
    0x08007d42   0x08007d42   0x00000018   Code   RO         1222    i._ZSt3sinf         openmv.o
    0x08007d5a   0x08007d5a   0x00000018   Code   RO          741    i._ZSt4sqrtf        processing_coord.o
    0x08007d72   0x08007d72   0x00000020   Code   RO          448    i._ZSt5atan2ff      goalkeeper.o
    0x08007d92   0x08007d92   0x00000030   Code   RO         5842    i.__ARM_fpclassify  m_wm.l(fpclassify.o)
    0x08007dc2   0x08007dc2   0x00000026   Code   RO         5844    i.__ARM_fpclassifyf  m_wm.l(fpclassifyf.o)
    0x08007de8   0x08007de8   0x00000024   Code   RO         5554    i.__aeabi_vec_ctor_nocookie_nodtor  cpprt_w.l(aeabi_vec_ctor_nocookie_nodtor.o)
    0x08007e0c   0x08007e0c   0x00000004   PAD
    0x08007e10   0x08007e10   0x000002d8   Code   RO         5811    i.__hardfp_atan     m_wm.l(atan.o)
    0x080080e8   0x080080e8   0x00000200   Code   RO         5613    i.__hardfp_atan2    m_wm.l(atan2.o)
    0x080082e8   0x080082e8   0x000002ac   Code   RO         5625    i.__hardfp_atan2f   m_wm.l(atan2f.o)
    0x08008594   0x08008594   0x00000004   PAD
    0x08008598   0x08008598   0x000000c8   Code   RO         5637    i.__hardfp_cos      m_wm.l(cos.o)
    0x08008660   0x08008660   0x00000150   Code   RO         5649    i.__hardfp_cosf     m_wm.l(cosf.o)
    0x080087b0   0x080087b0   0x00000014   Code   RO         5661    i.__hardfp_fabs     m_wm.l(fabs.o)
    0x080087c4   0x080087c4   0x00000004   PAD
    0x080087c8   0x080087c8   0x00000c50   Code   RO         5667    i.__hardfp_pow      m_wm.l(pow.o)
    0x08009418   0x08009418   0x00000664   Code   RO         5681    i.__hardfp_powf     m_wm.l(powf.o)
    0x08009a7c   0x08009a7c   0x00000004   PAD
    0x08009a80   0x08009a80   0x000000c8   Code   RO         5695    i.__hardfp_sin      m_wm.l(sin.o)
    0x08009b48   0x08009b48   0x00000190   Code   RO         5707    i.__hardfp_sinf     m_wm.l(sinf.o)
    0x08009cd8   0x08009cd8   0x0000007a   Code   RO         5719    i.__hardfp_sqrt     m_wm.l(sqrt.o)
    0x08009d52   0x08009d52   0x0000003a   Code   RO         5731    i.__hardfp_sqrtf    m_wm.l(sqrtf.o)
    0x08009d8c   0x08009d8c   0x00000004   PAD
    0x08009d90   0x08009d90   0x00000438   Code   RO         5863    i.__ieee754_rem_pio2  m_wm.l(rred.o)
    0x0800a1c8   0x0800a1c8   0x00000170   Code   RO         5825    i.__kernel_cos      m_wm.l(cos_i.o)
    0x0800a338   0x0800a338   0x000000f8   Code   RO         5860    i.__kernel_poly     m_wm.l(poly.o)
    0x0800a430   0x0800a430   0x00000130   Code   RO         5871    i.__kernel_sin      m_wm.l(sin_i.o)
    0x0800a560   0x0800a560   0x00000030   Code   RO         5828    i.__mathlib_dbl_divzero  m_wm.l(dunder.o)
    0x0800a590   0x0800a590   0x00000014   Code   RO         5829    i.__mathlib_dbl_infnan  m_wm.l(dunder.o)
    0x0800a5a4   0x0800a5a4   0x00000014   Code   RO         5830    i.__mathlib_dbl_infnan2  m_wm.l(dunder.o)
    0x0800a5b8   0x0800a5b8   0x00000020   Code   RO         5831    i.__mathlib_dbl_invalid  m_wm.l(dunder.o)
    0x0800a5d8   0x0800a5d8   0x00000020   Code   RO         5832    i.__mathlib_dbl_overflow  m_wm.l(dunder.o)
    0x0800a5f8   0x0800a5f8   0x00000020   Code   RO         5834    i.__mathlib_dbl_underflow  m_wm.l(dunder.o)
    0x0800a618   0x0800a618   0x00000014   Code   RO         5846    i.__mathlib_flt_divzero  m_wm.l(funder.o)
    0x0800a62c   0x0800a62c   0x00000006   Code   RO         5847    i.__mathlib_flt_infnan  m_wm.l(funder.o)
    0x0800a632   0x0800a632   0x00000006   Code   RO         5848    i.__mathlib_flt_infnan2  m_wm.l(funder.o)
    0x0800a638   0x0800a638   0x00000010   Code   RO         5849    i.__mathlib_flt_invalid  m_wm.l(funder.o)
    0x0800a648   0x0800a648   0x00000010   Code   RO         5850    i.__mathlib_flt_overflow  m_wm.l(funder.o)
    0x0800a658   0x0800a658   0x00000010   Code   RO         5852    i.__mathlib_flt_underflow  m_wm.l(funder.o)
    0x0800a668   0x0800a668   0x00000154   Code   RO         5868    i.__mathlib_rredf2  m_wm.l(rredf.o)
    0x0800a7bc   0x0800a7bc   0x0000047c   Code   RO           18    i.__sti___8_main_cpp_ab1d1ed5  main.o
    0x0800ac38   0x0800ac38   0x00000004   Code   RO         2737    i._sys_exit         retarget.o
    0x0800ac3c   0x0800ac3c   0x00000010   Code   RO         5813    i.atan              m_wm.l(atan.o)
    0x0800ac4c   0x0800ac4c   0x00000018   Code   RO         5663    i.fabs              m_wm.l(fabs.o)
    0x0800ac64   0x0800ac64   0x00000034   Code   RO           19    i.main              main.o
    0x0800ac98   0x0800ac98   0x0000006e   Code   RO         5721    i.sqrt              m_wm.l(sqrt.o)
    0x0800ad06   0x0800ad06   0x00000018   Code   RO         5557    x$fpl$basic         fz_wm.l(basic.o)
    0x0800ad1e   0x0800ad1e   0x00000002   PAD
    0x0800ad20   0x0800ad20   0x00000062   Code   RO         5559    x$fpl$d2f           fz_wm.l(d2f.o)
    0x0800ad82   0x0800ad82   0x00000002   PAD
    0x0800ad84   0x0800ad84   0x00000150   Code   RO         5561    x$fpl$dadd          fz_wm.l(daddsub_clz.o)
    0x0800aed4   0x0800aed4   0x00000010   Code   RO         5902    x$fpl$dcheck1       fz_wm.l(dcheck1.o)
    0x0800aee4   0x0800aee4   0x00000018   Code   RO         5794    x$fpl$dcmpinf       fz_wm.l(dcmpi.o)
    0x0800aefc   0x0800aefc   0x000002b0   Code   RO         5568    x$fpl$ddiv          fz_wm.l(ddiv.o)
    0x0800b1ac   0x0800b1ac   0x00000078   Code   RO         5571    x$fpl$deqf          fz_wm.l(deqf.o)
    0x0800b224   0x0800b224   0x0000005e   Code   RO         5573    x$fpl$dfix          fz_wm.l(dfix.o)
    0x0800b282   0x0800b282   0x0000002e   Code   RO         5582    x$fpl$dflt          fz_wm.l(dflt_clz.o)
    0x0800b2b0   0x0800b2b0   0x000000a2   Code   RO         5587    x$fpl$dfltll        fz_wm.l(dfltll_clz.o)
    0x0800b352   0x0800b352   0x00000026   Code   RO         5581    x$fpl$dfltu         fz_wm.l(dflt_clz.o)
    0x0800b378   0x0800b378   0x0000008a   Code   RO         5588    x$fpl$dfltull       fz_wm.l(dfltll_clz.o)
    0x0800b402   0x0800b402   0x00000002   PAD
    0x0800b404   0x0800b404   0x00000078   Code   RO         5591    x$fpl$dleqf         fz_wm.l(dleqf.o)
    0x0800b47c   0x0800b47c   0x00000154   Code   RO         5593    x$fpl$dmul          fz_wm.l(dmul.o)
    0x0800b5d0   0x0800b5d0   0x0000009c   Code   RO         5796    x$fpl$dnaninf       fz_wm.l(dnaninf.o)
    0x0800b66c   0x0800b66c   0x0000000c   Code   RO         5798    x$fpl$dretinf       fz_wm.l(dretinf.o)
    0x0800b678   0x0800b678   0x0000006c   Code   RO         5595    x$fpl$drleqf        fz_wm.l(drleqf.o)
    0x0800b6e4   0x0800b6e4   0x00000016   Code   RO         5562    x$fpl$drsb          fz_wm.l(daddsub_clz.o)
    0x0800b6fa   0x0800b6fa   0x00000002   PAD
    0x0800b6fc   0x0800b6fc   0x00000198   Code   RO         5800    x$fpl$dsqrt         fz_wm.l(dsqrt_umaal.o)
    0x0800b894   0x0800b894   0x000001d4   Code   RO         5563    x$fpl$dsub          fz_wm.l(daddsub_clz.o)
    0x0800ba68   0x0800ba68   0x00000056   Code   RO         5597    x$fpl$f2d           fz_wm.l(f2d.o)
    0x0800babe   0x0800babe   0x0000008c   Code   RO         5802    x$fpl$fnaninf       fz_wm.l(fnaninf.o)
    0x0800bb4a   0x0800bb4a   0x0000000a   Code   RO         5904    x$fpl$fpinit        fz_wm.l(fpinit.o)
    0x0800bb54   0x0800bb54   0x0000000a   Code   RO         5804    x$fpl$fretinf       fz_wm.l(fretinf.o)
    0x0800bb5e   0x0800bb5e   0x00000064   Code   RO         5930    x$fpl$retnan        fz_wm.l(retnan.o)
    0x0800bbc2   0x0800bbc2   0x0000005c   Code   RO         5808    x$fpl$scalbn        fz_wm.l(scalbn.o)
    0x0800bc1e   0x0800bc1e   0x00000030   Code   RO         6006    x$fpl$trapveneer    fz_wm.l(trapv.o)
    0x0800bc4e   0x0800bc4e   0x00000000   Code   RO         5810    x$fpl$usenofp       fz_wm.l(usenofp.o)
    0x0800bc4e   0x0800bc4e   0x0000003d   Data   RO         2750    .constdata          retarget.o
    0x0800bc8b   0x0800bc8b   0x00000005   PAD
    0x0800bc90   0x0800bc90   0x00000088   Data   RO         5670    .constdata          m_wm.l(pow.o)
    0x0800bd18   0x0800bd18   0x00000140   Data   RO         5684    .constdata          m_wm.l(powf.o)
    0x0800be58   0x0800be58   0x00000098   Data   RO         5814    .constdata          m_wm.l(atan.o)
    0x0800bef0   0x0800bef0   0x00000030   Data   RO         5826    .constdata          m_wm.l(cos_i.o)
    0x0800bf20   0x0800bf20   0x00000008   Data   RO         5862    .constdata          m_wm.l(qnan.o)
    0x0800bf28   0x0800bf28   0x000000c8   Data   RO         5865    .constdata          m_wm.l(rred.o)
    0x0800bff0   0x0800bff0   0x00000020   Data   RO         5869    .constdata          m_wm.l(rredf.o)
    0x0800c010   0x0800c010   0x00000028   Data   RO         5872    .constdata          m_wm.l(sin_i.o)
    0x0800c038   0x0800c038   0x00000020   Data   RO         6112    Region$$Table       anon$$obj.o
    0x0800c058   0x0800c058   0x00000004   Data   RO           38    .init_array         main.o
    0x0800c05c   0x0800c058   0x00000000   Data   RO         5549    .init_array         c_w.l(init_aeabi.o)


    Execution Region RW_IRAM1 (Exec base: 0x20000000, Load base: 0x0800c05c, Size: 0x00004100, Max: 0x00020000, ABSOLUTE, COMPRESSED[0x00000010])

    Exec Addr    Load Addr    Size         Type   Attr      Idx    E Section Name        Object

    0x20000000   COMPRESSED   0x00000100   Data   RW           37    .data               main.o
    0x20000100   COMPRESSED   0x00000004   Data   RW          391    .data               goalkeeper.o
    0x20000104   COMPRESSED   0x00000004   PAD
    0x20000108   COMPRESSED   0x00000008   Data   RW         1747    .data               time_service.o
    0x20000110   COMPRESSED   0x00000019   Data   RW         2157    .data               usart1.o
    0x20000129   COMPRESSED   0x00000001   PAD
    0x2000012a   COMPRESSED   0x00000019   Data   RW         2218    .data               usart2.o
    0x20000143   COMPRESSED   0x00000001   PAD
    0x20000144   COMPRESSED   0x00000019   Data   RW         2272    .data               usart3.o
    0x2000015d   COMPRESSED   0x00000001   PAD
    0x2000015e   COMPRESSED   0x00000019   Data   RW         2326    .data               usart6.o
    0x20000177   COMPRESSED   0x00000001   PAD
    0x20000178   COMPRESSED   0x00000016   Data   RW         2686    .data               spi_1.o
    0x2000018e   COMPRESSED   0x00000010   Data   RW         4191    .data               stm32f4xx_rcc.o
    0x2000019e   COMPRESSED   0x00000002   PAD
    0x200001a0        -       0x00001fec   Zero   RW           36    .bss                main.o
    0x2000218c        -       0x00000020   Zero   RW         2685    .bss                spi_1.o
    0x200021ac        -       0x00000060   Zero   RW         5907    .bss                c_w.l(libspace.o)
    0x2000220c   COMPRESSED   0x00000004   PAD
    0x20002210        -       0x00000f00   Zero   RW         5412    HEAP                startup_stm32f407xx.o
    0x20003110        -       0x00000ff0   Zero   RW         5411    STACK               startup_stm32f407xx.o


==============================================================================

Image component sizes


      Code (inc. data)   RO Data    RW Data    ZI Data      Debug   Object Name

       312          8          0          0          0       5492   adc.o
        88          0          0          0          0       3168   ballsensor.o
       206          0          0          0          0       1840   button.o
       226          0          0          0          0       3492   dma.o
      3756        214          0          0          0      16768   forward.o
      2742        176          0          4          0      12400   goalkeeper.o
      1046         52          0          0          0       8292   imu_usart.o
        62         10          0          0          0     269836   kicker.o
      6662       1152          4        256       8172     345570   main.o
         0          0          0          0          0     256608   misc.o
       214          0          0          0          0       3068   motor.o
       708         34          0          0          0       3852   omniplatform.o
      1348         24          0          0          0      10148   openmv.o
      1920        218          0          0          0       9696   pin_1.o
       620         14          0          0          0      10556   processing_coord.o
      3350         96          0          0          0      12152   queues_ball.o
         4          0         61          0          0       2612   retarget.o
       108         16          0         22         32       1254   spi_1.o
        64         26        392          0       7920        864   startup_stm32f407xx.o
       414         24          0          0          0      19884   stm32f4xx_adc.o
       454         26          0          0          0      15622   stm32f4xx_dma.o
       230          0          0          0          0      10476   stm32f4xx_gpio.o
       328         36          0         16          0      20023   stm32f4xx_rcc.o
        18          0          0          0          0       9400   stm32f4xx_spi.o
       802         66          0          0          0      27651   stm32f4xx_tim.o
       364          8          0          0          0      10099   stm32f4xx_usart.o
       376         26          0          0          0       1293   system_stm32f4xx.o
       186         22          0          8          0      32845   time_service.o
      1508        126          0          0          0       8268   tsop.o
       644         98          0         25          0      37859   usart1.o
       652        100          0         25          0       3516   usart2.o
       652        100          0         25          0       3516   usart3.o
       652        100          0         25          0       3516   usart6.o
      1578         76          0          0          0       4692   vec2b.o
       116         18          0          0          0       2536   voltage.o

    ----------------------------------------------------------------------
     32454       2866        494        416      16124    1188864   Object Totals
         0          0         32          0          0          0   (incl. Generated)
        44          0          5         10          0          0   (incl. Padding)

    ----------------------------------------------------------------------

      Code (inc. data)   RO Data    RW Data    ZI Data      Debug   Library Member Name

        90          0          0          0          0          0   __dczerorl2.o
         8          0          0          0          0         68   __main.o
         0          0          0          0          0          0   __rtentry.o
        12          0          0          0          0          0   __rtentry2.o
         6          0          0          0          0          0   __rtentry4.o
        52          8          0          0          0          0   __scatter.o
        28          0          0          0          0          0   __scatter_zi.o
        22          0          0          0          0        100   _rserrno.o
        18          0          0          0          0         80   exit.o
         6          0          0          0          0        152   heapauxi.o
        36         10          0          0          0         80   init_aeabi.o
         2          0          0          0          0          0   libinit.o
        10          0          0          0          0          0   libinit2.o
         2          0          0          0          0          0   libshutdown.o
         2          0          0          0          0          0   libshutdown2.o
         8          4          0          0         96         68   libspace.o
         8          4          0          0          0         68   rt_errno_addr_intlibspace.o
       100          0          0          0          0         80   rt_memcpy_w.o
         2          0          0          0          0          0   rtexit.o
        10          0          0          0          0          0   rtexit2.o
        74          0          0          0          0         80   sys_stackheap_outer.o
         2          0          0          0          0         68   use_no_semi.o
        36          0          0          0          0         84   aeabi_vec_ctor_nocookie_nodtor.o
        24          0          0          0          0        164   basic.o
        98          4          0          0          0        140   d2f.o
       826         16          0          0          0        492   daddsub_clz.o
        16          4          0          0          0        116   dcheck1.o
        24          0          0          0          0        116   dcmpi.o
       688        140          0          0          0        256   ddiv.o
       120          4          0          0          0        140   deqf.o
        94          4          0          0          0        140   dfix.o
        84          0          0          0          0        232   dflt_clz.o
       300          0          0          0          0        264   dfltll_clz.o
       120          4          0          0          0        140   dleqf.o
       340         12          0          0          0        152   dmul.o
       156          4          0          0          0        140   dnaninf.o
        12          0          0          0          0        116   dretinf.o
       108          0          0          0          0        128   drleqf.o
       408         56          0          0          0        168   dsqrt_umaal.o
        86          4          0          0          0        132   f2d.o
       140          4          0          0          0        132   fnaninf.o
        10          0          0          0          0        116   fpinit.o
        10          0          0          0          0        116   fretinf.o
       100          0          0          0          0        116   retnan.o
        92          0          0          0          0        116   scalbn.o
        48          0          0          0          0        116   trapv.o
         0          0          0          0          0          0   usenofp.o
       744        106        152          0          0        352   atan.o
       512         64          0          0          0        208   atan2.o
       684         90          0          0          0        208   atan2f.o
       200         20          0          0          0        164   cos.o
       368         46         48          0          0        200   cos_i.o
       336         56          0          0          0        136   cosf.o
       184         44          0          0          0        744   dunder.o
        44          0          0          0          0        248   fabs.o
        48          0          0          0          0        124   fpclassify.o
        38          0          0          0          0        116   fpclassifyf.o
        80         24          0          0          0        696   funder.o
       248          0          0          0          0        152   poly.o
      3152        296        136          0          0        352   pow.o
      1636        110        320          0          0        372   powf.o
         0          0          8          0          0          0   qnan.o
      1080        142        200          0          0        188   rred.o
       340         24         32          0          0        160   rredf.o
       200         20          0          0          0        164   sin.o
       304         24         40          0          0        208   sin_i.o
       400         56          0          0          0        212   sinf.o
       232          0          0          0          0        296   sqrt.o
        58          0          0          0          0        136   sqrtf.o

    ----------------------------------------------------------------------
     15360       1412        936          0        100      10112   Library Totals
        34          8          0          0          4          0   (incl. Padding)

    ----------------------------------------------------------------------

      Code (inc. data)   RO Data    RW Data    ZI Data      Debug   Library Name

       498         26          0          0         96        844   c_w.l
        36          0          0          0          0         84   cpprt_w.l
      3904        256          0          0          0       3748   fz_wm.l
     10888       1122        936          0          0       5436   m_wm.l

    ----------------------------------------------------------------------
     15360       1412        936          0        100      10112   Library Totals

    ----------------------------------------------------------------------

==============================================================================


      Code (inc. data)   RO Data    RW Data    ZI Data      Debug   

     47814       4278       1430        416      16224    1171512   Grand Totals
     47814       4278       1430         16      16224    1171512   ELF Image Totals (compressed)
     47814       4278       1430         16          0          0   ROM Totals

==============================================================================

    Total RO  Size (Code + RO Data)                49244 (  48.09kB)
    Total RW  Size (RW Data + ZI Data)             16640 (  16.25kB)
    Total ROM Size (Code + RO Data + RW Data)      49260 (  48.11kB)

==============================================================================

