Component: ARM Compiler 5.06 update 7 (build 960) Tool: armlink [4d3601]

==============================================================================

Section Cross References

    main.o(i._Z10writeFLASHh) refers to stm32f4xx_flash.o(i.FLASH_Unlock) for FLASH_Unlock
    main.o(i._Z10writeFLASHh) refers to stm32f4xx_flash.o(i.FLASH_EraseSector) for FLASH_EraseSector
    main.o(i._Z10writeFLASHh) refers to stm32f4xx_flash.o(i.FLASH_ProgramWord) for FLASH_ProgramWord
    main.o(i._Z10writeFLASHh) refers to stm32f4xx_flash.o(i.FLASH_Lock) for FLASH_Lock
    main.o(i._Z9readFLASHv) refers to stm32f4xx_flash.o(i.FLASH_Unlock) for FLASH_Unlock
    main.o(i._ZN8Asterisk10calibratedEv) refers to main.o(.data) for Asterisk::imuCalibrated
    main.o(i._ZN8Asterisk15forwardStrategyEv) refers to processing_coord.o(i._ZN15ProcessingCoord15getTarget2EnemyEv) for ProcessingCoord::getTarget2Enemy()
    main.o(i._ZN8Asterisk15forwardStrategyEv) refers to imu_usart.o(i._ZN8gyro_imu9setTargetEf) for gyro_imu::setTarget(float)
    main.o(i._ZN8Asterisk15forwardStrategyEv) refers to imu_usart.o(i._ZN8gyro_imu20setRotationForTargetEv) for gyro_imu::setRotationForTarget()
    main.o(i._ZN8Asterisk15forwardStrategyEv) refers to imu_usart.o(i._ZN8gyro_imu11getRotationEv) for gyro_imu::getRotation()
    main.o(i._ZN8Asterisk15forwardStrategyEv) refers to pin.o(i._ZN3Pin7readPinEv) for Pin::readPin()
    main.o(i._ZN8Asterisk15forwardStrategyEv) refers to processing_coord.o(i._ZN15ProcessingCoord19suitableParams2KickEv) for ProcessingCoord::suitableParams2Kick()
    main.o(i._ZN8Asterisk15forwardStrategyEv) refers to processing_coord.o(i._ZN15ProcessingCoord8distanceEffff) for ProcessingCoord::distance(float, float, float, float)
    main.o(i._ZN8Asterisk15forwardStrategyEv) refers to f2d.o(x$fpl$f2d) for __aeabi_f2d
    main.o(i._ZN8Asterisk15forwardStrategyEv) refers to dleqf.o(x$fpl$dleqf) for __aeabi_cdcmple
    main.o(i._ZN8Asterisk15forwardStrategyEv) refers to kicker.o(i._ZN6Kicker15setKickerStatusEb) for Kicker::setKickerStatus(bool)
    main.o(i._ZN8Asterisk15forwardStrategyEv) refers to kicker.o(i._ZN6Kicker7canKickEv) for Kicker::canKick()
    main.o(i._ZN8Asterisk15forwardStrategyEv) refers to kicker.o(i._ZN6Kicker5closeEv) for Kicker::close()
    main.o(i._ZN8Asterisk15forwardStrategyEv) refers to kicker.o(i._ZN6Kicker4openEv) for Kicker::open()
    main.o(i._ZN8Asterisk15forwardStrategyEv) refers to pin.o(i._ZN3Pin3setEb) for Pin::set(bool)
    main.o(i._ZN8Asterisk15forwardStrategyEv) refers to imu_usart.o(i._ZN8gyro_imu9getTargetEv) for gyro_imu::getTarget()
    main.o(i._ZN8Asterisk15forwardStrategyEv) refers to main.o(i._ZSt3absf) for std::abs(float)
    main.o(i._ZN8Asterisk15forwardStrategyEv) refers to main.o(i._ZN8Asterisk20getVec2bToBallFollowEv) for Asterisk::getVec2bToBallFollow()
    main.o(i._ZN8Asterisk15forwardStrategyEv) refers to processing_coord.o(i._ZN15ProcessingCoord9adduct180Es) for ProcessingCoord::adduct180(short)
    main.o(i._ZN8Asterisk15forwardStrategyEv) refers to forward.o(i._ZN7Forward9checkOUTsEv) for Forward::checkOUTs()
    main.o(i._ZN8Asterisk15forwardStrategyEv) refers to main.o(i._ZN7OutPairaSERKS_) for OutPair::operator =(const OutPair&)
    main.o(i._ZN8Asterisk15forwardStrategyEv) refers to forward.o(i._ZN7Forward10robotInOUTEv) for Forward::robotInOUT()
    main.o(i._ZN8Asterisk15forwardStrategyEv) refers to forward.o(i._ZN7Forward15setResOUTVectorE7OutPair5Vec2b) for Forward::setResOUTVector(OutPair, Vec2b)
    main.o(i._ZN8Asterisk15forwardStrategyEv) refers to forward.o(i._ZN7Forward16robotInFreeFieldEv) for Forward::robotInFreeField()
    main.o(i._ZN8Asterisk15forwardStrategyEv) refers to time_service.o(i._ZN12time_service6millisEv) for time_service::millis()
    main.o(i._ZN8Asterisk15forwardStrategyEv) refers to forward.o(i._ZN7Forward11resetCountsEv) for Forward::resetCounts()
    main.o(i._ZN8Asterisk15forwardStrategyEv) refers to processing_coord.o(i._ZN15ProcessingCoord13getVecToPointEss) for ProcessingCoord::getVecToPoint(short, short)
    main.o(i._ZN8Asterisk15forwardStrategyEv) refers to forward.o(i._ZN7Forward12robotNearOUTEh) for Forward::robotNearOUT(unsigned char)
    main.o(i._ZN8Asterisk15forwardStrategyEv) refers to main.o(i._ZSt5atan2ff) for std::atan2(float, float)
    main.o(i._ZN8Asterisk15forwardStrategyEv) refers to dmul.o(x$fpl$dmul) for __aeabi_dmul
    main.o(i._ZN8Asterisk15forwardStrategyEv) refers to d2f.o(x$fpl$d2f) for __aeabi_d2f
    main.o(i._ZN8Asterisk15forwardStrategyEv) refers to vec2b.o(i._ZN5Vec2bC1Edd) for Vec2b::Vec2b(double, double)
    main.o(i._ZN8Asterisk15forwardStrategyEv) refers to forward.o(i._ZN7Forward10nearMyGoalEv) for Forward::nearMyGoal()
    main.o(i._ZN8Asterisk15forwardStrategyEv) refers to processing_coord.o(i._ZN15ProcessingCoord10ballInBackEfh) for ProcessingCoord::ballInBack(float, unsigned char)
[...]
    Vec2b::changeTo(Vec2b)                   0x080038f1   Thumb Code   870  vec2b.o(i._ZN5Vec2b8changeToES_)
    Vec2b::Vec2b(double, double)             0x08003c89   Thumb Code    10  vec2b.o(i._ZN5Vec2bC1Edd)
    Vec2b::Vec2b__sub_object(double, double) 0x08003c89   Thumb Code     0  vec2b.o(i._ZN5Vec2bC1Edd)
    Vec2b::Vec2b()                           0x08003c95   Thumb Code    18  vec2b.o(i._ZN5Vec2bC1Ev)
    Vec2b::Vec2b__sub_object()               0x08003c95   Thumb Code     0  vec2b.o(i._ZN5Vec2bC1Ev)
    Vec2b::operator *=(const float&)         0x08003cb1   Thumb Code    70  vec2b.o(i._ZN5Vec2bmLERKf)
    Vec2b::operator +(const Vec2b&)          0x08003cf9   Thumb Code   524  vec2b.o(i._ZN5Vec2bplERKS_)
    uart1::usart1Init(unsigned, float, unsigned char) 0x08003f15   Thumb Code   308  usart1.o(i._ZN5uart110usart1InitEjfh)
    uart1::read()                            0x0800407d   Thumb Code    62  usart1.o(i._ZN5uart14readEv)
    uart1::available()                       0x080040c5   Thumb Code    44  usart1.o(i._ZN5uart19availableEv)
    uart2::usart2Init(unsigned, float, unsigned char) 0x080040f9   Thumb Code   308  usart2.o(i._ZN5uart210usart2InitEjfh)
    uart2::read()                            0x08004261   Thumb Code    62  usart2.o(i._ZN5uart24readEv)
    uart2::available()                       0x080042a9   Thumb Code    44  usart2.o(i._ZN5uart29availableEv)
    uart3::usart3Init(unsigned, float, unsigned char) 0x080042dd   Thumb Code   308  usart3.o(i._ZN5uart310usart3InitEjfh)
    uart3::read()                            0x08004445   Thumb Code    62  usart3.o(i._ZN5uart34readEv)
    uart3::available()                       0x0800448d   Thumb Code    44  usart3.o(i._ZN5uart39availableEv)
    uart6::usart6Init(unsigned, float, unsigned char) 0x080044c1   Thumb Code   308  usart6.o(i._ZN5uart610usart6InitEjfh)
    uart6::read()                            0x08004629   Thumb Code    62  usart6.o(i._ZN5uart64readEv)
    uart6::available()                       0x08004671   Thumb Code    44  usart6.o(i._ZN5uart69availableEv)
    Button::pressed()                        0x080046a5   Thumb Code   224  button.o(i._ZN6Button7pressedEv)
    Button::Button(Pin, bool)                0x08004785   Thumb Code    40  button.o(i._ZN6ButtonC1E3Pinb)
    Button::Button__sub_object(Pin, bool)    0x08004785   Thumb Code     0  button.o(i._ZN6ButtonC1E3Pinb)
    Kicker::getDMASignal()                   0x080047ad   Thumb Code    18  kicker.o(i._ZN6Kicker12getDMASignalEv)
    Kicker::setKickerStatus(bool)            0x080047c1   Thumb Code   172  kicker.o(i._ZN6Kicker15setKickerStatusEb)
    Kicker::open()                           0x08004879   Thumb Code    12  kicker.o(i._ZN6Kicker4openEv)
    Kicker::close()                          0x08004885   Thumb Code    12  kicker.o(i._ZN6Kicker5closeEv)
    Kicker::canKick()                        0x08004891   Thumb Code     6  kicker.o(i._ZN6Kicker7canKickEv)
    Kicker::Kicker(Pin&, Dma&)               0x08004899   Thumb Code    26  kicker.o(i._ZN6KickerC1ER3PinR3Dma)
    Kicker::Kicker__sub_object(Pin&, Dma&)   0x08004899   Thumb Code     0  kicker.o(i._ZN6KickerC1ER3PinR3Dma)
    OpenMV::initCoords()                     0x080048b9   Thumb Code    18  openmv.o(i._ZN6OpenMV10initCoordsEv)
    OpenMV::adductionMV(short)               0x080048d1   Thumb Code    32  openmv.o(i._ZN6OpenMV11adductionMVEs)
    OpenMV::getDistBlue()                    0x080048f1   Thumb Code     8  openmv.o(i._ZN6OpenMV11getDistBlueEv)
    OpenMV::getAngleBlue()                   0x080048f9   Thumb Code     8  openmv.o(i._ZN6OpenMV12getAngleBlueEv)
    OpenMV::getDistYellow()                  0x08004901   Thumb Code     8  openmv.o(i._ZN6OpenMV13getDistYellowEv)
    OpenMV::getAngleYellow()                 0x08004909   Thumb Code     8  openmv.o(i._ZN6OpenMV14getAngleYellowEv)
    OpenMV::crc8(volatile unsigned char*, unsigned char) 0x08004911   Thumb Code    58  openmv.o(i._ZN6OpenMV4crc8EPVhh)
    OpenMV::getX()                           0x0800494b   Thumb Code    18  openmv.o(i._ZN6OpenMV4getXEv)
    OpenMV::getY()                           0x0800495d   Thumb Code    18  openmv.o(i._ZN6OpenMV4getYEv)
    OpenMV::read()                           0x0800496f   Thumb Code   296  openmv.o(i._ZN6OpenMV4readEv)
    OpenMV::calculate(short, bool, bool)     0x08004a99   Thumb Code   680  openmv.o(i._ZN6OpenMV9calculateEsbb)
    OpenMV::initUSART(unsigned char)         0x08004d55   Thumb Code    86  openmv.o(i._ZN6OpenMV9initUSARTEh)
    OpenMV::OpenMV(Pin&, Pin&, unsigned char) 0x08004dad   Thumb Code    56  openmv.o(i._ZN6OpenMVC1ER3PinS1_h)
    OpenMV::OpenMV__sub_object(Pin&, Pin&, unsigned char) 0x08004dad   Thumb Code     0  openmv.o(i._ZN6OpenMVC1ER3PinS1_h)
    Forward::myGoalLine(short, short)        0x08004de9   Thumb Code   112  forward.o(i._ZN7Forward10myGoalLineEss)
    Forward::nearMyGoal()                    0x08004e61   Thumb Code   284  forward.o(i._ZN7Forward10nearMyGoalEv)
    Forward::robotInOUT()                    0x08004f91   Thumb Code    18  forward.o(i._ZN7Forward10robotInOUTEv)
    Forward::setVec2Out(unsigned char, Vec2b) 0x08004fa5   Thumb Code   500  forward.o(i._ZN7Forward10setVec2OutEh5Vec2b)
    Forward::getBallSide(float)              0x080051a1   Thumb Code    38  forward.o(i._ZN7Forward11getBallSideEf)
    Forward::inEnemyGoal()                   0x080051cd   Thumb Code    54  forward.o(i._ZN7Forward11inEnemyGoalEv)
    Forward::resetCounts()                   0x08005203   Thumb Code     8  forward.o(i._ZN7Forward11resetCountsEv)
    Forward::vec2bOnGoal(float, float)       0x0800520d   Thumb Code   528  forward.o(i._ZN7Forward11vec2bOnGoalEff)
    Forward::robotNearOUT(unsigned char)     0x08005435   Thumb Code    94  forward.o(i._ZN7Forward12robotNearOUTEh)
    Forward::enemyGoalLine(short, short)     0x08005495   Thumb Code   116  forward.o(i._ZN7Forward13enemyGoalLineEss)
    Forward::projectionOnY(Vec2b)            0x08005511   Thumb Code   224  forward.o(i._ZN7Forward13projectionOnYE5Vec2b)
    Forward::isMyGoalCircle(short, short, short, short) 0x080055f9   Thumb Code   214  forward.o(i._ZN7Forward14isMyGoalCircleEssss)
    Forward::setResOUTVector(OutPair, Vec2b) 0x080056e5   Thumb Code   198  forward.o(i._ZN7Forward15setResOUTVectorE7OutPair5Vec2b)
    Forward::robotInFreeField()              0x080057b5   Thumb Code    18  forward.o(i._ZN7Forward16robotInFreeFieldEv)
    Forward::getVecForMyCircle(short, short) 0x080057c9   Thumb Code   170  forward.o(i._ZN7Forward17getVecForMyCircleEss)
    Forward::isEnemyGoalCircle(short, short, short, short) 0x0800587d   Thumb Code   246  forward.o(i._ZN7Forward17isEnemyGoalCircleEssss)
    Forward::getVecForEnemyCircle(short, short) 0x08005995   Thumb Code   290  forward.o(i._ZN7Forward20getVecForEnemyCircleEss)
    Forward::inMyGoal()                      0x08005ac9   Thumb Code    54  forward.o(i._ZN7Forward8inMyGoalEv)
    Forward::ballInOUT(float)                0x08005b01   Thumb Code   236  forward.o(i._ZN7Forward9ballInOUTEf)
    Forward::checkOUTs()                     0x08005c05   Thumb Code   314  forward.o(i._ZN7Forward9checkOUTsEv)
    Forward::Forward()                       0x08005d3f   Thumb Code    28  forward.o(i._ZN7ForwardC1Ev)
    Forward::Forward__sub_object()           0x08005d3f   Thumb Code     0  forward.o(i._ZN7ForwardC1Ev)
    OutPair::setOut(unsigned char)           0x08005d5b   Thumb Code    16  forward.o(i._ZN7OutPair6setOutEh)
    OutPair::OutPair()                       0x08005d6b   Thumb Code     8  main.o(i._ZN7OutPairC1Ev)
    OutPair::OutPair__sub_object()           0x08005d6b   Thumb Code     0  main.o(i._ZN7OutPairC1Ev)
    OutPair::operator =(const OutPair&)      0x08005d73   Thumb Code    10  main.o(i._ZN7OutPairaSERKS_)
    Asterisk::calibrated()                   0x08005d7d   Thumb Code     6  main.o(i._ZN8Asterisk10calibratedEv)
    Asterisk::forwardStrategy()              0x08005d89   Thumb Code  1756  main.o(i._ZN8Asterisk15forwardStrategyEv)
    Asterisk::goalkeeperStrategy()           0x080064b1   Thumb Code  2746  main.o(i._ZN8Asterisk18goalkeeperStrategyEv)
    Asterisk::getVec2bToBallFollow()         0x08006fc5   Thumb Code   618  main.o(i._ZN8Asterisk20getVec2bToBallFollowEv)
    Asterisk::init(unsigned char, unsigned char, unsigned char) 0x080072a5   Thumb Code   360  main.o(i._ZN8Asterisk4initEhhh)
    Asterisk::update()                       0x080074c9   Thumb Code  1344  main.o(i._ZN8Asterisk6updateEv)
    Asterisk::getRole()                      0x08007a39   Thumb Code     6  main.o(i._ZN8Asterisk7getRoleEv)
    Asterisk::mustLeave()                    0x08007a45   Thumb Code   302  main.o(i._ZN8Asterisk9mustLeaveEv)
    gyro_imu::adduct0_360(float)             0x08007bbd   Thumb Code    54  imu_usart.o(i._ZN8gyro_imu11adduct0_360Ef)
    gyro_imu::getRotation()                  0x08007bf9   Thumb Code     8  imu_usart.o(i._ZN8gyro_imu11getRotationEv)
    gyro_imu::setZeroAngle()                 0x08007c01   Thumb Code   232  imu_usart.o(i._ZN8gyro_imu12setZeroAngleEv)
    gyro_imu::calculateSoft(float, float, unsigned char) 0x08007ced   Thumb Code   164  imu_usart.o(i._ZN8gyro_imu13calculateSoftEffh)
    gyro_imu::getMaxRotation()               0x08007da1   Thumb Code     8  imu_usart.o(i._ZN8gyro_imu14getMaxRotationEv)
    gyro_imu::getCurrentAngle()              0x08007da9   Thumb Code     8  imu_usart.o(i._ZN8gyro_imu15getCurrentAngleEv)
    gyro_imu::setRotationForTarget()         0x08007db1   Thumb Code    86  imu_usart.o(i._ZN8gyro_imu20setRotationForTargetEv)
    gyro_imu::read()                         0x08007e11   Thumb Code   268  imu_usart.o(i._ZN8gyro_imu4readEv)
    gyro_imu::adduct(short)                  0x08007f21   Thumb Code    32  imu_usart.o(i._ZN8gyro_imu6adductEs)
    gyro_imu::getTarget()                    0x08007f41   Thumb Code    18  imu_usart.o(i._ZN8gyro_imu9getTargetEv)
    gyro_imu::initUSART(unsigned char)       0x08007f53   Thumb Code    86  imu_usart.o(i._ZN8gyro_imu9initUSARTEh)
    gyro_imu::setTarget(float)               0x08007fa9   Thumb Code    26  imu_usart.o(i._ZN8gyro_imu9setTargetEf)
    gyro_imu::gyro_imu(Pin&, Pin&, unsigned char) 0x08007fcd   Thumb Code    42  imu_usart.o(i._ZN8gyro_imuC1ER3PinS1_h)
    gyro_imu::gyro_imu__sub_object(Pin&, Pin&, unsigned char) 0x08007fcd   Thumb Code     0  imu_usart.o(i._ZN8gyro_imuC1ER3PinS1_h)
    BallVec2b::changeValues(bool)            0x08007ffd   Thumb Code   694  queues_ball.o(i._ZN9BallVec2b12changeValuesEb)
    BallVec2b::getDerivativeAng()            0x080082b3   Thumb Code    10  queues_ball.o(i._ZN9BallVec2b16getDerivativeAngEv)
    BallVec2b::getDerivativeDist()           0x080082bd   Thumb Code    10  queues_ball.o(i._ZN9BallVec2b17getDerivativeDistEv)
    BallVec2b::setTransitionBy360()          0x080082c9   Thumb Code   244  queues_ball.o(i._ZN9BallVec2b18setTransitionBy360Ev)
    BallVec2b::push(Vec2b, long long)        0x080083d5   Thumb Code   492  queues_ball.o(i._ZN9BallVec2b4pushE5Vec2bx)
    BallVec2b::adduct(double)                0x080085c1   Thumb Code   110  queues_ball.o(i._ZN9BallVec2b6adductEd)
    BallVec2b::calculate()                   0x08008649   Thumb Code  1314  queues_ball.o(i._ZN9BallVec2b9calculateEv)
    BallVec2b::BallVec2b()                   0x08008b6d   Thumb Code   160  queues_ball.o(i._ZN9BallVec2bC1Ev)
    BallVec2b::BallVec2b__sub_object()       0x08008b6d   Thumb Code     0  queues_ball.o(i._ZN9BallVec2bC1Ev)
    Vec2bTime::set(double, double, unsigned, short) 0x08008c21   Thumb Code    18  queues_ball.o(i._ZN9Vec2bTime3setEddjs)
    Vec2bTime::getLen()                      0x08008c33   Thumb Code     6  queues_ball.o(i._ZN9Vec2bTime6getLenEv)
    Vec2bTime::correct()                     0x08008c39   Thumb Code    86  queues_ball.o(i._ZN9Vec2bTime7correctEv)
    Vec2bTime::getTime()                     0x08008c99   Thumb Code     6  queues_ball.o(i._ZN9Vec2bTime7getTimeEv)
    Vec2bTime::getAngle()                    0x08008c9f   Thumb Code     6  queues_ball.o(i._ZN9Vec2bTime8getAngleEv)
    Vec2bTime::Vec2bTime()                   0x08008ca5   Thumb Code    14  queues_ball.o(i._ZN9Vec2bTimeC1Ev)
    Vec2bTime::Vec2bTime__sub_object()       0x08008ca5   Thumb Code     0  queues_ball.o(i._ZN9Vec2bTimeC1Ev)
    std::abs(double)                         0x08008cb3   Thumb Code    32  main.o(i._ZSt3absd)
    std::abs(float)                          0x08008cd3   Thumb Code    10  main.o(i._ZSt3absf)
    std::cos(float)                          0x08008cdd   Thumb Code    24  openmv.o(i._ZSt3cosf)
    std::pow(double, int)                    0x08008cf5   Thumb Code    52  queues_ball.o(i._ZSt3powdi)
    std::pow(float, float)                   0x08008d29   Thumb Code    32  goalkeeper.o(i._ZSt3powff)
    std::pow(float, int)                     0x08008d49   Thumb Code    34  goalkeeper.o(i._ZSt3powfi)
    std::sin(float)                          0x08008d6b   Thumb Code    24  openmv.o(i._ZSt3sinf)
    std::sqrt(float)                         0x08008d83   Thumb Code    24  processing_coord.o(i._ZSt4sqrtf)
    std::atan2(float, float)                 0x08008d9b   Thumb Code    32  main.o(i._ZSt5atan2ff)
    __ARM_fpclassify                         0x08008dbb   Thumb Code    48  fpclassify.o(i.__ARM_fpclassify)
    __ARM_fpclassifyf                        0x08008deb   Thumb Code    38  fpclassifyf.o(i.__ARM_fpclassifyf)
    __aeabi_vec_ctor_nocookie_nodtor         0x08008e11   Thumb Code    36  aeabi_vec_ctor_nocookie_nodtor.o(i.__aeabi_vec_ctor_nocookie_nodtor)
    __hardfp_atan                            0x08008e39   Thumb Code   622  atan.o(i.__hardfp_atan)
    __hardfp_atan2                           0x08009111   Thumb Code   448  atan2.o(i.__hardfp_atan2)
    __hardfp_atan2f                          0x08009311   Thumb Code   594  atan2f.o(i.__hardfp_atan2f)
    __hardfp_cos                             0x080095c1   Thumb Code   180  cos.o(i.__hardfp_cos)
    __hardfp_cosf                            0x08009689   Thumb Code   280  cosf.o(i.__hardfp_cosf)
    __hardfp_fabs                            0x080097d9   Thumb Code    20  fabs.o(i.__hardfp_fabs)
    __hardfp_pow                             0x080097f1   Thumb Code  3072  pow.o(i.__hardfp_pow)
    __hardfp_powf                            0x0800a441   Thumb Code  1606  powf.o(i.__hardfp_powf)
    __mathlib_powf                           0x0800a441   Thumb Code     0  powf.o(i.__hardfp_powf)
    __hardfp_sin                             0x0800aaa9   Thumb Code   180  sin.o(i.__hardfp_sin)
    __hardfp_sinf                            0x0800ab71   Thumb Code   344  sinf.o(i.__hardfp_sinf)
    __hardfp_sqrt                            0x0800ad01   Thumb Code   122  sqrt.o(i.__hardfp_sqrt)
    __hardfp_sqrtf                           0x0800ad7b   Thumb Code    58  sqrtf.o(i.__hardfp_sqrtf)
    __ieee754_rem_pio2                       0x0800adb9   Thumb Code   938  rred.o(i.__ieee754_rem_pio2)
    __kernel_cos                             0x0800b1f1   Thumb Code   322  cos_i.o(i.__kernel_cos)
    __kernel_poly                            0x0800b361   Thumb Code   248  poly.o(i.__kernel_poly)
    __kernel_sin                             0x0800b459   Thumb Code   280  sin_i.o(i.__kernel_sin)
    __mathlib_dbl_divzero                    0x0800b589   Thumb Code    28  dunder.o(i.__mathlib_dbl_divzero)
    __mathlib_dbl_infnan                     0x0800b5b9   Thumb Code    20  dunder.o(i.__mathlib_dbl_infnan)
    __mathlib_dbl_infnan2                    0x0800b5cd   Thumb Code    20  dunder.o(i.__mathlib_dbl_infnan2)
    __mathlib_dbl_invalid                    0x0800b5e1   Thumb Code    24  dunder.o(i.__mathlib_dbl_invalid)
    __mathlib_dbl_overflow                   0x0800b601   Thumb Code    24  dunder.o(i.__mathlib_dbl_overflow)
    __mathlib_dbl_underflow                  0x0800b621   Thumb Code    24  dunder.o(i.__mathlib_dbl_underflow)
    __mathlib_flt_divzero                    0x0800b641   Thumb Code    14  funder.o(i.__mathlib_flt_divzero)
    __mathlib_flt_infnan                     0x0800b655   Thumb Code     6  funder.o(i.__mathlib_flt_infnan)
    __mathlib_flt_infnan2                    0x0800b65b   Thumb Code     6  funder.o(i.__mathlib_flt_infnan2)
    __mathlib_flt_invalid                    0x0800b661   Thumb Code    10  funder.o(i.__mathlib_flt_invalid)
    __mathlib_flt_overflow                   0x0800b671   Thumb Code    10  funder.o(i.__mathlib_flt_overflow)
    __mathlib_flt_underflow                  0x0800b681   Thumb Code    10  funder.o(i.__mathlib_flt_underflow)
    __mathlib_rredf2                         0x0800b691   Thumb Code   316  rredf.o(i.__mathlib_rredf2)
    _sys_exit                                0x0800bc91   Thumb Code     4  retarget.o(i._sys_exit)
    atan                                     0x0800bc95   Thumb Code    16  atan.o(i.atan)
    fabs                                     0x0800bca5   Thumb Code    24  fabs.o(i.fabs)
    main                                     0x0800bcbd   Thumb Code   402  main.o(i.main)
    sqrt                                     0x0800bead   Thumb Code   110  sqrt.o(i.sqrt)
    __aeabi_dneg                             0x0800bf1b   Thumb Code     0  basic.o(x$fpl$basic)
    _dneg                                    0x0800bf1b   Thumb Code     6  basic.o(x$fpl$basic)
    __aeabi_fneg                             0x0800bf21   Thumb Code     0  basic.o(x$fpl$basic)
    _fneg                                    0x0800bf21   Thumb Code     6  basic.o(x$fpl$basic)
    _dabs                                    0x0800bf27   Thumb Code     6  basic.o(x$fpl$basic)
    _fabs                                    0x0800bf2d   Thumb Code     6  basic.o(x$fpl$basic)
    __aeabi_d2f                              0x0800bf35   Thumb Code     0  d2f.o(x$fpl$d2f)
    _d2f                                     0x0800bf35   Thumb Code    98  d2f.o(x$fpl$d2f)
    __aeabi_dadd                             0x0800bf99   Thumb Code     0  daddsub_clz.o(x$fpl$dadd)
    _dadd                                    0x0800bf99   Thumb Code   332  daddsub_clz.o(x$fpl$dadd)
    __fpl_dcheck_NaN1                        0x0800c0e9   Thumb Code    10  dcheck1.o(x$fpl$dcheck1)
    __fpl_dcmp_Inf                           0x0800c0f9   Thumb Code    24  dcmpi.o(x$fpl$dcmpinf)
    __aeabi_ddiv                             0x0800c111   Thumb Code     0  ddiv.o(x$fpl$ddiv)
    _ddiv                                    0x0800c111   Thumb Code   552  ddiv.o(x$fpl$ddiv)
    __aeabi_cdcmpeq                          0x0800c3c1   Thumb Code     0  deqf.o(x$fpl$deqf)
    _dcmpeq                                  0x0800c3c1   Thumb Code   120  deqf.o(x$fpl$deqf)
    __aeabi_d2iz                             0x0800c439   Thumb Code     0  dfix.o(x$fpl$dfix)
    _dfix                                    0x0800c439   Thumb Code    94  dfix.o(x$fpl$dfix)
    __aeabi_i2d                              0x0800c497   Thumb Code     0  dflt_clz.o(x$fpl$dflt)
    _dflt                                    0x0800c497   Thumb Code    46  dflt_clz.o(x$fpl$dflt)
    __aeabi_l2d                              0x0800c4c5   Thumb Code     0  dfltll_clz.o(x$fpl$dfltll)
    _ll_sto_d                                0x0800c4c5   Thumb Code   162  dfltll_clz.o(x$fpl$dfltll)
    __aeabi_ui2d                             0x0800c567   Thumb Code     0  dflt_clz.o(x$fpl$dfltu)
    _dfltu                                   0x0800c567   Thumb Code    38  dflt_clz.o(x$fpl$dfltu)
    __aeabi_ul2d                             0x0800c58d   Thumb Code     0  dfltll_clz.o(x$fpl$dfltull)
    _ll_uto_d                                0x0800c58d   Thumb Code   138  dfltll_clz.o(x$fpl$dfltull)
    __aeabi_cdcmple                          0x0800c619   Thumb Code     0  dleqf.o(x$fpl$dleqf)
    _dcmple                                  0x0800c619   Thumb Code   120  dleqf.o(x$fpl$dleqf)
    __fpl_dcmple_InfNaN                      0x0800c67b   Thumb Code     0  dleqf.o(x$fpl$dleqf)
    __aeabi_dmul                             0x0800c691   Thumb Code     0  dmul.o(x$fpl$dmul)
    _dmul                                    0x0800c691   Thumb Code   332  dmul.o(x$fpl$dmul)
    __fpl_dnaninf                            0x0800c7e5   Thumb Code   156  dnaninf.o(x$fpl$dnaninf)
    __fpl_dretinf                            0x0800c881   Thumb Code    12  dretinf.o(x$fpl$dretinf)
    __aeabi_cdrcmple                         0x0800c88d   Thumb Code     0  drleqf.o(x$fpl$drleqf)
    _drcmple                                 0x0800c88d   Thumb Code   108  drleqf.o(x$fpl$drleqf)
    __aeabi_drsub                            0x0800c8f9   Thumb Code     0  daddsub_clz.o(x$fpl$drsb)
    _drsb                                    0x0800c8f9   Thumb Code    22  daddsub_clz.o(x$fpl$drsb)
    _dsqrt                                   0x0800c911   Thumb Code   404  dsqrt_umaal.o(x$fpl$dsqrt)
    __aeabi_dsub                             0x0800caa9   Thumb Code     0  daddsub_clz.o(x$fpl$dsub)
    _dsub                                    0x0800caa9   Thumb Code   464  daddsub_clz.o(x$fpl$dsub)
    __aeabi_f2d                              0x0800cc7d   Thumb Code     0  f2d.o(x$fpl$f2d)
    _f2d                                     0x0800cc7d   Thumb Code    86  f2d.o(x$fpl$f2d)
    __fpl_fnaninf                            0x0800ccd3   Thumb Code   140  fnaninf.o(x$fpl$fnaninf)
    _fp_init                                 0x0800cd5f   Thumb Code    10  fpinit.o(x$fpl$fpinit)
    __fplib_config_fpu_vfp                   0x0800cd67   Thumb Code     0  fpinit.o(x$fpl$fpinit)
    __fplib_config_pureend_doubles           0x0800cd67   Thumb Code     0  fpinit.o(x$fpl$fpinit)
    __fpl_fretinf                            0x0800cd69   Thumb Code    10  fretinf.o(x$fpl$fretinf)
    __fpl_return_NaN                         0x0800cd73   Thumb Code   100  retnan.o(x$fpl$retnan)
    __ARM_scalbn                             0x0800cdd7   Thumb Code    92  scalbn.o(x$fpl$scalbn)
    __fpl_cmpreturn                          0x0800ce33   Thumb Code    48  trapv.o(x$fpl$trapveneer)
    __I$use$fp                               0x0800ce62   Number         0  usenofp.o(x$fpl$usenofp)
    __mathlib_zero                           0x0800d130   Data           8  qnan.o(.constdata)
    Region$$Table$$Base                      0x0800d248   Number         0  anon$$obj.o(Region$$Table)
    Region$$Table$$Limit                     0x0800d268   Number         0  anon$$obj.o(Region$$Table)
    SHT$$INIT_ARRAY$$Base                    0x0800d268   Number         0  main.o(.init_array)
    SHT$$INIT_ARRAY$$Limit                   0x0800d26c   Number         0  init_aeabi.o(.init_array)
    Asterisk::outStatus                      0x20000000   Data           2  main.o(.data)
    Asterisk::outStatusNow                   0x20000002   Data           2  main.o(.data)
    Asterisk::ang                            0x20000004   Data           4  main.o(.data)
    Asterisk::dist                           0x20000008   Data           4  main.o(.data)
    Asterisk::imuCalibrated                  0x2000000c   Data           1  main.o(.data)
    Asterisk::pow                            0x2000000e   Data           2  main.o(.data)
    Asterisk::angleIMU                       0x20000010   Data           4  main.o(.data)
    Asterisk::angSoft                        0x20000014   Data           4  main.o(.data)
    Asterisk::distSoft                       0x20000018   Data           4  main.o(.data)
    Asterisk::angRes                         0x2000001c   Data           4  main.o(.data)
    Asterisk::distOld                        0x20000020   Data           4  main.o(.data)
    Asterisk::angOld                         0x20000024   Data           4  main.o(.data)
    Asterisk::t                              0x20000028   Data           8  main.o(.data)
    Asterisk::timeNotSeenBall                0x20000030   Data           8  main.o(.data)
    Asterisk::timeUpdateQueue                0x20000038   Data           8  main.o(.data)
    Asterisk::timeCheckLeave                 0x20000040   Data           8  main.o(.data)
    Asterisk::timeInLeaving                  0x20000048   Data           8  main.o(.data)
    Asterisk::timeCalibrEnd                  0x20000050   Data           8  main.o(.data)
    Asterisk::timeOUT                        0x20000058   Data           8  main.o(.data)
    Asterisk::timeBallFront                  0x20000060   Data           8  main.o(.data)
    Asterisk::timeMotorsWork                 0x20000068   Data           8  main.o(.data)
    Asterisk::x                              0x20000070   Data           2  main.o(.data)
    Asterisk::y                              0x20000072   Data           2  main.o(.data)
    Asterisk::xGkReturn                      0x20000074   Data           2  main.o(.data)
    Asterisk::yGkReturn                      0x20000076   Data           2  main.o(.data)
    Asterisk::angRaw                         0x20000078   Data           4  main.o(.data)
    Asterisk::angRawOld                      0x2000007c   Data           4  main.o(.data)
    Asterisk::distRaw                        0x20000080   Data           4  main.o(.data)
    Asterisk::distRaw2                       0x20000084   Data           4  main.o(.data)
    Asterisk::distSoftOld                    0x20000088   Data           4  main.o(.data)
    Asterisk::myGoal                         0x2000008c   Data           1  main.o(.data)
    Asterisk::myRole                         0x2000008d   Data           1  main.o(.data)
    Asterisk::myGoalOld                      0x2000008e   Data           1  main.o(.data)
    Asterisk::myRoleOld                      0x2000008f   Data           1  main.o(.data)
    Asterisk::dBl                            0x20000090   Data           2  main.o(.data)
    Asterisk::dYe                            0x20000092   Data           2  main.o(.data)
    Asterisk::angBlue                        0x20000094   Data           2  main.o(.data)
    Asterisk::angYellow                      0x20000096   Data           2  main.o(.data)
    Asterisk::targetRaw                      0x20000098   Data           4  main.o(.data)
    Asterisk::target                         0x2000009c   Data           4  main.o(.data)
    Asterisk::speedForward                   0x200000a0   Data           8  main.o(.data)
    Asterisk::angleBallGoal                  0x200000a8   Data           2  main.o(.data)
    Asterisk::angToGoal                      0x200000aa   Data           2  main.o(.data)
    Asterisk::doesntSeeGoals                 0x200000ac   Data           1  main.o(.data)
    Asterisk::ang0_360                       0x200000ae   Data           2  main.o(.data)
    Asterisk::angY                           0x200000b0   Data           2  main.o(.data)
    Asterisk::myMode                         0x200000b2   Data           1  main.o(.data)
    Asterisk::seeBall                        0x200000b3   Data           1  main.o(.data)
    Asterisk::motorsWork                     0x200000b4   Data           1  main.o(.data)
    Asterisk::neverTurnMotors                0x200000b5   Data           1  main.o(.data)
    Asterisk::robotMustLeave                 0x200000b6   Data           1  main.o(.data)
    Asterisk::robotInOutOld                  0x200000b7   Data           1  main.o(.data)
    Asterisk::inLeave                        0x200000b8   Data           1  main.o(.data)
    Asterisk::inReturn                       0x200000b9   Data           1  main.o(.data)
    Asterisk::goFromOUT                      0x200000ba   Data           1  main.o(.data)
    Asterisk::goFromOutTime                  0x200000bb   Data           1  main.o(.data)
    Asterisk::kLen                           0x200000c0   Data           8  main.o(.data)
    Asterisk::kAng                           0x200000c8   Data           8  main.o(.data)
    Asterisk::volt                           0x200000d0   Data           8  main.o(.data)
    Asterisk::currLeaveTime                  0x200000d8   Data           2  main.o(.data)
    Asterisk::usart6Available                0x200000da   Data           2  main.o(.data)
    Asterisk::robotInOUT                     0x200000dc   Data           1  main.o(.data)
    Asterisk::xYellow                        0x200000e0   Data           4  main.o(.data)
    Asterisk::yYellow                        0x200000e4   Data           4  main.o(.data)
    Asterisk::xBlue                          0x200000e8   Data           4  main.o(.data)
    Asterisk::yBlue                          0x200000ec   Data           4  main.o(.data)
    Asterisk::capacitorADC                   0x200000f0   Data           4  main.o(.data)
    Asterisk::nearOUT                        0x200000f4   Data           1  main.o(.data)
    Asterisk::ballGrip                       0x200000f5   Data           1  main.o(.data)
    Asterisk::readed                         0x200000f6   Data           1  main.o(.data)
    Asterisk::ballVal                        0x200000f8   Data           2  main.o(.data)
    Asterisk::globalAng2Ball                 0x200000fc   Data           4  main.o(.data)
    Asterisk::detownDir                      0x20000100   Data           1  main.o(.data)
    Asterisk::byEnemyGoalGK                  0x20000101   Data           1  main.o(.data)
    Asterisk::timeDetown                     0x20000102   Data           1  main.o(.data)
    Asterisk::xReturn                        0x20000104   Data           4  main.o(.data)
    Asterisk::yReturn                        0x20000108   Data           4  main.o(.data)
    Asterisk::globalAng                      0x2000010c   Data           4  main.o(.data)
    Asterisk::NEED_TO_CALIBRATE              0x20000110   Data           1  main.o(.data)
    Asterisk::voltageDiv                     0x20000114   Data           8  main.o(.data)
    time_service::tim                        0x20000120   Data           8  time_service.o(.data)
    uart1::rx                                0x20000128   Data           8  usart1.o(.data)
    uart1::_rxCnt                            0x20000130   Data           2  usart1.o(.data)
    uart1::_txCnt                            0x20000132   Data           2  usart1.o(.data)
    uart1::tx                                0x20000134   Data           8  usart1.o(.data)
    uart1::_sendCnt                          0x2000013c   Data           2  usart1.o(.data)
    uart1::_readCnt                          0x2000013e   Data           2  usart1.o(.data)
    uart1::flag                              0x20000140   Data           1  usart1.o(.data)
    uart2::rx                                0x20000142   Data           8  usart2.o(.data)
    uart2::_rxCnt                            0x2000014a   Data           2  usart2.o(.data)
    uart2::_txCnt                            0x2000014c   Data           2  usart2.o(.data)
    uart2::tx                                0x2000014e   Data           8  usart2.o(.data)
    uart2::_sendCnt                          0x20000156   Data           2  usart2.o(.data)
    uart2::_readCnt                          0x20000158   Data           2  usart2.o(.data)
    uart2::flag                              0x2000015a   Data           1  usart2.o(.data)
    uart3::rx                                0x2000015c   Data           8  usart3.o(.data)
    uart3::_rxCnt                            0x20000164   Data           2  usart3.o(.data)
    uart3::_txCnt                            0x20000166   Data           2  usart3.o(.data)
    uart3::tx                                0x20000168   Data           8  usart3.o(.data)
    uart3::_sendCnt                          0x20000170   Data           2  usart3.o(.data)
    uart3::_readCnt                          0x20000172   Data           2  usart3.o(.data)
    uart3::flag                              0x20000174   Data           1  usart3.o(.data)
    uart6::rx                                0x20000176   Data           8  usart6.o(.data)
    uart6::_rxCnt                            0x2000017e   Data           2  usart6.o(.data)
    uart6::_txCnt                            0x20000180   Data           2  usart6.o(.data)
    uart6::tx                                0x20000182   Data           8  usart6.o(.data)
    uart6::_sendCnt                          0x2000018a   Data           2  usart6.o(.data)
    uart6::_readCnt                          0x2000018c   Data           2  usart6.o(.data)
    uart6::flag                              0x2000018e   Data           1  usart6.o(.data)
    SPI_1::_spi_mode                         0x20000190   Data           4  spi_1.o(.data)
    SPI_1::_spi_direction                    0x20000194   Data           4  spi_1.o(.data)
    SPI_1::_baud_rate                        0x20000198   Data           4  spi_1.o(.data)
    SPI_1::_first_bit                        0x2000019c   Data           4  spi_1.o(.data)
    SPI_1::_cur_rx_read                      0x200001a0   Data           2  spi_1.o(.data)
    SPI_1::_cur_rx_write                     0x200001a2   Data           2  spi_1.o(.data)
    SPI_1::_buf_size                         0x200001a4   Data           2  spi_1.o(.data)
    Asterisk::currentVector                  0x200001b8   Data          16  main.o(.bss)
    Asterisk::goToBall                       0x200001c8   Data          16  main.o(.bss)
    Asterisk::goOUT                          0x200001d8   Data          16  main.o(.bss)
    Asterisk::goTo                           0x200001e8   Data          16  main.o(.bss)
    Asterisk::tssps_                         0x200001f8   Data          32  main.o(.bss)
    Asterisk::voltageDividerPin              0x20000218   Data          64  main.o(.bss)
    Asterisk::voltageDividerPinADC           0x20000258   Data          64  main.o(.bss)
    Asterisk::voltageDividerDMA              0x20000298   Data          80  main.o(.bss)
    Asterisk::ballSensPin                    0x200002e8   Data          64  main.o(.bss)
    Asterisk::ballSensADC                    0x20000328   Data          64  main.o(.bss)
    Asterisk::ballSensDMA                    0x20000368   Data          80  main.o(.bss)
    Asterisk::ballSens                       0x200003b8   Data          24  main.o(.bss)
    Asterisk::tsop_in1                       0x200003d0   Data          64  main.o(.bss)
    Asterisk::tsop_in2                       0x20000410   Data          64  main.o(.bss)
    Asterisk::tsop_in3                       0x20000450   Data          64  main.o(.bss)
    Asterisk::tsop_in4                       0x20000490   Data          64  main.o(.bss)
    Asterisk::tsopPin1                       0x200004d0   Data          64  main.o(.bss)
    Asterisk::tsopPin2                       0x20000510   Data          64  main.o(.bss)
    Asterisk::tsops                          0x20000550   Data         424  main.o(.bss)
    Asterisk::tx_openMV                      0x200006f8   Data          64  main.o(.bss)
    Asterisk::rx_openMV                      0x20000738   Data          64  main.o(.bss)
    Asterisk::camera                         0x20000778   Data          40  main.o(.bss)
    Asterisk::reset_imu_pin                  0x200007a0   Data          64  main.o(.bss)
    Asterisk::tx_imu                         0x200007e0   Data          64  main.o(.bss)
    Asterisk::rx_imu                         0x20000820   Data          64  main.o(.bss)
    Asterisk::gyro                           0x20000860   Data          16  main.o(.bss)
    Asterisk::capacitorPin                   0x20000870   Data          64  main.o(.bss)
    Asterisk::capacitorPinADC                0x200008b0   Data          64  main.o(.bss)
    Asterisk::capacitor                      0x200008f0   Data          80  main.o(.bss)
    Asterisk::kickerPin                      0x20000940   Data          64  main.o(.bss)
    Asterisk::kicker                         0x20000980   Data          32  main.o(.bss)
    Asterisk::button1                        0x200009a0   Data          64  main.o(.bss)
    Asterisk::button2                        0x200009e0   Data          64  main.o(.bss)
    Asterisk::button3                        0x20000a20   Data          64  main.o(.bss)
    Asterisk::motorsButton                   0x20000a60   Data          80  main.o(.bss)
    Asterisk::butt2                          0x20000ab0   Data          80  main.o(.bss)
    Asterisk::goalButton                     0x20000b00   Data          80  main.o(.bss)
    Asterisk::swMotorPower                   0x20000b50   Data          64  main.o(.bss)
    Asterisk::swGoalChoose                   0x20000b90   Data          64  main.o(.bss)
    Asterisk::swRoleChoose                   0x20000bd0   Data          64  main.o(.bss)
    Asterisk::switcher                       0x20000c10   Data          64  main.o(.bss)
    Asterisk::goalSW                         0x20000c50   Data          80  main.o(.bss)
    Asterisk::roleSW                         0x20000ca0   Data          80  main.o(.bss)
    Asterisk::gkLED                          0x20000cf0   Data          64  main.o(.bss)
    Asterisk::forwLED                        0x20000d30   Data          64  main.o(.bss)
    Asterisk::blueGoalLED                    0x20000d70   Data          64  main.o(.bss)
    Asterisk::yellowGoalLED                  0x20000db0   Data          64  main.o(.bss)
    Asterisk::led1                           0x20000df0   Data          64  main.o(.bss)
    Asterisk::led2                           0x20000e30   Data          64  main.o(.bss)
    Asterisk::led3                           0x20000e70   Data          64  main.o(.bss)
    Asterisk::motor1in1                      0x20000eb0   Data          64  main.o(.bss)
    Asterisk::motor1in2                      0x20000ef0   Data          64  main.o(.bss)
    Asterisk::motor1                         0x20000f30   Data         128  main.o(.bss)
    Asterisk::motor2in1                      0x20000fb0   Data          64  main.o(.bss)
    Asterisk::motor2in2                      0x20000ff0   Data          64  main.o(.bss)
    Asterisk::motor2                         0x20001030   Data         128  main.o(.bss)
    Asterisk::motor3in1                      0x200010b0   Data          64  main.o(.bss)
    Asterisk::motor3in2                      0x200010f0   Data          64  main.o(.bss)
    Asterisk::motor3                         0x20001130   Data         128  main.o(.bss)
    Asterisk::motor4in1                      0x200011b0   Data          64  main.o(.bss)
    Asterisk::motor4in2                      0x200011f0   Data          64  main.o(.bss)
    Asterisk::motor4                         0x20001230   Data         128  main.o(.bss)
    Asterisk::omni                           0x200012b0   Data         512  main.o(.bss)
    Asterisk::ball                           0x200014b0   Data        3016  main.o(.bss)
    Asterisk::myForward                      0x20002078   Data          36  main.o(.bss)
    Asterisk::myGoalkeeper                   0x2000209c   Data          56  main.o(.bss)
    SPI_1::_rx_buffer                        0x200020d4   Data          32  spi_1.o(.bss)
    __libspace_start                         0x200020f4   Data          96  libspace.o(.bss)
    __temporary_stack_top$libspace           0x20002154   Data           0  libspace.o(.bss)



==============================================================================

Memory Map of the image

  Image Entry point : 0x08000189

  Load Region LR_IROM1 (Base: 0x08000000, Size: 0x0000d424, Max: 0x00100000, ABSOLUTE, COMPRESSED[0x0000d27c])

    Execution Region ER_IROM1 (Exec base: 0x08000000, Load base: 0x08000000, Size: 0x0000d26c, Max: 0x00100000, ABSOLUTE)

    Exec Addr    Load Addr    Size         Type   Attr      Idx    E Section Name        Object

    0x08000000   0x08000000   0x00000188   Data   RO         5509    RESET               startup_stm32f407xx.o
    0x08000188   0x08000188   0x00000008   Code   RO         5642  * !!!main             c_w.l(__main.o)
    0x08000190   0x08000190   0x00000034   Code   RO         6212    !!!scatter          c_w.l(__scatter.o)
    0x080001c4   0x080001c4   0x0000005a   Code   RO         6210    !!dczerorl2         c_w.l(__dczerorl2.o)
    0x0800021e   0x0800021e   0x00000002   PAD
    0x08000220   0x08000220   0x0000001c   Code   RO         6214    !!handler_zi        c_w.l(__scatter_zi.o)
    0x0800023c   0x0800023c   0x00000002   Code   RO         6018    .ARM.Collect$$libinit$$00000000  c_w.l(libinit.o)
    0x0800023e   0x0800023e   0x00000004   Code   RO         5842    .ARM.Collect$$libinit$$00000001  c_w.l(libinit2.o)
    0x08000242   0x08000242   0x00000000   Code   RO         5845    .ARM.Collect$$libinit$$00000004  c_w.l(libinit2.o)
    0x08000242   0x08000242   0x00000000   Code   RO         5848    .ARM.Collect$$libinit$$0000000A  c_w.l(libinit2.o)
    0x08000242   0x08000242   0x00000000   Code   RO         5850    .ARM.Collect$$libinit$$0000000C  c_w.l(libinit2.o)
    0x08000242   0x08000242   0x00000000   Code   RO         5852    .ARM.Collect$$libinit$$0000000E  c_w.l(libinit2.o)
    0x08000242   0x08000242   0x00000000   Code   RO         5855    .ARM.Collect$$libinit$$00000011  c_w.l(libinit2.o)
    0x08000242   0x08000242   0x00000000   Code   RO         5857    .ARM.Collect$$libinit$$00000013  c_w.l(libinit2.o)
    0x08000242   0x08000242   0x00000000   Code   RO         5859    .ARM.Collect$$libinit$$00000015  c_w.l(libinit2.o)
    0x08000242   0x08000242   0x00000000   Code   RO         5861    .ARM.Collect$$libinit$$00000017  c_w.l(libinit2.o)
    0x08000242   0x08000242   0x00000000   Code   RO         5863    .ARM.Collect$$libinit$$00000019  c_w.l(libinit2.o)
    0x08000242   0x08000242   0x00000000   Code   RO         5865    .ARM.Collect$$libinit$$0000001B  c_w.l(libinit2.o)
    0x08000242   0x08000242   0x00000000   Code   RO         5867    .ARM.Collect$$libinit$$0000001D  c_w.l(libinit2.o)
    0x08000242   0x08000242   0x00000000   Code   RO         5869    .ARM.Collect$$libinit$$0000001F  c_w.l(libinit2.o)
    0x08000242   0x08000242   0x00000000   Code   RO         5871    .ARM.Collect$$libinit$$00000021  c_w.l(libinit2.o)
    0x08000242   0x08000242   0x00000000   Code   RO         5873    .ARM.Collect$$libinit$$00000023  c_w.l(libinit2.o)
    0x08000242   0x08000242   0x00000000   Code   RO         5875    .ARM.Collect$$libinit$$00000025  c_w.l(libinit2.o)
    0x08000242   0x08000242   0x00000000   Code   RO         5879    .ARM.Collect$$libinit$$0000002C  c_w.l(libinit2.o)
    0x08000242   0x08000242   0x00000000   Code   RO         5881    .ARM.Collect$$libinit$$0000002E  c_w.l(libinit2.o)
    0x08000242   0x08000242   0x00000000   Code   RO         5883    .ARM.Collect$$libinit$$00000030  c_w.l(libinit2.o)
    0x08000242   0x08000242   0x00000004   Code   RO         5884    .ARM.Collect$$libinit$$00000031  c_w.l(libinit2.o)
    0x08000246   0x08000246   0x00000000   Code   RO         5885    .ARM.Collect$$libinit$$00000032  c_w.l(libinit2.o)
    0x08000246   0x08000246   0x00000002   Code   RO         5886    .ARM.Collect$$libinit$$00000033  c_w.l(libinit2.o)
    0x08000248   0x08000248   0x00000002   Code   RO         6167    .ARM.Collect$$libshutdown$$00000000  c_w.l(libshutdown.o)
    0x0800024a   0x0800024a   0x00000000   Code   RO         6173    .ARM.Collect$$libshutdown$$00000002  c_w.l(libshutdown2.o)
    0x0800024a   0x0800024a   0x00000000   Code   RO         6175    .ARM.Collect$$libshutdown$$00000004  c_w.l(libshutdown2.o)
    0x0800024a   0x0800024a   0x00000000   Code   RO         6177    .ARM.Collect$$libshutdown$$00000006  c_w.l(libshutdown2.o)
    0x0800024a   0x0800024a   0x00000000   Code   RO         6180    .ARM.Collect$$libshutdown$$00000009  c_w.l(libshutdown2.o)
    0x0800024a   0x0800024a   0x00000000   Code   RO         6183    .ARM.Collect$$libshutdown$$0000000C  c_w.l(libshutdown2.o)
    0x0800024a   0x0800024a   0x00000000   Code   RO         6185    .ARM.Collect$$libshutdown$$0000000E  c_w.l(libshutdown2.o)
    0x0800024a   0x0800024a   0x00000000   Code   RO         6188    .ARM.Collect$$libshutdown$$00000011  c_w.l(libshutdown2.o)
    0x0800024a   0x0800024a   0x00000002   Code   RO         6189    .ARM.Collect$$libshutdown$$00000012  c_w.l(libshutdown2.o)
    0x0800024c   0x0800024c   0x00000000   Code   RO         5839    .ARM.Collect$$rtentry$$00000000  c_w.l(__rtentry.o)
    0x0800024c   0x0800024c   0x00000000   Code   RO         5974    .ARM.Collect$$rtentry$$00000002  c_w.l(__rtentry2.o)
    0x0800024c   0x0800024c   0x00000006   Code   RO         5986    .ARM.Collect$$rtentry$$00000004  c_w.l(__rtentry4.o)
    0x08000252   0x08000252   0x00000000   Code   RO         5976    .ARM.Collect$$rtentry$$00000009  c_w.l(__rtentry2.o)
    0x08000252   0x08000252   0x00000004   Code   RO         5977    .ARM.Collect$$rtentry$$0000000A  c_w.l(__rtentry2.o)
    0x08000256   0x08000256   0x00000000   Code   RO         5979    .ARM.Collect$$rtentry$$0000000C  c_w.l(__rtentry2.o)
    0x08000256   0x08000256   0x00000008   Code   RO         5980    .ARM.Collect$$rtentry$$0000000D  c_w.l(__rtentry2.o)
    0x0800025e   0x0800025e   0x00000002   Code   RO         6028    .ARM.Collect$$rtexit$$00000000  c_w.l(rtexit.o)
    0x08000260   0x08000260   0x00000000   Code   RO         6107    .ARM.Collect$$rtexit$$00000002  c_w.l(rtexit2.o)
    0x08000260   0x08000260   0x00000004   Code   RO         6108    .ARM.Collect$$rtexit$$00000003  c_w.l(rtexit2.o)
    0x08000264   0x08000264   0x00000006   Code   RO         6109    .ARM.Collect$$rtexit$$00000004  c_w.l(rtexit2.o)
    0x0800026a   0x0800026a   0x00000002   PAD
    0x0800026c   0x0800026c   0x00000040   Code   RO         5510    .text               startup_stm32f407xx.o
    0x080002ac   0x080002ac   0x00000002   Code   RO         5636    .text               c_w.l(use_no_semi.o)
    0x080002ae   0x080002ae   0x00000064   Code   RO         5638    .text               c_w.l(rt_memcpy_w.o)
    0x08000312   0x08000312   0x00000006   Code   RO         5640    .text               c_w.l(heapauxi.o)
    0x08000318   0x08000318   0x00000024   Code   RO         5647    .text               c_w.l(init_aeabi.o)
    0x0800033c   0x0800033c   0x00000016   Code   RO         5840    .text               c_w.l(_rserrno.o)
    0x08000352   0x08000352   0x00000002   PAD
    0x08000354   0x08000354   0x00000008   Code   RO         5991    .text               c_w.l(rt_errno_addr_intlibspace.o)
    0x0800035c   0x0800035c   0x00000008   Code   RO         6002    .text               c_w.l(libspace.o)
    0x08000364   0x08000364   0x0000004a   Code   RO         6005    .text               c_w.l(sys_stackheap_outer.o)
    0x080003ae   0x080003ae   0x00000012   Code   RO         6007    .text               c_w.l(exit.o)
    0x080003c0   0x080003c0   0x00000016   Code   RO         3076    i.ADC_Cmd           stm32f4xx_adc.o
    0x080003d6   0x080003d6   0x00000002   PAD
    0x080003d8   0x080003d8   0x00000030   Code   RO         3077    i.ADC_CommonInit    stm32f4xx_adc.o
    0x08000408   0x08000408   0x00000016   Code   RO         3080    i.ADC_DMACmd        stm32f4xx_adc.o
    0x0800041e   0x0800041e   0x00000016   Code   RO         3081    i.ADC_DMARequestAfterLastTransferCmd  stm32f4xx_adc.o
    0x08000434   0x08000434   0x00000016   Code   RO         3085    i.ADC_EOCOnEachRegularChannelCmd  stm32f4xx_adc.o
    0x0800044a   0x0800044a   0x00000002   PAD
    0x0800044c   0x0800044c   0x00000054   Code   RO         3096    i.ADC_Init          stm32f4xx_adc.o
    0x080004a0   0x080004a0   0x000000b8   Code   RO         3101    i.ADC_RegularChannelConfig  stm32f4xx_adc.o
    0x08000558   0x08000558   0x0000000a   Code   RO         3103    i.ADC_SoftwareStartConv  stm32f4xx_adc.o
    0x08000562   0x08000562   0x00000016   Code   RO         3765    i.DMA_Cmd           stm32f4xx_dma.o
    0x08000578   0x08000578   0x00000158   Code   RO         3766    i.DMA_DeInit        stm32f4xx_dma.o
    0x080006d0   0x080006d0   0x00000058   Code   RO         3777    i.DMA_Init          stm32f4xx_dma.o
    0x08000728   0x08000728   0x00000090   Code   RO         3899    i.GPIO_Init         stm32f4xx_gpio.o
    0x080007b8   0x080007b8   0x00000046   Code   RO         3900    i.GPIO_PinAFConfig  stm32f4xx_gpio.o
    0x080007fe   0x080007fe   0x00000008   Code   RO         3902    i.GPIO_ReadInputData  stm32f4xx_gpio.o
    0x08000806   0x08000806   0x00000004   Code   RO         3906    i.GPIO_ResetBits    stm32f4xx_gpio.o
    0x0800080a   0x0800080a   0x00000004   Code   RO         3907    i.GPIO_SetBits      stm32f4xx_gpio.o
    0x0800080e   0x0800080e   0x00000002   PAD
    0x08000810   0x08000810   0x00000020   Code   RO         4234    i.RCC_AHB1PeriphClockCmd  stm32f4xx_rcc.o
    0x08000830   0x08000830   0x00000020   Code   RO         4243    i.RCC_APB1PeriphClockCmd  stm32f4xx_rcc.o
    0x08000850   0x08000850   0x00000020   Code   RO         4246    i.RCC_APB2PeriphClockCmd  stm32f4xx_rcc.o
    0x08000870   0x08000870   0x000000e8   Code   RO         4255    i.RCC_GetClocksFreq  stm32f4xx_rcc.o
    0x08000958   0x08000958   0x0000006c   Code   RO         2771    i.SPI1_IRQHandler   spi_1.o
    0x080009c4   0x080009c4   0x00000012   Code   RO         4589    i.SPI_I2S_GetFlagStatus  stm32f4xx_spi.o
    0x080009d6   0x080009d6   0x00000002   PAD
    0x080009d8   0x080009d8   0x00000110   Code   RO         5517    i.SetSysClock       system_stm32f4xx.o
    0x08000ae8   0x08000ae8   0x00000018   Code   RO         1831    i.SysTick_Handler   time_service.o
    0x08000b00   0x08000b00   0x00000068   Code   RO         5519    i.SystemInit        system_stm32f4xx.o
    0x08000b68   0x08000b68   0x00000020   Code   RO         4751    i.TIM_BDTRConfig    stm32f4xx_tim.o
    0x08000b88   0x08000b88   0x00000018   Code   RO         4762    i.TIM_Cmd           stm32f4xx_tim.o
    0x08000ba0   0x08000ba0   0x0000001e   Code   RO         4764    i.TIM_CtrlPWMOutputs  stm32f4xx_tim.o
    0x08000bbe   0x08000bbe   0x00000002   PAD
    0x08000bc0   0x08000bc0   0x0000007c   Code   RO         4791    i.TIM_OC1Init       stm32f4xx_tim.o
    0x08000c3c   0x08000c3c   0x000000a4   Code   RO         4796    i.TIM_OC2Init       stm32f4xx_tim.o
    0x08000ce0   0x08000ce0   0x000000a0   Code   RO         4801    i.TIM_OC3Init       stm32f4xx_tim.o
    0x08000d80   0x08000d80   0x00000078   Code   RO         4806    i.TIM_OC4Init       stm32f4xx_tim.o
    0x08000df8   0x08000df8   0x00000004   Code   RO         4824    i.TIM_SetCompare1   stm32f4xx_tim.o
    0x08000dfc   0x08000dfc   0x00000004   Code   RO         4825    i.TIM_SetCompare2   stm32f4xx_tim.o
    0x08000e00   0x08000e00   0x00000004   Code   RO         4826    i.TIM_SetCompare3   stm32f4xx_tim.o
    0x08000e04   0x08000e04   0x00000004   Code   RO         4827    i.TIM_SetCompare4   stm32f4xx_tim.o
    0x08000e08   0x08000e08   0x00000084   Code   RO         4834    i.TIM_TimeBaseInit  stm32f4xx_tim.o
    0x08000e8c   0x08000e8c   0x000000a0   Code   RO         2243    i.USART1_IRQHandler  usart1.o
    0x08000f2c   0x08000f2c   0x000000a8   Code   RO         2304    i.USART2_IRQHandler  usart2.o
    0x08000fd4   0x08000fd4   0x000000a8   Code   RO         2358    i.USART3_IRQHandler  usart3.o
    0x0800107c   0x0800107c   0x000000a8   Code   RO         2412    i.USART6_IRQHandler  usart6.o
    0x08001124   0x08001124   0x0000001e   Code   RO         5316    i.USART_ClearITPendingBit  stm32f4xx_usart.o
    0x08001142   0x08001142   0x00000018   Code   RO         5319    i.USART_Cmd         stm32f4xx_usart.o
    0x0800115a   0x0800115a   0x0000004a   Code   RO         5325    i.USART_ITConfig    stm32f4xx_usart.o
    0x080011a4   0x080011a4   0x000000d4   Code   RO         5326    i.USART_Init        stm32f4xx_usart.o
    0x08001278   0x08001278   0x00000018   Code   RO         5342    i.USART_StructInit  stm32f4xx_usart.o
    0x08001290   0x08001290   0x00000100   Code   RO         1594    i._ZN10BallSensor10ballInGripEv  ballsensor.o
    0x08001390   0x08001390   0x0000002a   Code   RO         1595    i._ZN10BallSensor18ballLongTimeInGripEv  ballsensor.o
    0x080013ba   0x080013ba   0x00000018   Code   RO         1596    i._ZN10BallSensor8getValueEv  ballsensor.o
    0x080013d2   0x080013d2   0x00000002   PAD
    0x080013d4   0x080013d4   0x00000024   Code   RO         1597    i._ZN10BallSensorC1ER3Dma  ballsensor.o
    0x080013f8   0x080013f8   0x00000004   Code   RO          392    i._ZN10Goalkeeper12setLeaveTimeEs  goalkeeper.o
    0x080013fc   0x080013fc   0x00000012   Code   RO          393    i._ZN10Goalkeeper13dist2GoalLongEv  goalkeeper.o
    0x0800140e   0x0800140e   0x00000002   PAD
    0x08001410   0x08001410   0x00000068   Code   RO          395    i._ZN10Goalkeeper16angleStopLeavingEf  goalkeeper.o
    0x08001478   0x08001478   0x00000038   Code   RO          396    i._ZN10Goalkeeper16changeFromReturnEv  goalkeeper.o
    0x080014b0   0x080014b0   0x00000074   Code   RO          397    i._ZN10Goalkeeper16getGoalkeeperPosEv  goalkeeper.o
    0x08001524   0x08001524   0x00000088   Code   RO          398    i._ZN10Goalkeeper17getTargetRadiusesEv  goalkeeper.o
    0x080015ac   0x080015ac   0x000001c4   Code   RO          399    i._ZN10Goalkeeper18getVecToGoalCenterEv  goalkeeper.o
    0x08001770   0x08001770   0x000000ac   Code   RO          400    i._ZN10Goalkeeper19getCurrentLeaveTimeEs  goalkeeper.o
    0x0800181c   0x0800181c   0x00000084   Code   RO          401    i._ZN10Goalkeeper19getTargetGoalkeeperEv  goalkeeper.o
    0x080018a0   0x080018a0   0x0000001c   Code   RO          402    i._ZN10Goalkeeper19setAngleLeaveStatusEv  goalkeeper.o
    0x080018bc   0x080018bc   0x00000614   Code   RO          404    i._ZN10Goalkeeper20getVecToIntersectionEs  goalkeeper.o
    0x08001ed0   0x08001ed0   0x0000004c   Code   RO          405    i._ZN10GoalkeeperC1Ev  goalkeeper.o
    0x08001f1c   0x08001f1c   0x0000003c   Code   RO         1373    i._ZN12omniplatform11adduct0_360Ef  omniplatform.o
    0x08001f58   0x08001f58   0x00000220   Code   RO         1374    i._ZN12omniplatform4moveEfffff  omniplatform.o
    0x08002178   0x08002178   0x00000024   Code   RO         1375    i._ZN12omniplatform7disableEv  omniplatform.o
    0x0800219c   0x0800219c   0x00000044   Code   RO         1376    i._ZN12omniplatformC1ER5MotorS1_S1_S1_  omniplatform.o
    0x080021e0   0x080021e0   0x00000060   Code   RO         1832    i._ZN12time_service4initEv  time_service.o
    0x08002240   0x08002240   0x00000024   Code   RO         1833    i._ZN12time_service5delayEj  time_service.o
    0x08002264   0x08002264   0x0000000c   Code   RO         1834    i._ZN12time_service6millisEv  time_service.o
    0x08002270   0x08002270   0x00000012   Code   RO         1836    i._ZN12time_service9startTimeEv  time_service.o
    0x08002282   0x08002282   0x00000002   PAD
    0x08002284   0x08002284   0x0000004c   Code   RO         1639    i._ZN14VoltageDividor10getVoltageEv  voltage.o
    0x080022d0   0x080022d0   0x00000018   Code   RO         1640    i._ZN14VoltageDividor10voltageLowEf  voltage.o
    0x080022e8   0x080022e8   0x00000010   Code   RO         1641    i._ZN14VoltageDividorC1ER3Dma  voltage.o
    0x080022f8   0x080022f8   0x000001a4   Code   RO          699    i._ZN15ProcessingCoord10ballInBackEfh  processing_coord.o
    0x0800249c   0x0800249c   0x0000003c   Code   RO          700    i._ZN15ProcessingCoord10checkXLeftEsh  processing_coord.o
    0x080024d8   0x080024d8   0x00000012   Code   RO          701    i._ZN15ProcessingCoord10checkYDownEs  processing_coord.o
    0x080024ea   0x080024ea   0x0000003a   Code   RO          702    i._ZN15ProcessingCoord11checkXRightEsh  processing_coord.o
    0x08002524   0x08002524   0x00000138   Code   RO          703    i._ZN15ProcessingCoord13getVecToPointEss  processing_coord.o
    0x0800265c   0x0800265c   0x00000084   Code   RO          705    i._ZN15ProcessingCoord15getTarget2EnemyEv  processing_coord.o
    0x080026e0   0x080026e0   0x000000f0   Code   RO          706    i._ZN15ProcessingCoord19suitableParams2KickEv  processing_coord.o
    0x080027d0   0x080027d0   0x00000020   Code   RO          708    i._ZN15ProcessingCoord6adductEs  processing_coord.o
    0x080027f0   0x080027f0   0x00000004   Code   RO          709    i._ZN15ProcessingCoord7setGoalEh  processing_coord.o
    0x080027f4   0x080027f4   0x00000012   Code   RO          710    i._ZN15ProcessingCoord8checkYUpEs  processing_coord.o
    0x08002806   0x08002806   0x0000004a   Code   RO          711    i._ZN15ProcessingCoord8distanceEffff  processing_coord.o
    0x08002850   0x08002850   0x00000020   Code   RO          712    i._ZN15ProcessingCoord9adduct180Es  processing_coord.o
    0x08002870   0x08002870   0x00000006   Code   RO          713    i._ZN15ProcessingCoord9setMaxLenEf  processing_coord.o
    0x08002876   0x08002876   0x00000012   Code   RO          714    i._ZN15ProcessingCoord9setParamsEsssss  processing_coord.o
    0x08002888   0x08002888   0x0000002e   Code   RO          715    i._ZN15ProcessingCoordC1Ev  processing_coord.o
    0x080028b6   0x080028b6   0x00000024   Code   RO         2466    i._ZN3Adc10adcDmaInitEv  adc.o
    0x080028da   0x080028da   0x00000024   Code   RO         2467    i._ZN3Adc10setChannelEv  adc.o
    0x080028fe   0x080028fe   0x00000002   PAD
    0x08002900   0x08002900   0x00000028   Code   RO         2468    i._ZN3Adc12getRCCPeriphEP11ADC_TypeDef  adc.o
    0x08002928   0x08002928   0x00000006   Code   RO         2470    i._ZN3Adc6getADCEv  adc.o
    0x0800292e   0x0800292e   0x00000028   Code   RO         2471    i._ZN3Adc7adcInitEh  adc.o
    0x08002956   0x08002956   0x0000003c   Code   RO         2473    i._ZN3Adc8startADCEv  adc.o
    0x08002992   0x08002992   0x00000026   Code   RO         2474    i._ZN3Adc9getCyclesEh  adc.o
    0x080029b8   0x080029b8   0x00000038   Code   RO         2475    i._ZN3AdcC1EP11ADC_TypeDefhh  adc.o
    0x080029f0   0x080029f0   0x00000010   Code   RO         2553    i._ZN3Dma10dataReturnEh  dma.o
    0x08002a00   0x08002a00   0x0000002a   Code   RO         2554    i._ZN3Dma12adcInitInDmaEh  dma.o
    0x08002a2a   0x08002a2a   0x0000006c   Code   RO         2556    i._ZN3Dma7dmaInitEP18DMA_Stream_TypeDefjj  dma.o
    0x08002a96   0x08002a96   0x0000003c   Code   RO         2558    i._ZN3DmaC1EjR3AdcP18DMA_Stream_TypeDefjjh  dma.o
    0x08002ad2   0x08002ad2   0x00000002   PAD
    0x08002ad4   0x08002ad4   0x00000134   Code   RO         1714    i._ZN3Pin12RCC_ClockCmdEv  pin.o
    0x08002c08   0x08002c08   0x000000f4   Code   RO         1715    i._ZN3Pin12setTimParamsEt  pin.o
    0x08002cfc   0x08002cfc   0x00000028   Code   RO         1716    i._ZN3Pin13setAFforUSARTEt  pin.o
    0x08002d24   0x08002d24   0x00000044   Code   RO         1717    i._ZN3Pin3pwmEj     pin.o
    0x08002d68   0x08002d68   0x00000020   Code   RO         1718    i._ZN3Pin3setEb     pin.o
    0x08002d88   0x08002d88   0x00000006   Code   RO         1719    i._ZN3Pin6getPinEv  pin.o
    0x08002d8e   0x08002d8e   0x00000010   Code   RO         1720    i._ZN3Pin6setBitEv  pin.o
    0x08002d9e   0x08002d9e   0x000000cc   Code   RO         1721    i._ZN3Pin6setPinEh  pin.o
    0x08002e6a   0x08002e6a   0x00000002   PAD
    0x08002e6c   0x08002e6c   0x0000012c   Code   RO         1722    i._ZN3Pin7pwmInitEsjh  pin.o
    0x08002f98   0x08002f98   0x00000018   Code   RO         1723    i._ZN3Pin7readPinEv  pin.o
    0x08002fb0   0x08002fb0   0x00000074   Code   RO         1724    i._ZN3Pin7setGPIOEc  pin.o
    0x08003024   0x08003024   0x00000006   Code   RO         1725    i._ZN3Pin8getGPIOxEv  pin.o
    0x0800302a   0x0800302a   0x00000010   Code   RO         1726    i._ZN3Pin8resetBitEv  pin.o
    0x0800303a   0x0800303a   0x00000008   Code   RO         1727    i._ZN3Pin9getPeriodEv  pin.o
    0x08003042   0x08003042   0x00000002   PAD
    0x08003044   0x08003044   0x00000234   Code   RO         1728    i._ZN3PinC1Echt     pin.o
    0x08003278   0x08003278   0x000001b4   Code   RO         1110    i._ZN4TSOP11angleOffsetEddd  tsop.o
    0x0800342c   0x0800342c   0x000000ac   Code   RO         1111    i._ZN4TSOP11convertDistEd  tsop.o
    0x080034d8   0x080034d8   0x00000118   Code   RO         1112    i._ZN4TSOP11updateTSOPsEv  tsop.o
    0x080035f0   0x080035f0   0x00000020   Code   RO         1113    i._ZN4TSOP6adductEs  tsop.o
    0x08003610   0x08003610   0x0000003c   Code   RO         1114    i._ZN4TSOP7ballFarEf  tsop.o
    0x0800364c   0x0800364c   0x00000010   Code   RO         1115    i._ZN4TSOP7distBadEs  tsop.o
    0x0800365c   0x0800365c   0x00000006   Code   RO         1116    i._ZN4TSOP7getDistEv  tsop.o
    0x08003662   0x08003662   0x00000006   Code   RO         1117    i._ZN4TSOP8getAngleEv  tsop.o
    0x08003668   0x08003668   0x00000130   Code   RO         1118    i._ZN4TSOP9calculateEv  tsop.o
    0x08003798   0x08003798   0x00000080   Code   RO         1119    i._ZN4TSOPC1ER3PinS1_S1_S1_S1_S1_  tsop.o
    0x08003818   0x08003818   0x0000000c   Code   RO         2192    i._ZN5Motor11getMaxSpeedEv  motor.o
    0x08003824   0x08003824   0x0000006c   Code   RO         2193    i._ZN5Motor2goEs    motor.o
    0x08003890   0x08003890   0x00000018   Code   RO         2194    i._ZN5Motor7disableEv  motor.o
    0x080038a8   0x080038a8   0x00000046   Code   RO         2196    i._ZN5MotorC1ER3PinhS1_h  motor.o
    0x080038ee   0x080038ee   0x00000002   PAD
    0x080038f0   0x080038f0   0x00000398   Code   RO         1529    i._ZN5Vec2b8changeToES_  vec2b.o
    0x08003c88   0x08003c88   0x0000000a   Code   RO         1530    i._ZN5Vec2bC1Edd    vec2b.o
    0x08003c92   0x08003c92   0x00000002   PAD
    0x08003c94   0x08003c94   0x0000001c   Code   RO         1531    i._ZN5Vec2bC1Ev     vec2b.o
    0x08003cb0   0x08003cb0   0x00000046   Code   RO         1532    i._ZN5Vec2bmLERKf   vec2b.o
    0x08003cf6   0x08003cf6   0x00000002   PAD
    0x08003cf8   0x08003cf8   0x0000021c   Code   RO         1534    i._ZN5Vec2bplERKS_  vec2b.o
    0x08003f14   0x08003f14   0x00000168   Code   RO         2244    i._ZN5uart110usart1InitEjfh  usart1.o
    0x0800407c   0x0800407c   0x00000048   Code   RO         2245    i._ZN5uart14readEv  usart1.o
    0x080040c4   0x080040c4   0x00000034   Code   RO         2247    i._ZN5uart19availableEv  usart1.o
    0x080040f8   0x080040f8   0x00000168   Code   RO         2305    i._ZN5uart210usart2InitEjfh  usart2.o
    0x08004260   0x08004260   0x00000048   Code   RO         2306    i._ZN5uart24readEv  usart2.o
    0x080042a8   0x080042a8   0x00000034   Code   RO         2308    i._ZN5uart29availableEv  usart2.o
    0x080042dc   0x080042dc   0x00000168   Code   RO         2359    i._ZN5uart310usart3InitEjfh  usart3.o
    0x08004444   0x08004444   0x00000048   Code   RO         2360    i._ZN5uart34readEv  usart3.o
    0x0800448c   0x0800448c   0x00000034   Code   RO         2362    i._ZN5uart39availableEv  usart3.o
    0x080044c0   0x080044c0   0x00000168   Code   RO         2413    i._ZN5uart610usart6InitEjfh  usart6.o
    0x08004628   0x08004628   0x00000048   Code   RO         2414    i._ZN5uart64readEv  usart6.o
    0x08004670   0x08004670   0x00000034   Code   RO         2416    i._ZN5uart69availableEv  usart6.o
    0x080046a4   0x080046a4   0x000000e0   Code   RO         1681    i._ZN6Button7pressedEv  button.o
    0x08004784   0x08004784   0x00000028   Code   RO         1682    i._ZN6ButtonC1E3Pinb  button.o
    0x080047ac   0x080047ac   0x00000012   Code   RO          966    i._ZN6Kicker12getDMASignalEv  kicker.o
    0x080047be   0x080047be   0x00000002   PAD
    0x080047c0   0x080047c0   0x000000b8   Code   RO          967    i._ZN6Kicker15setKickerStatusEb  kicker.o
    0x08004878   0x08004878   0x0000000c   Code   RO          968    i._ZN6Kicker4openEv  kicker.o
    0x08004884   0x08004884   0x0000000c   Code   RO          969    i._ZN6Kicker5closeEv  kicker.o
    0x08004890   0x08004890   0x00000006   Code   RO          970    i._ZN6Kicker7canKickEv  kicker.o
    0x08004896   0x08004896   0x00000002   PAD
    0x08004898   0x08004898   0x00000020   Code   RO          971    i._ZN6KickerC1ER3PinR3Dma  kicker.o
    0x080048b8   0x080048b8   0x00000018   Code   RO         1210    i._ZN6OpenMV10initCoordsEv  openmv.o
    0x080048d0   0x080048d0   0x00000020   Code   RO         1211    i._ZN6OpenMV11adductionMVEs  openmv.o
    0x080048f0   0x080048f0   0x00000008   Code   RO         1212    i._ZN6OpenMV11getDistBlueEv  openmv.o
    0x080048f8   0x080048f8   0x00000008   Code   RO         1213    i._ZN6OpenMV12getAngleBlueEv  openmv.o
    0x08004900   0x08004900   0x00000008   Code   RO         1214    i._ZN6OpenMV13getDistYellowEv  openmv.o
    0x08004908   0x08004908   0x00000008   Code   RO         1215    i._ZN6OpenMV14getAngleYellowEv  openmv.o
    0x08004910   0x08004910   0x0000003a   Code   RO         1216    i._ZN6OpenMV4crc8EPVhh  openmv.o
    0x0800494a   0x0800494a   0x00000012   Code   RO         1217    i._ZN6OpenMV4getXEv  openmv.o
    0x0800495c   0x0800495c   0x00000012   Code   RO         1218    i._ZN6OpenMV4getYEv  openmv.o
    0x0800496e   0x0800496e   0x00000128   Code   RO         1219    i._ZN6OpenMV4readEv  openmv.o
    0x08004a96   0x08004a96   0x00000002   PAD
    0x08004a98   0x08004a98   0x000002bc   Code   RO         1220    i._ZN6OpenMV9calculateEsbb  openmv.o
    0x08004d54   0x08004d54   0x00000056   Code   RO         1221    i._ZN6OpenMV9initUSARTEh  openmv.o
    0x08004daa   0x08004daa   0x00000002   PAD
    0x08004dac   0x08004dac   0x0000003c   Code   RO         1222    i._ZN6OpenMVC1ER3PinS1_h  openmv.o
    0x08004de8   0x08004de8   0x00000078   Code   RO          526    i._ZN7Forward10myGoalLineEss  forward.o
    0x08004e60   0x08004e60   0x00000130   Code   RO          527    i._ZN7Forward10nearMyGoalEv  forward.o
    0x08004f90   0x08004f90   0x00000012   Code   RO          528    i._ZN7Forward10robotInOUTEv  forward.o
    0x08004fa2   0x08004fa2   0x00000002   PAD
    0x08004fa4   0x08004fa4   0x000001fc   Code   RO          529    i._ZN7Forward10setVec2OutEh5Vec2b  forward.o
    0x080051a0   0x080051a0   0x0000002c   Code   RO          530    i._ZN7Forward11getBallSideEf  forward.o
    0x080051cc   0x080051cc   0x00000036   Code   RO          531    i._ZN7Forward11inEnemyGoalEv  forward.o
    0x08005202   0x08005202   0x00000008   Code   RO          532    i._ZN7Forward11resetCountsEv  forward.o
    0x0800520a   0x0800520a   0x00000002   PAD
    0x0800520c   0x0800520c   0x00000228   Code   RO          533    i._ZN7Forward11vec2bOnGoalEff  forward.o
    0x08005434   0x08005434   0x0000005e   Code   RO          534    i._ZN7Forward12robotNearOUTEh  forward.o
    0x08005492   0x08005492   0x00000002   PAD
    0x08005494   0x08005494   0x0000007c   Code   RO          536    i._ZN7Forward13enemyGoalLineEss  forward.o
    0x08005510   0x08005510   0x000000e8   Code   RO          538    i._ZN7Forward13projectionOnYE5Vec2b  forward.o
    0x080055f8   0x080055f8   0x000000ec   Code   RO          539    i._ZN7Forward14isMyGoalCircleEssss  forward.o
    0x080056e4   0x080056e4   0x000000d0   Code   RO          540    i._ZN7Forward15setResOUTVectorE7OutPair5Vec2b  forward.o
    0x080057b4   0x080057b4   0x00000012   Code   RO          541    i._ZN7Forward16robotInFreeFieldEv  forward.o
    0x080057c6   0x080057c6   0x00000002   PAD
    0x080057c8   0x080057c8   0x000000b4   Code   RO          542    i._ZN7Forward17getVecForMyCircleEss  forward.o
    0x0800587c   0x0800587c   0x00000118   Code   RO          543    i._ZN7Forward17isEnemyGoalCircleEssss  forward.o
    0x08005994   0x08005994   0x00000134   Code   RO          544    i._ZN7Forward20getVecForEnemyCircleEss  forward.o
    0x08005ac8   0x08005ac8   0x00000036   Code   RO          545    i._ZN7Forward8inMyGoalEv  forward.o
    0x08005afe   0x08005afe   0x00000002   PAD
    0x08005b00   0x08005b00   0x00000104   Code   RO          546    i._ZN7Forward9ballInOUTEf  forward.o
    0x08005c04   0x08005c04   0x0000013a   Code   RO          547    i._ZN7Forward9checkOUTsEv  forward.o
    0x08005d3e   0x08005d3e   0x0000001c   Code   RO          548    i._ZN7ForwardC1Ev   forward.o
    0x08005d5a   0x08005d5a   0x00000010   Code   RO          676    i._ZN7OutPair6setOutEh  forward.o
    0x08005d6a   0x08005d6a   0x00000008   Code   RO          145    i._ZN7OutPairC1Ev   main.o
    0x08005d72   0x08005d72   0x0000000a   Code   RO          139    i._ZN7OutPairaSERKS_  main.o
    0x08005d7c   0x08005d7c   0x0000000c   Code   RO           10    i._ZN8Asterisk10calibratedEv  main.o
    0x08005d88   0x08005d88   0x00000728   Code   RO           11    i._ZN8Asterisk15forwardStrategyEv  main.o
    0x080064b0   0x080064b0   0x00000b14   Code   RO           12    i._ZN8Asterisk18goalkeeperStrategyEv  main.o
    0x08006fc4   0x08006fc4   0x000002e0   Code   RO           13    i._ZN8Asterisk20getVec2bToBallFollowEv  main.o
    0x080072a4   0x080072a4   0x00000224   Code   RO           14    i._ZN8Asterisk4initEhhh  main.o
    0x080074c8   0x080074c8   0x00000570   Code   RO           15    i._ZN8Asterisk6updateEv  main.o
    0x08007a38   0x08007a38   0x0000000c   Code   RO           16    i._ZN8Asterisk7getRoleEv  main.o
    0x08007a44   0x08007a44   0x00000178   Code   RO           17    i._ZN8Asterisk9mustLeaveEv  main.o
    0x08007bbc   0x08007bbc   0x0000003c   Code   RO         1422    i._ZN8gyro_imu11adduct0_360Ef  imu_usart.o
    0x08007bf8   0x08007bf8   0x00000008   Code   RO         1423    i._ZN8gyro_imu11getRotationEv  imu_usart.o
    0x08007c00   0x08007c00   0x000000ec   Code   RO         1424    i._ZN8gyro_imu12setZeroAngleEv  imu_usart.o
    0x08007cec   0x08007cec   0x000000b4   Code   RO         1425    i._ZN8gyro_imu13calculateSoftEffh  imu_usart.o
    0x08007da0   0x08007da0   0x00000008   Code   RO         1426    i._ZN8gyro_imu14getMaxRotationEv  imu_usart.o
    0x08007da8   0x08007da8   0x00000008   Code   RO         1427    i._ZN8gyro_imu15getCurrentAngleEv  imu_usart.o
    0x08007db0   0x08007db0   0x00000060   Code   RO         1428    i._ZN8gyro_imu20setRotationForTargetEv  imu_usart.o
    0x08007e10   0x08007e10   0x00000110   Code   RO         1429    i._ZN8gyro_imu4readEv  imu_usart.o
    0x08007f20   0x08007f20   0x00000020   Code   RO         1430    i._ZN8gyro_imu6adductEs  imu_usart.o
    0x08007f40   0x08007f40   0x00000012   Code   RO         1431    i._ZN8gyro_imu9getTargetEv  imu_usart.o
    0x08007f52   0x08007f52   0x00000056   Code   RO         1432    i._ZN8gyro_imu9initUSARTEh  imu_usart.o
    0x08007fa8   0x08007fa8   0x00000024   Code   RO         1433    i._ZN8gyro_imu9setTargetEf  imu_usart.o
    0x08007fcc   0x08007fcc   0x00000030   Code   RO         1434    i._ZN8gyro_imuC1ER3PinS1_h  imu_usart.o
    0x08007ffc   0x08007ffc   0x000002b6   Code   RO          835    i._ZN9BallVec2b12changeValuesEb  queues_ball.o
    0x080082b2   0x080082b2   0x0000000a   Code   RO          837    i._ZN9BallVec2b16getDerivativeAngEv  queues_ball.o
    0x080082bc   0x080082bc   0x0000000a   Code   RO          838    i._ZN9BallVec2b17getDerivativeDistEv  queues_ball.o
    0x080082c6   0x080082c6   0x00000002   PAD
    0x080082c8   0x080082c8   0x0000010c   Code   RO          839    i._ZN9BallVec2b18setTransitionBy360Ev  queues_ball.o
    0x080083d4   0x080083d4   0x000001ec   Code   RO          840    i._ZN9BallVec2b4pushE5Vec2bx  queues_ball.o
    0x080085c0   0x080085c0   0x00000088   Code   RO          841    i._ZN9BallVec2b6adductEd  queues_ball.o
    0x08008648   0x08008648   0x00000522   Code   RO          842    i._ZN9BallVec2b9calculateEv  queues_ball.o
    0x08008b6a   0x08008b6a   0x00000002   PAD
    0x08008b6c   0x08008b6c   0x000000b4   Code   RO          843    i._ZN9BallVec2bC1Ev  queues_ball.o
    0x08008c20   0x08008c20   0x00000012   Code   RO          901    i._ZN9Vec2bTime3setEddjs  queues_ball.o
    0x08008c32   0x08008c32   0x00000006   Code   RO          919    i._ZN9Vec2bTime6getLenEv  queues_ball.o
    0x08008c38   0x08008c38   0x00000060   Code   RO          907    i._ZN9Vec2bTime7correctEv  queues_ball.o
    0x08008c98   0x08008c98   0x00000006   Code   RO          931    i._ZN9Vec2bTime7getTimeEv  queues_ball.o
    0x08008c9e   0x08008c9e   0x00000006   Code   RO          925    i._ZN9Vec2bTime8getAngleEv  queues_ball.o
    0x08008ca4   0x08008ca4   0x0000000e   Code   RO          937    i._ZN9Vec2bTimeC1Ev  queues_ball.o
    0x08008cb2   0x08008cb2   0x00000020   Code   RO          133    i._ZSt3absd         main.o
    0x08008cd2   0x08008cd2   0x0000000a   Code   RO          121    i._ZSt3absf         main.o
    0x08008cdc   0x08008cdc   0x00000018   Code   RO         1300    i._ZSt3cosf         openmv.o
    0x08008cf4   0x08008cf4   0x00000034   Code   RO          913    i._ZSt3powdi        queues_ball.o
    0x08008d28   0x08008d28   0x00000020   Code   RO          489    i._ZSt3powff        goalkeeper.o
    0x08008d48   0x08008d48   0x00000022   Code   RO          495    i._ZSt3powfi        goalkeeper.o
    0x08008d6a   0x08008d6a   0x00000018   Code   RO         1306    i._ZSt3sinf         openmv.o
    0x08008d82   0x08008d82   0x00000018   Code   RO          813    i._ZSt4sqrtf        processing_coord.o
    0x08008d9a   0x08008d9a   0x00000020   Code   RO          127    i._ZSt5atan2ff      main.o
    0x08008dba   0x08008dba   0x00000030   Code   RO         5938    i.__ARM_fpclassify  m_wm.l(fpclassify.o)
    0x08008dea   0x08008dea   0x00000026   Code   RO         5940    i.__ARM_fpclassifyf  m_wm.l(fpclassifyf.o)
    0x08008e10   0x08008e10   0x00000024   Code   RO         5650    i.__aeabi_vec_ctor_nocookie_nodtor  cpprt_w.l(aeabi_vec_ctor_nocookie_nodtor.o)
    0x08008e34   0x08008e34   0x00000004   PAD
    0x08008e38   0x08008e38   0x000002d8   Code   RO         5907    i.__hardfp_atan     m_wm.l(atan.o)
    0x08009110   0x08009110   0x00000200   Code   RO         5709    i.__hardfp_atan2    m_wm.l(atan2.o)
    0x08009310   0x08009310   0x000002ac   Code   RO         5721    i.__hardfp_atan2f   m_wm.l(atan2f.o)
    0x080095bc   0x080095bc   0x00000004   PAD
    0x080095c0   0x080095c0   0x000000c8   Code   RO         5733    i.__hardfp_cos      m_wm.l(cos.o)
    0x08009688   0x08009688   0x00000150   Code   RO         5745    i.__hardfp_cosf     m_wm.l(cosf.o)
    0x080097d8   0x080097d8   0x00000014   Code   RO         5757    i.__hardfp_fabs     m_wm.l(fabs.o)
    0x080097ec   0x080097ec   0x00000004   PAD
    0x080097f0   0x080097f0   0x00000c50   Code   RO         5763    i.__hardfp_pow      m_wm.l(pow.o)
    0x0800a440   0x0800a440   0x00000664   Code   RO         5777    i.__hardfp_powf     m_wm.l(powf.o)
    0x0800aaa4   0x0800aaa4   0x00000004   PAD
    0x0800aaa8   0x0800aaa8   0x000000c8   Code   RO         5791    i.__hardfp_sin      m_wm.l(sin.o)
    0x0800ab70   0x0800ab70   0x00000190   Code   RO         5803    i.__hardfp_sinf     m_wm.l(sinf.o)
    0x0800ad00   0x0800ad00   0x0000007a   Code   RO         5815    i.__hardfp_sqrt     m_wm.l(sqrt.o)
    0x0800ad7a   0x0800ad7a   0x0000003a   Code   RO         5827    i.__hardfp_sqrtf    m_wm.l(sqrtf.o)
    0x0800adb4   0x0800adb4   0x00000004   PAD
    0x0800adb8   0x0800adb8   0x00000438   Code   RO         5959    i.__ieee754_rem_pio2  m_wm.l(rred.o)
    0x0800b1f0   0x0800b1f0   0x00000170   Code   RO         5921    i.__kernel_cos      m_wm.l(cos_i.o)
    0x0800b360   0x0800b360   0x000000f8   Code   RO         5956    i.__kernel_poly     m_wm.l(poly.o)
    0x0800b458   0x0800b458   0x00000130   Code   RO         5967    i.__kernel_sin      m_wm.l(sin_i.o)
    0x0800b588   0x0800b588   0x00000030   Code   RO         5924    i.__mathlib_dbl_divzero  m_wm.l(dunder.o)
    0x0800b5b8   0x0800b5b8   0x00000014   Code   RO         5925    i.__mathlib_dbl_infnan  m_wm.l(dunder.o)
    0x0800b5cc   0x0800b5cc   0x00000014   Code   RO         5926    i.__mathlib_dbl_infnan2  m_wm.l(dunder.o)
    0x0800b5e0   0x0800b5e0   0x00000020   Code   RO         5927    i.__mathlib_dbl_invalid  m_wm.l(dunder.o)
    0x0800b600   0x0800b600   0x00000020   Code   RO         5928    i.__mathlib_dbl_overflow  m_wm.l(dunder.o)
    0x0800b620   0x0800b620   0x00000020   Code   RO         5930    i.__mathlib_dbl_underflow  m_wm.l(dunder.o)
    0x0800b640   0x0800b640   0x00000014   Code   RO         5942    i.__mathlib_flt_divzero  m_wm.l(funder.o)
    0x0800b654   0x0800b654   0x00000006   Code   RO         5943    i.__mathlib_flt_infnan  m_wm.l(funder.o)
    0x0800b65a   0x0800b65a   0x00000006   Code   RO         5944    i.__mathlib_flt_infnan2  m_wm.l(funder.o)
    0x0800b660   0x0800b660   0x00000010   Code   RO         5945    i.__mathlib_flt_invalid  m_wm.l(funder.o)
    0x0800b670   0x0800b670   0x00000010   Code   RO         5946    i.__mathlib_flt_overflow  m_wm.l(funder.o)
    0x0800b680   0x0800b680   0x00000010   Code   RO         5948    i.__mathlib_flt_underflow  m_wm.l(funder.o)
    0x0800b690   0x0800b690   0x00000154   Code   RO         5964    i.__mathlib_rredf2  m_wm.l(rredf.o)
    0x0800b7e4   0x0800b7e4   0x000004ac   Code   RO           18    i.__sti___8_main_cpp_ab1d1ed5  main.o
    0x0800bc90   0x0800bc90   0x00000004   Code   RO         2833    i._sys_exit         retarget.o
    0x0800bc94   0x0800bc94   0x00000010   Code   RO         5909    i.atan              m_wm.l(atan.o)
    0x0800bca4   0x0800bca4   0x00000018   Code   RO         5759    i.fabs              m_wm.l(fabs.o)
    0x0800bcbc   0x0800bcbc   0x000001f0   Code   RO           19    i.main              main.o
    0x0800beac   0x0800beac   0x0000006e   Code   RO         5817    i.sqrt              m_wm.l(sqrt.o)
    0x0800bf1a   0x0800bf1a   0x00000018   Code   RO         5653    x$fpl$basic         fz_wm.l(basic.o)
    0x0800bf32   0x0800bf32   0x00000002   PAD
    0x0800bf34   0x0800bf34   0x00000062   Code   RO         5655    x$fpl$d2f           fz_wm.l(d2f.o)
    0x0800bf96   0x0800bf96   0x00000002   PAD
    0x0800bf98   0x0800bf98   0x00000150   Code   RO         5657    x$fpl$dadd          fz_wm.l(daddsub_clz.o)
    0x0800c0e8   0x0800c0e8   0x00000010   Code   RO         5998    x$fpl$dcheck1       fz_wm.l(dcheck1.o)
    0x0800c0f8   0x0800c0f8   0x00000018   Code   RO         5890    x$fpl$dcmpinf       fz_wm.l(dcmpi.o)
    0x0800c110   0x0800c110   0x000002b0   Code   RO         5664    x$fpl$ddiv          fz_wm.l(ddiv.o)
    0x0800c3c0   0x0800c3c0   0x00000078   Code   RO         5667    x$fpl$deqf          fz_wm.l(deqf.o)
    0x0800c438   0x0800c438   0x0000005e   Code   RO         5669    x$fpl$dfix          fz_wm.l(dfix.o)
    0x0800c496   0x0800c496   0x0000002e   Code   RO         5678    x$fpl$dflt          fz_wm.l(dflt_clz.o)
    0x0800c4c4   0x0800c4c4   0x000000a2   Code   RO         5683    x$fpl$dfltll        fz_wm.l(dfltll_clz.o)
    0x0800c566   0x0800c566   0x00000026   Code   RO         5677    x$fpl$dfltu         fz_wm.l(dflt_clz.o)
    0x0800c58c   0x0800c58c   0x0000008a   Code   RO         5684    x$fpl$dfltull       fz_wm.l(dfltll_clz.o)
    0x0800c616   0x0800c616   0x00000002   PAD
    0x0800c618   0x0800c618   0x00000078   Code   RO         5687    x$fpl$dleqf         fz_wm.l(dleqf.o)
    0x0800c690   0x0800c690   0x00000154   Code   RO         5689    x$fpl$dmul          fz_wm.l(dmul.o)
    0x0800c7e4   0x0800c7e4   0x0000009c   Code   RO         5892    x$fpl$dnaninf       fz_wm.l(dnaninf.o)
    0x0800c880   0x0800c880   0x0000000c   Code   RO         5894    x$fpl$dretinf       fz_wm.l(dretinf.o)
    0x0800c88c   0x0800c88c   0x0000006c   Code   RO         5691    x$fpl$drleqf        fz_wm.l(drleqf.o)
    0x0800c8f8   0x0800c8f8   0x00000016   Code   RO         5658    x$fpl$drsb          fz_wm.l(daddsub_clz.o)
    0x0800c90e   0x0800c90e   0x00000002   PAD
    0x0800c910   0x0800c910   0x00000198   Code   RO         5896    x$fpl$dsqrt         fz_wm.l(dsqrt_umaal.o)
    0x0800caa8   0x0800caa8   0x000001d4   Code   RO         5659    x$fpl$dsub          fz_wm.l(daddsub_clz.o)
    0x0800cc7c   0x0800cc7c   0x00000056   Code   RO         5693    x$fpl$f2d           fz_wm.l(f2d.o)
    0x0800ccd2   0x0800ccd2   0x0000008c   Code   RO         5898    x$fpl$fnaninf       fz_wm.l(fnaninf.o)
    0x0800cd5e   0x0800cd5e   0x0000000a   Code   RO         6000    x$fpl$fpinit        fz_wm.l(fpinit.o)
    0x0800cd68   0x0800cd68   0x0000000a   Code   RO         5900    x$fpl$fretinf       fz_wm.l(fretinf.o)
    0x0800cd72   0x0800cd72   0x00000064   Code   RO         6026    x$fpl$retnan        fz_wm.l(retnan.o)
    0x0800cdd6   0x0800cdd6   0x0000005c   Code   RO         5904    x$fpl$scalbn        fz_wm.l(scalbn.o)
    0x0800ce32   0x0800ce32   0x00000030   Code   RO         6102    x$fpl$trapveneer    fz_wm.l(trapv.o)
    0x0800ce62   0x0800ce62   0x00000000   Code   RO         5906    x$fpl$usenofp       fz_wm.l(usenofp.o)
    0x0800ce62   0x0800ce62   0x0000003d   Data   RO         2846    .constdata          retarget.o
    0x0800ce9f   0x0800ce9f   0x00000001   PAD
    0x0800cea0   0x0800cea0   0x00000088   Data   RO         5766    .constdata          m_wm.l(pow.o)
    0x0800cf28   0x0800cf28   0x00000140   Data   RO         5780    .constdata          m_wm.l(powf.o)
    0x0800d068   0x0800d068   0x00000098   Data   RO         5910    .constdata          m_wm.l(atan.o)
    0x0800d100   0x0800d100   0x00000030   Data   RO         5922    .constdata          m_wm.l(cos_i.o)
    0x0800d130   0x0800d130   0x00000008   Data   RO         5958    .constdata          m_wm.l(qnan.o)
    0x0800d138   0x0800d138   0x000000c8   Data   RO         5961    .constdata          m_wm.l(rred.o)
    0x0800d200   0x0800d200   0x00000020   Data   RO         5965    .constdata          m_wm.l(rredf.o)
    0x0800d220   0x0800d220   0x00000028   Data   RO         5968    .constdata          m_wm.l(sin_i.o)
    0x0800d248   0x0800d248   0x00000020   Data   RO         6208    Region$$Table       anon$$obj.o
    0x0800d268   0x0800d268   0x00000004   Data   RO           38    .init_array         main.o
    0x0800d26c   0x0800d268   0x00000000   Data   RO         5645    .init_array         c_w.l(init_aeabi.o)


    Execution Region RW_IRAM1 (Exec base: 0x20000000, Load base: 0x0800d26c, Size: 0x00004048, Max: 0x00020000, ABSOLUTE, COMPRESSED[0x00000010])

    Exec Addr    Load Addr    Size         Type   Attr      Idx    E Section Name        Object

    0x20000000   COMPRESSED   0x0000011c   Data   RW           37    .data               main.o
    0x2000011c   COMPRESSED   0x00000004   Data   RW          420    .data               goalkeeper.o
    0x20000120   COMPRESSED   0x00000008   Data   RW         1843    .data               time_service.o
    0x20000128   COMPRESSED   0x00000019   Data   RW         2253    .data               usart1.o
    0x20000141   COMPRESSED   0x00000001   PAD
    0x20000142   COMPRESSED   0x00000019   Data   RW         2314    .data               usart2.o
    0x2000015b   COMPRESSED   0x00000001   PAD
    0x2000015c   COMPRESSED   0x00000019   Data   RW         2368    .data               usart3.o
    0x20000175   COMPRESSED   0x00000001   PAD
    0x20000176   COMPRESSED   0x00000019   Data   RW         2422    .data               usart6.o
    0x2000018f   COMPRESSED   0x00000001   PAD
    0x20000190   COMPRESSED   0x00000016   Data   RW         2782    .data               spi_1.o
    0x200001a6   COMPRESSED   0x00000010   Data   RW         4287    .data               stm32f4xx_rcc.o
    0x200001b6   COMPRESSED   0x00000002   PAD
    0x200001b8        -       0x00001f1c   Zero   RW           36    .bss                main.o
    0x200020d4        -       0x00000020   Zero   RW         2781    .bss                spi_1.o
    0x200020f4        -       0x00000060   Zero   RW         6003    .bss                c_w.l(libspace.o)
    0x20002154   COMPRESSED   0x00000004   PAD
    0x20002158        -       0x00000f00   Zero   RW         5508    HEAP                startup_stm32f407xx.o
    0x20003058        -       0x00000ff0   Zero   RW         5507    STACK               startup_stm32f407xx.o


==============================================================================

Image component sizes


      Code (inc. data)   RO Data    RW Data    ZI Data      Debug   Object Name

       312          8          0          0          0       5664   adc.o
       358         30          0          0          0       3548   ballsensor.o
       264          0          0          0          0       2060   button.o
       226          0          0          0          0       3596   dma.o
      3960        208          0          0          0      18576   forward.o
      2916        180          0          4          0      12779   goalkeeper.o
      1088         56          0          0          0       9180   imu_usart.o
       264         18          0          0          0     272256   kicker.o
      9528       1626          4        284       7964     351987   main.o
         0          0          0          0          0     256640   misc.o
       214          0          0          0          0       3176   motor.o
       708         34          0          0          0       3956   omniplatform.o
      1372         30          0          0          0      10900   openmv.o
      1952        218          0          0          0      10920   pin.o
      1494         56          0          0          0      12656   processing_coord.o
      3302         96          0          0          0      11956   queues_ball.o
         4          0         61          0          0       2672   retarget.o
       108         16          0         22         32       1302   spi_1.o
        64         26        392          0       7920        880   startup_stm32f407xx.o
       414         24          0          0          0      20052   stm32f4xx_adc.o
       454         26          0          0          0      15710   stm32f4xx_dma.o
       230          0          0          0          0      10600   stm32f4xx_gpio.o
       328         36          0         16          0      20143   stm32f4xx_rcc.o
        18          0          0          0          0       9452   stm32f4xx_spi.o
       802         66          0          0          0      27899   stm32f4xx_tim.o
       364          8          0          0          0      10219   stm32f4xx_usart.o
       376         26          0          0          0       1333   system_stm32f4xx.o
       186         22          0          8          0      32981   time_service.o
      1440        128          0          0          0       9124   tsop.o
       644         98          0         25          0      37991   usart1.o
       652        100          0         25          0       3612   usart2.o
       652        100          0         25          0       3612   usart3.o
       652        100          0         25          0       3612   usart6.o
      1568         76          0          0          0       4296   vec2b.o
       116         18          0          0          0       3264   voltage.o

    ----------------------------------------------------------------------
     37082       3430        490        440      15916    1208604   Object Totals
         0          0         32          0          0          0   (incl. Generated)
        52          0          1          6          0          0   (incl. Padding)

    ----------------------------------------------------------------------

      Code (inc. data)   RO Data    RW Data    ZI Data      Debug   Library Member Name

        90          0          0          0          0          0   __dczerorl2.o
         8          0          0          0          0         68   __main.o
         0          0          0          0          0          0   __rtentry.o
        12          0          0          0          0          0   __rtentry2.o
         6          0          0          0          0          0   __rtentry4.o
        52          8          0          0          0          0   __scatter.o
        28          0          0          0          0          0   __scatter_zi.o
        22          0          0          0          0        100   _rserrno.o
        18          0          0          0          0         80   exit.o
         6          0          0          0          0        152   heapauxi.o
        36         10          0          0          0         80   init_aeabi.o
         2          0          0          0          0          0   libinit.o
        10          0          0          0          0          0   libinit2.o
         2          0          0          0          0          0   libshutdown.o
         2          0          0          0          0          0   libshutdown2.o
         8          4          0          0         96         68   libspace.o
         8          4          0          0          0         68   rt_errno_addr_intlibspace.o
       100          0          0          0          0         80   rt_memcpy_w.o
         2          0          0          0          0          0   rtexit.o
        10          0          0          0          0          0   rtexit2.o
        74          0          0          0          0         80   sys_stackheap_outer.o
         2          0          0          0          0         68   use_no_semi.o
        36          0          0          0          0         84   aeabi_vec_ctor_nocookie_nodtor.o
        24          0          0          0          0        164   basic.o
        98          4          0          0          0        140   d2f.o
       826         16          0          0          0        492   daddsub_clz.o
        16          4          0          0          0        116   dcheck1.o
        24          0          0          0          0        116   dcmpi.o
       688        140          0          0          0        256   ddiv.o
       120          4          0          0          0        140   deqf.o
        94          4          0          0          0        140   dfix.o
        84          0          0          0          0        232   dflt_clz.o
       300          0          0          0          0        264   dfltll_clz.o
       120          4          0          0          0        140   dleqf.o
       340         12          0          0          0        152   dmul.o
       156          4          0          0          0        140   dnaninf.o
        12          0          0          0          0        116   dretinf.o
       108          0          0          0          0        128   drleqf.o
       408         56          0          0          0        168   dsqrt_umaal.o
        86          4          0          0          0        132   f2d.o
       140          4          0          0          0        132   fnaninf.o
        10          0          0          0          0        116   fpinit.o
        10          0          0          0          0        116   fretinf.o
       100          0          0          0          0        116   retnan.o
        92          0          0          0          0        116   scalbn.o
        48          0          0          0          0        116   trapv.o
         0          0          0          0          0          0   usenofp.o
       744        106        152          0          0        352   atan.o
       512         64          0          0          0        208   atan2.o
       684         90          0          0          0        208   atan2f.o
       200         20          0          0          0        164   cos.o
       368         46         48          0          0        200   cos_i.o
       336         56          0          0          0        136   cosf.o
       184         44          0          0          0        744   dunder.o
        44          0          0          0          0        248   fabs.o
        48          0          0          0          0        124   fpclassify.o
        38          0          0          0          0        116   fpclassifyf.o
        80         24          0          0          0        696   funder.o
       248          0          0          0          0        152   poly.o
      3152        296        136          0          0        352   pow.o
      1636        110        320          0          0        372   powf.o
         0          0          8          0          0          0   qnan.o
      1080        142        200          0          0        188   rred.o
       340         24         32          0          0        160   rredf.o
       200         20          0          0          0        164   sin.o
       304         24         40          0          0        208   sin_i.o
       400         56          0          0          0        212   sinf.o
       232          0          0          0          0        296   sqrt.o
        58          0          0          0          0        136   sqrtf.o

    ----------------------------------------------------------------------
     15360       1412        936          0        100      10112   Library Totals
        34          8          0          0          4          0   (incl. Padding)

    ----------------------------------------------------------------------

      Code (inc. data)   RO Data    RW Data    ZI Data      Debug   Library Name

       498         26          0          0         96        844   c_w.l
        36          0          0          0          0         84   cpprt_w.l
      3904        256          0          0          0       3748   fz_wm.l
     10888       1122        936          0          0       5436   m_wm.l

    ----------------------------------------------------------------------
     15360       1412        936          0        100      10112   Library Totals

    ----------------------------------------------------------------------

==============================================================================


      Code (inc. data)   RO Data    RW Data    ZI Data      Debug   

     52442       4842       1426        440      16016    1189752   Grand Totals
     52442       4842       1426         16      16016    1189752   ELF Image Totals (compressed)
     52442       4842       1426         16          0          0   ROM Totals

==============================================================================

    Total RO  Size (Code + RO Data)                53868 (  52.61kB)
    Total RW  Size (RW Data + ZI Data)             16456 (  16.07kB)
    Total ROM Size (Code + RO Data + RW Data)      53884 (  52.62kB)

==============================================================================

