Component: ARM Compiler 5.06 update 7 (build 960) Tool: armlink [4d3601]

==============================================================================

Section Cross References

    main.o(i._ZN5Robot10calibratedEv) refers to main.o(.data) for Robot::imuCalibrated
    main.o(i._ZN5Robot13updateSensorsEv) refers to openmv.o(i._ZN6OpenMV4readEv) for OpenMV::read()
    main.o(i._ZN5Robot13updateSensorsEv) refers to ir_locator.o(i._ZN9IRLocator8getAngleEv) for IRLocator::getAngle()
    main.o(i._ZN5Robot13updateSensorsEv) refers to ir_locator.o(i._ZN9IRLocator7getDistEv) for IRLocator::getDist()
    main.o(i._ZN5Robot13updateSensorsEv) refers to time_service.o(i._ZN12time_service6millisEv) for time_service::millis()
    main.o(i._ZN5Robot13updateSensorsEv) refers to dflt_clz.o(x$fpl$dflt) for __aeabi_i2d
    main.o(i._ZN5Robot13updateSensorsEv) refers to vec2b.o(i._ZN5Vec2bC1Edd) for Vec2b::Vec2b(double, double)
    main.o(i._ZN5Robot13updateSensorsEv) refers to queues_ball.o(i._ZN9BallVec2b4pushE5Vec2bj) for BallVec2b::push(Vec2b, unsigned)
    main.o(i._ZN5Robot13updateSensorsEv) refers to queues_ball.o(i._ZN9BallVec2b15getCurrentVec2bEv) for BallVec2b::getCurrentVec2b()
    main.o(i._ZN5Robot13updateSensorsEv) refers to d2f.o(x$fpl$d2f) for __aeabi_d2f
    main.o(i._ZN5Robot13updateSensorsEv) refers to imu_usart.o(i._ZN8gyro_imu4readEv) for gyro_imu::read()
    main.o(i._ZN5Robot13updateSensorsEv) refers to imu_usart.o(i._ZN8gyro_imu15getCurrentAngleEv) for gyro_imu::getCurrentAngle()
    main.o(i._ZN5Robot13updateSensorsEv) refers to openmv.o(i._ZN6OpenMV9calculateEsb) for OpenMV::calculate(short, bool)
    main.o(i._ZN5Robot13updateSensorsEv) refers to openmv.o(i._ZN6OpenMV11getDistBlueEv) for OpenMV::getDistBlue()
    main.o(i._ZN5Robot13updateSensorsEv) refers to openmv.o(i._ZN6OpenMV13getDistYellowEv) for OpenMV::getDistYellow()
    main.o(i._ZN5Robot13updateSensorsEv) refers to openmv.o(i._ZN6OpenMV4getXEv) for OpenMV::getX()
    main.o(i._ZN5Robot13updateSensorsEv) refers to openmv.o(i._ZN6OpenMV4getYEv) for OpenMV::getY()
    main.o(i._ZN5Robot13updateSensorsEv) refers to processing_coord.o(i._ZN15ProcessingCoord9setParamsEsssss) for ProcessingCoord::setParams(short, short, short, short, short)
    main.o(i._ZN5Robot13updateSensorsEv) refers to imu_usart.o(i._ZN8gyro_imu12setZeroAngleEv) for gyro_imu::setZeroAngle()
    main.o(i._ZN5Robot13updateSensorsEv) refers to main.o(.bss) for Robot::camera
    main.o(i._ZN5Robot13updateSensorsEv) refers to main.o(.data) for Robot::angRaw
    main.o(i._ZN5Robot4initEhh) refers to time_service.o(i._ZN12time_service4initEv) for time_service::init()
    main.o(i._ZN5Robot4initEhh) refers to time_service.o(i._ZN12time_service9startTimeEv) for time_service::startTime()
    main.o(i._ZN5Robot4initEhh) refers to time_service.o(i._ZN12time_service5delayEj) for time_service::delay(unsigned)
    main.o(i._ZN5Robot4initEhh) refers to time_service.o(i._ZN12time_service6millisEv) for time_service::millis()
    main.o(i._ZN5Robot4initEhh) refers to vec2b.o(i._ZN5Vec2b3setEdd) for Vec2b::set(double, double)
    main.o(i._ZN5Robot4initEhh) refers to processing_coord.o(i._ZN15ProcessingCoord7setGoalEh) for ProcessingCoord::setGoal(unsigned char)
    main.o(i._ZN5Robot4initEhh) refers to main.o(.data) for Robot::myGoal
    main.o(i._ZN5Robot4initEhh) refers to main.o(.bss) for Robot::currentVector
    main.o(i._ZN5Robot7getRoleEv) refers to main.o(.data) for Robot::myRole
    main.o(i._ZN5Robot8goToBallEv) refers to processing_coord.o(i._ZN15ProcessingCoord16getTargetForwardEv) for ProcessingCoord::getTargetForward()
    main.o(i._ZN5Robot8goToBallEv) refers to imu_usart.o(i._ZN8gyro_imu9setTargetEs) for gyro_imu::setTarget(short)
    main.o(i._ZN5Robot8goToBallEv) refers to imu_usart.o(i._ZN8gyro_imu20setRotationForTargetEv) for gyro_imu::setRotationForTarget()
    main.o(i._ZN5Robot8goToBallEv) refers to imu_usart.o(i._ZN8gyro_imu11getRotationEv) for gyro_imu::getRotation()
    main.o(i._ZN5Robot8goToBallEv) refers to time_service.o(i._ZN12time_service6millisEv) for time_service::millis()
    main.o(i._ZN5Robot8goToBallEv) refers to imu_usart.o(i._ZN8gyro_imu6adductEs) for gyro_imu::adduct(short)
    main.o(i._ZN5Robot8goToBallEv) refers to ir_locator.o(i._ZN9IRLocator11angleOffsetEff) for IRLocator::angleOffset(float, float)
    main.o(i._ZN5Robot8goToBallEv) refers to imu_usart.o(i._ZN8gyro_imu13calculateSoftEff) for gyro_imu::calculateSoft(float, float)
    main.o(i._ZN5Robot8goToBallEv) refers to f2d.o(x$fpl$f2d) for __aeabi_f2d
    main.o(i._ZN5Robot8goToBallEv) refers to vec2b.o(i._ZN5Vec2bC1Edd) for Vec2b::Vec2b(double, double)
    main.o(i._ZN5Robot8goToBallEv) refers to vec2b.o(i._ZN5Vec2b8changeToES_) for Vec2b::changeTo(Vec2b)
    main.o(i._ZN5Robot8goToBallEv) refers to main.o(.bss) for Robot::processXY
    main.o(i._ZN5Robot8goToBallEv) refers to main.o(.data) for Robot::target
[...]
    __rt_lib_init_atexit_1                   0x08000203   Thumb Code     0  libinit2.o(.ARM.Collect$$libinit$$0000001B)
    __rt_lib_init_clock_1                    0x08000203   Thumb Code     0  libinit2.o(.ARM.Collect$$libinit$$00000021)
    __rt_lib_init_cpp_2                      0x08000203   Thumb Code     0  libinit2.o(.ARM.Collect$$libinit$$00000031)
    __rt_lib_init_exceptions_1               0x08000203   Thumb Code     0  libinit2.o(.ARM.Collect$$libinit$$00000030)
    __rt_lib_init_fp_trap_1                  0x08000203   Thumb Code     0  libinit2.o(.ARM.Collect$$libinit$$0000001F)
    __rt_lib_init_getenv_1                   0x08000203   Thumb Code     0  libinit2.o(.ARM.Collect$$libinit$$00000023)
    __rt_lib_init_heap_1                     0x08000203   Thumb Code     0  libinit2.o(.ARM.Collect$$libinit$$0000000A)
    __rt_lib_init_lc_collate_1               0x08000203   Thumb Code     0  libinit2.o(.ARM.Collect$$libinit$$00000011)
    __rt_lib_init_lc_ctype_1                 0x08000203   Thumb Code     0  libinit2.o(.ARM.Collect$$libinit$$00000013)
    __rt_lib_init_lc_monetary_1              0x08000203   Thumb Code     0  libinit2.o(.ARM.Collect$$libinit$$00000015)
    __rt_lib_init_lc_numeric_1               0x08000203   Thumb Code     0  libinit2.o(.ARM.Collect$$libinit$$00000017)
    __rt_lib_init_lc_time_1                  0x08000203   Thumb Code     0  libinit2.o(.ARM.Collect$$libinit$$00000019)
    __rt_lib_init_preinit_1                  0x08000203   Thumb Code     0  libinit2.o(.ARM.Collect$$libinit$$00000004)
    __rt_lib_init_rand_1                     0x08000203   Thumb Code     0  libinit2.o(.ARM.Collect$$libinit$$0000000E)
    __rt_lib_init_signal_1                   0x08000203   Thumb Code     0  libinit2.o(.ARM.Collect$$libinit$$0000001D)
    __rt_lib_init_stdio_1                    0x08000203   Thumb Code     0  libinit2.o(.ARM.Collect$$libinit$$00000025)
    __rt_lib_init_user_alloc_1               0x08000203   Thumb Code     0  libinit2.o(.ARM.Collect$$libinit$$0000000C)
    __rt_lib_init_cpp_1                      0x08000207   Thumb Code     0  libinit2.o(.ARM.Collect$$libinit$$00000032)
    __rt_lib_init_return                     0x08000207   Thumb Code     0  libinit2.o(.ARM.Collect$$libinit$$00000033)
    __rt_lib_shutdown                        0x08000209   Thumb Code     0  libshutdown.o(.ARM.Collect$$libshutdown$$00000000)
    __rt_lib_shutdown_cpp_1                  0x0800020b   Thumb Code     0  libshutdown2.o(.ARM.Collect$$libshutdown$$00000004)
    __rt_lib_shutdown_fini_1                 0x0800020b   Thumb Code     0  libshutdown2.o(.ARM.Collect$$libshutdown$$00000002)
    __rt_lib_shutdown_fp_trap_1              0x0800020b   Thumb Code     0  libshutdown2.o(.ARM.Collect$$libshutdown$$00000009)
    __rt_lib_shutdown_heap_1                 0x0800020b   Thumb Code     0  libshutdown2.o(.ARM.Collect$$libshutdown$$00000011)
    __rt_lib_shutdown_return                 0x0800020b   Thumb Code     0  libshutdown2.o(.ARM.Collect$$libshutdown$$00000012)
    __rt_lib_shutdown_signal_1               0x0800020b   Thumb Code     0  libshutdown2.o(.ARM.Collect$$libshutdown$$0000000C)
    __rt_lib_shutdown_stdio_1                0x0800020b   Thumb Code     0  libshutdown2.o(.ARM.Collect$$libshutdown$$00000006)
    __rt_lib_shutdown_user_alloc_1           0x0800020b   Thumb Code     0  libshutdown2.o(.ARM.Collect$$libshutdown$$0000000E)
    __rt_entry                               0x0800020d   Thumb Code     0  __rtentry.o(.ARM.Collect$$rtentry$$00000000)
    __rt_entry_presh_1                       0x0800020d   Thumb Code     0  __rtentry2.o(.ARM.Collect$$rtentry$$00000002)
    __rt_entry_sh                            0x0800020d   Thumb Code     0  __rtentry4.o(.ARM.Collect$$rtentry$$00000004)
    __rt_entry_li                            0x08000213   Thumb Code     0  __rtentry2.o(.ARM.Collect$$rtentry$$0000000A)
    __rt_entry_postsh_1                      0x08000213   Thumb Code     0  __rtentry2.o(.ARM.Collect$$rtentry$$00000009)
    __rt_entry_main                          0x08000217   Thumb Code     0  __rtentry2.o(.ARM.Collect$$rtentry$$0000000D)
    __rt_entry_postli_1                      0x08000217   Thumb Code     0  __rtentry2.o(.ARM.Collect$$rtentry$$0000000C)
    __rt_exit                                0x0800021f   Thumb Code     0  rtexit.o(.ARM.Collect$$rtexit$$00000000)
    __rt_exit_ls                             0x08000221   Thumb Code     0  rtexit2.o(.ARM.Collect$$rtexit$$00000003)
    __rt_exit_prels_1                        0x08000221   Thumb Code     0  rtexit2.o(.ARM.Collect$$rtexit$$00000002)
    __rt_exit_exit                           0x08000225   Thumb Code     0  rtexit2.o(.ARM.Collect$$rtexit$$00000004)
    Reset_Handler                            0x0800022d   Thumb Code     8  startup_stm32f407xx.o(.text)
    NMI_Handler                              0x08000235   Thumb Code     2  startup_stm32f407xx.o(.text)
    HardFault_Handler                        0x08000237   Thumb Code     2  startup_stm32f407xx.o(.text)
    MemManage_Handler                        0x08000239   Thumb Code     2  startup_stm32f407xx.o(.text)
    BusFault_Handler                         0x0800023b   Thumb Code     2  startup_stm32f407xx.o(.text)
    UsageFault_Handler                       0x0800023d   Thumb Code     2  startup_stm32f407xx.o(.text)
    SVC_Handler                              0x0800023f   Thumb Code     2  startup_stm32f407xx.o(.text)
    DebugMon_Handler                         0x08000241   Thumb Code     2  startup_stm32f407xx.o(.text)
    PendSV_Handler                           0x08000243   Thumb Code     2  startup_stm32f407xx.o(.text)
    ADC_IRQHandler                           0x08000247   Thumb Code     0  startup_stm32f407xx.o(.text)
    CAN1_RX0_IRQHandler                      0x08000247   Thumb Code     0  startup_stm32f407xx.o(.text)
    CAN1_RX1_IRQHandler                      0x08000247   Thumb Code     0  startup_stm32f407xx.o(.text)
    CAN1_SCE_IRQHandler                      0x08000247   Thumb Code     0  startup_stm32f407xx.o(.text)
    CAN1_TX_IRQHandler                       0x08000247   Thumb Code     0  startup_stm32f407xx.o(.text)
    CAN2_RX0_IRQHandler                      0x08000247   Thumb Code     0  startup_stm32f407xx.o(.text)
    CAN2_RX1_IRQHandler                      0x08000247   Thumb Code     0  startup_stm32f407xx.o(.text)
    CAN2_SCE_IRQHandler                      0x08000247   Thumb Code     0  startup_stm32f407xx.o(.text)
    CAN2_TX_IRQHandler                       0x08000247   Thumb Code     0  startup_stm32f407xx.o(.text)
    DCMI_IRQHandler                          0x08000247   Thumb Code     0  startup_stm32f407xx.o(.text)
    DMA1_Stream0_IRQHandler                  0x08000247   Thumb Code     0  startup_stm32f407xx.o(.text)
    DMA1_Stream1_IRQHandler                  0x08000247   Thumb Code     0  startup_stm32f407xx.o(.text)
    DMA1_Stream2_IRQHandler                  0x08000247   Thumb Code     0  startup_stm32f407xx.o(.text)
    DMA1_Stream3_IRQHandler                  0x08000247   Thumb Code     0  startup_stm32f407xx.o(.text)
    DMA1_Stream4_IRQHandler                  0x08000247   Thumb Code     0  startup_stm32f407xx.o(.text)
    DMA1_Stream5_IRQHandler                  0x08000247   Thumb Code     0  startup_stm32f407xx.o(.text)
    DMA1_Stream6_IRQHandler                  0x08000247   Thumb Code     0  startup_stm32f407xx.o(.text)
    DMA1_Stream7_IRQHandler                  0x08000247   Thumb Code     0  startup_stm32f407xx.o(.text)
    DMA2_Stream0_IRQHandler                  0x08000247   Thumb Code     0  startup_stm32f407xx.o(.text)
    DMA2_Stream1_IRQHandler                  0x08000247   Thumb Code     0  startup_stm32f407xx.o(.text)
    DMA2_Stream2_IRQHandler                  0x08000247   Thumb Code     0  startup_stm32f407xx.o(.text)
    DMA2_Stream3_IRQHandler                  0x08000247   Thumb Code     0  startup_stm32f407xx.o(.text)
    DMA2_Stream4_IRQHandler                  0x08000247   Thumb Code     0  startup_stm32f407xx.o(.text)
    DMA2_Stream5_IRQHandler                  0x08000247   Thumb Code     0  startup_stm32f407xx.o(.text)
    DMA2_Stream6_IRQHandler                  0x08000247   Thumb Code     0  startup_stm32f407xx.o(.text)
    DMA2_Stream7_IRQHandler                  0x08000247   Thumb Code     0  startup_stm32f407xx.o(.text)
    ETH_IRQHandler                           0x08000247   Thumb Code     0  startup_stm32f407xx.o(.text)
    ETH_WKUP_IRQHandler                      0x08000247   Thumb Code     0  startup_stm32f407xx.o(.text)
    EXTI0_IRQHandler                         0x08000247   Thumb Code     0  startup_stm32f407xx.o(.text)
    EXTI15_10_IRQHandler                     0x08000247   Thumb Code     0  startup_stm32f407xx.o(.text)
    EXTI1_IRQHandler                         0x08000247   Thumb Code     0  startup_stm32f407xx.o(.text)
    EXTI2_IRQHandler                         0x08000247   Thumb Code     0  startup_stm32f407xx.o(.text)
    EXTI3_IRQHandler                         0x08000247   Thumb Code     0  startup_stm32f407xx.o(.text)
    EXTI4_IRQHandler                         0x08000247   Thumb Code     0  startup_stm32f407xx.o(.text)
    EXTI9_5_IRQHandler                       0x08000247   Thumb Code     0  startup_stm32f407xx.o(.text)
    FLASH_IRQHandler                         0x08000247   Thumb Code     0  startup_stm32f407xx.o(.text)
    FMC_IRQHandler                           0x08000247   Thumb Code     0  startup_stm32f407xx.o(.text)
    FPU_IRQHandler                           0x08000247   Thumb Code     0  startup_stm32f407xx.o(.text)
    HASH_RNG_IRQHandler                      0x08000247   Thumb Code     0  startup_stm32f407xx.o(.text)
    I2C1_ER_IRQHandler                       0x08000247   Thumb Code     0  startup_stm32f407xx.o(.text)
    I2C1_EV_IRQHandler                       0x08000247   Thumb Code     0  startup_stm32f407xx.o(.text)
    I2C2_ER_IRQHandler                       0x08000247   Thumb Code     0  startup_stm32f407xx.o(.text)
    I2C2_EV_IRQHandler                       0x08000247   Thumb Code     0  startup_stm32f407xx.o(.text)
    I2C3_ER_IRQHandler                       0x08000247   Thumb Code     0  startup_stm32f407xx.o(.text)
    I2C3_EV_IRQHandler                       0x08000247   Thumb Code     0  startup_stm32f407xx.o(.text)
    OTG_FS_IRQHandler                        0x08000247   Thumb Code     0  startup_stm32f407xx.o(.text)
    OTG_FS_WKUP_IRQHandler                   0x08000247   Thumb Code     0  startup_stm32f407xx.o(.text)
    OTG_HS_EP1_IN_IRQHandler                 0x08000247   Thumb Code     0  startup_stm32f407xx.o(.text)
    OTG_HS_EP1_OUT_IRQHandler                0x08000247   Thumb Code     0  startup_stm32f407xx.o(.text)
    OTG_HS_IRQHandler                        0x08000247   Thumb Code     0  startup_stm32f407xx.o(.text)
    OTG_HS_WKUP_IRQHandler                   0x08000247   Thumb Code     0  startup_stm32f407xx.o(.text)
    PVD_IRQHandler                           0x08000247   Thumb Code     0  startup_stm32f407xx.o(.text)
    RCC_IRQHandler                           0x08000247   Thumb Code     0  startup_stm32f407xx.o(.text)
    RTC_Alarm_IRQHandler                     0x08000247   Thumb Code     0  startup_stm32f407xx.o(.text)
    RTC_WKUP_IRQHandler                      0x08000247   Thumb Code     0  startup_stm32f407xx.o(.text)
    SDIO_IRQHandler                          0x08000247   Thumb Code     0  startup_stm32f407xx.o(.text)
    SPI2_IRQHandler                          0x08000247   Thumb Code     0  startup_stm32f407xx.o(.text)
    SPI3_IRQHandler                          0x08000247   Thumb Code     0  startup_stm32f407xx.o(.text)
    TAMP_STAMP_IRQHandler                    0x08000247   Thumb Code     0  startup_stm32f407xx.o(.text)
    TIM1_BRK_TIM9_IRQHandler                 0x08000247   Thumb Code     0  startup_stm32f407xx.o(.text)
    TIM1_CC_IRQHandler                       0x08000247   Thumb Code     0  startup_stm32f407xx.o(.text)
    TIM1_TRG_COM_TIM11_IRQHandler            0x08000247   Thumb Code     0  startup_stm32f407xx.o(.text)
    TIM1_UP_TIM10_IRQHandler                 0x08000247   Thumb Code     0  startup_stm32f407xx.o(.text)
    TIM2_IRQHandler                          0x08000247   Thumb Code     0  startup_stm32f407xx.o(.text)
    TIM3_IRQHandler                          0x08000247   Thumb Code     0  startup_stm32f407xx.o(.text)
    TIM4_IRQHandler                          0x08000247   Thumb Code     0  startup_stm32f407xx.o(.text)
    TIM5_IRQHandler                          0x08000247   Thumb Code     0  startup_stm32f407xx.o(.text)
    TIM6_DAC_IRQHandler                      0x08000247   Thumb Code     0  startup_stm32f407xx.o(.text)
    TIM7_IRQHandler                          0x08000247   Thumb Code     0  startup_stm32f407xx.o(.text)
    TIM8_BRK_TIM12_IRQHandler                0x08000247   Thumb Code     0  startup_stm32f407xx.o(.text)
    TIM8_CC_IRQHandler                       0x08000247   Thumb Code     0  startup_stm32f407xx.o(.text)
    TIM8_TRG_COM_TIM14_IRQHandler            0x08000247   Thumb Code     0  startup_stm32f407xx.o(.text)
    TIM8_UP_TIM13_IRQHandler                 0x08000247   Thumb Code     0  startup_stm32f407xx.o(.text)
    UART4_IRQHandler                         0x08000247   Thumb Code     0  startup_stm32f407xx.o(.text)
    UART5_IRQHandler                         0x08000247   Thumb Code     0  startup_stm32f407xx.o(.text)
    WWDG_IRQHandler                          0x08000247   Thumb Code     0  startup_stm32f407xx.o(.text)
    __user_initial_stackheap                 0x08000249   Thumb Code     0  startup_stm32f407xx.o(.text)
    __semihosting$guard                      0x0800026d   Thumb Code     0  use_no_semi.o(.text)
    __use_no_semihosting_swi                 0x0800026d   Thumb Code     2  use_no_semi.o(.text)
    __aeabi_memcpy4                          0x0800026f   Thumb Code     0  rt_memcpy_w.o(.text)
    __aeabi_memcpy8                          0x0800026f   Thumb Code     0  rt_memcpy_w.o(.text)
    __rt_memcpy_w                            0x0800026f   Thumb Code   100  rt_memcpy_w.o(.text)
    _memcpy_lastbytes_aligned                0x080002b7   Thumb Code     0  rt_memcpy_w.o(.text)
    __use_two_region_memory                  0x080002d3   Thumb Code     2  heapauxi.o(.text)
    __rt_heap_escrow                         0x080002d5   Thumb Code     2  heapauxi.o(.text)
    __rt_heap_expand                         0x080002d7   Thumb Code     2  heapauxi.o(.text)
    __cpp_initialize__aeabi_                 0x080002d9   Thumb Code    26  init_aeabi.o(.text)
    __read_errno                             0x080002fd   Thumb Code    10  _rserrno.o(.text)
    __set_errno                              0x08000307   Thumb Code    12  _rserrno.o(.text)
    __aeabi_errno_addr                       0x08000315   Thumb Code     8  rt_errno_addr_intlibspace.o(.text)
    __errno$intlibspace                      0x08000315   Thumb Code     0  rt_errno_addr_intlibspace.o(.text)
    __rt_errno_addr$intlibspace              0x08000315   Thumb Code     0  rt_errno_addr_intlibspace.o(.text)
    __user_libspace                          0x0800031d   Thumb Code     8  libspace.o(.text)
    __user_perproc_libspace                  0x0800031d   Thumb Code     0  libspace.o(.text)
    __user_perthread_libspace                0x0800031d   Thumb Code     0  libspace.o(.text)
    __user_setup_stackheap                   0x08000325   Thumb Code    74  sys_stackheap_outer.o(.text)
    exit                                     0x0800036f   Thumb Code    18  exit.o(.text)
    GPIO_Init                                0x08000381   Thumb Code   144  stm32f4xx_gpio.o(i.GPIO_Init)
    GPIO_PinAFConfig                         0x08000411   Thumb Code    70  stm32f4xx_gpio.o(i.GPIO_PinAFConfig)
    GPIO_ResetBits                           0x08000457   Thumb Code     4  stm32f4xx_gpio.o(i.GPIO_ResetBits)
    GPIO_SetBits                             0x0800045b   Thumb Code     4  stm32f4xx_gpio.o(i.GPIO_SetBits)
    RCC_AHB1PeriphClockCmd                   0x08000461   Thumb Code    26  stm32f4xx_rcc.o(i.RCC_AHB1PeriphClockCmd)
    RCC_APB1PeriphClockCmd                   0x08000481   Thumb Code    26  stm32f4xx_rcc.o(i.RCC_APB1PeriphClockCmd)
    RCC_APB2PeriphClockCmd                   0x080004a1   Thumb Code    26  stm32f4xx_rcc.o(i.RCC_APB2PeriphClockCmd)
    RCC_GetClocksFreq                        0x080004c1   Thumb Code   214  stm32f4xx_rcc.o(i.RCC_GetClocksFreq)
    SPI1_IRQHandler                          0x080005a9   Thumb Code    92  spi_1.o(i.SPI1_IRQHandler)
    SPI_I2S_GetFlagStatus                    0x08000615   Thumb Code    18  stm32f4xx_spi.o(i.SPI_I2S_GetFlagStatus)
    SysTick_Handler                          0x08000739   Thumb Code    20  time_service.o(i.SysTick_Handler)
    SystemInit                               0x08000751   Thumb Code    88  system_stm32f4xx.o(i.SystemInit)
    TIM_BDTRConfig                           0x080007b9   Thumb Code    32  stm32f4xx_tim.o(i.TIM_BDTRConfig)
    TIM_Cmd                                  0x080007d9   Thumb Code    24  stm32f4xx_tim.o(i.TIM_Cmd)
    TIM_CtrlPWMOutputs                       0x080007f1   Thumb Code    30  stm32f4xx_tim.o(i.TIM_CtrlPWMOutputs)
    TIM_OC1Init                              0x08000811   Thumb Code   114  stm32f4xx_tim.o(i.TIM_OC1Init)
    TIM_OC2Init                              0x0800088d   Thumb Code   154  stm32f4xx_tim.o(i.TIM_OC2Init)
    TIM_OC3Init                              0x08000931   Thumb Code   150  stm32f4xx_tim.o(i.TIM_OC3Init)
    TIM_OC4Init                              0x080009d1   Thumb Code   112  stm32f4xx_tim.o(i.TIM_OC4Init)
    TIM_SetCompare1                          0x08000a49   Thumb Code     4  stm32f4xx_tim.o(i.TIM_SetCompare1)
    TIM_SetCompare2                          0x08000a4d   Thumb Code     4  stm32f4xx_tim.o(i.TIM_SetCompare2)
    TIM_SetCompare3                          0x08000a51   Thumb Code     4  stm32f4xx_tim.o(i.TIM_SetCompare3)
    TIM_SetCompare4                          0x08000a55   Thumb Code     4  stm32f4xx_tim.o(i.TIM_SetCompare4)
    TIM_TimeBaseInit                         0x08000a59   Thumb Code   104  stm32f4xx_tim.o(i.TIM_TimeBaseInit)
    USART1_IRQHandler                        0x08000add   Thumb Code   132  usart1.o(i.USART1_IRQHandler)
    USART2_IRQHandler                        0x08000b7d   Thumb Code   138  usart2.o(i.USART2_IRQHandler)
    USART3_IRQHandler                        0x08000c25   Thumb Code   138  usart3.o(i.USART3_IRQHandler)
    USART6_IRQHandler                        0x08000ccd   Thumb Code   138  usart6.o(i.USART6_IRQHandler)
    USART_ClearITPendingBit                  0x08000d75   Thumb Code    30  stm32f4xx_usart.o(i.USART_ClearITPendingBit)
    USART_Cmd                                0x08000d93   Thumb Code    24  stm32f4xx_usart.o(i.USART_Cmd)
    USART_ITConfig                           0x08000dab   Thumb Code    74  stm32f4xx_usart.o(i.USART_ITConfig)
    USART_Init                               0x08000df5   Thumb Code   204  stm32f4xx_usart.o(i.USART_Init)
    USART_StructInit                         0x08000ec9   Thumb Code    24  stm32f4xx_usart.o(i.USART_StructInit)
    omniplatform::move(float, float, float, float, float) 0x08000ee1   Thumb Code   494  omniplatform.o(i._ZN12omniplatform4moveEfffff)
    omniplatform::omniplatform(Motor&, Motor&, Motor&, Motor&) 0x080010ed   Thumb Code    68  omniplatform.o(i._ZN12omniplatformC1ER5MotorS1_S1_S1_)
    omniplatform::omniplatform__sub_object(Motor&, Motor&, Motor&, Motor&) 0x080010ed   Thumb Code     0  omniplatform.o(i._ZN12omniplatformC1ER5MotorS1_S1_S1_)
    time_service::init()                     0x08001131   Thumb Code    86  time_service.o(i._ZN12time_service4initEv)
    time_service::delay(unsigned)            0x08001191   Thumb Code    32  time_service.o(i._ZN12time_service5delayEj)
    time_service::millis()                   0x080011b5   Thumb Code     8  time_service.o(i._ZN12time_service6millisEv)
    time_service::startTime()                0x080011c1   Thumb Code    18  time_service.o(i._ZN12time_service9startTimeEv)
    ProcessingCoord::getTargetForward()      0x080011d5   Thumb Code   112  processing_coord.o(i._ZN15ProcessingCoord16getTargetForwardEv)
    ProcessingCoord::getDirectionRobot(short) 0x08001255   Thumb Code    14  processing_coord.o(i._ZN15ProcessingCoord17getDirectionRobotEs)
    ProcessingCoord::getVecToGoalCenter()    0x08001265   Thumb Code   420  processing_coord.o(i._ZN15ProcessingCoord18getVecToGoalCenterEv)
    ProcessingCoord::getTargetGoalkeeper()   0x08001415   Thumb Code    94  processing_coord.o(i._ZN15ProcessingCoord19getTargetGoalkeeperEv)
    ProcessingCoord::getVecToIntersection(short) 0x0800147d   Thumb Code   360  processing_coord.o(i._ZN15ProcessingCoord20getVecToIntersectionEs)
    ProcessingCoord::adduct(short)           0x08001601   Thumb Code    32  processing_coord.o(i._ZN15ProcessingCoord6adductEs)
    ProcessingCoord::setGoal(unsigned char)  0x08001621   Thumb Code     6  processing_coord.o(i._ZN15ProcessingCoord7setGoalEh)
    ProcessingCoord::setParams(short, short, short, short, short) 0x08001629   Thumb Code   170  processing_coord.o(i._ZN15ProcessingCoord9setParamsEsssss)
    ProcessingCoord::ProcessingCoord()       0x080016dd   Thumb Code   126  processing_coord.o(i._ZN15ProcessingCoordC1Ev)
    ProcessingCoord::ProcessingCoord__sub_object() 0x080016dd   Thumb Code     0  processing_coord.o(i._ZN15ProcessingCoordC1Ev)
    I2C::generateStop()                      0x08001785   Thumb Code    56  i2c.o(i._ZN3I2C12generateStopEv)
    I2C::generateStart()                     0x080017bd   Thumb Code    74  i2c.o(i._ZN3I2C13generateStartEv)
    I2C::read()                              0x08001807   Thumb Code    78  i2c.o(i._ZN3I2C4readEv)
    I2C::send(unsigned char)                 0x08001855   Thumb Code    56  i2c.o(i._ZN3I2C4sendEh)
    I2C::delay()                             0x0800188d   Thumb Code    28  i2c.o(i._ZN3I2C5delayEv)
    I2C::sclLow()                            0x080018a9   Thumb Code    12  i2c.o(i._ZN3I2C6sclLowEv)
    I2C::sdaLow()                            0x080018b5   Thumb Code    14  i2c.o(i._ZN3I2C6sdaLowEv)
    I2C::readAch()                           0x080018c3   Thumb Code    68  i2c.o(i._ZN3I2C7readAchEv)
    I2C::sclHigh()                           0x08001907   Thumb Code    12  i2c.o(i._ZN3I2C7sclHighEv)
    I2C::sdaHigh()                           0x08001913   Thumb Code    14  i2c.o(i._ZN3I2C7sdaHighEv)
    I2C::sdaRead()                           0x08001921   Thumb Code    34  i2c.o(i._ZN3I2C7sdaReadEv)
    I2C::writeBit(bool)                      0x08001943   Thumb Code    60  i2c.o(i._ZN3I2C8writeBitEb)
    I2C::I2C(Pin&, Pin&)                     0x0800197f   Thumb Code    46  i2c.o(i._ZN3I2CC1ER3PinS1_)
    I2C::I2C__sub_object(Pin&, Pin&)         0x0800197f   Thumb Code     0  i2c.o(i._ZN3I2CC1ER3PinS1_)
    Pin::RCC_ClockCmd()                      0x080019ad   Thumb Code   256  pin_1.o(i._ZN3Pin12RCC_ClockCmdEv)
    Pin::setTimParams(unsigned short)        0x08001ae1   Thumb Code   198  pin_1.o(i._ZN3Pin12setTimParamsEt)
    Pin::setAFforUSART(unsigned short)       0x08001bd5   Thumb Code    40  pin_1.o(i._ZN3Pin13setAFforUSARTEt)
    Pin::pwm(unsigned)                       0x08001bfd   Thumb Code    68  pin_1.o(i._ZN3Pin3pwmEj)
    Pin::getPin()                            0x08001c41   Thumb Code     6  pin_1.o(i._ZN3Pin6getPinEv)
    Pin::setBit()                            0x08001c47   Thumb Code    16  pin_1.o(i._ZN3Pin6setBitEv)
    Pin::setPin(unsigned char)               0x08001c57   Thumb Code   204  pin_1.o(i._ZN3Pin6setPinEh)
    Pin::pwmInit(short, unsigned, unsigned char) 0x08001d25   Thumb Code   260  pin_1.o(i._ZN3Pin7pwmInitEsjh)
    Pin::setGPIO(char)                       0x08001e2d   Thumb Code    78  pin_1.o(i._ZN3Pin7setGPIOEc)
    Pin::getGPIOx()                          0x08001ea1   Thumb Code     6  pin_1.o(i._ZN3Pin8getGPIOxEv)
    Pin::resetBit()                          0x08001ea7   Thumb Code    16  pin_1.o(i._ZN3Pin8resetBitEv)
    Pin::getPeriod()                         0x08001eb7   Thumb Code     8  pin_1.o(i._ZN3Pin9getPeriodEv)
    Pin::Pin(char, unsigned char, unsigned short) 0x08001ec1   Thumb Code   526  pin_1.o(i._ZN3PinC1Echt)
    Pin::Pin__sub_object(char, unsigned char, unsigned short) 0x08001ec1   Thumb Code     0  pin_1.o(i._ZN3PinC1Echt)
    Motor::getMaxSpeed()                     0x080020f5   Thumb Code    12  motor.o(i._ZN5Motor11getMaxSpeedEv)
    Motor::go(short)                         0x08002101   Thumb Code   108  motor.o(i._ZN5Motor2goEs)
    Motor::Motor(Pin&, unsigned char, Pin&, unsigned char) 0x0800216d   Thumb Code    70  motor.o(i._ZN5MotorC1ER3PinhS1_h)
    Motor::Motor__sub_object(Pin&, unsigned char, Pin&, unsigned char) 0x0800216d   Thumb Code     0  motor.o(i._ZN5MotorC1ER3PinhS1_h)
    Robot::calibrated()                      0x080021b5   Thumb Code     6  main.o(i._ZN5Robot10calibratedEv)
    Robot::updateSensors()                   0x080021c1   Thumb Code   552  main.o(i._ZN5Robot13updateSensorsEv)
    Robot::init(unsigned char, unsigned char) 0x08002445   Thumb Code   114  main.o(i._ZN5Robot4initEhh)
    Robot::getRole()                         0x080024f9   Thumb Code     6  main.o(i._ZN5Robot7getRoleEv)
    Robot::goToBall()                        0x08002505   Thumb Code   380  main.o(i._ZN5Robot8goToBallEv)
    Robot::keepGoal()                        0x080026cd   Thumb Code   290  main.o(i._ZN5Robot8keepGoalEv)
    Vec2b::set(double, double)               0x08002811   Thumb Code    10  vec2b.o(i._ZN5Vec2b3setEdd)
    Vec2b::summ(Vec2b, Vec2b)                0x0800281d   Thumb Code   472  vec2b.o(i._ZN5Vec2b4summES_S_)
    Vec2b::changeTo(Vec2b)                   0x08002a05   Thumb Code   870  vec2b.o(i._ZN5Vec2b8changeToES_)
    Vec2b::Vec2b(double, double)             0x08002d9d   Thumb Code    10  vec2b.o(i._ZN5Vec2bC1Edd)
    Vec2b::Vec2b__sub_object(double, double) 0x08002d9d   Thumb Code     0  vec2b.o(i._ZN5Vec2bC1Edd)
    Vec2b::Vec2b()                           0x08002da9   Thumb Code    18  vec2b.o(i._ZN5Vec2bC1Ev)
    Vec2b::Vec2b__sub_object()               0x08002da9   Thumb Code     0  vec2b.o(i._ZN5Vec2bC1Ev)
    uart1::usart1Init(unsigned, float, unsigned char) 0x08002dc5   Thumb Code   308  usart1.o(i._ZN5uart110usart1InitEjfh)
    uart1::read()                            0x08002f2d   Thumb Code    62  usart1.o(i._ZN5uart14readEv)
    uart1::available()                       0x08002f75   Thumb Code    44  usart1.o(i._ZN5uart19availableEv)
    uart2::usart2Init(unsigned, float, unsigned char) 0x08002fa9   Thumb Code   308  usart2.o(i._ZN5uart210usart2InitEjfh)
    uart2::read()                            0x08003111   Thumb Code    62  usart2.o(i._ZN5uart24readEv)
    uart2::available()                       0x08003159   Thumb Code    44  usart2.o(i._ZN5uart29availableEv)
    uart3::usart3Init(unsigned, float, unsigned char) 0x0800318d   Thumb Code   308  usart3.o(i._ZN5uart310usart3InitEjfh)
    uart3::read()                            0x080032f5   Thumb Code    62  usart3.o(i._ZN5uart34readEv)
    uart3::available()                       0x0800333d   Thumb Code    44  usart3.o(i._ZN5uart39availableEv)
    uart6::usart6Init(unsigned, float, unsigned char) 0x08003371   Thumb Code   308  usart6.o(i._ZN5uart610usart6InitEjfh)
    uart6::read()                            0x080034d9   Thumb Code    62  usart6.o(i._ZN5uart64readEv)
    uart6::available()                       0x08003521   Thumb Code    44  usart6.o(i._ZN5uart69availableEv)
    OpenMV::adductionMV(short)               0x08003555   Thumb Code    32  openmv.o(i._ZN6OpenMV11adductionMVEs)
    OpenMV::getDistBlue()                    0x08003575   Thumb Code     8  openmv.o(i._ZN6OpenMV11getDistBlueEv)
    OpenMV::getDistYellow()                  0x0800357d   Thumb Code     8  openmv.o(i._ZN6OpenMV13getDistYellowEv)
    OpenMV::crc8(volatile unsigned char*, unsigned char) 0x08003585   Thumb Code    58  openmv.o(i._ZN6OpenMV4crc8EPVhh)
    OpenMV::getX()                           0x080035bf   Thumb Code     8  openmv.o(i._ZN6OpenMV4getXEv)
    OpenMV::getY()                           0x080035c7   Thumb Code     8  openmv.o(i._ZN6OpenMV4getYEv)
    OpenMV::read()                           0x080035cf   Thumb Code   282  openmv.o(i._ZN6OpenMV4readEv)
    OpenMV::calculate(short, bool)           0x080036e9   Thumb Code   538  openmv.o(i._ZN6OpenMV9calculateEsb)
    OpenMV::initUSART(unsigned char)         0x08003911   Thumb Code    86  openmv.o(i._ZN6OpenMV9initUSARTEh)
    OpenMV::OpenMV(Pin&, Pin&, unsigned char) 0x08003967   Thumb Code    42  openmv.o(i._ZN6OpenMVC1ER3PinS1_h)
    OpenMV::OpenMV__sub_object(Pin&, Pin&, unsigned char) 0x08003967   Thumb Code     0  openmv.o(i._ZN6OpenMVC1ER3PinS1_h)
    gyro_imu::getRotation()                  0x08003991   Thumb Code     8  imu_usart.o(i._ZN8gyro_imu11getRotationEv)
    gyro_imu::setZeroAngle()                 0x08003999   Thumb Code     6  imu_usart.o(i._ZN8gyro_imu12setZeroAngleEv)
    gyro_imu::calculateSoft(float, float)    0x080039a1   Thumb Code   164  imu_usart.o(i._ZN8gyro_imu13calculateSoftEff)
    gyro_imu::getMaxRotation()               0x08003a55   Thumb Code     8  imu_usart.o(i._ZN8gyro_imu14getMaxRotationEv)
    gyro_imu::getCurrentAngle()              0x08003a5d   Thumb Code     8  imu_usart.o(i._ZN8gyro_imu15getCurrentAngleEv)
    gyro_imu::setRotationForTarget()         0x08003a65   Thumb Code    66  imu_usart.o(i._ZN8gyro_imu20setRotationForTargetEv)
    gyro_imu::read()                         0x08003aa9   Thumb Code   268  imu_usart.o(i._ZN8gyro_imu4readEv)
    gyro_imu::adduct(short)                  0x08003bb9   Thumb Code    32  imu_usart.o(i._ZN8gyro_imu6adductEs)
    gyro_imu::initUSART(unsigned char)       0x08003bd9   Thumb Code    86  imu_usart.o(i._ZN8gyro_imu9initUSARTEh)
    gyro_imu::setTarget(short)               0x08003c2f   Thumb Code     4  imu_usart.o(i._ZN8gyro_imu9setTargetEs)
    gyro_imu::gyro_imu(Pin&, Pin&, unsigned char) 0x08003c33   Thumb Code    36  imu_usart.o(i._ZN8gyro_imuC1ER3PinS1_h)
    gyro_imu::gyro_imu__sub_object(Pin&, Pin&, unsigned char) 0x08003c33   Thumb Code     0  imu_usart.o(i._ZN8gyro_imuC1ER3PinS1_h)
    BallVec2b::changeValues(bool)            0x08003c57   Thumb Code   750  queues_ball.o(i._ZN9BallVec2b12changeValuesEb)
    BallVec2b::getCurrentVec2b()             0x08003f45   Thumb Code    48  queues_ball.o(i._ZN9BallVec2b15getCurrentVec2bEv)
    BallVec2b::setTransitionBy360()          0x08003f75   Thumb Code   262  queues_ball.o(i._ZN9BallVec2b18setTransitionBy360Ev)
    BallVec2b::push(Vec2b, unsigned)         0x08004095   Thumb Code   308  queues_ball.o(i._ZN9BallVec2b4pushE5Vec2bj)
    BallVec2b::adduct(double)                0x080041c9   Thumb Code   110  queues_ball.o(i._ZN9BallVec2b6adductEd)
    BallVec2b::calculate()                   0x08004251   Thumb Code  1186  queues_ball.o(i._ZN9BallVec2b9calculateEv)
    BallVec2b::BallVec2b()                   0x080046f5   Thumb Code   148  queues_ball.o(i._ZN9BallVec2bC1Ev)
    BallVec2b::BallVec2b__sub_object()       0x080046f5   Thumb Code     0  queues_ball.o(i._ZN9BallVec2bC1Ev)
    IRLocator::angleOffset(float, float)     0x0800479d   Thumb Code   342  ir_locator.o(i._ZN9IRLocator11angleOffsetEff)
    IRLocator::convertDist(double)           0x08004925   Thumb Code   146  ir_locator.o(i._ZN9IRLocator11convertDistEd)
    IRLocator::adduct(short)                 0x080049d1   Thumb Code    32  ir_locator.o(i._ZN9IRLocator6adductEs)
    IRLocator::getDist()                     0x080049f1   Thumb Code     8  ir_locator.o(i._ZN9IRLocator7getDistEv)
    IRLocator::getAngle()                    0x080049f9   Thumb Code    88  ir_locator.o(i._ZN9IRLocator8getAngleEv)
    IRLocator::getValue(unsigned char)       0x08004a51   Thumb Code   106  ir_locator.o(i._ZN9IRLocator8getValueEh)
    IRLocator::IRLocator(I2C&, unsigned)     0x08004abb   Thumb Code    26  ir_locator.o(i._ZN9IRLocatorC1ER3I2Cj)
    IRLocator::IRLocator__sub_object(I2C&, unsigned) 0x08004abb   Thumb Code     0  ir_locator.o(i._ZN9IRLocatorC1ER3I2Cj)
    Vec2bTime::set(double, double, unsigned, short) 0x08004ad5   Thumb Code    14  queues_ball.o(i._ZN9Vec2bTime3setEddjs)
    Vec2bTime::getLen()                      0x08004ae3   Thumb Code     6  queues_ball.o(i._ZN9Vec2bTime6getLenEv)
    Vec2bTime::correct()                     0x08004ae9   Thumb Code    76  queues_ball.o(i._ZN9Vec2bTime7correctEv)
    Vec2bTime::getTime()                     0x08004b3d   Thumb Code     6  queues_ball.o(i._ZN9Vec2bTime7getTimeEv)
    Vec2bTime::getAngle()                    0x08004b43   Thumb Code     6  queues_ball.o(i._ZN9Vec2bTime8getAngleEv)
    Vec2bTime::Vec2bTime()                   0x08004b49   Thumb Code    14  queues_ball.o(i._ZN9Vec2bTimeC1Ev)
    Vec2bTime::Vec2bTime__sub_object()       0x08004b49   Thumb Code     0  queues_ball.o(i._ZN9Vec2bTimeC1Ev)
    std::cos(float)                          0x08004b57   Thumb Code    24  openmv.o(i._ZSt3cosf)
    std::pow(double, int)                    0x08004b6f   Thumb Code    52  queues_ball.o(i._ZSt3powdi)
    std::pow(float, int)                     0x08004ba3   Thumb Code    34  processing_coord.o(i._ZSt3powfi)
    std::sin(float)                          0x08004bc5   Thumb Code    24  openmv.o(i._ZSt3sinf)
    std::sqrt(float)                         0x08004bdd   Thumb Code    24  processing_coord.o(i._ZSt4sqrtf)
    std::atan2(float, float)                 0x08004bf5   Thumb Code    32  processing_coord.o(i._ZSt5atan2ff)
    __ARM_fpclassify                         0x08004c15   Thumb Code    48  fpclassify.o(i.__ARM_fpclassify)
    __ARM_fpclassifyf                        0x08004c45   Thumb Code    38  fpclassifyf.o(i.__ARM_fpclassifyf)
    __aeabi_vec_ctor_nocookie_nodtor         0x08004c6b   Thumb Code    36  aeabi_vec_ctor_nocookie_nodtor.o(i.__aeabi_vec_ctor_nocookie_nodtor)
    __hardfp_atan                            0x08004c91   Thumb Code   622  atan.o(i.__hardfp_atan)
    __hardfp_atan2                           0x08004f69   Thumb Code   448  atan2.o(i.__hardfp_atan2)
    __hardfp_atan2f                          0x08005169   Thumb Code   594  atan2f.o(i.__hardfp_atan2f)
    __hardfp_cos                             0x08005419   Thumb Code   180  cos.o(i.__hardfp_cos)
    __hardfp_cosf                            0x080054e1   Thumb Code   280  cosf.o(i.__hardfp_cosf)
    __hardfp_pow                             0x08005631   Thumb Code  3072  pow.o(i.__hardfp_pow)
    __hardfp_powf                            0x08006281   Thumb Code  1606  powf.o(i.__hardfp_powf)
    __mathlib_powf                           0x08006281   Thumb Code     0  powf.o(i.__hardfp_powf)
    __hardfp_sin                             0x080068e9   Thumb Code   180  sin.o(i.__hardfp_sin)
    __hardfp_sinf                            0x080069b1   Thumb Code   344  sinf.o(i.__hardfp_sinf)
    __hardfp_sqrt                            0x08006b41   Thumb Code   122  sqrt.o(i.__hardfp_sqrt)
    __hardfp_sqrtf                           0x08006bbb   Thumb Code    58  sqrtf.o(i.__hardfp_sqrtf)
    __ieee754_rem_pio2                       0x08006bf9   Thumb Code   938  rred.o(i.__ieee754_rem_pio2)
    __kernel_cos                             0x08007031   Thumb Code   322  cos_i.o(i.__kernel_cos)
    __kernel_poly                            0x080071a1   Thumb Code   248  poly.o(i.__kernel_poly)
    __kernel_sin                             0x08007299   Thumb Code   280  sin_i.o(i.__kernel_sin)
    __mathlib_dbl_divzero                    0x080073c9   Thumb Code    28  dunder.o(i.__mathlib_dbl_divzero)
    __mathlib_dbl_infnan                     0x080073f9   Thumb Code    20  dunder.o(i.__mathlib_dbl_infnan)
    __mathlib_dbl_infnan2                    0x0800740d   Thumb Code    20  dunder.o(i.__mathlib_dbl_infnan2)
    __mathlib_dbl_invalid                    0x08007421   Thumb Code    24  dunder.o(i.__mathlib_dbl_invalid)
    __mathlib_dbl_overflow                   0x08007441   Thumb Code    24  dunder.o(i.__mathlib_dbl_overflow)
    __mathlib_dbl_underflow                  0x08007461   Thumb Code    24  dunder.o(i.__mathlib_dbl_underflow)
    __mathlib_flt_divzero                    0x08007481   Thumb Code    14  funder.o(i.__mathlib_flt_divzero)
    __mathlib_flt_infnan                     0x08007495   Thumb Code     6  funder.o(i.__mathlib_flt_infnan)
    __mathlib_flt_infnan2                    0x0800749b   Thumb Code     6  funder.o(i.__mathlib_flt_infnan2)
    __mathlib_flt_invalid                    0x080074a1   Thumb Code    10  funder.o(i.__mathlib_flt_invalid)
    __mathlib_flt_overflow                   0x080074b1   Thumb Code    10  funder.o(i.__mathlib_flt_overflow)
    __mathlib_flt_underflow                  0x080074c1   Thumb Code    10  funder.o(i.__mathlib_flt_underflow)
    __mathlib_rredf2                         0x080074d1   Thumb Code   316  rredf.o(i.__mathlib_rredf2)
    _sys_exit                                0x080077c9   Thumb Code     4  retarget.o(i._sys_exit)
    atan                                     0x080077cd   Thumb Code    16  atan.o(i.atan)
    fabs                                     0x080077dd   Thumb Code    24  fabs.o(i.fabs)
    main                                     0x080077f5   Thumb Code    46  main.o(i.main)
    sqrt                                     0x08007823   Thumb Code   110  sqrt.o(i.sqrt)
    __aeabi_dneg                             0x08007891   Thumb Code     0  basic.o(x$fpl$basic)
    _dneg                                    0x08007891   Thumb Code     6  basic.o(x$fpl$basic)
    __aeabi_fneg                             0x08007897   Thumb Code     0  basic.o(x$fpl$basic)
    _fneg                                    0x08007897   Thumb Code     6  basic.o(x$fpl$basic)
    _dabs                                    0x0800789d   Thumb Code     6  basic.o(x$fpl$basic)
    _fabs                                    0x080078a3   Thumb Code     6  basic.o(x$fpl$basic)
    __aeabi_d2f                              0x080078a9   Thumb Code     0  d2f.o(x$fpl$d2f)
    _d2f                                     0x080078a9   Thumb Code    98  d2f.o(x$fpl$d2f)
    __aeabi_dadd                             0x0800790d   Thumb Code     0  daddsub_clz.o(x$fpl$dadd)
    _dadd                                    0x0800790d   Thumb Code   332  daddsub_clz.o(x$fpl$dadd)
    __fpl_dcheck_NaN1                        0x08007a5d   Thumb Code    10  dcheck1.o(x$fpl$dcheck1)
    __fpl_dcmp_Inf                           0x08007a6d   Thumb Code    24  dcmpi.o(x$fpl$dcmpinf)
    __aeabi_ddiv                             0x08007a85   Thumb Code     0  ddiv.o(x$fpl$ddiv)
    _ddiv                                    0x08007a85   Thumb Code   552  ddiv.o(x$fpl$ddiv)
    __aeabi_cdcmpeq                          0x08007d35   Thumb Code     0  deqf.o(x$fpl$deqf)
    _dcmpeq                                  0x08007d35   Thumb Code   120  deqf.o(x$fpl$deqf)
    __aeabi_d2iz                             0x08007dad   Thumb Code     0  dfix.o(x$fpl$dfix)
    _dfix                                    0x08007dad   Thumb Code    94  dfix.o(x$fpl$dfix)
    __aeabi_i2d                              0x08007e0b   Thumb Code     0  dflt_clz.o(x$fpl$dflt)
    _dflt                                    0x08007e0b   Thumb Code    46  dflt_clz.o(x$fpl$dflt)
    __aeabi_ui2d                             0x08007e39   Thumb Code     0  dflt_clz.o(x$fpl$dfltu)
    _dfltu                                   0x08007e39   Thumb Code    38  dflt_clz.o(x$fpl$dfltu)
    __aeabi_cdcmple                          0x08007e61   Thumb Code     0  dleqf.o(x$fpl$dleqf)
    _dcmple                                  0x08007e61   Thumb Code   120  dleqf.o(x$fpl$dleqf)
    __fpl_dcmple_InfNaN                      0x08007ec3   Thumb Code     0  dleqf.o(x$fpl$dleqf)
    __aeabi_dmul                             0x08007ed9   Thumb Code     0  dmul.o(x$fpl$dmul)
    _dmul                                    0x08007ed9   Thumb Code   332  dmul.o(x$fpl$dmul)
    __fpl_dnaninf                            0x0800802d   Thumb Code   156  dnaninf.o(x$fpl$dnaninf)
    __fpl_dretinf                            0x080080c9   Thumb Code    12  dretinf.o(x$fpl$dretinf)
    __aeabi_cdrcmple                         0x080080d5   Thumb Code     0  drleqf.o(x$fpl$drleqf)
    _drcmple                                 0x080080d5   Thumb Code   108  drleqf.o(x$fpl$drleqf)
    __aeabi_drsub                            0x08008141   Thumb Code     0  daddsub_clz.o(x$fpl$drsb)
    _drsb                                    0x08008141   Thumb Code    22  daddsub_clz.o(x$fpl$drsb)
    _dsqrt                                   0x08008159   Thumb Code   404  dsqrt_umaal.o(x$fpl$dsqrt)
    __aeabi_dsub                             0x080082f1   Thumb Code     0  daddsub_clz.o(x$fpl$dsub)
    _dsub                                    0x080082f1   Thumb Code   464  daddsub_clz.o(x$fpl$dsub)
    __aeabi_f2d                              0x080084c5   Thumb Code     0  f2d.o(x$fpl$f2d)
    _f2d                                     0x080084c5   Thumb Code    86  f2d.o(x$fpl$f2d)
    __fpl_fnaninf                            0x0800851b   Thumb Code   140  fnaninf.o(x$fpl$fnaninf)
    _fp_init                                 0x080085a7   Thumb Code    10  fpinit.o(x$fpl$fpinit)
    __fplib_config_fpu_vfp                   0x080085af   Thumb Code     0  fpinit.o(x$fpl$fpinit)
    __fplib_config_pureend_doubles           0x080085af   Thumb Code     0  fpinit.o(x$fpl$fpinit)
    __fpl_fretinf                            0x080085b1   Thumb Code    10  fretinf.o(x$fpl$fretinf)
    __fpl_return_NaN                         0x080085bb   Thumb Code   100  retnan.o(x$fpl$retnan)
    __ARM_scalbn                             0x0800861f   Thumb Code    92  scalbn.o(x$fpl$scalbn)
    __fpl_cmpreturn                          0x0800867b   Thumb Code    48  trapv.o(x$fpl$trapveneer)
    __I$use$fp                               0x080086aa   Number         0  usenofp.o(x$fpl$usenofp)
    __mathlib_zero                           0x08008978   Data           8  qnan.o(.constdata)
    Region$$Table$$Base                      0x08008a90   Number         0  anon$$obj.o(Region$$Table)
    Region$$Table$$Limit                     0x08008ab0   Number         0  anon$$obj.o(Region$$Table)
    SHT$$INIT_ARRAY$$Base                    0x08008ab0   Number         0  main.o(.init_array)
    SHT$$INIT_ARRAY$$Limit                   0x08008ab4   Number         0  init_aeabi.o(.init_array)
    Robot::ang                               0x20000000   Data           4  main.o(.data)
    Robot::angRes                            0x20000004   Data           4  main.o(.data)
    Robot::imuCalibrated                     0x20000008   Data           1  main.o(.data)
    Robot::pow                               0x2000000a   Data           2  main.o(.data)
    Robot::angleIMU                          0x2000000c   Data           4  main.o(.data)
    Robot::angSoft                           0x20000010   Data           4  main.o(.data)
    Robot::distSoft                          0x20000014   Data           4  main.o(.data)
    Robot::dist                              0x20000018   Data           4  main.o(.data)
    Robot::distOld                           0x2000001c   Data           4  main.o(.data)
    Robot::t                                 0x20000020   Data           4  main.o(.data)
    Robot::timeNotSeenBall                   0x20000024   Data           4  main.o(.data)
    Robot::timeUpdateQueue                   0x20000028   Data           4  main.o(.data)
    Robot::x                                 0x2000002c   Data           2  main.o(.data)
    Robot::y                                 0x2000002e   Data           2  main.o(.data)
    Robot::angRaw                            0x20000030   Data           2  main.o(.data)
    Robot::distRaw                           0x20000034   Data           4  main.o(.data)
    Robot::myGoal                            0x20000038   Data           1  main.o(.data)
    Robot::myRole                            0x20000039   Data           1  main.o(.data)
    Robot::dBl                               0x2000003a   Data           2  main.o(.data)
    Robot::dYe                               0x2000003c   Data           2  main.o(.data)
    Robot::angBlue                           0x2000003e   Data           2  main.o(.data)
    Robot::angYellow                         0x20000040   Data           2  main.o(.data)
    Robot::target                            0x20000042   Data           2  main.o(.data)
    Robot::speedForward                      0x20000048   Data           8  main.o(.data)
    Robot::angleBallGoal                     0x20000050   Data           2  main.o(.data)
    time_service::tim                        0x20000058   Data           8  time_service.o(.data)
    uart1::rx                                0x20000060   Data           8  usart1.o(.data)
    uart1::_rxCnt                            0x20000068   Data           2  usart1.o(.data)
    uart1::_txCnt                            0x2000006a   Data           2  usart1.o(.data)
    uart1::tx                                0x2000006c   Data           8  usart1.o(.data)
    uart1::_sendCnt                          0x20000074   Data           2  usart1.o(.data)
    uart1::_readCnt                          0x20000076   Data           2  usart1.o(.data)
    uart1::flag                              0x20000078   Data           1  usart1.o(.data)
    uart2::rx                                0x2000007a   Data           8  usart2.o(.data)
    uart2::_rxCnt                            0x20000082   Data           2  usart2.o(.data)
    uart2::_txCnt                            0x20000084   Data           2  usart2.o(.data)
    uart2::tx                                0x20000086   Data           8  usart2.o(.data)
    uart2::_sendCnt                          0x2000008e   Data           2  usart2.o(.data)
    uart2::_readCnt                          0x20000090   Data           2  usart2.o(.data)
    uart2::flag                              0x20000092   Data           1  usart2.o(.data)
    uart3::rx                                0x20000094   Data           8  usart3.o(.data)
    uart3::_rxCnt                            0x2000009c   Data           2  usart3.o(.data)
    uart3::_txCnt                            0x2000009e   Data           2  usart3.o(.data)
    uart3::tx                                0x200000a0   Data           8  usart3.o(.data)
    uart3::_sendCnt                          0x200000a8   Data           2  usart3.o(.data)
    uart3::_readCnt                          0x200000aa   Data           2  usart3.o(.data)
    uart3::flag                              0x200000ac   Data           1  usart3.o(.data)
    uart6::rx                                0x200000ae   Data           8  usart6.o(.data)
    uart6::_rxCnt                            0x200000b6   Data           2  usart6.o(.data)
    uart6::_txCnt                            0x200000b8   Data           2  usart6.o(.data)
    uart6::tx                                0x200000ba   Data           8  usart6.o(.data)
    uart6::_sendCnt                          0x200000c2   Data           2  usart6.o(.data)
    uart6::_readCnt                          0x200000c4   Data           2  usart6.o(.data)
    uart6::flag                              0x200000c6   Data           1  usart6.o(.data)
    SPI_1::_spi_mode                         0x200000c8   Data           4  spi_1.o(.data)
    SPI_1::_spi_direction                    0x200000cc   Data           4  spi_1.o(.data)
    SPI_1::_baud_rate                        0x200000d0   Data           4  spi_1.o(.data)
    SPI_1::_first_bit                        0x200000d4   Data           4  spi_1.o(.data)
    SPI_1::_cur_rx_read                      0x200000d8   Data           2  spi_1.o(.data)
    SPI_1::_cur_rx_write                     0x200000da   Data           2  spi_1.o(.data)
    SPI_1::_buf_size                         0x200000dc   Data           2  spi_1.o(.data)
    Robot::currentVector                     0x200000f0   Data          16  main.o(.bss)
    Robot::locatorSCL                        0x20000100   Data          64  main.o(.bss)
    Robot::locatorSDA                        0x20000140   Data          64  main.o(.bss)
    Robot::locatorI2C                        0x20000180   Data         128  main.o(.bss)
    Robot::locator                           0x20000200   Data         140  main.o(.bss)
    Robot::tx_openMV                         0x2000028c   Data          64  main.o(.bss)
    Robot::rx_openMV                         0x200002cc   Data          64  main.o(.bss)
    Robot::camera                            0x2000030c   Data          20  main.o(.bss)
    Robot::processXY                         0x20000320   Data          80  main.o(.bss)
    Robot::tx_imu                            0x20000370   Data          64  main.o(.bss)
    Robot::rx_imu                            0x200003b0   Data          64  main.o(.bss)
    Robot::gyro                              0x200003f0   Data          12  main.o(.bss)
    Robot::motor1in1                         0x200003fc   Data          64  main.o(.bss)
    Robot::motor1in2                         0x2000043c   Data          64  main.o(.bss)
    Robot::motor1                            0x2000047c   Data         128  main.o(.bss)
    Robot::motor2in1                         0x200004fc   Data          64  main.o(.bss)
    Robot::motor2in2                         0x2000053c   Data          64  main.o(.bss)
    Robot::motor2                            0x2000057c   Data         128  main.o(.bss)
    Robot::motor3in1                         0x200005fc   Data          64  main.o(.bss)
    Robot::motor3in2                         0x2000063c   Data          64  main.o(.bss)
    Robot::motor3                            0x2000067c   Data         128  main.o(.bss)
    Robot::motor4in1                         0x200006fc   Data          64  main.o(.bss)
    Robot::motor4in2                         0x2000073c   Data          64  main.o(.bss)
    Robot::motor4                            0x2000077c   Data         128  main.o(.bss)
    Robot::omni                              0x200007fc   Data         512  main.o(.bss)
    Robot::ball                              0x20000a00   Data        1168  main.o(.bss)
    SPI_1::_rx_buffer                        0x20000e90   Data          32  spi_1.o(.bss)
    __libspace_start                         0x20000eb0   Data          96  libspace.o(.bss)
    __temporary_stack_top$libspace           0x20000f10   Data           0  libspace.o(.bss)



==============================================================================

Memory Map of the image

  Image Entry point : 0x08000189

  Load Region LR_IROM1 (Base: 0x08000000, Size: 0x00008ba4, Max: 0x00100000, ABSOLUTE)

    Execution Region ER_IROM1 (Exec base: 0x08000000, Load base: 0x08000000, Size: 0x00008ab4, Max: 0x00100000, ABSOLUTE)

    Exec Addr    Load Addr    Size         Type   Attr      Idx    E Section Name        Object

    0x08000000   0x08000000   0x00000188   Data   RO         4483    RESET               startup_stm32f407xx.o
    0x08000188   0x08000188   0x00000008   Code   RO         4616  * !!!main             c_w.l(__main.o)
    0x08000190   0x08000190   0x00000034   Code   RO         5184    !!!scatter          c_w.l(__scatter.o)
    0x080001c4   0x080001c4   0x0000001a   Code   RO         5186    !!handler_copy      c_w.l(__scatter_copy.o)
    0x080001de   0x080001de   0x00000002   PAD
    0x080001e0   0x080001e0   0x0000001c   Code   RO         5188    !!handler_zi        c_w.l(__scatter_zi.o)
    0x080001fc   0x080001fc   0x00000002   Code   RO         4992    .ARM.Collect$$libinit$$00000000  c_w.l(libinit.o)
    0x080001fe   0x080001fe   0x00000004   Code   RO         4810    .ARM.Collect$$libinit$$00000001  c_w.l(libinit2.o)
    0x08000202   0x08000202   0x00000000   Code   RO         4813    .ARM.Collect$$libinit$$00000004  c_w.l(libinit2.o)
    0x08000202   0x08000202   0x00000000   Code   RO         4816    .ARM.Collect$$libinit$$0000000A  c_w.l(libinit2.o)
    0x08000202   0x08000202   0x00000000   Code   RO         4818    .ARM.Collect$$libinit$$0000000C  c_w.l(libinit2.o)
    0x08000202   0x08000202   0x00000000   Code   RO         4820    .ARM.Collect$$libinit$$0000000E  c_w.l(libinit2.o)
    0x08000202   0x08000202   0x00000000   Code   RO         4823    .ARM.Collect$$libinit$$00000011  c_w.l(libinit2.o)
    0x08000202   0x08000202   0x00000000   Code   RO         4825    .ARM.Collect$$libinit$$00000013  c_w.l(libinit2.o)
    0x08000202   0x08000202   0x00000000   Code   RO         4827    .ARM.Collect$$libinit$$00000015  c_w.l(libinit2.o)
    0x08000202   0x08000202   0x00000000   Code   RO         4829    .ARM.Collect$$libinit$$00000017  c_w.l(libinit2.o)
    0x08000202   0x08000202   0x00000000   Code   RO         4831    .ARM.Collect$$libinit$$00000019  c_w.l(libinit2.o)
    0x08000202   0x08000202   0x00000000   Code   RO         4833    .ARM.Collect$$libinit$$0000001B  c_w.l(libinit2.o)
    0x08000202   0x08000202   0x00000000   Code   RO         4835    .ARM.Collect$$libinit$$0000001D  c_w.l(libinit2.o)
    0x08000202   0x08000202   0x00000000   Code   RO         4837    .ARM.Collect$$libinit$$0000001F  c_w.l(libinit2.o)
    0x08000202   0x08000202   0x00000000   Code   RO         4839    .ARM.Collect$$libinit$$00000021  c_w.l(libinit2.o)
    0x08000202   0x08000202   0x00000000   Code   RO         4841    .ARM.Collect$$libinit$$00000023  c_w.l(libinit2.o)
    0x08000202   0x08000202   0x00000000   Code   RO         4843    .ARM.Collect$$libinit$$00000025  c_w.l(libinit2.o)
    0x08000202   0x08000202   0x00000000   Code   RO         4847    .ARM.Collect$$libinit$$0000002C  c_w.l(libinit2.o)
    0x08000202   0x08000202   0x00000000   Code   RO         4849    .ARM.Collect$$libinit$$0000002E  c_w.l(libinit2.o)
    0x08000202   0x08000202   0x00000000   Code   RO         4851    .ARM.Collect$$libinit$$00000030  c_w.l(libinit2.o)
    0x08000202   0x08000202   0x00000004   Code   RO         4852    .ARM.Collect$$libinit$$00000031  c_w.l(libinit2.o)
    0x08000206   0x08000206   0x00000000   Code   RO         4853    .ARM.Collect$$libinit$$00000032  c_w.l(libinit2.o)
    0x08000206   0x08000206   0x00000002   Code   RO         4854    .ARM.Collect$$libinit$$00000033  c_w.l(libinit2.o)
    0x08000208   0x08000208   0x00000002   Code   RO         5141    .ARM.Collect$$libshutdown$$00000000  c_w.l(libshutdown.o)
    0x0800020a   0x0800020a   0x00000000   Code   RO         5147    .ARM.Collect$$libshutdown$$00000002  c_w.l(libshutdown2.o)
    0x0800020a   0x0800020a   0x00000000   Code   RO         5149    .ARM.Collect$$libshutdown$$00000004  c_w.l(libshutdown2.o)
    0x0800020a   0x0800020a   0x00000000   Code   RO         5151    .ARM.Collect$$libshutdown$$00000006  c_w.l(libshutdown2.o)
    0x0800020a   0x0800020a   0x00000000   Code   RO         5154    .ARM.Collect$$libshutdown$$00000009  c_w.l(libshutdown2.o)
    0x0800020a   0x0800020a   0x00000000   Code   RO         5157    .ARM.Collect$$libshutdown$$0000000C  c_w.l(libshutdown2.o)
    0x0800020a   0x0800020a   0x00000000   Code   RO         5159    .ARM.Collect$$libshutdown$$0000000E  c_w.l(libshutdown2.o)
    0x0800020a   0x0800020a   0x00000000   Code   RO         5162    .ARM.Collect$$libshutdown$$00000011  c_w.l(libshutdown2.o)
    0x0800020a   0x0800020a   0x00000002   Code   RO         5163    .ARM.Collect$$libshutdown$$00000012  c_w.l(libshutdown2.o)
    0x0800020c   0x0800020c   0x00000000   Code   RO         4807    .ARM.Collect$$rtentry$$00000000  c_w.l(__rtentry.o)
    0x0800020c   0x0800020c   0x00000000   Code   RO         4948    .ARM.Collect$$rtentry$$00000002  c_w.l(__rtentry2.o)
    0x0800020c   0x0800020c   0x00000006   Code   RO         4960    .ARM.Collect$$rtentry$$00000004  c_w.l(__rtentry4.o)
    0x08000212   0x08000212   0x00000000   Code   RO         4950    .ARM.Collect$$rtentry$$00000009  c_w.l(__rtentry2.o)
    0x08000212   0x08000212   0x00000004   Code   RO         4951    .ARM.Collect$$rtentry$$0000000A  c_w.l(__rtentry2.o)
    0x08000216   0x08000216   0x00000000   Code   RO         4953    .ARM.Collect$$rtentry$$0000000C  c_w.l(__rtentry2.o)
    0x08000216   0x08000216   0x00000008   Code   RO         4954    .ARM.Collect$$rtentry$$0000000D  c_w.l(__rtentry2.o)
    0x0800021e   0x0800021e   0x00000002   Code   RO         5002    .ARM.Collect$$rtexit$$00000000  c_w.l(rtexit.o)
    0x08000220   0x08000220   0x00000000   Code   RO         5081    .ARM.Collect$$rtexit$$00000002  c_w.l(rtexit2.o)
    0x08000220   0x08000220   0x00000004   Code   RO         5082    .ARM.Collect$$rtexit$$00000003  c_w.l(rtexit2.o)
    0x08000224   0x08000224   0x00000006   Code   RO         5083    .ARM.Collect$$rtexit$$00000004  c_w.l(rtexit2.o)
    0x0800022a   0x0800022a   0x00000002   PAD
    0x0800022c   0x0800022c   0x00000040   Code   RO         4484    .text               startup_stm32f407xx.o
    0x0800026c   0x0800026c   0x00000002   Code   RO         4610    .text               c_w.l(use_no_semi.o)
    0x0800026e   0x0800026e   0x00000064   Code   RO         4612    .text               c_w.l(rt_memcpy_w.o)
    0x080002d2   0x080002d2   0x00000006   Code   RO         4614    .text               c_w.l(heapauxi.o)
    0x080002d8   0x080002d8   0x00000024   Code   RO         4621    .text               c_w.l(init_aeabi.o)
    0x080002fc   0x080002fc   0x00000016   Code   RO         4808    .text               c_w.l(_rserrno.o)
    0x08000312   0x08000312   0x00000002   PAD
    0x08000314   0x08000314   0x00000008   Code   RO         4965    .text               c_w.l(rt_errno_addr_intlibspace.o)
    0x0800031c   0x0800031c   0x00000008   Code   RO         4976    .text               c_w.l(libspace.o)
    0x08000324   0x08000324   0x0000004a   Code   RO         4979    .text               c_w.l(sys_stackheap_outer.o)
    0x0800036e   0x0800036e   0x00000012   Code   RO         4981    .text               c_w.l(exit.o)
    0x08000380   0x08000380   0x00000090   Code   RO         2873    i.GPIO_Init         stm32f4xx_gpio.o
    0x08000410   0x08000410   0x00000046   Code   RO         2874    i.GPIO_PinAFConfig  stm32f4xx_gpio.o
    0x08000456   0x08000456   0x00000004   Code   RO         2880    i.GPIO_ResetBits    stm32f4xx_gpio.o
    0x0800045a   0x0800045a   0x00000004   Code   RO         2881    i.GPIO_SetBits      stm32f4xx_gpio.o
    0x0800045e   0x0800045e   0x00000002   PAD
    0x08000460   0x08000460   0x00000020   Code   RO         3208    i.RCC_AHB1PeriphClockCmd  stm32f4xx_rcc.o
    0x08000480   0x08000480   0x00000020   Code   RO         3217    i.RCC_APB1PeriphClockCmd  stm32f4xx_rcc.o
    0x080004a0   0x080004a0   0x00000020   Code   RO         3220    i.RCC_APB2PeriphClockCmd  stm32f4xx_rcc.o
    0x080004c0   0x080004c0   0x000000e8   Code   RO         3229    i.RCC_GetClocksFreq  stm32f4xx_rcc.o
    0x080005a8   0x080005a8   0x0000006c   Code   RO         2006    i.SPI1_IRQHandler   spi_1.o
    0x08000614   0x08000614   0x00000012   Code   RO         3563    i.SPI_I2S_GetFlagStatus  stm32f4xx_spi.o
    0x08000626   0x08000626   0x00000002   PAD
    0x08000628   0x08000628   0x00000110   Code   RO         4491    i.SetSysClock       system_stm32f4xx.o
    0x08000738   0x08000738   0x00000018   Code   RO         1288    i.SysTick_Handler   time_service.o
    0x08000750   0x08000750   0x00000068   Code   RO         4493    i.SystemInit        system_stm32f4xx.o
    0x080007b8   0x080007b8   0x00000020   Code   RO         3725    i.TIM_BDTRConfig    stm32f4xx_tim.o
    0x080007d8   0x080007d8   0x00000018   Code   RO         3736    i.TIM_Cmd           stm32f4xx_tim.o
    0x080007f0   0x080007f0   0x0000001e   Code   RO         3738    i.TIM_CtrlPWMOutputs  stm32f4xx_tim.o
    0x0800080e   0x0800080e   0x00000002   PAD
    0x08000810   0x08000810   0x0000007c   Code   RO         3765    i.TIM_OC1Init       stm32f4xx_tim.o
    0x0800088c   0x0800088c   0x000000a4   Code   RO         3770    i.TIM_OC2Init       stm32f4xx_tim.o
    0x08000930   0x08000930   0x000000a0   Code   RO         3775    i.TIM_OC3Init       stm32f4xx_tim.o
    0x080009d0   0x080009d0   0x00000078   Code   RO         3780    i.TIM_OC4Init       stm32f4xx_tim.o
    0x08000a48   0x08000a48   0x00000004   Code   RO         3798    i.TIM_SetCompare1   stm32f4xx_tim.o
    0x08000a4c   0x08000a4c   0x00000004   Code   RO         3799    i.TIM_SetCompare2   stm32f4xx_tim.o
    0x08000a50   0x08000a50   0x00000004   Code   RO         3800    i.TIM_SetCompare3   stm32f4xx_tim.o
    0x08000a54   0x08000a54   0x00000004   Code   RO         3801    i.TIM_SetCompare4   stm32f4xx_tim.o
    0x08000a58   0x08000a58   0x00000084   Code   RO         3808    i.TIM_TimeBaseInit  stm32f4xx_tim.o
    0x08000adc   0x08000adc   0x000000a0   Code   RO         1508    i.USART1_IRQHandler  usart1.o
    0x08000b7c   0x08000b7c   0x000000a8   Code   RO         1569    i.USART2_IRQHandler  usart2.o
    0x08000c24   0x08000c24   0x000000a8   Code   RO         1623    i.USART3_IRQHandler  usart3.o
    0x08000ccc   0x08000ccc   0x000000a8   Code   RO         1677    i.USART6_IRQHandler  usart6.o
    0x08000d74   0x08000d74   0x0000001e   Code   RO         4290    i.USART_ClearITPendingBit  stm32f4xx_usart.o
    0x08000d92   0x08000d92   0x00000018   Code   RO         4293    i.USART_Cmd         stm32f4xx_usart.o
    0x08000daa   0x08000daa   0x0000004a   Code   RO         4299    i.USART_ITConfig    stm32f4xx_usart.o
    0x08000df4   0x08000df4   0x000000d4   Code   RO         4300    i.USART_Init        stm32f4xx_usart.o
    0x08000ec8   0x08000ec8   0x00000018   Code   RO         4316    i.USART_StructInit  stm32f4xx_usart.o
    0x08000ee0   0x08000ee0   0x0000020c   Code   RO          800    i._ZN12omniplatform4moveEfffff  omniplatform.o
    0x080010ec   0x080010ec   0x00000044   Code   RO          802    i._ZN12omniplatformC1ER5MotorS1_S1_S1_  omniplatform.o
    0x08001130   0x08001130   0x00000060   Code   RO         1289    i._ZN12time_service4initEv  time_service.o
    0x08001190   0x08001190   0x00000024   Code   RO         1290    i._ZN12time_service5delayEj  time_service.o
    0x080011b4   0x080011b4   0x0000000c   Code   RO         1291    i._ZN12time_service6millisEv  time_service.o
    0x080011c0   0x080011c0   0x00000012   Code   RO         1293    i._ZN12time_service9startTimeEv  time_service.o
    0x080011d2   0x080011d2   0x00000002   PAD
    0x080011d4   0x080011d4   0x00000080   Code   RO          278    i._ZN15ProcessingCoord16getTargetForwardEv  processing_coord.o
    0x08001254   0x08001254   0x0000000e   Code   RO          279    i._ZN15ProcessingCoord17getDirectionRobotEs  processing_coord.o
    0x08001262   0x08001262   0x00000002   PAD
    0x08001264   0x08001264   0x000001b0   Code   RO          282    i._ZN15ProcessingCoord18getVecToGoalCenterEv  processing_coord.o
    0x08001414   0x08001414   0x00000068   Code   RO          283    i._ZN15ProcessingCoord19getTargetGoalkeeperEv  processing_coord.o
    0x0800147c   0x0800147c   0x00000184   Code   RO          285    i._ZN15ProcessingCoord20getVecToIntersectionEs  processing_coord.o
    0x08001600   0x08001600   0x00000020   Code   RO          286    i._ZN15ProcessingCoord6adductEs  processing_coord.o
    0x08001620   0x08001620   0x00000006   Code   RO          287    i._ZN15ProcessingCoord7setGoalEh  processing_coord.o
    0x08001626   0x08001626   0x00000002   PAD
    0x08001628   0x08001628   0x000000b4   Code   RO          290    i._ZN15ProcessingCoord9setParamsEsssss  processing_coord.o
    0x080016dc   0x080016dc   0x000000a8   Code   RO          291    i._ZN15ProcessingCoordC1Ev  processing_coord.o
    0x08001784   0x08001784   0x00000038   Code   RO         1851    i._ZN3I2C12generateStopEv  i2c.o
    0x080017bc   0x080017bc   0x0000004a   Code   RO         1852    i._ZN3I2C13generateStartEv  i2c.o
    0x08001806   0x08001806   0x0000004e   Code   RO         1853    i._ZN3I2C4readEv    i2c.o
    0x08001854   0x08001854   0x00000038   Code   RO         1854    i._ZN3I2C4sendEh    i2c.o
    0x0800188c   0x0800188c   0x0000001c   Code   RO         1855    i._ZN3I2C5delayEv   i2c.o
    0x080018a8   0x080018a8   0x0000000c   Code   RO         1856    i._ZN3I2C6sclLowEv  i2c.o
    0x080018b4   0x080018b4   0x0000000e   Code   RO         1857    i._ZN3I2C6sdaLowEv  i2c.o
    0x080018c2   0x080018c2   0x00000044   Code   RO         1858    i._ZN3I2C7readAchEv  i2c.o
    0x08001906   0x08001906   0x0000000c   Code   RO         1859    i._ZN3I2C7sclHighEv  i2c.o
    0x08001912   0x08001912   0x0000000e   Code   RO         1861    i._ZN3I2C7sdaHighEv  i2c.o
    0x08001920   0x08001920   0x00000022   Code   RO         1862    i._ZN3I2C7sdaReadEv  i2c.o
    0x08001942   0x08001942   0x0000003c   Code   RO         1865    i._ZN3I2C8writeBitEb  i2c.o
    0x0800197e   0x0800197e   0x0000002e   Code   RO         1866    i._ZN3I2CC1ER3PinS1_  i2c.o
    0x080019ac   0x080019ac   0x00000134   Code   RO         1352    i._ZN3Pin12RCC_ClockCmdEv  pin_1.o
    0x08001ae0   0x08001ae0   0x000000f4   Code   RO         1353    i._ZN3Pin12setTimParamsEt  pin_1.o
    0x08001bd4   0x08001bd4   0x00000028   Code   RO         1354    i._ZN3Pin13setAFforUSARTEt  pin_1.o
    0x08001bfc   0x08001bfc   0x00000044   Code   RO         1355    i._ZN3Pin3pwmEj     pin_1.o
    0x08001c40   0x08001c40   0x00000006   Code   RO         1357    i._ZN3Pin6getPinEv  pin_1.o
    0x08001c46   0x08001c46   0x00000010   Code   RO         1358    i._ZN3Pin6setBitEv  pin_1.o
    0x08001c56   0x08001c56   0x000000cc   Code   RO         1359    i._ZN3Pin6setPinEh  pin_1.o
    0x08001d22   0x08001d22   0x00000002   PAD
    0x08001d24   0x08001d24   0x00000108   Code   RO         1360    i._ZN3Pin7pwmInitEsjh  pin_1.o
    0x08001e2c   0x08001e2c   0x00000074   Code   RO         1361    i._ZN3Pin7setGPIOEc  pin_1.o
    0x08001ea0   0x08001ea0   0x00000006   Code   RO         1362    i._ZN3Pin8getGPIOxEv  pin_1.o
    0x08001ea6   0x08001ea6   0x00000010   Code   RO         1363    i._ZN3Pin8resetBitEv  pin_1.o
    0x08001eb6   0x08001eb6   0x00000008   Code   RO         1364    i._ZN3Pin9getPeriodEv  pin_1.o
    0x08001ebe   0x08001ebe   0x00000002   PAD
    0x08001ec0   0x08001ec0   0x00000234   Code   RO         1365    i._ZN3PinC1Echt     pin_1.o
    0x080020f4   0x080020f4   0x0000000c   Code   RO         1457    i._ZN5Motor11getMaxSpeedEv  motor.o
    0x08002100   0x08002100   0x0000006c   Code   RO         1458    i._ZN5Motor2goEs    motor.o
    0x0800216c   0x0800216c   0x00000046   Code   RO         1461    i._ZN5MotorC1ER3PinhS1_h  motor.o
    0x080021b2   0x080021b2   0x00000002   PAD
    0x080021b4   0x080021b4   0x0000000c   Code   RO            4    i._ZN5Robot10calibratedEv  main.o
    0x080021c0   0x080021c0   0x00000284   Code   RO            5    i._ZN5Robot13updateSensorsEv  main.o
    0x08002444   0x08002444   0x000000b4   Code   RO            6    i._ZN5Robot4initEhh  main.o
    0x080024f8   0x080024f8   0x0000000c   Code   RO            7    i._ZN5Robot7getRoleEv  main.o
    0x08002504   0x08002504   0x000001c8   Code   RO            8    i._ZN5Robot8goToBallEv  main.o
    0x080026cc   0x080026cc   0x00000144   Code   RO            9    i._ZN5Robot8keepGoalEv  main.o
    0x08002810   0x08002810   0x0000000a   Code   RO          457    i._ZN5Vec2b3setEdd  vec2b.o
    0x0800281a   0x0800281a   0x00000002   PAD
    0x0800281c   0x0800281c   0x000001e8   Code   RO          458    i._ZN5Vec2b4summES_S_  vec2b.o
    0x08002a04   0x08002a04   0x00000398   Code   RO          459    i._ZN5Vec2b8changeToES_  vec2b.o
    0x08002d9c   0x08002d9c   0x0000000a   Code   RO          460    i._ZN5Vec2bC1Edd    vec2b.o
    0x08002da6   0x08002da6   0x00000002   PAD
    0x08002da8   0x08002da8   0x0000001c   Code   RO          461    i._ZN5Vec2bC1Ev     vec2b.o
    0x08002dc4   0x08002dc4   0x00000168   Code   RO         1509    i._ZN5uart110usart1InitEjfh  usart1.o
    0x08002f2c   0x08002f2c   0x00000048   Code   RO         1510    i._ZN5uart14readEv  usart1.o
    0x08002f74   0x08002f74   0x00000034   Code   RO         1512    i._ZN5uart19availableEv  usart1.o
    0x08002fa8   0x08002fa8   0x00000168   Code   RO         1570    i._ZN5uart210usart2InitEjfh  usart2.o
    0x08003110   0x08003110   0x00000048   Code   RO         1571    i._ZN5uart24readEv  usart2.o
    0x08003158   0x08003158   0x00000034   Code   RO         1573    i._ZN5uart29availableEv  usart2.o
    0x0800318c   0x0800318c   0x00000168   Code   RO         1624    i._ZN5uart310usart3InitEjfh  usart3.o
    0x080032f4   0x080032f4   0x00000048   Code   RO         1625    i._ZN5uart34readEv  usart3.o
    0x0800333c   0x0800333c   0x00000034   Code   RO         1627    i._ZN5uart39availableEv  usart3.o
    0x08003370   0x08003370   0x00000168   Code   RO         1678    i._ZN5uart610usart6InitEjfh  usart6.o
    0x080034d8   0x080034d8   0x00000048   Code   RO         1679    i._ZN5uart64readEv  usart6.o
    0x08003520   0x08003520   0x00000034   Code   RO         1681    i._ZN5uart69availableEv  usart6.o
    0x08003554   0x08003554   0x00000020   Code   RO          631    i._ZN6OpenMV11adductionMVEs  openmv.o
    0x08003574   0x08003574   0x00000008   Code   RO          632    i._ZN6OpenMV11getDistBlueEv  openmv.o
    0x0800357c   0x0800357c   0x00000008   Code   RO          633    i._ZN6OpenMV13getDistYellowEv  openmv.o
    0x08003584   0x08003584   0x0000003a   Code   RO          634    i._ZN6OpenMV4crc8EPVhh  openmv.o
    0x080035be   0x080035be   0x00000008   Code   RO          635    i._ZN6OpenMV4getXEv  openmv.o
    0x080035c6   0x080035c6   0x00000008   Code   RO          636    i._ZN6OpenMV4getYEv  openmv.o
    0x080035ce   0x080035ce   0x0000011a   Code   RO          637    i._ZN6OpenMV4readEv  openmv.o
    0x080036e8   0x080036e8   0x00000228   Code   RO          638    i._ZN6OpenMV9calculateEsb  openmv.o
    0x08003910   0x08003910   0x00000056   Code   RO          639    i._ZN6OpenMV9initUSARTEh  openmv.o
    0x08003966   0x08003966   0x0000002a   Code   RO          640    i._ZN6OpenMVC1ER3PinS1_h  openmv.o
    0x08003990   0x08003990   0x00000008   Code   RO          843    i._ZN8gyro_imu11getRotationEv  imu_usart.o
    0x08003998   0x08003998   0x00000006   Code   RO          844    i._ZN8gyro_imu12setZeroAngleEv  imu_usart.o
    0x0800399e   0x0800399e   0x00000002   PAD
    0x080039a0   0x080039a0   0x000000b4   Code   RO          845    i._ZN8gyro_imu13calculateSoftEff  imu_usart.o
    0x08003a54   0x08003a54   0x00000008   Code   RO          846    i._ZN8gyro_imu14getMaxRotationEv  imu_usart.o
    0x08003a5c   0x08003a5c   0x00000008   Code   RO          847    i._ZN8gyro_imu15getCurrentAngleEv  imu_usart.o
    0x08003a64   0x08003a64   0x00000042   Code   RO          848    i._ZN8gyro_imu20setRotationForTargetEv  imu_usart.o
    0x08003aa6   0x08003aa6   0x00000002   PAD
    0x08003aa8   0x08003aa8   0x00000110   Code   RO          849    i._ZN8gyro_imu4readEv  imu_usart.o
    0x08003bb8   0x08003bb8   0x00000020   Code   RO          850    i._ZN8gyro_imu6adductEs  imu_usart.o
    0x08003bd8   0x08003bd8   0x00000056   Code   RO          852    i._ZN8gyro_imu9initUSARTEh  imu_usart.o
    0x08003c2e   0x08003c2e   0x00000004   Code   RO          853    i._ZN8gyro_imu9setTargetEs  imu_usart.o
    0x08003c32   0x08003c32   0x00000024   Code   RO          854    i._ZN8gyro_imuC1ER3PinS1_h  imu_usart.o
    0x08003c56   0x08003c56   0x000002ee   Code   RO          515    i._ZN9BallVec2b12changeValuesEb  queues_ball.o
    0x08003f44   0x08003f44   0x00000030   Code   RO          516    i._ZN9BallVec2b15getCurrentVec2bEv  queues_ball.o
    0x08003f74   0x08003f74   0x00000120   Code   RO          517    i._ZN9BallVec2b18setTransitionBy360Ev  queues_ball.o
    0x08004094   0x08004094   0x00000134   Code   RO          518    i._ZN9BallVec2b4pushE5Vec2bj  queues_ball.o
    0x080041c8   0x080041c8   0x00000088   Code   RO          519    i._ZN9BallVec2b6adductEd  queues_ball.o
    0x08004250   0x08004250   0x000004a2   Code   RO          520    i._ZN9BallVec2b9calculateEv  queues_ball.o
    0x080046f2   0x080046f2   0x00000002   PAD
    0x080046f4   0x080046f4   0x000000a8   Code   RO          521    i._ZN9BallVec2bC1Ev  queues_ball.o
    0x0800479c   0x0800479c   0x00000188   Code   RO          737    i._ZN9IRLocator11angleOffsetEff  ir_locator.o
    0x08004924   0x08004924   0x000000ac   Code   RO          738    i._ZN9IRLocator11convertDistEd  ir_locator.o
    0x080049d0   0x080049d0   0x00000020   Code   RO          739    i._ZN9IRLocator6adductEs  ir_locator.o
    0x080049f0   0x080049f0   0x00000008   Code   RO          740    i._ZN9IRLocator7getDistEv  ir_locator.o
    0x080049f8   0x080049f8   0x00000058   Code   RO          741    i._ZN9IRLocator8getAngleEv  ir_locator.o
    0x08004a50   0x08004a50   0x0000006a   Code   RO          742    i._ZN9IRLocator8getValueEh  ir_locator.o
    0x08004aba   0x08004aba   0x0000001a   Code   RO          743    i._ZN9IRLocatorC1ER3I2Cj  ir_locator.o
    0x08004ad4   0x08004ad4   0x0000000e   Code   RO          569    i._ZN9Vec2bTime3setEddjs  queues_ball.o
    0x08004ae2   0x08004ae2   0x00000006   Code   RO          587    i._ZN9Vec2bTime6getLenEv  queues_ball.o
    0x08004ae8   0x08004ae8   0x00000054   Code   RO          575    i._ZN9Vec2bTime7correctEv  queues_ball.o
    0x08004b3c   0x08004b3c   0x00000006   Code   RO          599    i._ZN9Vec2bTime7getTimeEv  queues_ball.o
    0x08004b42   0x08004b42   0x00000006   Code   RO          593    i._ZN9Vec2bTime8getAngleEv  queues_ball.o
    0x08004b48   0x08004b48   0x0000000e   Code   RO          605    i._ZN9Vec2bTimeC1Ev  queues_ball.o
    0x08004b56   0x08004b56   0x00000018   Code   RO          703    i._ZSt3cosf         openmv.o
    0x08004b6e   0x08004b6e   0x00000034   Code   RO          581    i._ZSt3powdi        queues_ball.o
    0x08004ba2   0x08004ba2   0x00000022   Code   RO          426    i._ZSt3powfi        processing_coord.o
    0x08004bc4   0x08004bc4   0x00000018   Code   RO          709    i._ZSt3sinf         openmv.o
    0x08004bdc   0x08004bdc   0x00000018   Code   RO          420    i._ZSt4sqrtf        processing_coord.o
    0x08004bf4   0x08004bf4   0x00000020   Code   RO          414    i._ZSt5atan2ff      processing_coord.o
    0x08004c14   0x08004c14   0x00000030   Code   RO         4912    i.__ARM_fpclassify  m_wm.l(fpclassify.o)
    0x08004c44   0x08004c44   0x00000026   Code   RO         4914    i.__ARM_fpclassifyf  m_wm.l(fpclassifyf.o)
    0x08004c6a   0x08004c6a   0x00000024   Code   RO         4624    i.__aeabi_vec_ctor_nocookie_nodtor  cpprt_w.l(aeabi_vec_ctor_nocookie_nodtor.o)
    0x08004c8e   0x08004c8e   0x00000002   PAD
    0x08004c90   0x08004c90   0x000002d8   Code   RO         4875    i.__hardfp_atan     m_wm.l(atan.o)
    0x08004f68   0x08004f68   0x00000200   Code   RO         4683    i.__hardfp_atan2    m_wm.l(atan2.o)
    0x08005168   0x08005168   0x000002ac   Code   RO         4695    i.__hardfp_atan2f   m_wm.l(atan2f.o)
    0x08005414   0x08005414   0x00000004   PAD
    0x08005418   0x08005418   0x000000c8   Code   RO         4707    i.__hardfp_cos      m_wm.l(cos.o)
    0x080054e0   0x080054e0   0x00000150   Code   RO         4719    i.__hardfp_cosf     m_wm.l(cosf.o)
    0x08005630   0x08005630   0x00000c50   Code   RO         4731    i.__hardfp_pow      m_wm.l(pow.o)
    0x08006280   0x08006280   0x00000664   Code   RO         4745    i.__hardfp_powf     m_wm.l(powf.o)
    0x080068e4   0x080068e4   0x00000004   PAD
    0x080068e8   0x080068e8   0x000000c8   Code   RO         4759    i.__hardfp_sin      m_wm.l(sin.o)
    0x080069b0   0x080069b0   0x00000190   Code   RO         4771    i.__hardfp_sinf     m_wm.l(sinf.o)
    0x08006b40   0x08006b40   0x0000007a   Code   RO         4783    i.__hardfp_sqrt     m_wm.l(sqrt.o)
    0x08006bba   0x08006bba   0x0000003a   Code   RO         4795    i.__hardfp_sqrtf    m_wm.l(sqrtf.o)
    0x08006bf4   0x08006bf4   0x00000004   PAD
    0x08006bf8   0x08006bf8   0x00000438   Code   RO         4933    i.__ieee754_rem_pio2  m_wm.l(rred.o)
    0x08007030   0x08007030   0x00000170   Code   RO         4889    i.__kernel_cos      m_wm.l(cos_i.o)
    0x080071a0   0x080071a0   0x000000f8   Code   RO         4930    i.__kernel_poly     m_wm.l(poly.o)
    0x08007298   0x08007298   0x00000130   Code   RO         4941    i.__kernel_sin      m_wm.l(sin_i.o)
    0x080073c8   0x080073c8   0x00000030   Code   RO         4892    i.__mathlib_dbl_divzero  m_wm.l(dunder.o)
    0x080073f8   0x080073f8   0x00000014   Code   RO         4893    i.__mathlib_dbl_infnan  m_wm.l(dunder.o)
    0x0800740c   0x0800740c   0x00000014   Code   RO         4894    i.__mathlib_dbl_infnan2  m_wm.l(dunder.o)
    0x08007420   0x08007420   0x00000020   Code   RO         4895    i.__mathlib_dbl_invalid  m_wm.l(dunder.o)
    0x08007440   0x08007440   0x00000020   Code   RO         4896    i.__mathlib_dbl_overflow  m_wm.l(dunder.o)
    0x08007460   0x08007460   0x00000020   Code   RO         4898    i.__mathlib_dbl_underflow  m_wm.l(dunder.o)
    0x08007480   0x08007480   0x00000014   Code   RO         4916    i.__mathlib_flt_divzero  m_wm.l(funder.o)
    0x08007494   0x08007494   0x00000006   Code   RO         4917    i.__mathlib_flt_infnan  m_wm.l(funder.o)
    0x0800749a   0x0800749a   0x00000006   Code   RO         4918    i.__mathlib_flt_infnan2  m_wm.l(funder.o)
    0x080074a0   0x080074a0   0x00000010   Code   RO         4919    i.__mathlib_flt_invalid  m_wm.l(funder.o)
    0x080074b0   0x080074b0   0x00000010   Code   RO         4920    i.__mathlib_flt_overflow  m_wm.l(funder.o)
    0x080074c0   0x080074c0   0x00000010   Code   RO         4922    i.__mathlib_flt_underflow  m_wm.l(funder.o)
    0x080074d0   0x080074d0   0x00000154   Code   RO         4938    i.__mathlib_rredf2  m_wm.l(rredf.o)
    0x08007624   0x08007624   0x000001a4   Code   RO           10    i.__sti___8_main_cpp_635db6cf  main.o
    0x080077c8   0x080077c8   0x00000004   Code   RO         2068    i._sys_exit         retarget.o
    0x080077cc   0x080077cc   0x00000010   Code   RO         4877    i.atan              m_wm.l(atan.o)
    0x080077dc   0x080077dc   0x00000018   Code   RO         4908    i.fabs              m_wm.l(fabs.o)
    0x080077f4   0x080077f4   0x0000002e   Code   RO           11    i.main              main.o
    0x08007822   0x08007822   0x0000006e   Code   RO         4785    i.sqrt              m_wm.l(sqrt.o)
    0x08007890   0x08007890   0x00000018   Code   RO         4627    x$fpl$basic         fz_wm.l(basic.o)
    0x080078a8   0x080078a8   0x00000062   Code   RO         4629    x$fpl$d2f           fz_wm.l(d2f.o)
    0x0800790a   0x0800790a   0x00000002   PAD
    0x0800790c   0x0800790c   0x00000150   Code   RO         4631    x$fpl$dadd          fz_wm.l(daddsub_clz.o)
    0x08007a5c   0x08007a5c   0x00000010   Code   RO         4972    x$fpl$dcheck1       fz_wm.l(dcheck1.o)
    0x08007a6c   0x08007a6c   0x00000018   Code   RO         4858    x$fpl$dcmpinf       fz_wm.l(dcmpi.o)
    0x08007a84   0x08007a84   0x000002b0   Code   RO         4638    x$fpl$ddiv          fz_wm.l(ddiv.o)
    0x08007d34   0x08007d34   0x00000078   Code   RO         4641    x$fpl$deqf          fz_wm.l(deqf.o)
    0x08007dac   0x08007dac   0x0000005e   Code   RO         4643    x$fpl$dfix          fz_wm.l(dfix.o)
    0x08007e0a   0x08007e0a   0x0000002e   Code   RO         4652    x$fpl$dflt          fz_wm.l(dflt_clz.o)
    0x08007e38   0x08007e38   0x00000026   Code   RO         4651    x$fpl$dfltu         fz_wm.l(dflt_clz.o)
    0x08007e5e   0x08007e5e   0x00000002   PAD
    0x08007e60   0x08007e60   0x00000078   Code   RO         4661    x$fpl$dleqf         fz_wm.l(dleqf.o)
    0x08007ed8   0x08007ed8   0x00000154   Code   RO         4663    x$fpl$dmul          fz_wm.l(dmul.o)
    0x0800802c   0x0800802c   0x0000009c   Code   RO         4860    x$fpl$dnaninf       fz_wm.l(dnaninf.o)
    0x080080c8   0x080080c8   0x0000000c   Code   RO         4862    x$fpl$dretinf       fz_wm.l(dretinf.o)
    0x080080d4   0x080080d4   0x0000006c   Code   RO         4665    x$fpl$drleqf        fz_wm.l(drleqf.o)
    0x08008140   0x08008140   0x00000016   Code   RO         4632    x$fpl$drsb          fz_wm.l(daddsub_clz.o)
    0x08008156   0x08008156   0x00000002   PAD
    0x08008158   0x08008158   0x00000198   Code   RO         4864    x$fpl$dsqrt         fz_wm.l(dsqrt_umaal.o)
    0x080082f0   0x080082f0   0x000001d4   Code   RO         4633    x$fpl$dsub          fz_wm.l(daddsub_clz.o)
    0x080084c4   0x080084c4   0x00000056   Code   RO         4667    x$fpl$f2d           fz_wm.l(f2d.o)
    0x0800851a   0x0800851a   0x0000008c   Code   RO         4866    x$fpl$fnaninf       fz_wm.l(fnaninf.o)
    0x080085a6   0x080085a6   0x0000000a   Code   RO         4974    x$fpl$fpinit        fz_wm.l(fpinit.o)
    0x080085b0   0x080085b0   0x0000000a   Code   RO         4868    x$fpl$fretinf       fz_wm.l(fretinf.o)
    0x080085ba   0x080085ba   0x00000064   Code   RO         5000    x$fpl$retnan        fz_wm.l(retnan.o)
    0x0800861e   0x0800861e   0x0000005c   Code   RO         4872    x$fpl$scalbn        fz_wm.l(scalbn.o)
    0x0800867a   0x0800867a   0x00000030   Code   RO         5076    x$fpl$trapveneer    fz_wm.l(trapv.o)
    0x080086aa   0x080086aa   0x00000000   Code   RO         4874    x$fpl$usenofp       fz_wm.l(usenofp.o)
    0x080086aa   0x080086aa   0x0000003d   Data   RO         2081    .constdata          retarget.o
    0x080086e7   0x080086e7   0x00000001   PAD
    0x080086e8   0x080086e8   0x00000088   Data   RO         4734    .constdata          m_wm.l(pow.o)
    0x08008770   0x08008770   0x00000140   Data   RO         4748    .constdata          m_wm.l(powf.o)
    0x080088b0   0x080088b0   0x00000098   Data   RO         4878    .constdata          m_wm.l(atan.o)
    0x08008948   0x08008948   0x00000030   Data   RO         4890    .constdata          m_wm.l(cos_i.o)
    0x08008978   0x08008978   0x00000008   Data   RO         4932    .constdata          m_wm.l(qnan.o)
    0x08008980   0x08008980   0x000000c8   Data   RO         4935    .constdata          m_wm.l(rred.o)
    0x08008a48   0x08008a48   0x00000020   Data   RO         4939    .constdata          m_wm.l(rredf.o)
    0x08008a68   0x08008a68   0x00000028   Data   RO         4942    .constdata          m_wm.l(sin_i.o)
    0x08008a90   0x08008a90   0x00000020   Data   RO         5182    Region$$Table       anon$$obj.o
    0x08008ab0   0x08008ab0   0x00000004   Data   RO           22    .init_array         main.o
    0x08008ab4   0x08008ab0   0x00000000   Data   RO         4619    .init_array         c_w.l(init_aeabi.o)


    Execution Region RW_IRAM1 (Exec base: 0x20000000, Load base: 0x08008ab4, Size: 0x00002e00, Max: 0x00020000, ABSOLUTE)

    Exec Addr    Load Addr    Size         Type   Attr      Idx    E Section Name        Object

    0x20000000   0x08008ab4   0x00000052   Data   RW           21    .data               main.o
    0x20000052   0x08008b06   0x00000006   PAD
    0x20000058   0x08008b0c   0x00000008   Data   RW         1300    .data               time_service.o
    0x20000060   0x08008b14   0x00000019   Data   RW         1518    .data               usart1.o
    0x20000079   0x08008b2d   0x00000001   PAD
    0x2000007a   0x08008b2e   0x00000019   Data   RW         1579    .data               usart2.o
    0x20000093   0x08008b47   0x00000001   PAD
    0x20000094   0x08008b48   0x00000019   Data   RW         1633    .data               usart3.o
    0x200000ad   0x08008b61   0x00000001   PAD
    0x200000ae   0x08008b62   0x00000019   Data   RW         1687    .data               usart6.o
    0x200000c7   0x08008b7b   0x00000001   PAD
    0x200000c8   0x08008b7c   0x00000016   Data   RW         2017    .data               spi_1.o
    0x200000de   0x08008b92   0x00000010   Data   RW         3261    .data               stm32f4xx_rcc.o
    0x200000ee   0x08008ba2   0x00000002   PAD
    0x200000f0        -       0x00000da0   Zero   RW           20    .bss                main.o
    0x20000e90        -       0x00000020   Zero   RW         2016    .bss                spi_1.o
    0x20000eb0        -       0x00000060   Zero   RW         4977    .bss                c_w.l(libspace.o)
    0x20000f10        -       0x00000f00   Zero   RW         4482    HEAP                startup_stm32f407xx.o
    0x20001e10        -       0x00000ff0   Zero   RW         4481    STACK               startup_stm32f407xx.o


==============================================================================

Image component sizes


      Code (inc. data)   RO Data    RW Data    ZI Data      Debug   Object Name

       552          0          0          0          0       8180   i2c.o
       706         20          0          0          0       7624   imu_usart.o
       824         76          0          0          0       5928   ir_locator.o
      2094        386          4         82       3488     306677   main.o
         0          0          0          0          0     256624   misc.o
       190          0          0          0          0       2632   motor.o
       592         30          0          0          0       2760   omniplatform.o
      1132         14          0          0          0       9708   openmv.o
      1860        216          0          0          0       9632   pin_1.o
      1542        118          0          0          0      11081   processing_coord.o
      3066         98          0          0          0      11336   queues_ball.o
         4          0         61          0          0       2648   retarget.o
       108         16          0         22         32       1278   spi_1.o
        64         26        392          0       7920        880   startup_stm32f407xx.o
       222          0          0          0          0       9979   stm32f4xx_gpio.o
       328         36          0         16          0      20087   stm32f4xx_rcc.o
        18          0          0          0          0       9428   stm32f4xx_spi.o
       802         66          0          0          0      27787   stm32f4xx_tim.o
       364          8          0          0          0      10163   stm32f4xx_usart.o
       376         26          0          0          0       1317   system_stm32f4xx.o
       186         22          0          8          0      32917   time_service.o
       644         98          0         25          0      37927   usart1.o
       652        100          0         25          0       3564   usart2.o
       652        100          0         25          0       3564   usart3.o
       652        100          0         25          0       3564   usart6.o
      1456         76          0          0          0       3956   vec2b.o

    ----------------------------------------------------------------------
     19114       1632        490        240      11440     801241   Object Totals
         0          0         32          0          0          0   (incl. Generated)
        28          0          1         12          0          0   (incl. Padding)

    ----------------------------------------------------------------------

      Code (inc. data)   RO Data    RW Data    ZI Data      Debug   Library Member Name

         8          0          0          0          0         68   __main.o
         0          0          0          0          0          0   __rtentry.o
        12          0          0          0          0          0   __rtentry2.o
         6          0          0          0          0          0   __rtentry4.o
        52          8          0          0          0          0   __scatter.o
        26          0          0          0          0          0   __scatter_copy.o
        28          0          0          0          0          0   __scatter_zi.o
        22          0          0          0          0        100   _rserrno.o
        18          0          0          0          0         80   exit.o
         6          0          0          0          0        152   heapauxi.o
        36         10          0          0          0         80   init_aeabi.o
         2          0          0          0          0          0   libinit.o
        10          0          0          0          0          0   libinit2.o
         2          0          0          0          0          0   libshutdown.o
         2          0          0          0          0          0   libshutdown2.o
         8          4          0          0         96         68   libspace.o
         8          4          0          0          0         68   rt_errno_addr_intlibspace.o
       100          0          0          0          0         80   rt_memcpy_w.o
         2          0          0          0          0          0   rtexit.o
        10          0          0          0          0          0   rtexit2.o
        74          0          0          0          0         80   sys_stackheap_outer.o
         2          0          0          0          0         68   use_no_semi.o
        36          0          0          0          0         84   aeabi_vec_ctor_nocookie_nodtor.o
        24          0          0          0          0        164   basic.o
        98          4          0          0          0        140   d2f.o
       826         16          0          0          0        492   daddsub_clz.o
        16          4          0          0          0        116   dcheck1.o
        24          0          0          0          0        116   dcmpi.o
       688        140          0          0          0        256   ddiv.o
       120          4          0          0          0        140   deqf.o
        94          4          0          0          0        140   dfix.o
        84          0          0          0          0        232   dflt_clz.o
       120          4          0          0          0        140   dleqf.o
       340         12          0          0          0        152   dmul.o
       156          4          0          0          0        140   dnaninf.o
        12          0          0          0          0        116   dretinf.o
       108          0          0          0          0        128   drleqf.o
       408         56          0          0          0        168   dsqrt_umaal.o
        86          4          0          0          0        132   f2d.o
       140          4          0          0          0        132   fnaninf.o
        10          0          0          0          0        116   fpinit.o
        10          0          0          0          0        116   fretinf.o
       100          0          0          0          0        116   retnan.o
        92          0          0          0          0        116   scalbn.o
        48          0          0          0          0        116   trapv.o
         0          0          0          0          0          0   usenofp.o
       744        106        152          0          0        352   atan.o
       512         64          0          0          0        208   atan2.o
       684         90          0          0          0        208   atan2f.o
       200         20          0          0          0        164   cos.o
       368         46         48          0          0        200   cos_i.o
       336         56          0          0          0        136   cosf.o
       184         44          0          0          0        744   dunder.o
        24          0          0          0          0        124   fabs.o
        48          0          0          0          0        124   fpclassify.o
        38          0          0          0          0        116   fpclassifyf.o
        80         24          0          0          0        696   funder.o
       248          0          0          0          0        152   poly.o
      3152        296        136          0          0        352   pow.o
      1636        110        320          0          0        372   powf.o
         0          0          8          0          0          0   qnan.o
      1080        142        200          0          0        188   rred.o
       340         24         32          0          0        160   rredf.o
       200         20          0          0          0        164   sin.o
       304         24         40          0          0        208   sin_i.o
       400         56          0          0          0        212   sinf.o
       232          0          0          0          0        296   sqrt.o
        58          0          0          0          0        136   sqrtf.o

    ----------------------------------------------------------------------
     14968       1412        936          0         96       9724   Library Totals
        26          8          0          0          0          0   (incl. Padding)

    ----------------------------------------------------------------------

      Code (inc. data)   RO Data    RW Data    ZI Data      Debug   Library Name

       434         26          0          0         96        844   c_w.l
        36          0          0          0          0         84   cpprt_w.l
      3604        256          0          0          0       3484   fz_wm.l
     10868       1122        936          0          0       5312   m_wm.l

    ----------------------------------------------------------------------
     14968       1412        936          0         96       9724   Library Totals

    ----------------------------------------------------------------------

==============================================================================


      Code (inc. data)   RO Data    RW Data    ZI Data      Debug   

     34082       3044       1426        240      11536     790801   Grand Totals
     34082       3044       1426        240      11536     790801   ELF Image Totals
     34082       3044       1426        240          0          0   ROM Totals

==============================================================================

    Total RO  Size (Code + RO Data)                35508 (  34.68kB)
    Total RW  Size (RW Data + ZI Data)             11776 (  11.50kB)
    Total ROM Size (Code + RO Data + RW Data)      35748 (  34.91kB)

==============================================================================

