Component: ARM Compiler 5.06 update 7 (build 960) Tool: armlink [4d3601]

==============================================================================

Section Cross References

    main.o(i._ZN5Robot10calibratedEv) refers to main.o(.data) for Robot::imuCalibrated
    main.o(i._ZN5Robot13updateSensorsEv) refers to ir_locator.o(i._ZN9IRLocator8getAngleEv) for IRLocator::getAngle()
    main.o(i._ZN5Robot13updateSensorsEv) refers to ir_locator.o(i._ZN9IRLocator7getDistEv) for IRLocator::getDist()
    main.o(i._ZN5Robot13updateSensorsEv) refers to time_service.o(i._ZN12time_service6millisEv) for time_service::millis()
    main.o(i._ZN5Robot13updateSensorsEv) refers to dflt_clz.o(x$fpl$dflt) for __aeabi_i2d
    main.o(i._ZN5Robot13updateSensorsEv) refers to vec2b.o(i._ZN5Vec2bC1Edd) for Vec2b::Vec2b(double, double)
    main.o(i._ZN5Robot13updateSensorsEv) refers to queues_ball.o(i._ZN9BallVec2b4pushE5Vec2bj) for BallVec2b::push(Vec2b, unsigned)
    main.o(i._ZN5Robot13updateSensorsEv) refers to queues_ball.o(i._ZN9BallVec2b15getCurrentVec2bEv) for BallVec2b::getCurrentVec2b()
    main.o(i._ZN5Robot13updateSensorsEv) refers to d2f.o(x$fpl$d2f) for __aeabi_d2f
    main.o(i._ZN5Robot13updateSensorsEv) refers to imu_usart.o(i._ZN8gyro_imu4readEv) for gyro_imu::read()
    main.o(i._ZN5Robot13updateSensorsEv) refers to imu_usart.o(i._ZN8gyro_imu15getCurrentAngleEv) for gyro_imu::getCurrentAngle()
    main.o(i._ZN5Robot13updateSensorsEv) refers to imu_usart.o(i._ZN8gyro_imu20setRotationForTargetEv) for gyro_imu::setRotationForTarget()
    main.o(i._ZN5Robot13updateSensorsEv) refers to imu_usart.o(i._ZN8gyro_imu11getRotationEv) for gyro_imu::getRotation()
    main.o(i._ZN5Robot13updateSensorsEv) refers to imu_usart.o(i._ZN8gyro_imu12setZeroAngleEv) for gyro_imu::setZeroAngle()
    main.o(i._ZN5Robot13updateSensorsEv) refers to main.o(.bss) for Robot::locator
    main.o(i._ZN5Robot13updateSensorsEv) refers to main.o(.data) for Robot::angRaw
    main.o(i._ZN5Robot4initEh) refers to time_service.o(i._ZN12time_service4initEv) for time_service::init()
    main.o(i._ZN5Robot4initEh) refers to time_service.o(i._ZN12time_service9startTimeEv) for time_service::startTime()
    main.o(i._ZN5Robot4initEh) refers to time_service.o(i._ZN12time_service5delayEj) for time_service::delay(unsigned)
    main.o(i._ZN5Robot4initEh) refers to time_service.o(i._ZN12time_service6millisEv) for time_service::millis()
    main.o(i._ZN5Robot4initEh) refers to vec2b.o(i._ZN5Vec2b3setEdd) for Vec2b::set(double, double)
    main.o(i._ZN5Robot4initEh) refers to processing_coord.o(i._ZN15ProcessingCoord7setGoalEh) for ProcessingCoord::setGoal(unsigned char)
    main.o(i._ZN5Robot4initEh) refers to main.o(.data) for Robot::myGoal
    main.o(i._ZN5Robot4initEh) refers to main.o(.bss) for Robot::currentVector
    main.o(i._ZN5Robot8goToBallEv) refers to time_service.o(i._ZN12time_service6millisEv) for time_service::millis()
    main.o(i._ZN5Robot8goToBallEv) refers to imu_usart.o(i._ZN8gyro_imu6adductEs) for gyro_imu::adduct(short)
    main.o(i._ZN5Robot8goToBallEv) refers to ir_locator.o(i._ZN9IRLocator11angleOffsetEff) for IRLocator::angleOffset(float, float)
    main.o(i._ZN5Robot8goToBallEv) refers to f2d.o(x$fpl$f2d) for __aeabi_f2d
    main.o(i._ZN5Robot8goToBallEv) refers to imu_usart.o(i._ZN8gyro_imu13calculateSoftEfff) for gyro_imu::calculateSoft(float, float, float)
    main.o(i._ZN5Robot8goToBallEv) refers to vec2b.o(i._ZN5Vec2bC1Edd) for Vec2b::Vec2b(double, double)
    main.o(i._ZN5Robot8goToBallEv) refers to vec2b.o(i._ZN5Vec2b8changeToES_) for Vec2b::changeTo(Vec2b)
    main.o(i._ZN5Robot8goToBallEv) refers to imu_usart.o(i._ZN8gyro_imu14getMaxRotationEv) for gyro_imu::getMaxRotation()
    main.o(i._ZN5Robot8goToBallEv) refers to d2f.o(x$fpl$d2f) for __aeabi_d2f
    main.o(i._ZN5Robot8goToBallEv) refers to omniplatform.o(i._ZN12omniplatform4moveEfffff) for omniplatform::move(float, float, float, float, float)
    main.o(i._ZN5Robot8goToBallEv) refers to main.o(.data) for Robot::timeNotSeenBall
    main.o(i._ZN5Robot8goToBallEv) refers to main.o(.bss) for Robot::gyro
    main.o(i.__sti___8_main_cpp_635db6cf) refers to vec2b.o(i._ZN5Vec2bC1Ev) for Vec2b::Vec2b()
    main.o(i.__sti___8_main_cpp_635db6cf) refers to pin_1.o(i._ZN3PinC1Echt) for Pin::Pin(char, unsigned char, unsigned short)
    main.o(i.__sti___8_main_cpp_635db6cf) refers to i2c.o(i._ZN3I2CC1ER3PinS1_) for I2C::I2C(Pin&, Pin&)
    main.o(i.__sti___8_main_cpp_635db6cf) refers to ir_locator.o(i._ZN9IRLocatorC1ER3I2Cj) for IRLocator::IRLocator(I2C&, unsigned)
    main.o(i.__sti___8_main_cpp_635db6cf) refers to openmv.o(i._ZN6OpenMVC1ER3PinS1_h) for OpenMV::OpenMV(Pin&, Pin&, unsigned char)
    main.o(i.__sti___8_main_cpp_635db6cf) refers to processing_coord.o(i._ZN15ProcessingCoordC1Ev) for ProcessingCoord::ProcessingCoord()
    main.o(i.__sti___8_main_cpp_635db6cf) refers to imu_usart.o(i._ZN8gyro_imuC1ER3PinS1_h) for gyro_imu::gyro_imu(Pin&, Pin&, unsigned char)
[...]
    P                                        0x08006fa0   Data          40  pow.o(.constdata)
    .constdata                               0x08006fc8   Section      152  atan.o(.constdata)
    atanhi                                   0x08006fc8   Data          32  atan.o(.constdata)
    atanlo                                   0x08006fe8   Data          32  atan.o(.constdata)
    aTodd                                    0x08007008   Data          40  atan.o(.constdata)
    aTeven                                   0x08007030   Data          48  atan.o(.constdata)
    .constdata                               0x08007060   Section       48  cos_i.o(.constdata)
    C                                        0x08007060   Data          48  cos_i.o(.constdata)
    .constdata                               0x08007090   Section        8  qnan.o(.constdata)
    .constdata                               0x08007098   Section      200  rred.o(.constdata)
    pio2s                                    0x08007098   Data          48  rred.o(.constdata)
    twooverpi                                0x080070c8   Data         152  rred.o(.constdata)
    .constdata                               0x08007160   Section       32  rredf.o(.constdata)
    twooverpi                                0x08007160   Data          32  rredf.o(.constdata)
    .constdata                               0x08007180   Section       40  sin_i.o(.constdata)
    S                                        0x08007180   Data          40  sin_i.o(.constdata)
    .init_array                              0x080071c8   Section        4  main.o(.init_array)
    .init_array                              0x080071cc   Section        0  init_aeabi.o(.init_array)
    .data                                    0x20000000   Section       80  main.o(.data)
    .data                                    0x20000050   Section        8  time_service.o(.data)
    .data                                    0x20000058   Section       25  usart1.o(.data)
    .data                                    0x20000072   Section       25  usart2.o(.data)
    .data                                    0x2000008c   Section       25  usart3.o(.data)
    .data                                    0x200000a6   Section       25  usart6.o(.data)
    .data                                    0x200000c0   Section       22  spi_1.o(.data)
    .data                                    0x200000d6   Section       16  stm32f4xx_rcc.o(.data)
    APBAHBPrescTable                         0x200000d6   Data          16  stm32f4xx_rcc.o(.data)
    .bss                                     0x200000e8   Section     3488  main.o(.bss)
    .bss                                     0x20000e88   Section       32  spi_1.o(.bss)
    .bss                                     0x20000ea8   Section       96  libspace.o(.bss)
    HEAP                                     0x20000f08   Section     3840  startup_stm32f407xx.o(HEAP)
    Heap_Mem                                 0x20000f08   Data        3840  startup_stm32f407xx.o(HEAP)
    STACK                                    0x20001e08   Section     4080  startup_stm32f407xx.o(STACK)
    Stack_Mem                                0x20001e08   Data        4080  startup_stm32f407xx.o(STACK)
    __initial_sp                             0x20002df8   Data           0  startup_stm32f407xx.o(STACK)

    Global Symbols

    Symbol Name                              Value     Ov Type        Size  Object(Section)

    BuildAttributes$$THM_ISAv4$E$P$D$K$B$S$7EM$VFPi3$EXTD16$VFPS$VFMA$PE$A:L22UL41UL21$X:L11$S22US41US21$IEEE1$IW$USESV6$~STKCKD$USESV7$~SHL$OTIME$ROPI$IEEEX$EBA8$UX$STANDARDLIB$REQ8$PRES8$EABIv2 0x00000000   Number         0  anon$$obj.o ABSOLUTE
    __ARM_use_no_argv                        0x00000000   Number         0  main.o ABSOLUTE
    SHT$$ARM_EXIDX$$Base                      - Undefined Reference
    SHT$$ARM_EXIDX$$Limit                     - Undefined Reference
    __ARM_exceptions_init                     - Undefined Weak Reference
    __aeabi_unwind_cpp_pr1                    - Undefined Weak Reference
    __aeabi_unwind_cpp_pr2                    - Undefined Weak Reference
    __alloca_initialize                       - Undefined Weak Reference
    __arm_fini_                               - Undefined Weak Reference
    __arm_preinit_                            - Undefined Weak Reference
    __cxa_begin_cleanup                       - Undefined Weak Reference
    __cxa_call_unexpected                     - Undefined Weak Reference
    __cxa_finalize                            - Undefined Weak Reference
    __cxa_type_match                          - Undefined Weak Reference
    __rt_locale                               - Undefined Weak Reference
    __sigvec_lookup                           - Undefined Weak Reference
    __user_heap_extent                        - Undefined Weak Reference
    _atexit_init                              - Undefined Weak Reference
    _call_atexit_fns                          - Undefined Weak Reference
    _clock_init                               - Undefined Weak Reference
    _fp_trap_init                             - Undefined Weak Reference
    _fp_trap_shutdown                         - Undefined Weak Reference
    _get_lc_collate                           - Undefined Weak Reference
    _get_lc_ctype                             - Undefined Weak Reference
    _get_lc_monetary                          - Undefined Weak Reference
    _get_lc_numeric                           - Undefined Weak Reference
    _get_lc_time                              - Undefined Weak Reference
    _getenv_init                              - Undefined Weak Reference
    _handle_redirection                       - Undefined Weak Reference
    _initio                                   - Undefined Weak Reference
    _mutex_acquire                            - Undefined Weak Reference
    _mutex_free                               - Undefined Weak Reference
    _mutex_release                            - Undefined Weak Reference
    _rand_init                                - Undefined Weak Reference
    _signal_finish                            - Undefined Weak Reference
    _signal_init                              - Undefined Weak Reference
    _terminateio                              - Undefined Weak Reference
    __Vectors_Size                           0x00000188   Number         0  startup_stm32f407xx.o ABSOLUTE
    __Vectors                                0x08000000   Data           4  startup_stm32f407xx.o(RESET)
    __Vectors_End                            0x08000188   Data           0  startup_stm32f407xx.o(RESET)
    __main                                   0x08000189   Thumb Code     8  __main.o(!!!main)
    __scatterload                            0x08000191   Thumb Code     0  __scatter.o(!!!scatter)
    __scatterload_rt2                        0x08000191   Thumb Code    44  __scatter.o(!!!scatter)
    __scatterload_rt2_thumb_only             0x08000191   Thumb Code     0  __scatter.o(!!!scatter)
    __scatterload_null                       0x0800019f   Thumb Code     0  __scatter.o(!!!scatter)
    __scatterload_copy                       0x080001c5   Thumb Code    26  __scatter_copy.o(!!handler_copy)
    __scatterload_zeroinit                   0x080001e1   Thumb Code    28  __scatter_zi.o(!!handler_zi)
    __rt_lib_init                            0x080001fd   Thumb Code     0  libinit.o(.ARM.Collect$$libinit$$00000000)
    __rt_lib_init_fp_1                       0x080001ff   Thumb Code     0  libinit2.o(.ARM.Collect$$libinit$$00000001)
    __rt_lib_init_alloca_1                   0x08000203   Thumb Code     0  libinit2.o(.ARM.Collect$$libinit$$0000002E)
    __rt_lib_init_argv_1                     0x08000203   Thumb Code     0  libinit2.o(.ARM.Collect$$libinit$$0000002C)
    __rt_lib_init_atexit_1                   0x08000203   Thumb Code     0  libinit2.o(.ARM.Collect$$libinit$$0000001B)
    __rt_lib_init_clock_1                    0x08000203   Thumb Code     0  libinit2.o(.ARM.Collect$$libinit$$00000021)
    __rt_lib_init_cpp_2                      0x08000203   Thumb Code     0  libinit2.o(.ARM.Collect$$libinit$$00000031)
    __rt_lib_init_exceptions_1               0x08000203   Thumb Code     0  libinit2.o(.ARM.Collect$$libinit$$00000030)
    __rt_lib_init_fp_trap_1                  0x08000203   Thumb Code     0  libinit2.o(.ARM.Collect$$libinit$$0000001F)
    __rt_lib_init_getenv_1                   0x08000203   Thumb Code     0  libinit2.o(.ARM.Collect$$libinit$$00000023)
    __rt_lib_init_heap_1                     0x08000203   Thumb Code     0  libinit2.o(.ARM.Collect$$libinit$$0000000A)
    __rt_lib_init_lc_collate_1               0x08000203   Thumb Code     0  libinit2.o(.ARM.Collect$$libinit$$00000011)
    __rt_lib_init_lc_ctype_1                 0x08000203   Thumb Code     0  libinit2.o(.ARM.Collect$$libinit$$00000013)
    __rt_lib_init_lc_monetary_1              0x08000203   Thumb Code     0  libinit2.o(.ARM.Collect$$libinit$$00000015)
    __rt_lib_init_lc_numeric_1               0x08000203   Thumb Code     0  libinit2.o(.ARM.Collect$$libinit$$00000017)
    __rt_lib_init_lc_time_1                  0x08000203   Thumb Code     0  libinit2.o(.ARM.Collect$$libinit$$00000019)
    __rt_lib_init_preinit_1                  0x08000203   Thumb Code     0  libinit2.o(.ARM.Collect$$libinit$$00000004)
    __rt_lib_init_rand_1                     0x08000203   Thumb Code     0  libinit2.o(.ARM.Collect$$libinit$$0000000E)
    __rt_lib_init_signal_1                   0x08000203   Thumb Code     0  libinit2.o(.ARM.Collect$$libinit$$0000001D)
    __rt_lib_init_stdio_1                    0x08000203   Thumb Code     0  libinit2.o(.ARM.Collect$$libinit$$00000025)
    __rt_lib_init_user_alloc_1               0x08000203   Thumb Code     0  libinit2.o(.ARM.Collect$$libinit$$0000000C)
    __rt_lib_init_cpp_1                      0x08000207   Thumb Code     0  libinit2.o(.ARM.Collect$$libinit$$00000032)
    __rt_lib_init_return                     0x08000207   Thumb Code     0  libinit2.o(.ARM.Collect$$libinit$$00000033)
    __rt_lib_shutdown                        0x08000209   Thumb Code     0  libshutdown.o(.ARM.Collect$$libshutdown$$00000000)
    __rt_lib_shutdown_cpp_1                  0x0800020b   Thumb Code     0  libshutdown2.o(.ARM.Collect$$libshutdown$$00000004)
    __rt_lib_shutdown_fini_1                 0x0800020b   Thumb Code     0  libshutdown2.o(.ARM.Collect$$libshutdown$$00000002)
    __rt_lib_shutdown_fp_trap_1              0x0800020b   Thumb Code     0  libshutdown2.o(.ARM.Collect$$libshutdown$$00000009)
    __rt_lib_shutdown_heap_1                 0x0800020b   Thumb Code     0  libshutdown2.o(.ARM.Collect$$libshutdown$$00000011)
    __rt_lib_shutdown_return                 0x0800020b   Thumb Code     0  libshutdown2.o(.ARM.Collect$$libshutdown$$00000012)
    __rt_lib_shutdown_signal_1               0x0800020b   Thumb Code     0  libshutdown2.o(.ARM.Collect$$libshutdown$$0000000C)
    __rt_lib_shutdown_stdio_1                0x0800020b   Thumb Code     0  libshutdown2.o(.ARM.Collect$$libshutdown$$00000006)
    __rt_lib_shutdown_user_alloc_1           0x0800020b   Thumb Code     0  libshutdown2.o(.ARM.Collect$$libshutdown$$0000000E)
    __rt_entry                               0x0800020d   Thumb Code     0  __rtentry.o(.ARM.Collect$$rtentry$$00000000)
    __rt_entry_presh_1                       0x0800020d   Thumb Code     0  __rtentry2.o(.ARM.Collect$$rtentry$$00000002)
    __rt_entry_sh                            0x0800020d   Thumb Code     0  __rtentry4.o(.ARM.Collect$$rtentry$$00000004)
    __rt_entry_li                            0x08000213   Thumb Code     0  __rtentry2.o(.ARM.Collect$$rtentry$$0000000A)
    __rt_entry_postsh_1                      0x08000213   Thumb Code     0  __rtentry2.o(.ARM.Collect$$rtentry$$00000009)
    __rt_entry_main                          0x08000217   Thumb Code     0  __rtentry2.o(.ARM.Collect$$rtentry$$0000000D)
    __rt_entry_postli_1                      0x08000217   Thumb Code     0  __rtentry2.o(.ARM.Collect$$rtentry$$0000000C)
    __rt_exit                                0x0800021f   Thumb Code     0  rtexit.o(.ARM.Collect$$rtexit$$00000000)
    __rt_exit_ls                             0x08000221   Thumb Code     0  rtexit2.o(.ARM.Collect$$rtexit$$00000003)
    __rt_exit_prels_1                        0x08000221   Thumb Code     0  rtexit2.o(.ARM.Collect$$rtexit$$00000002)
    __rt_exit_exit                           0x08000225   Thumb Code     0  rtexit2.o(.ARM.Collect$$rtexit$$00000004)
    Reset_Handler                            0x0800022d   Thumb Code     8  startup_stm32f407xx.o(.text)
    NMI_Handler                              0x08000235   Thumb Code     2  startup_stm32f407xx.o(.text)
    HardFault_Handler                        0x08000237   Thumb Code     2  startup_stm32f407xx.o(.text)
    MemManage_Handler                        0x08000239   Thumb Code     2  startup_stm32f407xx.o(.text)
    BusFault_Handler                         0x0800023b   Thumb Code     2  startup_stm32f407xx.o(.text)
    UsageFault_Handler                       0x0800023d   Thumb Code     2  startup_stm32f407xx.o(.text)
    SVC_Handler                              0x0800023f   Thumb Code     2  startup_stm32f407xx.o(.text)
    DebugMon_Handler                         0x08000241   Thumb Code     2  startup_stm32f407xx.o(.text)
    PendSV_Handler                           0x08000243   Thumb Code     2  startup_stm32f407xx.o(.text)
    ADC_IRQHandler                           0x08000247   Thumb Code     0  startup_stm32f407xx.o(.text)
    CAN1_RX0_IRQHandler                      0x08000247   Thumb Code     0  startup_stm32f407xx.o(.text)
    CAN1_RX1_IRQHandler                      0x08000247   Thumb Code     0  startup_stm32f407xx.o(.text)
    CAN1_SCE_IRQHandler                      0x08000247   Thumb Code     0  startup_stm32f407xx.o(.text)
    CAN1_TX_IRQHandler                       0x08000247   Thumb Code     0  startup_stm32f407xx.o(.text)
    CAN2_RX0_IRQHandler                      0x08000247   Thumb Code     0  startup_stm32f407xx.o(.text)
    CAN2_RX1_IRQHandler                      0x08000247   Thumb Code     0  startup_stm32f407xx.o(.text)
    CAN2_SCE_IRQHandler                      0x08000247   Thumb Code     0  startup_stm32f407xx.o(.text)
    CAN2_TX_IRQHandler                       0x08000247   Thumb Code     0  startup_stm32f407xx.o(.text)
    DCMI_IRQHandler                          0x08000247   Thumb Code     0  startup_stm32f407xx.o(.text)
    DMA1_Stream0_IRQHandler                  0x08000247   Thumb Code     0  startup_stm32f407xx.o(.text)
    DMA1_Stream1_IRQHandler                  0x08000247   Thumb Code     0  startup_stm32f407xx.o(.text)
    DMA1_Stream2_IRQHandler                  0x08000247   Thumb Code     0  startup_stm32f407xx.o(.text)
    DMA1_Stream3_IRQHandler                  0x08000247   Thumb Code     0  startup_stm32f407xx.o(.text)
    DMA1_Stream4_IRQHandler                  0x08000247   Thumb Code     0  startup_stm32f407xx.o(.text)
    DMA1_Stream5_IRQHandler                  0x08000247   Thumb Code     0  startup_stm32f407xx.o(.text)
    DMA1_Stream6_IRQHandler                  0x08000247   Thumb Code     0  startup_stm32f407xx.o(.text)
    DMA1_Stream7_IRQHandler                  0x08000247   Thumb Code     0  startup_stm32f407xx.o(.text)
    DMA2_Stream0_IRQHandler                  0x08000247   Thumb Code     0  startup_stm32f407xx.o(.text)
    DMA2_Stream1_IRQHandler                  0x08000247   Thumb Code     0  startup_stm32f407xx.o(.text)
    DMA2_Stream2_IRQHandler                  0x08000247   Thumb Code     0  startup_stm32f407xx.o(.text)
    DMA2_Stream3_IRQHandler                  0x08000247   Thumb Code     0  startup_stm32f407xx.o(.text)
    DMA2_Stream4_IRQHandler                  0x08000247   Thumb Code     0  startup_stm32f407xx.o(.text)
    DMA2_Stream5_IRQHandler                  0x08000247   Thumb Code     0  startup_stm32f407xx.o(.text)
    DMA2_Stream6_IRQHandler                  0x08000247   Thumb Code     0  startup_stm32f407xx.o(.text)
    DMA2_Stream7_IRQHandler                  0x08000247   Thumb Code     0  startup_stm32f407xx.o(.text)
    ETH_IRQHandler                           0x08000247   Thumb Code     0  startup_stm32f407xx.o(.text)
    ETH_WKUP_IRQHandler                      0x08000247   Thumb Code     0  startup_stm32f407xx.o(.text)
    EXTI0_IRQHandler                         0x08000247   Thumb Code     0  startup_stm32f407xx.o(.text)
    EXTI15_10_IRQHandler                     0x08000247   Thumb Code     0  startup_stm32f407xx.o(.text)
    EXTI1_IRQHandler                         0x08000247   Thumb Code     0  startup_stm32f407xx.o(.text)
    EXTI2_IRQHandler                         0x08000247   Thumb Code     0  startup_stm32f407xx.o(.text)
    EXTI3_IRQHandler                         0x08000247   Thumb Code     0  startup_stm32f407xx.o(.text)
    EXTI4_IRQHandler                         0x08000247   Thumb Code     0  startup_stm32f407xx.o(.text)
    EXTI9_5_IRQHandler                       0x08000247   Thumb Code     0  startup_stm32f407xx.o(.text)
    FLASH_IRQHandler                         0x08000247   Thumb Code     0  startup_stm32f407xx.o(.text)
    FMC_IRQHandler                           0x08000247   Thumb Code     0  startup_stm32f407xx.o(.text)
    FPU_IRQHandler                           0x08000247   Thumb Code     0  startup_stm32f407xx.o(.text)
    HASH_RNG_IRQHandler                      0x08000247   Thumb Code     0  startup_stm32f407xx.o(.text)
    I2C1_ER_IRQHandler                       0x08000247   Thumb Code     0  startup_stm32f407xx.o(.text)
    I2C1_EV_IRQHandler                       0x08000247   Thumb Code     0  startup_stm32f407xx.o(.text)
    I2C2_ER_IRQHandler                       0x08000247   Thumb Code     0  startup_stm32f407xx.o(.text)
    I2C2_EV_IRQHandler                       0x08000247   Thumb Code     0  startup_stm32f407xx.o(.text)
    I2C3_ER_IRQHandler                       0x08000247   Thumb Code     0  startup_stm32f407xx.o(.text)
    I2C3_EV_IRQHandler                       0x08000247   Thumb Code     0  startup_stm32f407xx.o(.text)
    OTG_FS_IRQHandler                        0x08000247   Thumb Code     0  startup_stm32f407xx.o(.text)
    OTG_FS_WKUP_IRQHandler                   0x08000247   Thumb Code     0  startup_stm32f407xx.o(.text)
    OTG_HS_EP1_IN_IRQHandler                 0x08000247   Thumb Code     0  startup_stm32f407xx.o(.text)
    OTG_HS_EP1_OUT_IRQHandler                0x08000247   Thumb Code     0  startup_stm32f407xx.o(.text)
    OTG_HS_IRQHandler                        0x08000247   Thumb Code     0  startup_stm32f407xx.o(.text)
    OTG_HS_WKUP_IRQHandler                   0x08000247   Thumb Code     0  startup_stm32f407xx.o(.text)
    PVD_IRQHandler                           0x08000247   Thumb Code     0  startup_stm32f407xx.o(.text)
    RCC_IRQHandler                           0x08000247   Thumb Code     0  startup_stm32f407xx.o(.text)
    RTC_Alarm_IRQHandler                     0x08000247   Thumb Code     0  startup_stm32f407xx.o(.text)
    RTC_WKUP_IRQHandler                      0x08000247   Thumb Code     0  startup_stm32f407xx.o(.text)
    SDIO_IRQHandler                          0x08000247   Thumb Code     0  startup_stm32f407xx.o(.text)
    SPI2_IRQHandler                          0x08000247   Thumb Code     0  startup_stm32f407xx.o(.text)
    SPI3_IRQHandler                          0x08000247   Thumb Code     0  startup_stm32f407xx.o(.text)
    TAMP_STAMP_IRQHandler                    0x08000247   Thumb Code     0  startup_stm32f407xx.o(.text)
    TIM1_BRK_TIM9_IRQHandler                 0x08000247   Thumb Code     0  startup_stm32f407xx.o(.text)
    TIM1_CC_IRQHandler                       0x08000247   Thumb Code     0  startup_stm32f407xx.o(.text)
    TIM1_TRG_COM_TIM11_IRQHandler            0x08000247   Thumb Code     0  startup_stm32f407xx.o(.text)
    TIM1_UP_TIM10_IRQHandler                 0x08000247   Thumb Code     0  startup_stm32f407xx.o(.text)
    TIM2_IRQHandler                          0x08000247   Thumb Code     0  startup_stm32f407xx.o(.text)
    TIM3_IRQHandler                          0x08000247   Thumb Code     0  startup_stm32f407xx.o(.text)
    TIM4_IRQHandler                          0x08000247   Thumb Code     0  startup_stm32f407xx.o(.text)
    TIM5_IRQHandler                          0x08000247   Thumb Code     0  startup_stm32f407xx.o(.text)
    TIM6_DAC_IRQHandler                      0x08000247   Thumb Code     0  startup_stm32f407xx.o(.text)
    TIM7_IRQHandler                          0x08000247   Thumb Code     0  startup_stm32f407xx.o(.text)
    TIM8_BRK_TIM12_IRQHandler                0x08000247   Thumb Code     0  startup_stm32f407xx.o(.text)
    TIM8_CC_IRQHandler                       0x08000247   Thumb Code     0  startup_stm32f407xx.o(.text)
    TIM8_TRG_COM_TIM14_IRQHandler            0x08000247   Thumb Code     0  startup_stm32f407xx.o(.text)
    TIM8_UP_TIM13_IRQHandler                 0x08000247   Thumb Code     0  startup_stm32f407xx.o(.text)
    UART4_IRQHandler                         0x08000247   Thumb Code     0  startup_stm32f407xx.o(.text)
    UART5_IRQHandler                         0x08000247   Thumb Code     0  startup_stm32f407xx.o(.text)
    WWDG_IRQHandler                          0x08000247   Thumb Code     0  startup_stm32f407xx.o(.text)
    __user_initial_stackheap                 0x08000249   Thumb Code     0  startup_stm32f407xx.o(.text)
    __semihosting$guard                      0x0800026d   Thumb Code     0  use_no_semi.o(.text)
    __use_no_semihosting_swi                 0x0800026d   Thumb Code     2  use_no_semi.o(.text)
    __aeabi_memcpy4                          0x0800026f   Thumb Code     0  rt_memcpy_w.o(.text)
    __aeabi_memcpy8                          0x0800026f   Thumb Code     0  rt_memcpy_w.o(.text)
    __rt_memcpy_w                            0x0800026f   Thumb Code   100  rt_memcpy_w.o(.text)
    _memcpy_lastbytes_aligned                0x080002b7   Thumb Code     0  rt_memcpy_w.o(.text)
    __use_two_region_memory                  0x080002d3   Thumb Code     2  heapauxi.o(.text)
    __rt_heap_escrow                         0x080002d5   Thumb Code     2  heapauxi.o(.text)
    __rt_heap_expand                         0x080002d7   Thumb Code     2  heapauxi.o(.text)
    __cpp_initialize__aeabi_                 0x080002d9   Thumb Code    26  init_aeabi.o(.text)
    __read_errno                             0x080002fd   Thumb Code    10  _rserrno.o(.text)
    __set_errno                              0x08000307   Thumb Code    12  _rserrno.o(.text)
    __aeabi_errno_addr                       0x08000315   Thumb Code     8  rt_errno_addr_intlibspace.o(.text)
    __errno$intlibspace                      0x08000315   Thumb Code     0  rt_errno_addr_intlibspace.o(.text)
    __rt_errno_addr$intlibspace              0x08000315   Thumb Code     0  rt_errno_addr_intlibspace.o(.text)
    __user_libspace                          0x0800031d   Thumb Code     8  libspace.o(.text)
    __user_perproc_libspace                  0x0800031d   Thumb Code     0  libspace.o(.text)
    __user_perthread_libspace                0x0800031d   Thumb Code     0  libspace.o(.text)
    __user_setup_stackheap                   0x08000325   Thumb Code    74  sys_stackheap_outer.o(.text)
    exit                                     0x0800036f   Thumb Code    18  exit.o(.text)
    GPIO_Init                                0x08000381   Thumb Code   144  stm32f4xx_gpio.o(i.GPIO_Init)
    GPIO_PinAFConfig                         0x08000411   Thumb Code    70  stm32f4xx_gpio.o(i.GPIO_PinAFConfig)
    GPIO_ResetBits                           0x08000457   Thumb Code     4  stm32f4xx_gpio.o(i.GPIO_ResetBits)
    GPIO_SetBits                             0x0800045b   Thumb Code     4  stm32f4xx_gpio.o(i.GPIO_SetBits)
    RCC_AHB1PeriphClockCmd                   0x08000461   Thumb Code    26  stm32f4xx_rcc.o(i.RCC_AHB1PeriphClockCmd)
    RCC_APB1PeriphClockCmd                   0x08000481   Thumb Code    26  stm32f4xx_rcc.o(i.RCC_APB1PeriphClockCmd)
    RCC_APB2PeriphClockCmd                   0x080004a1   Thumb Code    26  stm32f4xx_rcc.o(i.RCC_APB2PeriphClockCmd)
    RCC_GetClocksFreq                        0x080004c1   Thumb Code   214  stm32f4xx_rcc.o(i.RCC_GetClocksFreq)
    SPI1_IRQHandler                          0x080005a9   Thumb Code    92  spi_1.o(i.SPI1_IRQHandler)
    SPI_I2S_GetFlagStatus                    0x08000615   Thumb Code    18  stm32f4xx_spi.o(i.SPI_I2S_GetFlagStatus)
    SysTick_Handler                          0x08000739   Thumb Code    20  time_service.o(i.SysTick_Handler)
    SystemInit                               0x08000751   Thumb Code    88  system_stm32f4xx.o(i.SystemInit)
    TIM_BDTRConfig                           0x080007b9   Thumb Code    32  stm32f4xx_tim.o(i.TIM_BDTRConfig)
    TIM_Cmd                                  0x080007d9   Thumb Code    24  stm32f4xx_tim.o(i.TIM_Cmd)
    TIM_CtrlPWMOutputs                       0x080007f1   Thumb Code    30  stm32f4xx_tim.o(i.TIM_CtrlPWMOutputs)
    TIM_OC1Init                              0x08000811   Thumb Code   114  stm32f4xx_tim.o(i.TIM_OC1Init)
    TIM_OC2Init                              0x0800088d   Thumb Code   154  stm32f4xx_tim.o(i.TIM_OC2Init)
    TIM_OC3Init                              0x08000931   Thumb Code   150  stm32f4xx_tim.o(i.TIM_OC3Init)
    TIM_OC4Init                              0x080009d1   Thumb Code   112  stm32f4xx_tim.o(i.TIM_OC4Init)
    TIM_SetCompare1                          0x08000a49   Thumb Code     4  stm32f4xx_tim.o(i.TIM_SetCompare1)
    TIM_SetCompare2                          0x08000a4d   Thumb Code     4  stm32f4xx_tim.o(i.TIM_SetCompare2)
    TIM_SetCompare3                          0x08000a51   Thumb Code     4  stm32f4xx_tim.o(i.TIM_SetCompare3)
    TIM_SetCompare4                          0x08000a55   Thumb Code     4  stm32f4xx_tim.o(i.TIM_SetCompare4)
    TIM_TimeBaseInit                         0x08000a59   Thumb Code   104  stm32f4xx_tim.o(i.TIM_TimeBaseInit)
    USART1_IRQHandler                        0x08000add   Thumb Code   132  usart1.o(i.USART1_IRQHandler)
    USART2_IRQHandler                        0x08000b7d   Thumb Code   138  usart2.o(i.USART2_IRQHandler)
    USART3_IRQHandler                        0x08000c25   Thumb Code   138  usart3.o(i.USART3_IRQHandler)
    USART6_IRQHandler                        0x08000ccd   Thumb Code   138  usart6.o(i.USART6_IRQHandler)
    USART_ClearITPendingBit                  0x08000d75   Thumb Code    30  stm32f4xx_usart.o(i.USART_ClearITPendingBit)
    USART_Cmd                                0x08000d93   Thumb Code    24  stm32f4xx_usart.o(i.USART_Cmd)
    USART_ITConfig                           0x08000dab   Thumb Code    74  stm32f4xx_usart.o(i.USART_ITConfig)
    USART_Init                               0x08000df5   Thumb Code   204  stm32f4xx_usart.o(i.USART_Init)
    USART_StructInit                         0x08000ec9   Thumb Code    24  stm32f4xx_usart.o(i.USART_StructInit)
    omniplatform::move(float, float, float, float, float) 0x08000ee1   Thumb Code   494  omniplatform.o(i._ZN12omniplatform4moveEfffff)
    omniplatform::omniplatform(Motor&, Motor&, Motor&, Motor&) 0x080010ed   Thumb Code    68  omniplatform.o(i._ZN12omniplatformC1ER5MotorS1_S1_S1_)
    omniplatform::omniplatform__sub_object(Motor&, Motor&, Motor&, Motor&) 0x080010ed   Thumb Code     0  omniplatform.o(i._ZN12omniplatformC1ER5MotorS1_S1_S1_)
    time_service::init()                     0x08001131   Thumb Code    86  time_service.o(i._ZN12time_service4initEv)
    time_service::delay(unsigned)            0x08001191   Thumb Code    32  time_service.o(i._ZN12time_service5delayEj)
    time_service::millis()                   0x080011b5   Thumb Code     8  time_service.o(i._ZN12time_service6millisEv)
    time_service::startTime()                0x080011c1   Thumb Code    18  time_service.o(i._ZN12time_service9startTimeEv)
    ProcessingCoord::setGoal(unsigned char)  0x080011d3   Thumb Code     6  processing_coord.o(i._ZN15ProcessingCoord7setGoalEh)
    ProcessingCoord::ProcessingCoord()       0x080011d9   Thumb Code   120  processing_coord.o(i._ZN15ProcessingCoordC1Ev)
    ProcessingCoord::ProcessingCoord__sub_object() 0x080011d9   Thumb Code     0  processing_coord.o(i._ZN15ProcessingCoordC1Ev)
    I2C::generateStop()                      0x08001279   Thumb Code    56  i2c.o(i._ZN3I2C12generateStopEv)
    I2C::generateStart()                     0x080012b1   Thumb Code    74  i2c.o(i._ZN3I2C13generateStartEv)
    I2C::read()                              0x080012fb   Thumb Code    78  i2c.o(i._ZN3I2C4readEv)
    I2C::send(unsigned char)                 0x08001349   Thumb Code    56  i2c.o(i._ZN3I2C4sendEh)
    I2C::delay()                             0x08001381   Thumb Code    28  i2c.o(i._ZN3I2C5delayEv)
    I2C::sclLow()                            0x0800139d   Thumb Code    12  i2c.o(i._ZN3I2C6sclLowEv)
    I2C::sdaLow()                            0x080013a9   Thumb Code    14  i2c.o(i._ZN3I2C6sdaLowEv)
    I2C::readAch()                           0x080013b7   Thumb Code    68  i2c.o(i._ZN3I2C7readAchEv)
    I2C::sclHigh()                           0x080013fb   Thumb Code    12  i2c.o(i._ZN3I2C7sclHighEv)
    I2C::sdaHigh()                           0x08001407   Thumb Code    14  i2c.o(i._ZN3I2C7sdaHighEv)
    I2C::sdaRead()                           0x08001415   Thumb Code    34  i2c.o(i._ZN3I2C7sdaReadEv)
    I2C::writeBit(bool)                      0x08001437   Thumb Code    60  i2c.o(i._ZN3I2C8writeBitEb)
    I2C::I2C(Pin&, Pin&)                     0x08001473   Thumb Code    46  i2c.o(i._ZN3I2CC1ER3PinS1_)
    I2C::I2C__sub_object(Pin&, Pin&)         0x08001473   Thumb Code     0  i2c.o(i._ZN3I2CC1ER3PinS1_)
    Pin::RCC_ClockCmd()                      0x080014a1   Thumb Code   256  pin_1.o(i._ZN3Pin12RCC_ClockCmdEv)
    Pin::setTimParams(unsigned short)        0x080015d5   Thumb Code   198  pin_1.o(i._ZN3Pin12setTimParamsEt)
    Pin::setAFforUSART(unsigned short)       0x080016c9   Thumb Code    40  pin_1.o(i._ZN3Pin13setAFforUSARTEt)
    Pin::pwm(unsigned)                       0x080016f1   Thumb Code    68  pin_1.o(i._ZN3Pin3pwmEj)
    Pin::getPin()                            0x08001735   Thumb Code     6  pin_1.o(i._ZN3Pin6getPinEv)
    Pin::setBit()                            0x0800173b   Thumb Code    16  pin_1.o(i._ZN3Pin6setBitEv)
    Pin::setPin(unsigned char)               0x0800174b   Thumb Code   204  pin_1.o(i._ZN3Pin6setPinEh)
    Pin::pwmInit(short, unsigned, unsigned char) 0x08001819   Thumb Code   260  pin_1.o(i._ZN3Pin7pwmInitEsjh)
    Pin::setGPIO(char)                       0x08001921   Thumb Code    78  pin_1.o(i._ZN3Pin7setGPIOEc)
    Pin::getGPIOx()                          0x08001995   Thumb Code     6  pin_1.o(i._ZN3Pin8getGPIOxEv)
    Pin::resetBit()                          0x0800199b   Thumb Code    16  pin_1.o(i._ZN3Pin8resetBitEv)
    Pin::getPeriod()                         0x080019ab   Thumb Code     8  pin_1.o(i._ZN3Pin9getPeriodEv)
    Pin::Pin(char, unsigned char, unsigned short) 0x080019b5   Thumb Code   526  pin_1.o(i._ZN3PinC1Echt)
    Pin::Pin__sub_object(char, unsigned char, unsigned short) 0x080019b5   Thumb Code     0  pin_1.o(i._ZN3PinC1Echt)
    Motor::getMaxSpeed()                     0x08001be9   Thumb Code    12  motor.o(i._ZN5Motor11getMaxSpeedEv)
    Motor::go(short)                         0x08001bf5   Thumb Code   108  motor.o(i._ZN5Motor2goEs)
    Motor::Motor(Pin&, unsigned char, Pin&, unsigned char) 0x08001c61   Thumb Code    70  motor.o(i._ZN5MotorC1ER3PinhS1_h)
    Motor::Motor__sub_object(Pin&, unsigned char, Pin&, unsigned char) 0x08001c61   Thumb Code     0  motor.o(i._ZN5MotorC1ER3PinhS1_h)
    Robot::calibrated()                      0x08001ca9   Thumb Code     6  main.o(i._ZN5Robot10calibratedEv)
    Robot::updateSensors()                   0x08001cb5   Thumb Code   432  main.o(i._ZN5Robot13updateSensorsEv)
    Robot::init(unsigned char)               0x08001ea9   Thumb Code   108  main.o(i._ZN5Robot4initEh)
    Robot::goToBall()                        0x08001f51   Thumb Code   450  main.o(i._ZN5Robot8goToBallEv)
    Vec2b::set(double, double)               0x08002161   Thumb Code    10  vec2b.o(i._ZN5Vec2b3setEdd)
    Vec2b::changeTo(Vec2b)                   0x0800216d   Thumb Code   870  vec2b.o(i._ZN5Vec2b8changeToES_)
    Vec2b::Vec2b(double, double)             0x08002505   Thumb Code    10  vec2b.o(i._ZN5Vec2bC1Edd)
    Vec2b::Vec2b__sub_object(double, double) 0x08002505   Thumb Code     0  vec2b.o(i._ZN5Vec2bC1Edd)
    Vec2b::Vec2b()                           0x08002511   Thumb Code    18  vec2b.o(i._ZN5Vec2bC1Ev)
    Vec2b::Vec2b__sub_object()               0x08002511   Thumb Code     0  vec2b.o(i._ZN5Vec2bC1Ev)
    uart1::usart1Init(unsigned, float, unsigned char) 0x0800252d   Thumb Code   308  usart1.o(i._ZN5uart110usart1InitEjfh)
    uart1::read()                            0x08002695   Thumb Code    62  usart1.o(i._ZN5uart14readEv)
    uart1::available()                       0x080026dd   Thumb Code    44  usart1.o(i._ZN5uart19availableEv)
    uart2::usart2Init(unsigned, float, unsigned char) 0x08002711   Thumb Code   308  usart2.o(i._ZN5uart210usart2InitEjfh)
    uart2::read()                            0x08002879   Thumb Code    62  usart2.o(i._ZN5uart24readEv)
    uart2::available()                       0x080028c1   Thumb Code    44  usart2.o(i._ZN5uart29availableEv)
    uart3::usart3Init(unsigned, float, unsigned char) 0x080028f5   Thumb Code   308  usart3.o(i._ZN5uart310usart3InitEjfh)
    uart3::read()                            0x08002a5d   Thumb Code    62  usart3.o(i._ZN5uart34readEv)
    uart3::available()                       0x08002aa5   Thumb Code    44  usart3.o(i._ZN5uart39availableEv)
    uart6::usart6Init(unsigned, float, unsigned char) 0x08002ad9   Thumb Code   308  usart6.o(i._ZN5uart610usart6InitEjfh)
    uart6::read()                            0x08002c41   Thumb Code    62  usart6.o(i._ZN5uart64readEv)
    uart6::available()                       0x08002c89   Thumb Code    44  usart6.o(i._ZN5uart69availableEv)
    OpenMV::initUSART(unsigned char)         0x08002cbd   Thumb Code    86  openmv.o(i._ZN6OpenMV9initUSARTEh)
    OpenMV::OpenMV(Pin&, Pin&, unsigned char) 0x08002d13   Thumb Code    42  openmv.o(i._ZN6OpenMVC1ER3PinS1_h)
    OpenMV::OpenMV__sub_object(Pin&, Pin&, unsigned char) 0x08002d13   Thumb Code     0  openmv.o(i._ZN6OpenMVC1ER3PinS1_h)
    gyro_imu::getRotation()                  0x08002d3d   Thumb Code     8  imu_usart.o(i._ZN8gyro_imu11getRotationEv)
    gyro_imu::setZeroAngle()                 0x08002d45   Thumb Code     6  imu_usart.o(i._ZN8gyro_imu12setZeroAngleEv)
    gyro_imu::calculateSoft(float, float, float) 0x08002d4d   Thumb Code   164  imu_usart.o(i._ZN8gyro_imu13calculateSoftEfff)
    gyro_imu::getMaxRotation()               0x08002df9   Thumb Code     8  imu_usart.o(i._ZN8gyro_imu14getMaxRotationEv)
    gyro_imu::getCurrentAngle()              0x08002e01   Thumb Code     8  imu_usart.o(i._ZN8gyro_imu15getCurrentAngleEv)
    gyro_imu::setRotationForTarget()         0x08002e09   Thumb Code    66  imu_usart.o(i._ZN8gyro_imu20setRotationForTargetEv)
    gyro_imu::read()                         0x08002e4d   Thumb Code   268  imu_usart.o(i._ZN8gyro_imu4readEv)
    gyro_imu::adduct(short)                  0x08002f5d   Thumb Code    32  imu_usart.o(i._ZN8gyro_imu6adductEs)
    gyro_imu::initUSART(unsigned char)       0x08002f7d   Thumb Code    86  imu_usart.o(i._ZN8gyro_imu9initUSARTEh)
    gyro_imu::gyro_imu(Pin&, Pin&, unsigned char) 0x08002fd3   Thumb Code    36  imu_usart.o(i._ZN8gyro_imuC1ER3PinS1_h)
    gyro_imu::gyro_imu__sub_object(Pin&, Pin&, unsigned char) 0x08002fd3   Thumb Code     0  imu_usart.o(i._ZN8gyro_imuC1ER3PinS1_h)
    BallVec2b::changeValues(bool)            0x08002ff7   Thumb Code   750  queues_ball.o(i._ZN9BallVec2b12changeValuesEb)
    BallVec2b::getCurrentVec2b()             0x080032e5   Thumb Code    48  queues_ball.o(i._ZN9BallVec2b15getCurrentVec2bEv)
    BallVec2b::setTransitionBy360()          0x08003315   Thumb Code   262  queues_ball.o(i._ZN9BallVec2b18setTransitionBy360Ev)
    BallVec2b::push(Vec2b, unsigned)         0x08003435   Thumb Code   308  queues_ball.o(i._ZN9BallVec2b4pushE5Vec2bj)
    BallVec2b::adduct(double)                0x08003569   Thumb Code   110  queues_ball.o(i._ZN9BallVec2b6adductEd)
    BallVec2b::calculate()                   0x080035f1   Thumb Code  1186  queues_ball.o(i._ZN9BallVec2b9calculateEv)
    BallVec2b::BallVec2b()                   0x08003a95   Thumb Code   148  queues_ball.o(i._ZN9BallVec2bC1Ev)
    BallVec2b::BallVec2b__sub_object()       0x08003a95   Thumb Code     0  queues_ball.o(i._ZN9BallVec2bC1Ev)
    IRLocator::angleOffset(float, float)     0x08003b3d   Thumb Code   342  ir_locator.o(i._ZN9IRLocator11angleOffsetEff)
    IRLocator::convertDist(double)           0x08003cc5   Thumb Code   146  ir_locator.o(i._ZN9IRLocator11convertDistEd)
    IRLocator::adduct(short)                 0x08003d71   Thumb Code    32  ir_locator.o(i._ZN9IRLocator6adductEs)
    IRLocator::getDist()                     0x08003d91   Thumb Code     8  ir_locator.o(i._ZN9IRLocator7getDistEv)
    IRLocator::getAngle()                    0x08003d99   Thumb Code    88  ir_locator.o(i._ZN9IRLocator8getAngleEv)
    IRLocator::getValue(unsigned char)       0x08003df1   Thumb Code   106  ir_locator.o(i._ZN9IRLocator8getValueEh)
    IRLocator::IRLocator(I2C&, unsigned)     0x08003e5b   Thumb Code    26  ir_locator.o(i._ZN9IRLocatorC1ER3I2Cj)
    IRLocator::IRLocator__sub_object(I2C&, unsigned) 0x08003e5b   Thumb Code     0  ir_locator.o(i._ZN9IRLocatorC1ER3I2Cj)
    Vec2bTime::set(double, double, unsigned, short) 0x08003e75   Thumb Code    14  queues_ball.o(i._ZN9Vec2bTime3setEddjs)
    Vec2bTime::getLen()                      0x08003e83   Thumb Code     6  queues_ball.o(i._ZN9Vec2bTime6getLenEv)
    Vec2bTime::correct()                     0x08003e89   Thumb Code    76  queues_ball.o(i._ZN9Vec2bTime7correctEv)
    Vec2bTime::getTime()                     0x08003edd   Thumb Code     6  queues_ball.o(i._ZN9Vec2bTime7getTimeEv)
    Vec2bTime::getAngle()                    0x08003ee3   Thumb Code     6  queues_ball.o(i._ZN9Vec2bTime8getAngleEv)
    Vec2bTime::Vec2bTime()                   0x08003ee9   Thumb Code    14  queues_ball.o(i._ZN9Vec2bTimeC1Ev)
    Vec2bTime::Vec2bTime__sub_object()       0x08003ee9   Thumb Code     0  queues_ball.o(i._ZN9Vec2bTimeC1Ev)
    std::pow(double, int)                    0x08003ef7   Thumb Code    52  queues_ball.o(i._ZSt3powdi)
    std::sin(float)                          0x08003f2b   Thumb Code    24  openmv.o(i._ZSt3sinf)
    __ARM_fpclassify                         0x08003f43   Thumb Code    48  fpclassify.o(i.__ARM_fpclassify)
    __ARM_fpclassifyf                        0x08003f73   Thumb Code    38  fpclassifyf.o(i.__ARM_fpclassifyf)
    __aeabi_vec_ctor_nocookie_nodtor         0x08003f99   Thumb Code    36  aeabi_vec_ctor_nocookie_nodtor.o(i.__aeabi_vec_ctor_nocookie_nodtor)
    __hardfp_atan                            0x08003fc1   Thumb Code   622  atan.o(i.__hardfp_atan)
    __hardfp_atan2                           0x08004299   Thumb Code   448  atan2.o(i.__hardfp_atan2)
    __hardfp_cos                             0x08004499   Thumb Code   180  cos.o(i.__hardfp_cos)
    __hardfp_pow                             0x08004561   Thumb Code  3072  pow.o(i.__hardfp_pow)
    __hardfp_sin                             0x080051b1   Thumb Code   180  sin.o(i.__hardfp_sin)
    __hardfp_sinf                            0x08005279   Thumb Code   344  sinf.o(i.__hardfp_sinf)
    __hardfp_sqrt                            0x08005409   Thumb Code   122  sqrt.o(i.__hardfp_sqrt)
    __ieee754_rem_pio2                       0x08005489   Thumb Code   938  rred.o(i.__ieee754_rem_pio2)
    __kernel_cos                             0x080058c1   Thumb Code   322  cos_i.o(i.__kernel_cos)
    __kernel_poly                            0x08005a31   Thumb Code   248  poly.o(i.__kernel_poly)
    __kernel_sin                             0x08005b29   Thumb Code   280  sin_i.o(i.__kernel_sin)
    __mathlib_dbl_divzero                    0x08005c59   Thumb Code    28  dunder.o(i.__mathlib_dbl_divzero)
    __mathlib_dbl_infnan                     0x08005c89   Thumb Code    20  dunder.o(i.__mathlib_dbl_infnan)
    __mathlib_dbl_infnan2                    0x08005c9d   Thumb Code    20  dunder.o(i.__mathlib_dbl_infnan2)
    __mathlib_dbl_invalid                    0x08005cb1   Thumb Code    24  dunder.o(i.__mathlib_dbl_invalid)
    __mathlib_dbl_overflow                   0x08005cd1   Thumb Code    24  dunder.o(i.__mathlib_dbl_overflow)
    __mathlib_dbl_underflow                  0x08005cf1   Thumb Code    24  dunder.o(i.__mathlib_dbl_underflow)
    __mathlib_flt_infnan                     0x08005d11   Thumb Code     6  funder.o(i.__mathlib_flt_infnan)
    __mathlib_flt_invalid                    0x08005d19   Thumb Code    10  funder.o(i.__mathlib_flt_invalid)
    __mathlib_flt_underflow                  0x08005d29   Thumb Code    10  funder.o(i.__mathlib_flt_underflow)
    __mathlib_rredf2                         0x08005d39   Thumb Code   316  rredf.o(i.__mathlib_rredf2)
    _sys_exit                                0x08006031   Thumb Code     4  retarget.o(i._sys_exit)
    atan                                     0x08006035   Thumb Code    16  atan.o(i.atan)
    fabs                                     0x08006045   Thumb Code    24  fabs.o(i.fabs)
    main                                     0x0800605d   Thumb Code    24  main.o(i.main)
    sqrt                                     0x08006075   Thumb Code   110  sqrt.o(i.sqrt)
    __aeabi_dneg                             0x080060e3   Thumb Code     0  basic.o(x$fpl$basic)
    _dneg                                    0x080060e3   Thumb Code     6  basic.o(x$fpl$basic)
    __aeabi_fneg                             0x080060e9   Thumb Code     0  basic.o(x$fpl$basic)
    _fneg                                    0x080060e9   Thumb Code     6  basic.o(x$fpl$basic)
    _dabs                                    0x080060ef   Thumb Code     6  basic.o(x$fpl$basic)
    _fabs                                    0x080060f5   Thumb Code     6  basic.o(x$fpl$basic)
    __aeabi_d2f                              0x080060fd   Thumb Code     0  d2f.o(x$fpl$d2f)
    _d2f                                     0x080060fd   Thumb Code    98  d2f.o(x$fpl$d2f)
    __aeabi_dadd                             0x08006161   Thumb Code     0  daddsub_clz.o(x$fpl$dadd)
    _dadd                                    0x08006161   Thumb Code   332  daddsub_clz.o(x$fpl$dadd)
    __fpl_dcheck_NaN1                        0x080062b1   Thumb Code    10  dcheck1.o(x$fpl$dcheck1)
    __fpl_dcmp_Inf                           0x080062c1   Thumb Code    24  dcmpi.o(x$fpl$dcmpinf)
    __aeabi_ddiv                             0x080062d9   Thumb Code     0  ddiv.o(x$fpl$ddiv)
    _ddiv                                    0x080062d9   Thumb Code   552  ddiv.o(x$fpl$ddiv)
    __aeabi_cdcmpeq                          0x08006589   Thumb Code     0  deqf.o(x$fpl$deqf)
    _dcmpeq                                  0x08006589   Thumb Code   120  deqf.o(x$fpl$deqf)
    __aeabi_d2iz                             0x08006601   Thumb Code     0  dfix.o(x$fpl$dfix)
    _dfix                                    0x08006601   Thumb Code    94  dfix.o(x$fpl$dfix)
    __aeabi_i2d                              0x0800665f   Thumb Code     0  dflt_clz.o(x$fpl$dflt)
    _dflt                                    0x0800665f   Thumb Code    46  dflt_clz.o(x$fpl$dflt)
    __aeabi_ui2d                             0x0800668d   Thumb Code     0  dflt_clz.o(x$fpl$dfltu)
    _dfltu                                   0x0800668d   Thumb Code    38  dflt_clz.o(x$fpl$dfltu)
    __aeabi_cdcmple                          0x080066b5   Thumb Code     0  dleqf.o(x$fpl$dleqf)
    _dcmple                                  0x080066b5   Thumb Code   120  dleqf.o(x$fpl$dleqf)
    __fpl_dcmple_InfNaN                      0x08006717   Thumb Code     0  dleqf.o(x$fpl$dleqf)
    __aeabi_dmul                             0x0800672d   Thumb Code     0  dmul.o(x$fpl$dmul)
    _dmul                                    0x0800672d   Thumb Code   332  dmul.o(x$fpl$dmul)
    __fpl_dnaninf                            0x08006881   Thumb Code   156  dnaninf.o(x$fpl$dnaninf)
    __fpl_dretinf                            0x0800691d   Thumb Code    12  dretinf.o(x$fpl$dretinf)
    __aeabi_cdrcmple                         0x08006929   Thumb Code     0  drleqf.o(x$fpl$drleqf)
    _drcmple                                 0x08006929   Thumb Code   108  drleqf.o(x$fpl$drleqf)
    __aeabi_drsub                            0x08006995   Thumb Code     0  daddsub_clz.o(x$fpl$drsb)
    _drsb                                    0x08006995   Thumb Code    22  daddsub_clz.o(x$fpl$drsb)
    _dsqrt                                   0x080069ad   Thumb Code   404  dsqrt_umaal.o(x$fpl$dsqrt)
    __aeabi_dsub                             0x08006b45   Thumb Code     0  daddsub_clz.o(x$fpl$dsub)
    _dsub                                    0x08006b45   Thumb Code   464  daddsub_clz.o(x$fpl$dsub)
    __aeabi_f2d                              0x08006d19   Thumb Code     0  f2d.o(x$fpl$f2d)
    _f2d                                     0x08006d19   Thumb Code    86  f2d.o(x$fpl$f2d)
    __fpl_fnaninf                            0x08006d6f   Thumb Code   140  fnaninf.o(x$fpl$fnaninf)
    _fp_init                                 0x08006dfb   Thumb Code    10  fpinit.o(x$fpl$fpinit)
    __fplib_config_fpu_vfp                   0x08006e03   Thumb Code     0  fpinit.o(x$fpl$fpinit)
    __fplib_config_pureend_doubles           0x08006e03   Thumb Code     0  fpinit.o(x$fpl$fpinit)
    __fpl_fretinf                            0x08006e05   Thumb Code    10  fretinf.o(x$fpl$fretinf)
    __fpl_return_NaN                         0x08006e0f   Thumb Code   100  retnan.o(x$fpl$retnan)
    __ARM_scalbn                             0x08006e73   Thumb Code    92  scalbn.o(x$fpl$scalbn)
    __fpl_cmpreturn                          0x08006ecf   Thumb Code    48  trapv.o(x$fpl$trapveneer)
    __I$use$fp                               0x08006efe   Number         0  usenofp.o(x$fpl$usenofp)
    __mathlib_zero                           0x08007090   Data           8  qnan.o(.constdata)
    Region$$Table$$Base                      0x080071a8   Number         0  anon$$obj.o(Region$$Table)
    Region$$Table$$Limit                     0x080071c8   Number         0  anon$$obj.o(Region$$Table)
    SHT$$INIT_ARRAY$$Base                    0x080071c8   Number         0  main.o(.init_array)
    SHT$$INIT_ARRAY$$Limit                   0x080071cc   Number         0  init_aeabi.o(.init_array)
    Robot::ang                               0x20000000   Data           4  main.o(.data)
    Robot::angRes                            0x20000004   Data           4  main.o(.data)
    Robot::imuCalibrated                     0x20000008   Data           1  main.o(.data)
    Robot::pow                               0x2000000a   Data           2  main.o(.data)
    Robot::angleIMU                          0x2000000c   Data           4  main.o(.data)
    Robot::angSoft                           0x20000010   Data           4  main.o(.data)
    Robot::distSoft                          0x20000014   Data           4  main.o(.data)
    Robot::dist                              0x20000018   Data           4  main.o(.data)
    Robot::distOld                           0x2000001c   Data           4  main.o(.data)
    Robot::t                                 0x20000020   Data           4  main.o(.data)
    Robot::timeNotSeenBall                   0x20000024   Data           4  main.o(.data)
    Robot::timeUpdateQueue                   0x20000028   Data           4  main.o(.data)
    Robot::x                                 0x2000002c   Data           2  main.o(.data)
    Robot::y                                 0x2000002e   Data           2  main.o(.data)
    Robot::angRaw                            0x20000030   Data           2  main.o(.data)
    Robot::distRaw                           0x20000034   Data           4  main.o(.data)
    Robot::myGoal                            0x20000038   Data           1  main.o(.data)
    Robot::dBl                               0x2000003a   Data           2  main.o(.data)
    Robot::dYe                               0x2000003c   Data           2  main.o(.data)
    Robot::angBlue                           0x2000003e   Data           2  main.o(.data)
    Robot::angYellow                         0x20000040   Data           2  main.o(.data)
    Robot::testRes                           0x20000048   Data           8  main.o(.data)
    time_service::tim                        0x20000050   Data           8  time_service.o(.data)
    uart1::rx                                0x20000058   Data           8  usart1.o(.data)
    uart1::_rxCnt                            0x20000060   Data           2  usart1.o(.data)
    uart1::_txCnt                            0x20000062   Data           2  usart1.o(.data)
    uart1::tx                                0x20000064   Data           8  usart1.o(.data)
    uart1::_sendCnt                          0x2000006c   Data           2  usart1.o(.data)
    uart1::_readCnt                          0x2000006e   Data           2  usart1.o(.data)
    uart1::flag                              0x20000070   Data           1  usart1.o(.data)
    uart2::rx                                0x20000072   Data           8  usart2.o(.data)
    uart2::_rxCnt                            0x2000007a   Data           2  usart2.o(.data)
    uart2::_txCnt                            0x2000007c   Data           2  usart2.o(.data)
    uart2::tx                                0x2000007e   Data           8  usart2.o(.data)
    uart2::_sendCnt                          0x20000086   Data           2  usart2.o(.data)
    uart2::_readCnt                          0x20000088   Data           2  usart2.o(.data)
    uart2::flag                              0x2000008a   Data           1  usart2.o(.data)
    uart3::rx                                0x2000008c   Data           8  usart3.o(.data)
    uart3::_rxCnt                            0x20000094   Data           2  usart3.o(.data)
    uart3::_txCnt                            0x20000096   Data           2  usart3.o(.data)
    uart3::tx                                0x20000098   Data           8  usart3.o(.data)
    uart3::_sendCnt                          0x200000a0   Data           2  usart3.o(.data)
    uart3::_readCnt                          0x200000a2   Data           2  usart3.o(.data)
    uart3::flag                              0x200000a4   Data           1  usart3.o(.data)
    uart6::rx                                0x200000a6   Data           8  usart6.o(.data)
    uart6::_rxCnt                            0x200000ae   Data           2  usart6.o(.data)
    uart6::_txCnt                            0x200000b0   Data           2  usart6.o(.data)
    uart6::tx                                0x200000b2   Data           8  usart6.o(.data)
    uart6::_sendCnt                          0x200000ba   Data           2  usart6.o(.data)
    uart6::_readCnt                          0x200000bc   Data           2  usart6.o(.data)
    uart6::flag                              0x200000be   Data           1  usart6.o(.data)
    SPI_1::_spi_mode                         0x200000c0   Data           4  spi_1.o(.data)
    SPI_1::_spi_direction                    0x200000c4   Data           4  spi_1.o(.data)
    SPI_1::_baud_rate                        0x200000c8   Data           4  spi_1.o(.data)
    SPI_1::_first_bit                        0x200000cc   Data           4  spi_1.o(.data)
    SPI_1::_cur_rx_read                      0x200000d0   Data           2  spi_1.o(.data)
    SPI_1::_cur_rx_write                     0x200000d2   Data           2  spi_1.o(.data)
    SPI_1::_buf_size                         0x200000d4   Data           2  spi_1.o(.data)
    Robot::currentVector                     0x200000e8   Data          16  main.o(.bss)
    Robot::locatorSCL                        0x200000f8   Data          64  main.o(.bss)
    Robot::locatorSDA                        0x20000138   Data          64  main.o(.bss)
    Robot::locatorI2C                        0x20000178   Data         128  main.o(.bss)
    Robot::locator                           0x200001f8   Data         140  main.o(.bss)
    Robot::tx_openMV                         0x20000284   Data          64  main.o(.bss)
    Robot::rx_openMV                         0x200002c4   Data          64  main.o(.bss)
    Robot::camera                            0x20000304   Data          20  main.o(.bss)
    Robot::processXY                         0x20000318   Data          80  main.o(.bss)
    Robot::tx_imu                            0x20000368   Data          64  main.o(.bss)
    Robot::rx_imu                            0x200003a8   Data          64  main.o(.bss)
    Robot::gyro                              0x200003e8   Data          12  main.o(.bss)
    Robot::motor1in1                         0x200003f4   Data          64  main.o(.bss)
    Robot::motor1in2                         0x20000434   Data          64  main.o(.bss)
    Robot::motor1                            0x20000474   Data         128  main.o(.bss)
    Robot::motor2in1                         0x200004f4   Data          64  main.o(.bss)
    Robot::motor2in2                         0x20000534   Data          64  main.o(.bss)
    Robot::motor2                            0x20000574   Data         128  main.o(.bss)
    Robot::motor3in1                         0x200005f4   Data          64  main.o(.bss)
    Robot::motor3in2                         0x20000634   Data          64  main.o(.bss)
    Robot::motor3                            0x20000674   Data         128  main.o(.bss)
    Robot::motor4in1                         0x200006f4   Data          64  main.o(.bss)
    Robot::motor4in2                         0x20000734   Data          64  main.o(.bss)
    Robot::motor4                            0x20000774   Data         128  main.o(.bss)
    Robot::omni                              0x200007f4   Data         512  main.o(.bss)
    Robot::ball                              0x200009f8   Data        1168  main.o(.bss)
    SPI_1::_rx_buffer                        0x20000e88   Data          32  spi_1.o(.bss)
    __libspace_start                         0x20000ea8   Data          96  libspace.o(.bss)
    __temporary_stack_top$libspace           0x20000f08   Data           0  libspace.o(.bss)



==============================================================================

Memory Map of the image

  Image Entry point : 0x08000189

  Load Region LR_IROM1 (Base: 0x08000000, Size: 0x000072b4, Max: 0x00100000, ABSOLUTE)

    Execution Region ER_IROM1 (Exec base: 0x08000000, Load base: 0x08000000, Size: 0x000071cc, Max: 0x00100000, ABSOLUTE)

    Exec Addr    Load Addr    Size         Type   Attr      Idx    E Section Name        Object

    0x08000000   0x08000000   0x00000188   Data   RO         4407    RESET               startup_stm32f407xx.o
    0x08000188   0x08000188   0x00000008   Code   RO         4540  * !!!main             c_w.l(__main.o)
    0x08000190   0x08000190   0x00000034   Code   RO         5080    !!!scatter          c_w.l(__scatter.o)
    0x080001c4   0x080001c4   0x0000001a   Code   RO         5082    !!handler_copy      c_w.l(__scatter_copy.o)
    0x080001de   0x080001de   0x00000002   PAD
    0x080001e0   0x080001e0   0x0000001c   Code   RO         5084    !!handler_zi        c_w.l(__scatter_zi.o)
    0x080001fc   0x080001fc   0x00000002   Code   RO         4888    .ARM.Collect$$libinit$$00000000  c_w.l(libinit.o)
    0x080001fe   0x080001fe   0x00000004   Code   RO         4708    .ARM.Collect$$libinit$$00000001  c_w.l(libinit2.o)
    0x08000202   0x08000202   0x00000000   Code   RO         4711    .ARM.Collect$$libinit$$00000004  c_w.l(libinit2.o)
    0x08000202   0x08000202   0x00000000   Code   RO         4714    .ARM.Collect$$libinit$$0000000A  c_w.l(libinit2.o)
    0x08000202   0x08000202   0x00000000   Code   RO         4716    .ARM.Collect$$libinit$$0000000C  c_w.l(libinit2.o)
    0x08000202   0x08000202   0x00000000   Code   RO         4718    .ARM.Collect$$libinit$$0000000E  c_w.l(libinit2.o)
    0x08000202   0x08000202   0x00000000   Code   RO         4721    .ARM.Collect$$libinit$$00000011  c_w.l(libinit2.o)
    0x08000202   0x08000202   0x00000000   Code   RO         4723    .ARM.Collect$$libinit$$00000013  c_w.l(libinit2.o)
    0x08000202   0x08000202   0x00000000   Code   RO         4725    .ARM.Collect$$libinit$$00000015  c_w.l(libinit2.o)
    0x08000202   0x08000202   0x00000000   Code   RO         4727    .ARM.Collect$$libinit$$00000017  c_w.l(libinit2.o)
    0x08000202   0x08000202   0x00000000   Code   RO         4729    .ARM.Collect$$libinit$$00000019  c_w.l(libinit2.o)
    0x08000202   0x08000202   0x00000000   Code   RO         4731    .ARM.Collect$$libinit$$0000001B  c_w.l(libinit2.o)
    0x08000202   0x08000202   0x00000000   Code   RO         4733    .ARM.Collect$$libinit$$0000001D  c_w.l(libinit2.o)
    0x08000202   0x08000202   0x00000000   Code   RO         4735    .ARM.Collect$$libinit$$0000001F  c_w.l(libinit2.o)
    0x08000202   0x08000202   0x00000000   Code   RO         4737    .ARM.Collect$$libinit$$00000021  c_w.l(libinit2.o)
    0x08000202   0x08000202   0x00000000   Code   RO         4739    .ARM.Collect$$libinit$$00000023  c_w.l(libinit2.o)
    0x08000202   0x08000202   0x00000000   Code   RO         4741    .ARM.Collect$$libinit$$00000025  c_w.l(libinit2.o)
    0x08000202   0x08000202   0x00000000   Code   RO         4745    .ARM.Collect$$libinit$$0000002C  c_w.l(libinit2.o)
    0x08000202   0x08000202   0x00000000   Code   RO         4747    .ARM.Collect$$libinit$$0000002E  c_w.l(libinit2.o)
    0x08000202   0x08000202   0x00000000   Code   RO         4749    .ARM.Collect$$libinit$$00000030  c_w.l(libinit2.o)
    0x08000202   0x08000202   0x00000004   Code   RO         4750    .ARM.Collect$$libinit$$00000031  c_w.l(libinit2.o)
    0x08000206   0x08000206   0x00000000   Code   RO         4751    .ARM.Collect$$libinit$$00000032  c_w.l(libinit2.o)
    0x08000206   0x08000206   0x00000002   Code   RO         4752    .ARM.Collect$$libinit$$00000033  c_w.l(libinit2.o)
    0x08000208   0x08000208   0x00000002   Code   RO         5037    .ARM.Collect$$libshutdown$$00000000  c_w.l(libshutdown.o)
    0x0800020a   0x0800020a   0x00000000   Code   RO         5043    .ARM.Collect$$libshutdown$$00000002  c_w.l(libshutdown2.o)
    0x0800020a   0x0800020a   0x00000000   Code   RO         5045    .ARM.Collect$$libshutdown$$00000004  c_w.l(libshutdown2.o)
    0x0800020a   0x0800020a   0x00000000   Code   RO         5047    .ARM.Collect$$libshutdown$$00000006  c_w.l(libshutdown2.o)
    0x0800020a   0x0800020a   0x00000000   Code   RO         5050    .ARM.Collect$$libshutdown$$00000009  c_w.l(libshutdown2.o)
    0x0800020a   0x0800020a   0x00000000   Code   RO         5053    .ARM.Collect$$libshutdown$$0000000C  c_w.l(libshutdown2.o)
    0x0800020a   0x0800020a   0x00000000   Code   RO         5055    .ARM.Collect$$libshutdown$$0000000E  c_w.l(libshutdown2.o)
    0x0800020a   0x0800020a   0x00000000   Code   RO         5058    .ARM.Collect$$libshutdown$$00000011  c_w.l(libshutdown2.o)
    0x0800020a   0x0800020a   0x00000002   Code   RO         5059    .ARM.Collect$$libshutdown$$00000012  c_w.l(libshutdown2.o)
    0x0800020c   0x0800020c   0x00000000   Code   RO         4705    .ARM.Collect$$rtentry$$00000000  c_w.l(__rtentry.o)
    0x0800020c   0x0800020c   0x00000000   Code   RO         4844    .ARM.Collect$$rtentry$$00000002  c_w.l(__rtentry2.o)
    0x0800020c   0x0800020c   0x00000006   Code   RO         4856    .ARM.Collect$$rtentry$$00000004  c_w.l(__rtentry4.o)
    0x08000212   0x08000212   0x00000000   Code   RO         4846    .ARM.Collect$$rtentry$$00000009  c_w.l(__rtentry2.o)
    0x08000212   0x08000212   0x00000004   Code   RO         4847    .ARM.Collect$$rtentry$$0000000A  c_w.l(__rtentry2.o)
    0x08000216   0x08000216   0x00000000   Code   RO         4849    .ARM.Collect$$rtentry$$0000000C  c_w.l(__rtentry2.o)
    0x08000216   0x08000216   0x00000008   Code   RO         4850    .ARM.Collect$$rtentry$$0000000D  c_w.l(__rtentry2.o)
    0x0800021e   0x0800021e   0x00000002   Code   RO         4898    .ARM.Collect$$rtexit$$00000000  c_w.l(rtexit.o)
    0x08000220   0x08000220   0x00000000   Code   RO         4977    .ARM.Collect$$rtexit$$00000002  c_w.l(rtexit2.o)
    0x08000220   0x08000220   0x00000004   Code   RO         4978    .ARM.Collect$$rtexit$$00000003  c_w.l(rtexit2.o)
    0x08000224   0x08000224   0x00000006   Code   RO         4979    .ARM.Collect$$rtexit$$00000004  c_w.l(rtexit2.o)
    0x0800022a   0x0800022a   0x00000002   PAD
    0x0800022c   0x0800022c   0x00000040   Code   RO         4408    .text               startup_stm32f407xx.o
    0x0800026c   0x0800026c   0x00000002   Code   RO         4534    .text               c_w.l(use_no_semi.o)
    0x0800026e   0x0800026e   0x00000064   Code   RO         4536    .text               c_w.l(rt_memcpy_w.o)
    0x080002d2   0x080002d2   0x00000006   Code   RO         4538    .text               c_w.l(heapauxi.o)
    0x080002d8   0x080002d8   0x00000024   Code   RO         4545    .text               c_w.l(init_aeabi.o)
    0x080002fc   0x080002fc   0x00000016   Code   RO         4706    .text               c_w.l(_rserrno.o)
    0x08000312   0x08000312   0x00000002   PAD
    0x08000314   0x08000314   0x00000008   Code   RO         4861    .text               c_w.l(rt_errno_addr_intlibspace.o)
    0x0800031c   0x0800031c   0x00000008   Code   RO         4872    .text               c_w.l(libspace.o)
    0x08000324   0x08000324   0x0000004a   Code   RO         4875    .text               c_w.l(sys_stackheap_outer.o)
    0x0800036e   0x0800036e   0x00000012   Code   RO         4877    .text               c_w.l(exit.o)
    0x08000380   0x08000380   0x00000090   Code   RO         2797    i.GPIO_Init         stm32f4xx_gpio.o
    0x08000410   0x08000410   0x00000046   Code   RO         2798    i.GPIO_PinAFConfig  stm32f4xx_gpio.o
    0x08000456   0x08000456   0x00000004   Code   RO         2804    i.GPIO_ResetBits    stm32f4xx_gpio.o
    0x0800045a   0x0800045a   0x00000004   Code   RO         2805    i.GPIO_SetBits      stm32f4xx_gpio.o
    0x0800045e   0x0800045e   0x00000002   PAD
    0x08000460   0x08000460   0x00000020   Code   RO         3132    i.RCC_AHB1PeriphClockCmd  stm32f4xx_rcc.o
    0x08000480   0x08000480   0x00000020   Code   RO         3141    i.RCC_APB1PeriphClockCmd  stm32f4xx_rcc.o
    0x080004a0   0x080004a0   0x00000020   Code   RO         3144    i.RCC_APB2PeriphClockCmd  stm32f4xx_rcc.o
    0x080004c0   0x080004c0   0x000000e8   Code   RO         3153    i.RCC_GetClocksFreq  stm32f4xx_rcc.o
    0x080005a8   0x080005a8   0x0000006c   Code   RO         1930    i.SPI1_IRQHandler   spi_1.o
    0x08000614   0x08000614   0x00000012   Code   RO         3487    i.SPI_I2S_GetFlagStatus  stm32f4xx_spi.o
    0x08000626   0x08000626   0x00000002   PAD
    0x08000628   0x08000628   0x00000110   Code   RO         4415    i.SetSysClock       system_stm32f4xx.o
    0x08000738   0x08000738   0x00000018   Code   RO         1212    i.SysTick_Handler   time_service.o
    0x08000750   0x08000750   0x00000068   Code   RO         4417    i.SystemInit        system_stm32f4xx.o
    0x080007b8   0x080007b8   0x00000020   Code   RO         3649    i.TIM_BDTRConfig    stm32f4xx_tim.o
    0x080007d8   0x080007d8   0x00000018   Code   RO         3660    i.TIM_Cmd           stm32f4xx_tim.o
    0x080007f0   0x080007f0   0x0000001e   Code   RO         3662    i.TIM_CtrlPWMOutputs  stm32f4xx_tim.o
    0x0800080e   0x0800080e   0x00000002   PAD
    0x08000810   0x08000810   0x0000007c   Code   RO         3689    i.TIM_OC1Init       stm32f4xx_tim.o
    0x0800088c   0x0800088c   0x000000a4   Code   RO         3694    i.TIM_OC2Init       stm32f4xx_tim.o
    0x08000930   0x08000930   0x000000a0   Code   RO         3699    i.TIM_OC3Init       stm32f4xx_tim.o
    0x080009d0   0x080009d0   0x00000078   Code   RO         3704    i.TIM_OC4Init       stm32f4xx_tim.o
    0x08000a48   0x08000a48   0x00000004   Code   RO         3722    i.TIM_SetCompare1   stm32f4xx_tim.o
    0x08000a4c   0x08000a4c   0x00000004   Code   RO         3723    i.TIM_SetCompare2   stm32f4xx_tim.o
    0x08000a50   0x08000a50   0x00000004   Code   RO         3724    i.TIM_SetCompare3   stm32f4xx_tim.o
    0x08000a54   0x08000a54   0x00000004   Code   RO         3725    i.TIM_SetCompare4   stm32f4xx_tim.o
    0x08000a58   0x08000a58   0x00000084   Code   RO         3732    i.TIM_TimeBaseInit  stm32f4xx_tim.o
    0x08000adc   0x08000adc   0x000000a0   Code   RO         1432    i.USART1_IRQHandler  usart1.o
    0x08000b7c   0x08000b7c   0x000000a8   Code   RO         1493    i.USART2_IRQHandler  usart2.o
    0x08000c24   0x08000c24   0x000000a8   Code   RO         1547    i.USART3_IRQHandler  usart3.o
    0x08000ccc   0x08000ccc   0x000000a8   Code   RO         1601    i.USART6_IRQHandler  usart6.o
    0x08000d74   0x08000d74   0x0000001e   Code   RO         4214    i.USART_ClearITPendingBit  stm32f4xx_usart.o
    0x08000d92   0x08000d92   0x00000018   Code   RO         4217    i.USART_Cmd         stm32f4xx_usart.o
    0x08000daa   0x08000daa   0x0000004a   Code   RO         4223    i.USART_ITConfig    stm32f4xx_usart.o
    0x08000df4   0x08000df4   0x000000d4   Code   RO         4224    i.USART_Init        stm32f4xx_usart.o
    0x08000ec8   0x08000ec8   0x00000018   Code   RO         4240    i.USART_StructInit  stm32f4xx_usart.o
    0x08000ee0   0x08000ee0   0x0000020c   Code   RO          728    i._ZN12omniplatform4moveEfffff  omniplatform.o
    0x080010ec   0x080010ec   0x00000044   Code   RO          730    i._ZN12omniplatformC1ER5MotorS1_S1_S1_  omniplatform.o
    0x08001130   0x08001130   0x00000060   Code   RO         1213    i._ZN12time_service4initEv  time_service.o
    0x08001190   0x08001190   0x00000024   Code   RO         1214    i._ZN12time_service5delayEj  time_service.o
    0x080011b4   0x080011b4   0x0000000c   Code   RO         1215    i._ZN12time_service6millisEv  time_service.o
    0x080011c0   0x080011c0   0x00000012   Code   RO         1217    i._ZN12time_service9startTimeEv  time_service.o
    0x080011d2   0x080011d2   0x00000006   Code   RO          270    i._ZN15ProcessingCoord7setGoalEh  processing_coord.o
    0x080011d8   0x080011d8   0x000000a0   Code   RO          273    i._ZN15ProcessingCoordC1Ev  processing_coord.o
    0x08001278   0x08001278   0x00000038   Code   RO         1775    i._ZN3I2C12generateStopEv  i2c.o
    0x080012b0   0x080012b0   0x0000004a   Code   RO         1776    i._ZN3I2C13generateStartEv  i2c.o
    0x080012fa   0x080012fa   0x0000004e   Code   RO         1777    i._ZN3I2C4readEv    i2c.o
    0x08001348   0x08001348   0x00000038   Code   RO         1778    i._ZN3I2C4sendEh    i2c.o
    0x08001380   0x08001380   0x0000001c   Code   RO         1779    i._ZN3I2C5delayEv   i2c.o
    0x0800139c   0x0800139c   0x0000000c   Code   RO         1780    i._ZN3I2C6sclLowEv  i2c.o
    0x080013a8   0x080013a8   0x0000000e   Code   RO         1781    i._ZN3I2C6sdaLowEv  i2c.o
    0x080013b6   0x080013b6   0x00000044   Code   RO         1782    i._ZN3I2C7readAchEv  i2c.o
    0x080013fa   0x080013fa   0x0000000c   Code   RO         1783    i._ZN3I2C7sclHighEv  i2c.o
    0x08001406   0x08001406   0x0000000e   Code   RO         1785    i._ZN3I2C7sdaHighEv  i2c.o
    0x08001414   0x08001414   0x00000022   Code   RO         1786    i._ZN3I2C7sdaReadEv  i2c.o
    0x08001436   0x08001436   0x0000003c   Code   RO         1789    i._ZN3I2C8writeBitEb  i2c.o
    0x08001472   0x08001472   0x0000002e   Code   RO         1790    i._ZN3I2CC1ER3PinS1_  i2c.o
    0x080014a0   0x080014a0   0x00000134   Code   RO         1276    i._ZN3Pin12RCC_ClockCmdEv  pin_1.o
    0x080015d4   0x080015d4   0x000000f4   Code   RO         1277    i._ZN3Pin12setTimParamsEt  pin_1.o
    0x080016c8   0x080016c8   0x00000028   Code   RO         1278    i._ZN3Pin13setAFforUSARTEt  pin_1.o
    0x080016f0   0x080016f0   0x00000044   Code   RO         1279    i._ZN3Pin3pwmEj     pin_1.o
    0x08001734   0x08001734   0x00000006   Code   RO         1281    i._ZN3Pin6getPinEv  pin_1.o
    0x0800173a   0x0800173a   0x00000010   Code   RO         1282    i._ZN3Pin6setBitEv  pin_1.o
    0x0800174a   0x0800174a   0x000000cc   Code   RO         1283    i._ZN3Pin6setPinEh  pin_1.o
    0x08001816   0x08001816   0x00000002   PAD
    0x08001818   0x08001818   0x00000108   Code   RO         1284    i._ZN3Pin7pwmInitEsjh  pin_1.o
    0x08001920   0x08001920   0x00000074   Code   RO         1285    i._ZN3Pin7setGPIOEc  pin_1.o
    0x08001994   0x08001994   0x00000006   Code   RO         1286    i._ZN3Pin8getGPIOxEv  pin_1.o
    0x0800199a   0x0800199a   0x00000010   Code   RO         1287    i._ZN3Pin8resetBitEv  pin_1.o
    0x080019aa   0x080019aa   0x00000008   Code   RO         1288    i._ZN3Pin9getPeriodEv  pin_1.o
    0x080019b2   0x080019b2   0x00000002   PAD
    0x080019b4   0x080019b4   0x00000234   Code   RO         1289    i._ZN3PinC1Echt     pin_1.o
    0x08001be8   0x08001be8   0x0000000c   Code   RO         1381    i._ZN5Motor11getMaxSpeedEv  motor.o
    0x08001bf4   0x08001bf4   0x0000006c   Code   RO         1382    i._ZN5Motor2goEs    motor.o
    0x08001c60   0x08001c60   0x00000046   Code   RO         1385    i._ZN5MotorC1ER3PinhS1_h  motor.o
    0x08001ca6   0x08001ca6   0x00000002   PAD
    0x08001ca8   0x08001ca8   0x0000000c   Code   RO            4    i._ZN5Robot10calibratedEv  main.o
    0x08001cb4   0x08001cb4   0x000001f4   Code   RO            5    i._ZN5Robot13updateSensorsEv  main.o
    0x08001ea8   0x08001ea8   0x000000a8   Code   RO            6    i._ZN5Robot4initEh  main.o
    0x08001f50   0x08001f50   0x00000210   Code   RO            7    i._ZN5Robot8goToBallEv  main.o
    0x08002160   0x08002160   0x0000000a   Code   RO          391    i._ZN5Vec2b3setEdd  vec2b.o
    0x0800216a   0x0800216a   0x00000002   PAD
    0x0800216c   0x0800216c   0x00000398   Code   RO          392    i._ZN5Vec2b8changeToES_  vec2b.o
    0x08002504   0x08002504   0x0000000a   Code   RO          393    i._ZN5Vec2bC1Edd    vec2b.o
    0x0800250e   0x0800250e   0x00000002   PAD
    0x08002510   0x08002510   0x0000001c   Code   RO          394    i._ZN5Vec2bC1Ev     vec2b.o
    0x0800252c   0x0800252c   0x00000168   Code   RO         1433    i._ZN5uart110usart1InitEjfh  usart1.o
    0x08002694   0x08002694   0x00000048   Code   RO         1434    i._ZN5uart14readEv  usart1.o
    0x080026dc   0x080026dc   0x00000034   Code   RO         1436    i._ZN5uart19availableEv  usart1.o
    0x08002710   0x08002710   0x00000168   Code   RO         1494    i._ZN5uart210usart2InitEjfh  usart2.o
    0x08002878   0x08002878   0x00000048   Code   RO         1495    i._ZN5uart24readEv  usart2.o
    0x080028c0   0x080028c0   0x00000034   Code   RO         1497    i._ZN5uart29availableEv  usart2.o
    0x080028f4   0x080028f4   0x00000168   Code   RO         1548    i._ZN5uart310usart3InitEjfh  usart3.o
    0x08002a5c   0x08002a5c   0x00000048   Code   RO         1549    i._ZN5uart34readEv  usart3.o
    0x08002aa4   0x08002aa4   0x00000034   Code   RO         1551    i._ZN5uart39availableEv  usart3.o
    0x08002ad8   0x08002ad8   0x00000168   Code   RO         1602    i._ZN5uart610usart6InitEjfh  usart6.o
    0x08002c40   0x08002c40   0x00000048   Code   RO         1603    i._ZN5uart64readEv  usart6.o
    0x08002c88   0x08002c88   0x00000034   Code   RO         1605    i._ZN5uart69availableEv  usart6.o
    0x08002cbc   0x08002cbc   0x00000056   Code   RO          567    i._ZN6OpenMV9initUSARTEh  openmv.o
    0x08002d12   0x08002d12   0x0000002a   Code   RO          568    i._ZN6OpenMVC1ER3PinS1_h  openmv.o
    0x08002d3c   0x08002d3c   0x00000008   Code   RO          771    i._ZN8gyro_imu11getRotationEv  imu_usart.o
    0x08002d44   0x08002d44   0x00000006   Code   RO          772    i._ZN8gyro_imu12setZeroAngleEv  imu_usart.o
    0x08002d4a   0x08002d4a   0x00000002   PAD
    0x08002d4c   0x08002d4c   0x000000ac   Code   RO          773    i._ZN8gyro_imu13calculateSoftEfff  imu_usart.o
    0x08002df8   0x08002df8   0x00000008   Code   RO          774    i._ZN8gyro_imu14getMaxRotationEv  imu_usart.o
    0x08002e00   0x08002e00   0x00000008   Code   RO          775    i._ZN8gyro_imu15getCurrentAngleEv  imu_usart.o
    0x08002e08   0x08002e08   0x00000042   Code   RO          776    i._ZN8gyro_imu20setRotationForTargetEv  imu_usart.o
    0x08002e4a   0x08002e4a   0x00000002   PAD
    0x08002e4c   0x08002e4c   0x00000110   Code   RO          777    i._ZN8gyro_imu4readEv  imu_usart.o
    0x08002f5c   0x08002f5c   0x00000020   Code   RO          778    i._ZN8gyro_imu6adductEs  imu_usart.o
    0x08002f7c   0x08002f7c   0x00000056   Code   RO          780    i._ZN8gyro_imu9initUSARTEh  imu_usart.o
    0x08002fd2   0x08002fd2   0x00000024   Code   RO          782    i._ZN8gyro_imuC1ER3PinS1_h  imu_usart.o
    0x08002ff6   0x08002ff6   0x000002ee   Code   RO          443    i._ZN9BallVec2b12changeValuesEb  queues_ball.o
    0x080032e4   0x080032e4   0x00000030   Code   RO          444    i._ZN9BallVec2b15getCurrentVec2bEv  queues_ball.o
    0x08003314   0x08003314   0x00000120   Code   RO          445    i._ZN9BallVec2b18setTransitionBy360Ev  queues_ball.o
    0x08003434   0x08003434   0x00000134   Code   RO          446    i._ZN9BallVec2b4pushE5Vec2bj  queues_ball.o
    0x08003568   0x08003568   0x00000088   Code   RO          447    i._ZN9BallVec2b6adductEd  queues_ball.o
    0x080035f0   0x080035f0   0x000004a2   Code   RO          448    i._ZN9BallVec2b9calculateEv  queues_ball.o
    0x08003a92   0x08003a92   0x00000002   PAD
    0x08003a94   0x08003a94   0x000000a8   Code   RO          449    i._ZN9BallVec2bC1Ev  queues_ball.o
    0x08003b3c   0x08003b3c   0x00000188   Code   RO          665    i._ZN9IRLocator11angleOffsetEff  ir_locator.o
    0x08003cc4   0x08003cc4   0x000000ac   Code   RO          666    i._ZN9IRLocator11convertDistEd  ir_locator.o
    0x08003d70   0x08003d70   0x00000020   Code   RO          667    i._ZN9IRLocator6adductEs  ir_locator.o
    0x08003d90   0x08003d90   0x00000008   Code   RO          668    i._ZN9IRLocator7getDistEv  ir_locator.o
    0x08003d98   0x08003d98   0x00000058   Code   RO          669    i._ZN9IRLocator8getAngleEv  ir_locator.o
    0x08003df0   0x08003df0   0x0000006a   Code   RO          670    i._ZN9IRLocator8getValueEh  ir_locator.o
    0x08003e5a   0x08003e5a   0x0000001a   Code   RO          671    i._ZN9IRLocatorC1ER3I2Cj  ir_locator.o
    0x08003e74   0x08003e74   0x0000000e   Code   RO          497    i._ZN9Vec2bTime3setEddjs  queues_ball.o
    0x08003e82   0x08003e82   0x00000006   Code   RO          515    i._ZN9Vec2bTime6getLenEv  queues_ball.o
    0x08003e88   0x08003e88   0x00000054   Code   RO          503    i._ZN9Vec2bTime7correctEv  queues_ball.o
    0x08003edc   0x08003edc   0x00000006   Code   RO          527    i._ZN9Vec2bTime7getTimeEv  queues_ball.o
    0x08003ee2   0x08003ee2   0x00000006   Code   RO          521    i._ZN9Vec2bTime8getAngleEv  queues_ball.o
    0x08003ee8   0x08003ee8   0x0000000e   Code   RO          533    i._ZN9Vec2bTimeC1Ev  queues_ball.o
    0x08003ef6   0x08003ef6   0x00000034   Code   RO          509    i._ZSt3powdi        queues_ball.o
    0x08003f2a   0x08003f2a   0x00000018   Code   RO          637    i._ZSt3sinf         openmv.o
    0x08003f42   0x08003f42   0x00000030   Code   RO         4808    i.__ARM_fpclassify  m_wm.l(fpclassify.o)
    0x08003f72   0x08003f72   0x00000026   Code   RO         4810    i.__ARM_fpclassifyf  m_wm.l(fpclassifyf.o)
    0x08003f98   0x08003f98   0x00000024   Code   RO         4548    i.__aeabi_vec_ctor_nocookie_nodtor  cpprt_w.l(aeabi_vec_ctor_nocookie_nodtor.o)
    0x08003fbc   0x08003fbc   0x00000004   PAD
    0x08003fc0   0x08003fc0   0x000002d8   Code   RO         4771    i.__hardfp_atan     m_wm.l(atan.o)
    0x08004298   0x08004298   0x00000200   Code   RO         4607    i.__hardfp_atan2    m_wm.l(atan2.o)
    0x08004498   0x08004498   0x000000c8   Code   RO         4631    i.__hardfp_cos      m_wm.l(cos.o)
    0x08004560   0x08004560   0x00000c50   Code   RO         4655    i.__hardfp_pow      m_wm.l(pow.o)
    0x080051b0   0x080051b0   0x000000c8   Code   RO         4669    i.__hardfp_sin      m_wm.l(sin.o)
    0x08005278   0x08005278   0x00000190   Code   RO         4681    i.__hardfp_sinf     m_wm.l(sinf.o)
    0x08005408   0x08005408   0x0000007a   Code   RO         4693    i.__hardfp_sqrt     m_wm.l(sqrt.o)
    0x08005482   0x08005482   0x00000006   PAD
    0x08005488   0x08005488   0x00000438   Code   RO         4829    i.__ieee754_rem_pio2  m_wm.l(rred.o)
    0x080058c0   0x080058c0   0x00000170   Code   RO         4785    i.__kernel_cos      m_wm.l(cos_i.o)
    0x08005a30   0x08005a30   0x000000f8   Code   RO         4826    i.__kernel_poly     m_wm.l(poly.o)
    0x08005b28   0x08005b28   0x00000130   Code   RO         4837    i.__kernel_sin      m_wm.l(sin_i.o)
    0x08005c58   0x08005c58   0x00000030   Code   RO         4788    i.__mathlib_dbl_divzero  m_wm.l(dunder.o)
    0x08005c88   0x08005c88   0x00000014   Code   RO         4789    i.__mathlib_dbl_infnan  m_wm.l(dunder.o)
    0x08005c9c   0x08005c9c   0x00000014   Code   RO         4790    i.__mathlib_dbl_infnan2  m_wm.l(dunder.o)
    0x08005cb0   0x08005cb0   0x00000020   Code   RO         4791    i.__mathlib_dbl_invalid  m_wm.l(dunder.o)
    0x08005cd0   0x08005cd0   0x00000020   Code   RO         4792    i.__mathlib_dbl_overflow  m_wm.l(dunder.o)
    0x08005cf0   0x08005cf0   0x00000020   Code   RO         4794    i.__mathlib_dbl_underflow  m_wm.l(dunder.o)
    0x08005d10   0x08005d10   0x00000006   Code   RO         4813    i.__mathlib_flt_infnan  m_wm.l(funder.o)
    0x08005d16   0x08005d16   0x00000002   PAD
    0x08005d18   0x08005d18   0x00000010   Code   RO         4815    i.__mathlib_flt_invalid  m_wm.l(funder.o)
    0x08005d28   0x08005d28   0x00000010   Code   RO         4818    i.__mathlib_flt_underflow  m_wm.l(funder.o)
    0x08005d38   0x08005d38   0x00000154   Code   RO         4834    i.__mathlib_rredf2  m_wm.l(rredf.o)
    0x08005e8c   0x08005e8c   0x000001a4   Code   RO            8    i.__sti___8_main_cpp_635db6cf  main.o
    0x08006030   0x08006030   0x00000004   Code   RO         1992    i._sys_exit         retarget.o
    0x08006034   0x08006034   0x00000010   Code   RO         4773    i.atan              m_wm.l(atan.o)
    0x08006044   0x08006044   0x00000018   Code   RO         4804    i.fabs              m_wm.l(fabs.o)
    0x0800605c   0x0800605c   0x00000018   Code   RO            9    i.main              main.o
    0x08006074   0x08006074   0x0000006e   Code   RO         4695    i.sqrt              m_wm.l(sqrt.o)
    0x080060e2   0x080060e2   0x00000018   Code   RO         4551    x$fpl$basic         fz_wm.l(basic.o)
    0x080060fa   0x080060fa   0x00000002   PAD
    0x080060fc   0x080060fc   0x00000062   Code   RO         4553    x$fpl$d2f           fz_wm.l(d2f.o)
    0x0800615e   0x0800615e   0x00000002   PAD
    0x08006160   0x08006160   0x00000150   Code   RO         4555    x$fpl$dadd          fz_wm.l(daddsub_clz.o)
    0x080062b0   0x080062b0   0x00000010   Code   RO         4868    x$fpl$dcheck1       fz_wm.l(dcheck1.o)
    0x080062c0   0x080062c0   0x00000018   Code   RO         4756    x$fpl$dcmpinf       fz_wm.l(dcmpi.o)
    0x080062d8   0x080062d8   0x000002b0   Code   RO         4562    x$fpl$ddiv          fz_wm.l(ddiv.o)
    0x08006588   0x08006588   0x00000078   Code   RO         4565    x$fpl$deqf          fz_wm.l(deqf.o)
    0x08006600   0x08006600   0x0000005e   Code   RO         4567    x$fpl$dfix          fz_wm.l(dfix.o)
    0x0800665e   0x0800665e   0x0000002e   Code   RO         4576    x$fpl$dflt          fz_wm.l(dflt_clz.o)
    0x0800668c   0x0800668c   0x00000026   Code   RO         4575    x$fpl$dfltu         fz_wm.l(dflt_clz.o)
    0x080066b2   0x080066b2   0x00000002   PAD
    0x080066b4   0x080066b4   0x00000078   Code   RO         4585    x$fpl$dleqf         fz_wm.l(dleqf.o)
    0x0800672c   0x0800672c   0x00000154   Code   RO         4587    x$fpl$dmul          fz_wm.l(dmul.o)
    0x08006880   0x08006880   0x0000009c   Code   RO         4758    x$fpl$dnaninf       fz_wm.l(dnaninf.o)
    0x0800691c   0x0800691c   0x0000000c   Code   RO         4760    x$fpl$dretinf       fz_wm.l(dretinf.o)
    0x08006928   0x08006928   0x0000006c   Code   RO         4589    x$fpl$drleqf        fz_wm.l(drleqf.o)
    0x08006994   0x08006994   0x00000016   Code   RO         4556    x$fpl$drsb          fz_wm.l(daddsub_clz.o)
    0x080069aa   0x080069aa   0x00000002   PAD
    0x080069ac   0x080069ac   0x00000198   Code   RO         4762    x$fpl$dsqrt         fz_wm.l(dsqrt_umaal.o)
    0x08006b44   0x08006b44   0x000001d4   Code   RO         4557    x$fpl$dsub          fz_wm.l(daddsub_clz.o)
    0x08006d18   0x08006d18   0x00000056   Code   RO         4591    x$fpl$f2d           fz_wm.l(f2d.o)
    0x08006d6e   0x08006d6e   0x0000008c   Code   RO         4764    x$fpl$fnaninf       fz_wm.l(fnaninf.o)
    0x08006dfa   0x08006dfa   0x0000000a   Code   RO         4870    x$fpl$fpinit        fz_wm.l(fpinit.o)
    0x08006e04   0x08006e04   0x0000000a   Code   RO         4766    x$fpl$fretinf       fz_wm.l(fretinf.o)
    0x08006e0e   0x08006e0e   0x00000064   Code   RO         4896    x$fpl$retnan        fz_wm.l(retnan.o)
    0x08006e72   0x08006e72   0x0000005c   Code   RO         4768    x$fpl$scalbn        fz_wm.l(scalbn.o)
    0x08006ece   0x08006ece   0x00000030   Code   RO         4972    x$fpl$trapveneer    fz_wm.l(trapv.o)
    0x08006efe   0x08006efe   0x00000000   Code   RO         4770    x$fpl$usenofp       fz_wm.l(usenofp.o)
    0x08006efe   0x08006efe   0x0000003d   Data   RO         2005    .constdata          retarget.o
    0x08006f3b   0x08006f3b   0x00000005   PAD
    0x08006f40   0x08006f40   0x00000088   Data   RO         4658    .constdata          m_wm.l(pow.o)
    0x08006fc8   0x08006fc8   0x00000098   Data   RO         4774    .constdata          m_wm.l(atan.o)
    0x08007060   0x08007060   0x00000030   Data   RO         4786    .constdata          m_wm.l(cos_i.o)
    0x08007090   0x08007090   0x00000008   Data   RO         4828    .constdata          m_wm.l(qnan.o)
    0x08007098   0x08007098   0x000000c8   Data   RO         4831    .constdata          m_wm.l(rred.o)
    0x08007160   0x08007160   0x00000020   Data   RO         4835    .constdata          m_wm.l(rredf.o)
    0x08007180   0x08007180   0x00000028   Data   RO         4838    .constdata          m_wm.l(sin_i.o)
    0x080071a8   0x080071a8   0x00000020   Data   RO         5078    Region$$Table       anon$$obj.o
    0x080071c8   0x080071c8   0x00000004   Data   RO           18    .init_array         main.o
    0x080071cc   0x080071c8   0x00000000   Data   RO         4543    .init_array         c_w.l(init_aeabi.o)


    Execution Region RW_IRAM1 (Exec base: 0x20000000, Load base: 0x080071cc, Size: 0x00002df8, Max: 0x00020000, ABSOLUTE)

    Exec Addr    Load Addr    Size         Type   Attr      Idx    E Section Name        Object

    0x20000000   0x080071cc   0x00000050   Data   RW           17    .data               main.o
    0x20000050   0x0800721c   0x00000008   Data   RW         1224    .data               time_service.o
    0x20000058   0x08007224   0x00000019   Data   RW         1442    .data               usart1.o
    0x20000071   0x0800723d   0x00000001   PAD
    0x20000072   0x0800723e   0x00000019   Data   RW         1503    .data               usart2.o
    0x2000008b   0x08007257   0x00000001   PAD
    0x2000008c   0x08007258   0x00000019   Data   RW         1557    .data               usart3.o
    0x200000a5   0x08007271   0x00000001   PAD
    0x200000a6   0x08007272   0x00000019   Data   RW         1611    .data               usart6.o
    0x200000bf   0x0800728b   0x00000001   PAD
    0x200000c0   0x0800728c   0x00000016   Data   RW         1941    .data               spi_1.o
    0x200000d6   0x080072a2   0x00000010   Data   RW         3185    .data               stm32f4xx_rcc.o
    0x200000e6   0x080072b2   0x00000002   PAD
    0x200000e8        -       0x00000da0   Zero   RW           16    .bss                main.o
    0x20000e88        -       0x00000020   Zero   RW         1940    .bss                spi_1.o
    0x20000ea8        -       0x00000060   Zero   RW         4873    .bss                c_w.l(libspace.o)
    0x20000f08        -       0x00000f00   Zero   RW         4406    HEAP                startup_stm32f407xx.o
    0x20001e08        -       0x00000ff0   Zero   RW         4405    STACK               startup_stm32f407xx.o


==============================================================================

Image component sizes


      Code (inc. data)   RO Data    RW Data    ZI Data      Debug   Object Name

       552          0          0          0          0       8248   i2c.o
       694         12          0          0          0       7216   imu_usart.o
       824         76          0          0          0       5964   ir_locator.o
      1652        318          4         80       3488     305221   main.o
         0          0          0          0          0     256632   misc.o
       190          0          0          0          0       2660   motor.o
       592         30          0          0          0       2784   omniplatform.o
       152          0          0          0          0       3506   openmv.o
      1860        216          0          0          0       9696   pin_1.o
       166         40          0          0          0       2768   processing_coord.o
      3066         98          0          0          0      11424   queues_ball.o
         4          0         61          0          0       2660   retarget.o
       108         16          0         22         32       1290   spi_1.o
        64         26        392          0       7920        880   startup_stm32f407xx.o
       222          0          0          0          0      10007   stm32f4xx_gpio.o
       328         36          0         16          0      20115   stm32f4xx_rcc.o
        18          0          0          0          0       9444   stm32f4xx_spi.o
       802         66          0          0          0      27871   stm32f4xx_tim.o
       364          8          0          0          0      10199   stm32f4xx_usart.o
       376         26          0          0          0       1325   system_stm32f4xx.o
       186         22          0          8          0      32953   time_service.o
       644         98          0         25          0      37975   usart1.o
       652        100          0         25          0       3604   usart2.o
       652        100          0         25          0       3604   usart3.o
       652        100          0         25          0       3604   usart6.o
       968         60          0          0          0       3284   vec2b.o

    ----------------------------------------------------------------------
     15810       1448        494        232      11440     784934   Object Totals
         0          0         32          0          0          0   (incl. Generated)
        22          0          5          6          0          0   (incl. Padding)

    ----------------------------------------------------------------------

      Code (inc. data)   RO Data    RW Data    ZI Data      Debug   Library Member Name

         8          0          0          0          0         68   __main.o
         0          0          0          0          0          0   __rtentry.o
        12          0          0          0          0          0   __rtentry2.o
         6          0          0          0          0          0   __rtentry4.o
        52          8          0          0          0          0   __scatter.o
        26          0          0          0          0          0   __scatter_copy.o
        28          0          0          0          0          0   __scatter_zi.o
        22          0          0          0          0        100   _rserrno.o
        18          0          0          0          0         80   exit.o
         6          0          0          0          0        152   heapauxi.o
        36         10          0          0          0         80   init_aeabi.o
         2          0          0          0          0          0   libinit.o
        10          0          0          0          0          0   libinit2.o
         2          0          0          0          0          0   libshutdown.o
         2          0          0          0          0          0   libshutdown2.o
         8          4          0          0         96         68   libspace.o
         8          4          0          0          0         68   rt_errno_addr_intlibspace.o
       100          0          0          0          0         80   rt_memcpy_w.o
         2          0          0          0          0          0   rtexit.o
        10          0          0          0          0          0   rtexit2.o
        74          0          0          0          0         80   sys_stackheap_outer.o
         2          0          0          0          0         68   use_no_semi.o
        36          0          0          0          0         84   aeabi_vec_ctor_nocookie_nodtor.o
        24          0          0          0          0        164   basic.o
        98          4          0          0          0        140   d2f.o
       826         16          0          0          0        492   daddsub_clz.o
        16          4          0          0          0        116   dcheck1.o
        24          0          0          0          0        116   dcmpi.o
       688        140          0          0          0        256   ddiv.o
       120          4          0          0          0        140   deqf.o
        94          4          0          0          0        140   dfix.o
        84          0          0          0          0        232   dflt_clz.o
       120          4          0          0          0        140   dleqf.o
       340         12          0          0          0        152   dmul.o
       156          4          0          0          0        140   dnaninf.o
        12          0          0          0          0        116   dretinf.o
       108          0          0          0          0        128   drleqf.o
       408         56          0          0          0        168   dsqrt_umaal.o
        86          4          0          0          0        132   f2d.o
       140          4          0          0          0        132   fnaninf.o
        10          0          0          0          0        116   fpinit.o
        10          0          0          0          0        116   fretinf.o
       100          0          0          0          0        116   retnan.o
        92          0          0          0          0        116   scalbn.o
        48          0          0          0          0        116   trapv.o
         0          0          0          0          0          0   usenofp.o
       744        106        152          0          0        352   atan.o
       512         64          0          0          0        208   atan2.o
       200         20          0          0          0        164   cos.o
       368         46         48          0          0        200   cos_i.o
       184         44          0          0          0        744   dunder.o
        24          0          0          0          0        124   fabs.o
        48          0          0          0          0        124   fpclassify.o
        38          0          0          0          0        116   fpclassifyf.o
        38         12          0          0          0        348   funder.o
       248          0          0          0          0        152   poly.o
      3152        296        136          0          0        352   pow.o
         0          0          8          0          0          0   qnan.o
      1080        142        200          0          0        188   rred.o
       340         24         32          0          0        160   rredf.o
       200         20          0          0          0        164   sin.o
       304         24         40          0          0        208   sin_i.o
       400         56          0          0          0        212   sinf.o
       232          0          0          0          0        296   sqrt.o

    ----------------------------------------------------------------------
     12212       1136        616          0         96       8524   Library Totals
        26          0          0          0          0          0   (incl. Padding)

    ----------------------------------------------------------------------

      Code (inc. data)   RO Data    RW Data    ZI Data      Debug   Library Name

       434         26          0          0         96        844   c_w.l
        36          0          0          0          0         84   cpprt_w.l
      3604        256          0          0          0       3484   fz_wm.l
      8112        854        616          0          0       4112   m_wm.l

    ----------------------------------------------------------------------
     12212       1136        616          0         96       8524   Library Totals

    ----------------------------------------------------------------------

==============================================================================


      Code (inc. data)   RO Data    RW Data    ZI Data      Debug   

     28022       2584       1110        232      11536     776294   Grand Totals
     28022       2584       1110        232      11536     776294   ELF Image Totals
     28022       2584       1110        232          0          0   ROM Totals

==============================================================================

    Total RO  Size (Code + RO Data)                29132 (  28.45kB)
    Total RW  Size (RW Data + ZI Data)             11768 (  11.49kB)
    Total ROM Size (Code + RO Data + RW Data)      29364 (  28.68kB)

==============================================================================

