Component: ARM Compiler 5.06 update 7 (build 960) Tool: armlink [4d3601]

==============================================================================

Section Cross References

    main.o(i._Z10writeFLASHh) refers to stm32f4xx_flash.o(i.FLASH_Unlock) for FLASH_Unlock
    main.o(i._Z10writeFLASHh) refers to stm32f4xx_flash.o(i.FLASH_EraseSector) for FLASH_EraseSector
    main.o(i._Z10writeFLASHh) refers to stm32f4xx_flash.o(i.FLASH_ProgramWord) for FLASH_ProgramWord
    main.o(i._Z10writeFLASHh) refers to stm32f4xx_flash.o(i.FLASH_Lock) for FLASH_Lock
    main.o(i._Z9readFLASHv) refers to stm32f4xx_flash.o(i.FLASH_Unlock) for FLASH_Unlock
    main.o(i._ZN8Asterisk10calibratedEv) refers to main.o(.data) for Asterisk::imuCalibrated
    main.o(i._ZN8Asterisk11protectGoalEv) refers to imu_usart.o(i._ZN8gyro_imu20setRotationForTargetEv) for gyro_imu::setRotationForTarget()
    main.o(i._ZN8Asterisk11protectGoalEv) refers to imu_usart.o(i._ZN8gyro_imu11getRotationEv) for gyro_imu::getRotation()
    main.o(i._ZN8Asterisk11protectGoalEv) refers to main.o(i._ZN8Asterisk9mustLeaveEv) for Asterisk::mustLeave()
    main.o(i._ZN8Asterisk11protectGoalEv) refers to vec2b.o(i._ZN5Vec2bC1Ev) for Vec2b::Vec2b()
    main.o(i._ZN8Asterisk11protectGoalEv) refers to atan2f.o(i.__hardfp_atan2f) for __hardfp_atan2f
    main.o(i._ZN8Asterisk11protectGoalEv) refers to f2d.o(x$fpl$f2d) for __aeabi_f2d
    main.o(i._ZN8Asterisk11protectGoalEv) refers to dmul.o(x$fpl$dmul) for __aeabi_dmul
    main.o(i._ZN8Asterisk11protectGoalEv) refers to dfix.o(x$fpl$dfix) for __aeabi_d2iz
    main.o(i._ZN8Asterisk11protectGoalEv) refers to ir_locator.o(i._ZN9IRLocator7distBadEs) for IRLocator::distBad(short)
    main.o(i._ZN8Asterisk11protectGoalEv) refers to processing_coord.o(i._ZN15ProcessingCoord20getVecToIntersectionEs) for ProcessingCoord::getVecToIntersection(short)
    main.o(i._ZN8Asterisk11protectGoalEv) refers to processing_coord.o(i._ZN15ProcessingCoord13getVecToPointEss) for ProcessingCoord::getVecToPoint(short, short)
    main.o(i._ZN8Asterisk11protectGoalEv) refers to vec2b.o(i._ZN5Vec2bC1Edd) for Vec2b::Vec2b(double, double)
    main.o(i._ZN8Asterisk11protectGoalEv) refers to processing_coord.o(i._ZN15ProcessingCoord18getVecToGoalCenterEv) for ProcessingCoord::getVecToGoalCenter()
    main.o(i._ZN8Asterisk11protectGoalEv) refers to d2f.o(x$fpl$d2f) for __aeabi_d2f
    main.o(i._ZN8Asterisk11protectGoalEv) refers to processing_coord.o(i._ZN15ProcessingCoord20getCoeffToGoalCenterEf) for ProcessingCoord::getCoeffToGoalCenter(float)
    main.o(i._ZN8Asterisk11protectGoalEv) refers to vec2b.o(i._ZN5Vec2bplERKS_) for Vec2b::operator +(const Vec2b&)
    main.o(i._ZN8Asterisk11protectGoalEv) refers to time_service.o(i._ZN12time_service6millisEv) for time_service::millis()
    main.o(i._ZN8Asterisk11protectGoalEv) refers to processing_coord.o(i._ZN15ProcessingCoord19getCurrentLeaveTimeEv) for ProcessingCoord::getCurrentLeaveTime()
    main.o(i._ZN8Asterisk11protectGoalEv) refers to main.o(i._ZN8Asterisk20getVec2bToBallFollowEv) for Asterisk::getVec2bToBallFollow()
    main.o(i._ZN8Asterisk11protectGoalEv) refers to sqrtf.o(i.__hardfp_sqrtf) for __hardfp_sqrtf
    main.o(i._ZN8Asterisk11protectGoalEv) refers to drleqf.o(x$fpl$drleqf) for __aeabi_cdrcmple
    main.o(i._ZN8Asterisk11protectGoalEv) refers to processing_coord.o(i._ZN15ProcessingCoord14getVecToReturnEv) for ProcessingCoord::getVecToReturn()
    main.o(i._ZN8Asterisk11protectGoalEv) refers to processing_coord.o(i._ZN15ProcessingCoord16changeFromReturnEv) for ProcessingCoord::changeFromReturn()
    main.o(i._ZN8Asterisk11protectGoalEv) refers to vec2b.o(i._ZN5Vec2b8changeToES_) for Vec2b::changeTo(Vec2b)
    main.o(i._ZN8Asterisk11protectGoalEv) refers to imu_usart.o(i._ZN8gyro_imu14getMaxRotationEv) for gyro_imu::getMaxRotation()
    main.o(i._ZN8Asterisk11protectGoalEv) refers to omniplatform.o(i._ZN12omniplatform4moveEfffff) for omniplatform::move(float, float, float, float, float)
    main.o(i._ZN8Asterisk11protectGoalEv) refers to main.o(.bss) for Asterisk::gyro
    main.o(i._ZN8Asterisk11protectGoalEv) refers to main.o(.data) for Asterisk::pow
    main.o(i._ZN8Asterisk20getVec2bToBallFollowEv) refers to imu_usart.o(i._ZN8gyro_imu6adductEs) for gyro_imu::adduct(short)
    main.o(i._ZN8Asterisk20getVec2bToBallFollowEv) refers to ir_locator.o(i._ZN9IRLocator11angleOffsetEff) for IRLocator::angleOffset(float, float)
    main.o(i._ZN8Asterisk20getVec2bToBallFollowEv) refers to imu_usart.o(i._ZN8gyro_imu13calculateSoftEff) for gyro_imu::calculateSoft(float, float)
    main.o(i._ZN8Asterisk20getVec2bToBallFollowEv) refers to f2d.o(x$fpl$f2d) for __aeabi_f2d
    main.o(i._ZN8Asterisk20getVec2bToBallFollowEv) refers to vec2b.o(i._ZN5Vec2bC1Edd) for Vec2b::Vec2b(double, double)
    main.o(i._ZN8Asterisk20getVec2bToBallFollowEv) refers to main.o(.data) for Asterisk::speedForward
    main.o(i._ZN8Asterisk20getVec2bToBallFollowEv) refers to main.o(.bss) for Asterisk::gyro
[...]
    CAN2_SCE_IRQHandler                      0x08000247   Thumb Code     0  startup_stm32f407xx.o(.text)
    CAN2_TX_IRQHandler                       0x08000247   Thumb Code     0  startup_stm32f407xx.o(.text)
    DCMI_IRQHandler                          0x08000247   Thumb Code     0  startup_stm32f407xx.o(.text)
    DMA1_Stream0_IRQHandler                  0x08000247   Thumb Code     0  startup_stm32f407xx.o(.text)
    DMA1_Stream1_IRQHandler                  0x08000247   Thumb Code     0  startup_stm32f407xx.o(.text)
    DMA1_Stream2_IRQHandler                  0x08000247   Thumb Code     0  startup_stm32f407xx.o(.text)
    DMA1_Stream3_IRQHandler                  0x08000247   Thumb Code     0  startup_stm32f407xx.o(.text)
    DMA1_Stream4_IRQHandler                  0x08000247   Thumb Code     0  startup_stm32f407xx.o(.text)
    DMA1_Stream5_IRQHandler                  0x08000247   Thumb Code     0  startup_stm32f407xx.o(.text)
    DMA1_Stream6_IRQHandler                  0x08000247   Thumb Code     0  startup_stm32f407xx.o(.text)
    DMA1_Stream7_IRQHandler                  0x08000247   Thumb Code     0  startup_stm32f407xx.o(.text)
    DMA2_Stream0_IRQHandler                  0x08000247   Thumb Code     0  startup_stm32f407xx.o(.text)
    DMA2_Stream1_IRQHandler                  0x08000247   Thumb Code     0  startup_stm32f407xx.o(.text)
    DMA2_Stream2_IRQHandler                  0x08000247   Thumb Code     0  startup_stm32f407xx.o(.text)
    DMA2_Stream3_IRQHandler                  0x08000247   Thumb Code     0  startup_stm32f407xx.o(.text)
    DMA2_Stream4_IRQHandler                  0x08000247   Thumb Code     0  startup_stm32f407xx.o(.text)
    DMA2_Stream5_IRQHandler                  0x08000247   Thumb Code     0  startup_stm32f407xx.o(.text)
    DMA2_Stream6_IRQHandler                  0x08000247   Thumb Code     0  startup_stm32f407xx.o(.text)
    DMA2_Stream7_IRQHandler                  0x08000247   Thumb Code     0  startup_stm32f407xx.o(.text)
    ETH_IRQHandler                           0x08000247   Thumb Code     0  startup_stm32f407xx.o(.text)
    ETH_WKUP_IRQHandler                      0x08000247   Thumb Code     0  startup_stm32f407xx.o(.text)
    EXTI0_IRQHandler                         0x08000247   Thumb Code     0  startup_stm32f407xx.o(.text)
    EXTI15_10_IRQHandler                     0x08000247   Thumb Code     0  startup_stm32f407xx.o(.text)
    EXTI1_IRQHandler                         0x08000247   Thumb Code     0  startup_stm32f407xx.o(.text)
    EXTI2_IRQHandler                         0x08000247   Thumb Code     0  startup_stm32f407xx.o(.text)
    EXTI3_IRQHandler                         0x08000247   Thumb Code     0  startup_stm32f407xx.o(.text)
    EXTI4_IRQHandler                         0x08000247   Thumb Code     0  startup_stm32f407xx.o(.text)
    EXTI9_5_IRQHandler                       0x08000247   Thumb Code     0  startup_stm32f407xx.o(.text)
    FLASH_IRQHandler                         0x08000247   Thumb Code     0  startup_stm32f407xx.o(.text)
    FMC_IRQHandler                           0x08000247   Thumb Code     0  startup_stm32f407xx.o(.text)
    FPU_IRQHandler                           0x08000247   Thumb Code     0  startup_stm32f407xx.o(.text)
    HASH_RNG_IRQHandler                      0x08000247   Thumb Code     0  startup_stm32f407xx.o(.text)
    I2C1_ER_IRQHandler                       0x08000247   Thumb Code     0  startup_stm32f407xx.o(.text)
    I2C1_EV_IRQHandler                       0x08000247   Thumb Code     0  startup_stm32f407xx.o(.text)
    I2C2_ER_IRQHandler                       0x08000247   Thumb Code     0  startup_stm32f407xx.o(.text)
    I2C2_EV_IRQHandler                       0x08000247   Thumb Code     0  startup_stm32f407xx.o(.text)
    I2C3_ER_IRQHandler                       0x08000247   Thumb Code     0  startup_stm32f407xx.o(.text)
    I2C3_EV_IRQHandler                       0x08000247   Thumb Code     0  startup_stm32f407xx.o(.text)
    OTG_FS_IRQHandler                        0x08000247   Thumb Code     0  startup_stm32f407xx.o(.text)
    OTG_FS_WKUP_IRQHandler                   0x08000247   Thumb Code     0  startup_stm32f407xx.o(.text)
    OTG_HS_EP1_IN_IRQHandler                 0x08000247   Thumb Code     0  startup_stm32f407xx.o(.text)
    OTG_HS_EP1_OUT_IRQHandler                0x08000247   Thumb Code     0  startup_stm32f407xx.o(.text)
    OTG_HS_IRQHandler                        0x08000247   Thumb Code     0  startup_stm32f407xx.o(.text)
    OTG_HS_WKUP_IRQHandler                   0x08000247   Thumb Code     0  startup_stm32f407xx.o(.text)
    PVD_IRQHandler                           0x08000247   Thumb Code     0  startup_stm32f407xx.o(.text)
    RCC_IRQHandler                           0x08000247   Thumb Code     0  startup_stm32f407xx.o(.text)
    RTC_Alarm_IRQHandler                     0x08000247   Thumb Code     0  startup_stm32f407xx.o(.text)
    RTC_WKUP_IRQHandler                      0x08000247   Thumb Code     0  startup_stm32f407xx.o(.text)
    SDIO_IRQHandler                          0x08000247   Thumb Code     0  startup_stm32f407xx.o(.text)
    SPI2_IRQHandler                          0x08000247   Thumb Code     0  startup_stm32f407xx.o(.text)
    SPI3_IRQHandler                          0x08000247   Thumb Code     0  startup_stm32f407xx.o(.text)
    TAMP_STAMP_IRQHandler                    0x08000247   Thumb Code     0  startup_stm32f407xx.o(.text)
    TIM1_BRK_TIM9_IRQHandler                 0x08000247   Thumb Code     0  startup_stm32f407xx.o(.text)
    TIM1_CC_IRQHandler                       0x08000247   Thumb Code     0  startup_stm32f407xx.o(.text)
    TIM1_TRG_COM_TIM11_IRQHandler            0x08000247   Thumb Code     0  startup_stm32f407xx.o(.text)
    TIM1_UP_TIM10_IRQHandler                 0x08000247   Thumb Code     0  startup_stm32f407xx.o(.text)
    TIM2_IRQHandler                          0x08000247   Thumb Code     0  startup_stm32f407xx.o(.text)
    TIM3_IRQHandler                          0x08000247   Thumb Code     0  startup_stm32f407xx.o(.text)
    TIM4_IRQHandler                          0x08000247   Thumb Code     0  startup_stm32f407xx.o(.text)
    TIM5_IRQHandler                          0x08000247   Thumb Code     0  startup_stm32f407xx.o(.text)
    TIM6_DAC_IRQHandler                      0x08000247   Thumb Code     0  startup_stm32f407xx.o(.text)
    TIM7_IRQHandler                          0x08000247   Thumb Code     0  startup_stm32f407xx.o(.text)
    TIM8_BRK_TIM12_IRQHandler                0x08000247   Thumb Code     0  startup_stm32f407xx.o(.text)
    TIM8_CC_IRQHandler                       0x08000247   Thumb Code     0  startup_stm32f407xx.o(.text)
    TIM8_TRG_COM_TIM14_IRQHandler            0x08000247   Thumb Code     0  startup_stm32f407xx.o(.text)
    TIM8_UP_TIM13_IRQHandler                 0x08000247   Thumb Code     0  startup_stm32f407xx.o(.text)
    UART4_IRQHandler                         0x08000247   Thumb Code     0  startup_stm32f407xx.o(.text)
    UART5_IRQHandler                         0x08000247   Thumb Code     0  startup_stm32f407xx.o(.text)
    WWDG_IRQHandler                          0x08000247   Thumb Code     0  startup_stm32f407xx.o(.text)
    __user_initial_stackheap                 0x08000249   Thumb Code     0  startup_stm32f407xx.o(.text)
    __semihosting$guard                      0x0800026d   Thumb Code     0  use_no_semi.o(.text)
    __use_no_semihosting_swi                 0x0800026d   Thumb Code     2  use_no_semi.o(.text)
    __aeabi_memcpy4                          0x0800026f   Thumb Code     0  rt_memcpy_w.o(.text)
    __aeabi_memcpy8                          0x0800026f   Thumb Code     0  rt_memcpy_w.o(.text)
    __rt_memcpy_w                            0x0800026f   Thumb Code   100  rt_memcpy_w.o(.text)
    _memcpy_lastbytes_aligned                0x080002b7   Thumb Code     0  rt_memcpy_w.o(.text)
    __use_two_region_memory                  0x080002d3   Thumb Code     2  heapauxi.o(.text)
    __rt_heap_escrow                         0x080002d5   Thumb Code     2  heapauxi.o(.text)
    __rt_heap_expand                         0x080002d7   Thumb Code     2  heapauxi.o(.text)
    __cpp_initialize__aeabi_                 0x080002d9   Thumb Code    26  init_aeabi.o(.text)
    __read_errno                             0x080002fd   Thumb Code    10  _rserrno.o(.text)
    __set_errno                              0x08000307   Thumb Code    12  _rserrno.o(.text)
    __aeabi_errno_addr                       0x08000315   Thumb Code     8  rt_errno_addr_intlibspace.o(.text)
    __errno$intlibspace                      0x08000315   Thumb Code     0  rt_errno_addr_intlibspace.o(.text)
    __rt_errno_addr$intlibspace              0x08000315   Thumb Code     0  rt_errno_addr_intlibspace.o(.text)
    __user_libspace                          0x0800031d   Thumb Code     8  libspace.o(.text)
    __user_perproc_libspace                  0x0800031d   Thumb Code     0  libspace.o(.text)
    __user_perthread_libspace                0x0800031d   Thumb Code     0  libspace.o(.text)
    __user_setup_stackheap                   0x08000325   Thumb Code    74  sys_stackheap_outer.o(.text)
    exit                                     0x0800036f   Thumb Code    18  exit.o(.text)
    GPIO_Init                                0x08000381   Thumb Code   144  stm32f4xx_gpio.o(i.GPIO_Init)
    GPIO_PinAFConfig                         0x08000411   Thumb Code    70  stm32f4xx_gpio.o(i.GPIO_PinAFConfig)
    GPIO_ResetBits                           0x08000457   Thumb Code     4  stm32f4xx_gpio.o(i.GPIO_ResetBits)
    GPIO_SetBits                             0x0800045b   Thumb Code     4  stm32f4xx_gpio.o(i.GPIO_SetBits)
    RCC_AHB1PeriphClockCmd                   0x08000461   Thumb Code    26  stm32f4xx_rcc.o(i.RCC_AHB1PeriphClockCmd)
    RCC_APB1PeriphClockCmd                   0x08000481   Thumb Code    26  stm32f4xx_rcc.o(i.RCC_APB1PeriphClockCmd)
    RCC_APB2PeriphClockCmd                   0x080004a1   Thumb Code    26  stm32f4xx_rcc.o(i.RCC_APB2PeriphClockCmd)
    RCC_GetClocksFreq                        0x080004c1   Thumb Code   214  stm32f4xx_rcc.o(i.RCC_GetClocksFreq)
    SPI1_IRQHandler                          0x080005a9   Thumb Code    92  spi_1.o(i.SPI1_IRQHandler)
    SPI_I2S_GetFlagStatus                    0x08000615   Thumb Code    18  stm32f4xx_spi.o(i.SPI_I2S_GetFlagStatus)
    SysTick_Handler                          0x08000739   Thumb Code    20  time_service.o(i.SysTick_Handler)
    SystemInit                               0x08000751   Thumb Code    88  system_stm32f4xx.o(i.SystemInit)
    TIM_BDTRConfig                           0x080007b9   Thumb Code    32  stm32f4xx_tim.o(i.TIM_BDTRConfig)
    TIM_Cmd                                  0x080007d9   Thumb Code    24  stm32f4xx_tim.o(i.TIM_Cmd)
    TIM_CtrlPWMOutputs                       0x080007f1   Thumb Code    30  stm32f4xx_tim.o(i.TIM_CtrlPWMOutputs)
    TIM_OC1Init                              0x08000811   Thumb Code   114  stm32f4xx_tim.o(i.TIM_OC1Init)
    TIM_OC2Init                              0x0800088d   Thumb Code   154  stm32f4xx_tim.o(i.TIM_OC2Init)
    TIM_OC3Init                              0x08000931   Thumb Code   150  stm32f4xx_tim.o(i.TIM_OC3Init)
    TIM_OC4Init                              0x080009d1   Thumb Code   112  stm32f4xx_tim.o(i.TIM_OC4Init)
    TIM_SetCompare1                          0x08000a49   Thumb Code     4  stm32f4xx_tim.o(i.TIM_SetCompare1)
    TIM_SetCompare2                          0x08000a4d   Thumb Code     4  stm32f4xx_tim.o(i.TIM_SetCompare2)
    TIM_SetCompare3                          0x08000a51   Thumb Code     4  stm32f4xx_tim.o(i.TIM_SetCompare3)
    TIM_SetCompare4                          0x08000a55   Thumb Code     4  stm32f4xx_tim.o(i.TIM_SetCompare4)
    TIM_TimeBaseInit                         0x08000a59   Thumb Code   104  stm32f4xx_tim.o(i.TIM_TimeBaseInit)
    USART1_IRQHandler                        0x08000add   Thumb Code   132  usart1.o(i.USART1_IRQHandler)
    USART2_IRQHandler                        0x08000b7d   Thumb Code   138  usart2.o(i.USART2_IRQHandler)
    USART3_IRQHandler                        0x08000c25   Thumb Code   138  usart3.o(i.USART3_IRQHandler)
    USART6_IRQHandler                        0x08000ccd   Thumb Code   138  usart6.o(i.USART6_IRQHandler)
    USART_ClearITPendingBit                  0x08000d75   Thumb Code    30  stm32f4xx_usart.o(i.USART_ClearITPendingBit)
    USART_Cmd                                0x08000d93   Thumb Code    24  stm32f4xx_usart.o(i.USART_Cmd)
    USART_ITConfig                           0x08000dab   Thumb Code    74  stm32f4xx_usart.o(i.USART_ITConfig)
    USART_Init                               0x08000df5   Thumb Code   204  stm32f4xx_usart.o(i.USART_Init)
    USART_StructInit                         0x08000ec9   Thumb Code    24  stm32f4xx_usart.o(i.USART_StructInit)
    omniplatform::move(float, float, float, float, float) 0x08000ee1   Thumb Code   494  omniplatform.o(i._ZN12omniplatform4moveEfffff)
    omniplatform::omniplatform(Motor&, Motor&, Motor&, Motor&) 0x080010ed   Thumb Code    68  omniplatform.o(i._ZN12omniplatformC1ER5MotorS1_S1_S1_)
    omniplatform::omniplatform__sub_object(Motor&, Motor&, Motor&, Motor&) 0x080010ed   Thumb Code     0  omniplatform.o(i._ZN12omniplatformC1ER5MotorS1_S1_S1_)
    time_service::init()                     0x08001131   Thumb Code    86  time_service.o(i._ZN12time_service4initEv)
    time_service::delay(unsigned)            0x08001191   Thumb Code    32  time_service.o(i._ZN12time_service5delayEj)
    time_service::millis()                   0x080011b5   Thumb Code     8  time_service.o(i._ZN12time_service6millisEv)
    time_service::startTime()                0x080011c1   Thumb Code    18  time_service.o(i._ZN12time_service9startTimeEv)
    ProcessingCoord::setLeaveTime(short)     0x080011d3   Thumb Code     6  processing_coord.o(i._ZN15ProcessingCoord12setLeaveTimeEs)
    ProcessingCoord::getVecToPoint(short, short) 0x080011d9   Thumb Code   244  processing_coord.o(i._ZN15ProcessingCoord13getVecToPointEss)
    ProcessingCoord::getVecToReturn()        0x080012d9   Thumb Code   104  processing_coord.o(i._ZN15ProcessingCoord14getVecToReturnEv)
    ProcessingCoord::changeFromReturn()      0x08001341   Thumb Code    72  processing_coord.o(i._ZN15ProcessingCoord16changeFromReturnEv)
    ProcessingCoord::getGoalkeeperPos()      0x08001391   Thumb Code   108  processing_coord.o(i._ZN15ProcessingCoord16getGoalkeeperPosEv)
    ProcessingCoord::getTargetForward()      0x08001405   Thumb Code   112  processing_coord.o(i._ZN15ProcessingCoord16getTargetForwardEv)
    ProcessingCoord::getVecToGoalCenter()    0x08001485   Thumb Code   366  processing_coord.o(i._ZN15ProcessingCoord18getVecToGoalCenterEv)
    ProcessingCoord::getCurrentLeaveTime()   0x08001611   Thumb Code    40  processing_coord.o(i._ZN15ProcessingCoord19getCurrentLeaveTimeEv)
    ProcessingCoord::getTargetGoalkeeper()   0x08001639   Thumb Code   122  processing_coord.o(i._ZN15ProcessingCoord19getTargetGoalkeeperEv)
    ProcessingCoord::getCoeffToGoalCenter(float) 0x080016c5   Thumb Code    60  processing_coord.o(i._ZN15ProcessingCoord20getCoeffToGoalCenterEf)
    ProcessingCoord::getVecToIntersection(short) 0x08001709   Thumb Code  1342  processing_coord.o(i._ZN15ProcessingCoord20getVecToIntersectionEs)
    ProcessingCoord::map(float, float, float, float, float) 0x08001c47   Thumb Code    26  processing_coord.o(i._ZN15ProcessingCoord3mapEfffff)
    ProcessingCoord::adduct(short)           0x08001c61   Thumb Code    32  processing_coord.o(i._ZN15ProcessingCoord6adductEs)
    ProcessingCoord::setGoal(unsigned char)  0x08001c81   Thumb Code    38  processing_coord.o(i._ZN15ProcessingCoord7setGoalEh)
    ProcessingCoord::distance(float, float, float, float) 0x08001ca7   Thumb Code    74  processing_coord.o(i._ZN15ProcessingCoord8distanceEffff)
    ProcessingCoord::setMaxLen(float)        0x08001cf1   Thumb Code     6  processing_coord.o(i._ZN15ProcessingCoord9setMaxLenEf)
    ProcessingCoord::setParams(short, short, short, short, short) 0x08001cf9   Thumb Code   208  processing_coord.o(i._ZN15ProcessingCoord9setParamsEsssss)
    ProcessingCoord::ProcessingCoord()       0x08001dd1   Thumb Code   160  processing_coord.o(i._ZN15ProcessingCoordC1Ev)
    ProcessingCoord::ProcessingCoord__sub_object() 0x08001dd1   Thumb Code     0  processing_coord.o(i._ZN15ProcessingCoordC1Ev)
    I2C::generateStop()                      0x08001e9d   Thumb Code    56  i2c.o(i._ZN3I2C12generateStopEv)
    I2C::generateStart()                     0x08001ed5   Thumb Code    74  i2c.o(i._ZN3I2C13generateStartEv)
    I2C::read()                              0x08001f1f   Thumb Code    78  i2c.o(i._ZN3I2C4readEv)
    I2C::send(unsigned char)                 0x08001f6d   Thumb Code    56  i2c.o(i._ZN3I2C4sendEh)
    I2C::delay()                             0x08001fa5   Thumb Code    28  i2c.o(i._ZN3I2C5delayEv)
    I2C::sclLow()                            0x08001fc1   Thumb Code    12  i2c.o(i._ZN3I2C6sclLowEv)
    I2C::sdaLow()                            0x08001fcd   Thumb Code    14  i2c.o(i._ZN3I2C6sdaLowEv)
    I2C::readAch()                           0x08001fdb   Thumb Code    68  i2c.o(i._ZN3I2C7readAchEv)
    I2C::sclHigh()                           0x0800201f   Thumb Code    12  i2c.o(i._ZN3I2C7sclHighEv)
    I2C::sdaHigh()                           0x0800202b   Thumb Code    14  i2c.o(i._ZN3I2C7sdaHighEv)
    I2C::sdaRead()                           0x08002039   Thumb Code    34  i2c.o(i._ZN3I2C7sdaReadEv)
    I2C::writeBit(bool)                      0x0800205b   Thumb Code    60  i2c.o(i._ZN3I2C8writeBitEb)
    I2C::I2C(Pin&, Pin&)                     0x08002097   Thumb Code    46  i2c.o(i._ZN3I2CC1ER3PinS1_)
    I2C::I2C__sub_object(Pin&, Pin&)         0x08002097   Thumb Code     0  i2c.o(i._ZN3I2CC1ER3PinS1_)
    Pin::RCC_ClockCmd()                      0x080020c5   Thumb Code   256  pin_1.o(i._ZN3Pin12RCC_ClockCmdEv)
    Pin::setTimParams(unsigned short)        0x080021f9   Thumb Code   198  pin_1.o(i._ZN3Pin12setTimParamsEt)
    Pin::setAFforUSART(unsigned short)       0x080022ed   Thumb Code    40  pin_1.o(i._ZN3Pin13setAFforUSARTEt)
    Pin::pwm(unsigned)                       0x08002315   Thumb Code    68  pin_1.o(i._ZN3Pin3pwmEj)
    Pin::getPin()                            0x08002359   Thumb Code     6  pin_1.o(i._ZN3Pin6getPinEv)
    Pin::setBit()                            0x0800235f   Thumb Code    16  pin_1.o(i._ZN3Pin6setBitEv)
    Pin::setPin(unsigned char)               0x0800236f   Thumb Code   204  pin_1.o(i._ZN3Pin6setPinEh)
    Pin::pwmInit(short, unsigned, unsigned char) 0x0800243d   Thumb Code   260  pin_1.o(i._ZN3Pin7pwmInitEsjh)
    Pin::setGPIO(char)                       0x08002545   Thumb Code    78  pin_1.o(i._ZN3Pin7setGPIOEc)
    Pin::getGPIOx()                          0x080025b9   Thumb Code     6  pin_1.o(i._ZN3Pin8getGPIOxEv)
    Pin::resetBit()                          0x080025bf   Thumb Code    16  pin_1.o(i._ZN3Pin8resetBitEv)
    Pin::getPeriod()                         0x080025cf   Thumb Code     8  pin_1.o(i._ZN3Pin9getPeriodEv)
    Pin::Pin(char, unsigned char, unsigned short) 0x080025d9   Thumb Code   528  pin_1.o(i._ZN3PinC1Echt)
    Pin::Pin__sub_object(char, unsigned char, unsigned short) 0x080025d9   Thumb Code     0  pin_1.o(i._ZN3PinC1Echt)
    Motor::getMaxSpeed()                     0x0800280d   Thumb Code    12  motor.o(i._ZN5Motor11getMaxSpeedEv)
    Motor::go(short)                         0x08002819   Thumb Code   108  motor.o(i._ZN5Motor2goEs)
    Motor::Motor(Pin&, unsigned char, Pin&, unsigned char) 0x08002885   Thumb Code    70  motor.o(i._ZN5MotorC1ER3PinhS1_h)
    Motor::Motor__sub_object(Pin&, unsigned char, Pin&, unsigned char) 0x08002885   Thumb Code     0  motor.o(i._ZN5MotorC1ER3PinhS1_h)
    Vec2b::set(double, double)               0x080028cb   Thumb Code    10  vec2b.o(i._ZN5Vec2b3setEdd)
    Vec2b::changeTo(Vec2b)                   0x080028d5   Thumb Code   870  vec2b.o(i._ZN5Vec2b8changeToES_)
    Vec2b::Vec2b(double, double)             0x08002c6d   Thumb Code    10  vec2b.o(i._ZN5Vec2bC1Edd)
    Vec2b::Vec2b__sub_object(double, double) 0x08002c6d   Thumb Code     0  vec2b.o(i._ZN5Vec2bC1Edd)
    Vec2b::Vec2b()                           0x08002c79   Thumb Code    18  vec2b.o(i._ZN5Vec2bC1Ev)
    Vec2b::Vec2b__sub_object()               0x08002c79   Thumb Code     0  vec2b.o(i._ZN5Vec2bC1Ev)
    Vec2b::operator +(const Vec2b&)          0x08002c95   Thumb Code   524  vec2b.o(i._ZN5Vec2bplERKS_)
    uart1::usart1Init(unsigned, float, unsigned char) 0x08002eb1   Thumb Code   308  usart1.o(i._ZN5uart110usart1InitEjfh)
    uart1::read()                            0x08003019   Thumb Code    62  usart1.o(i._ZN5uart14readEv)
    uart1::available()                       0x08003061   Thumb Code    44  usart1.o(i._ZN5uart19availableEv)
    uart2::usart2Init(unsigned, float, unsigned char) 0x08003095   Thumb Code   308  usart2.o(i._ZN5uart210usart2InitEjfh)
    uart2::read()                            0x080031fd   Thumb Code    62  usart2.o(i._ZN5uart24readEv)
    uart2::available()                       0x08003245   Thumb Code    44  usart2.o(i._ZN5uart29availableEv)
    uart3::usart3Init(unsigned, float, unsigned char) 0x08003279   Thumb Code   308  usart3.o(i._ZN5uart310usart3InitEjfh)
    uart3::read()                            0x080033e1   Thumb Code    62  usart3.o(i._ZN5uart34readEv)
    uart3::available()                       0x08003429   Thumb Code    44  usart3.o(i._ZN5uart39availableEv)
    uart6::usart6Init(unsigned, float, unsigned char) 0x0800345d   Thumb Code   308  usart6.o(i._ZN5uart610usart6InitEjfh)
    uart6::read()                            0x080035c5   Thumb Code    62  usart6.o(i._ZN5uart64readEv)
    uart6::available()                       0x0800360d   Thumb Code    44  usart6.o(i._ZN5uart69availableEv)
    OpenMV::adductionMV(short)               0x08003641   Thumb Code    32  openmv.o(i._ZN6OpenMV11adductionMVEs)
    OpenMV::getDistBlue()                    0x08003661   Thumb Code     8  openmv.o(i._ZN6OpenMV11getDistBlueEv)
    OpenMV::getAngleBlue()                   0x08003669   Thumb Code     8  openmv.o(i._ZN6OpenMV12getAngleBlueEv)
    OpenMV::getDistYellow()                  0x08003671   Thumb Code     8  openmv.o(i._ZN6OpenMV13getDistYellowEv)
    OpenMV::getAngleYellow()                 0x08003679   Thumb Code     8  openmv.o(i._ZN6OpenMV14getAngleYellowEv)
    OpenMV::crc8(volatile unsigned char*, unsigned char) 0x08003681   Thumb Code    58  openmv.o(i._ZN6OpenMV4crc8EPVhh)
    OpenMV::getX()                           0x080036bb   Thumb Code    18  openmv.o(i._ZN6OpenMV4getXEv)
    OpenMV::getY()                           0x080036cd   Thumb Code    18  openmv.o(i._ZN6OpenMV4getYEv)
    OpenMV::read()                           0x080036df   Thumb Code   270  openmv.o(i._ZN6OpenMV4readEv)
    OpenMV::calculate(short, bool, bool)     0x080037ed   Thumb Code   682  openmv.o(i._ZN6OpenMV9calculateEsbb)
    OpenMV::initUSART(unsigned char)         0x08003ab1   Thumb Code    86  openmv.o(i._ZN6OpenMV9initUSARTEh)
    OpenMV::OpenMV(Pin&, Pin&, unsigned char) 0x08003b09   Thumb Code    54  openmv.o(i._ZN6OpenMVC1ER3PinS1_h)
    OpenMV::OpenMV__sub_object(Pin&, Pin&, unsigned char) 0x08003b09   Thumb Code     0  openmv.o(i._ZN6OpenMVC1ER3PinS1_h)
    Asterisk::calibrated()                   0x08003b45   Thumb Code     6  main.o(i._ZN8Asterisk10calibratedEv)
    Asterisk::protectGoal()                  0x08003b51   Thumb Code   932  main.o(i._ZN8Asterisk11protectGoalEv)
    Asterisk::getVec2bToBallFollow()         0x08003f85   Thumb Code   260  main.o(i._ZN8Asterisk20getVec2bToBallFollowEv)
    Asterisk::init(unsigned char, unsigned char, unsigned char) 0x080040c1   Thumb Code   202  main.o(i._ZN8Asterisk4initEhhh)
    Asterisk::update()                       0x080041f5   Thumb Code   762  main.o(i._ZN8Asterisk6updateEv)
    Asterisk::getRole()                      0x08004571   Thumb Code     6  main.o(i._ZN8Asterisk7getRoleEv)
    Asterisk::goToBall()                     0x0800457d   Thumb Code   218  main.o(i._ZN8Asterisk8goToBallEv)
    Asterisk::mustLeave()                    0x08004679   Thumb Code   170  main.o(i._ZN8Asterisk9mustLeaveEv)
    gyro_imu::getRotation()                  0x08004749   Thumb Code     8  imu_usart.o(i._ZN8gyro_imu11getRotationEv)
    gyro_imu::setZeroAngle()                 0x08004751   Thumb Code     6  imu_usart.o(i._ZN8gyro_imu12setZeroAngleEv)
    gyro_imu::calculateSoft(float, float)    0x08004759   Thumb Code   164  imu_usart.o(i._ZN8gyro_imu13calculateSoftEff)
    gyro_imu::getMaxRotation()               0x0800480d   Thumb Code     8  imu_usart.o(i._ZN8gyro_imu14getMaxRotationEv)
    gyro_imu::getCurrentAngle()              0x08004815   Thumb Code     8  imu_usart.o(i._ZN8gyro_imu15getCurrentAngleEv)
    gyro_imu::setRotationForTarget()         0x0800481d   Thumb Code    90  imu_usart.o(i._ZN8gyro_imu20setRotationForTargetEv)
    gyro_imu::read()                         0x0800487d   Thumb Code   268  imu_usart.o(i._ZN8gyro_imu4readEv)
    gyro_imu::adduct(short)                  0x0800498d   Thumb Code    32  imu_usart.o(i._ZN8gyro_imu6adductEs)
    gyro_imu::initUSART(unsigned char)       0x080049ad   Thumb Code    86  imu_usart.o(i._ZN8gyro_imu9initUSARTEh)
    gyro_imu::setTarget(short)               0x08004a03   Thumb Code     4  imu_usart.o(i._ZN8gyro_imu9setTargetEs)
    gyro_imu::gyro_imu(Pin&, Pin&, unsigned char) 0x08004a07   Thumb Code    36  imu_usart.o(i._ZN8gyro_imuC1ER3PinS1_h)
    gyro_imu::gyro_imu__sub_object(Pin&, Pin&, unsigned char) 0x08004a07   Thumb Code     0  imu_usart.o(i._ZN8gyro_imuC1ER3PinS1_h)
    BallVec2b::changeValues(bool)            0x08004a2b   Thumb Code   744  queues_ball.o(i._ZN9BallVec2b12changeValuesEb)
    BallVec2b::getCurrentVec2b()             0x08004d13   Thumb Code    48  queues_ball.o(i._ZN9BallVec2b15getCurrentVec2bEv)
    BallVec2b::getDerivativeAng()            0x08004d43   Thumb Code    10  queues_ball.o(i._ZN9BallVec2b16getDerivativeAngEv)
    BallVec2b::getDerivativeDist()           0x08004d4d   Thumb Code    10  queues_ball.o(i._ZN9BallVec2b17getDerivativeDistEv)
    BallVec2b::setTransitionBy360()          0x08004d59   Thumb Code   268  queues_ball.o(i._ZN9BallVec2b18setTransitionBy360Ev)
    BallVec2b::push(Vec2b, unsigned)         0x08004e7d   Thumb Code   504  queues_ball.o(i._ZN9BallVec2b4pushE5Vec2bj)
    BallVec2b::adduct(double)                0x08005075   Thumb Code   110  queues_ball.o(i._ZN9BallVec2b6adductEd)
    BallVec2b::calculate()                   0x080050fd   Thumb Code  1336  queues_ball.o(i._ZN9BallVec2b9calculateEv)
    BallVec2b::BallVec2b()                   0x08005635   Thumb Code   168  queues_ball.o(i._ZN9BallVec2bC1Ev)
    BallVec2b::BallVec2b__sub_object()       0x08005635   Thumb Code     0  queues_ball.o(i._ZN9BallVec2bC1Ev)
    IRLocator::angleOffset(float, float)     0x080056f1   Thumb Code   342  ir_locator.o(i._ZN9IRLocator11angleOffsetEff)
    IRLocator::convertDist(double)           0x08005879   Thumb Code   146  ir_locator.o(i._ZN9IRLocator11convertDistEd)
    IRLocator::adduct(short)                 0x08005925   Thumb Code    32  ir_locator.o(i._ZN9IRLocator6adductEs)
    IRLocator::distBad(short)                0x08005945   Thumb Code    16  ir_locator.o(i._ZN9IRLocator7distBadEs)
    IRLocator::getDist()                     0x08005955   Thumb Code     8  ir_locator.o(i._ZN9IRLocator7getDistEv)
    IRLocator::getAngle()                    0x0800595d   Thumb Code    88  ir_locator.o(i._ZN9IRLocator8getAngleEv)
    IRLocator::getValue(unsigned char)       0x080059b5   Thumb Code   106  ir_locator.o(i._ZN9IRLocator8getValueEh)
    IRLocator::IRLocator(I2C&, unsigned)     0x08005a1f   Thumb Code    26  ir_locator.o(i._ZN9IRLocatorC1ER3I2Cj)
    IRLocator::IRLocator__sub_object(I2C&, unsigned) 0x08005a1f   Thumb Code     0  ir_locator.o(i._ZN9IRLocatorC1ER3I2Cj)
    Vec2bTime::set(double, double, unsigned, short) 0x08005a39   Thumb Code    14  queues_ball.o(i._ZN9Vec2bTime3setEddjs)
    Vec2bTime::getLen()                      0x08005a47   Thumb Code     6  queues_ball.o(i._ZN9Vec2bTime6getLenEv)
    Vec2bTime::correct()                     0x08005a4d   Thumb Code    76  queues_ball.o(i._ZN9Vec2bTime7correctEv)
    Vec2bTime::getTime()                     0x08005aa1   Thumb Code     6  queues_ball.o(i._ZN9Vec2bTime7getTimeEv)
    Vec2bTime::getAngle()                    0x08005aa7   Thumb Code     6  queues_ball.o(i._ZN9Vec2bTime8getAngleEv)
    Vec2bTime::Vec2bTime()                   0x08005aad   Thumb Code    14  queues_ball.o(i._ZN9Vec2bTimeC1Ev)
    Vec2bTime::Vec2bTime__sub_object()       0x08005aad   Thumb Code     0  queues_ball.o(i._ZN9Vec2bTimeC1Ev)
    std::abs(double)                         0x08005abb   Thumb Code    32  main.o(i._ZSt3absd)
    std::cos(float)                          0x08005adb   Thumb Code    24  openmv.o(i._ZSt3cosf)
    std::pow(double, int)                    0x08005af3   Thumb Code    52  queues_ball.o(i._ZSt3powdi)
    std::pow(float, float)                   0x08005b27   Thumb Code    32  processing_coord.o(i._ZSt3powff)
    std::pow(float, int)                     0x08005b47   Thumb Code    34  processing_coord.o(i._ZSt3powfi)
    std::sin(float)                          0x08005b69   Thumb Code    24  openmv.o(i._ZSt3sinf)
    std::sqrt(float)                         0x08005b81   Thumb Code    24  processing_coord.o(i._ZSt4sqrtf)
    std::atan2(float, float)                 0x08005b99   Thumb Code    32  processing_coord.o(i._ZSt5atan2ff)
    __ARM_fpclassify                         0x08005bb9   Thumb Code    48  fpclassify.o(i.__ARM_fpclassify)
    __ARM_fpclassifyf                        0x08005be9   Thumb Code    38  fpclassifyf.o(i.__ARM_fpclassifyf)
    __aeabi_vec_ctor_nocookie_nodtor         0x08005c0f   Thumb Code    36  aeabi_vec_ctor_nocookie_nodtor.o(i.__aeabi_vec_ctor_nocookie_nodtor)
    __hardfp_atan                            0x08005c39   Thumb Code   622  atan.o(i.__hardfp_atan)
    __hardfp_atan2                           0x08005f11   Thumb Code   448  atan2.o(i.__hardfp_atan2)
    __hardfp_atan2f                          0x08006111   Thumb Code   594  atan2f.o(i.__hardfp_atan2f)
    __hardfp_cos                             0x080063c1   Thumb Code   180  cos.o(i.__hardfp_cos)
    __hardfp_cosf                            0x08006489   Thumb Code   280  cosf.o(i.__hardfp_cosf)
    __hardfp_fabs                            0x080065d9   Thumb Code    20  fabs.o(i.__hardfp_fabs)
    __hardfp_pow                             0x080065f1   Thumb Code  3072  pow.o(i.__hardfp_pow)
    __hardfp_powf                            0x08007241   Thumb Code  1606  powf.o(i.__hardfp_powf)
    __mathlib_powf                           0x08007241   Thumb Code     0  powf.o(i.__hardfp_powf)
    __hardfp_sin                             0x080078a9   Thumb Code   180  sin.o(i.__hardfp_sin)
    __hardfp_sinf                            0x08007971   Thumb Code   344  sinf.o(i.__hardfp_sinf)
    __hardfp_sqrt                            0x08007b01   Thumb Code   122  sqrt.o(i.__hardfp_sqrt)
    __hardfp_sqrtf                           0x08007b7b   Thumb Code    58  sqrtf.o(i.__hardfp_sqrtf)
    __ieee754_rem_pio2                       0x08007bb9   Thumb Code   938  rred.o(i.__ieee754_rem_pio2)
    __kernel_cos                             0x08007ff1   Thumb Code   322  cos_i.o(i.__kernel_cos)
    __kernel_poly                            0x08008161   Thumb Code   248  poly.o(i.__kernel_poly)
    __kernel_sin                             0x08008259   Thumb Code   280  sin_i.o(i.__kernel_sin)
    __mathlib_dbl_divzero                    0x08008389   Thumb Code    28  dunder.o(i.__mathlib_dbl_divzero)
    __mathlib_dbl_infnan                     0x080083b9   Thumb Code    20  dunder.o(i.__mathlib_dbl_infnan)
    __mathlib_dbl_infnan2                    0x080083cd   Thumb Code    20  dunder.o(i.__mathlib_dbl_infnan2)
    __mathlib_dbl_invalid                    0x080083e1   Thumb Code    24  dunder.o(i.__mathlib_dbl_invalid)
    __mathlib_dbl_overflow                   0x08008401   Thumb Code    24  dunder.o(i.__mathlib_dbl_overflow)
    __mathlib_dbl_underflow                  0x08008421   Thumb Code    24  dunder.o(i.__mathlib_dbl_underflow)
    __mathlib_flt_divzero                    0x08008441   Thumb Code    14  funder.o(i.__mathlib_flt_divzero)
    __mathlib_flt_infnan                     0x08008455   Thumb Code     6  funder.o(i.__mathlib_flt_infnan)
    __mathlib_flt_infnan2                    0x0800845b   Thumb Code     6  funder.o(i.__mathlib_flt_infnan2)
    __mathlib_flt_invalid                    0x08008461   Thumb Code    10  funder.o(i.__mathlib_flt_invalid)
    __mathlib_flt_overflow                   0x08008471   Thumb Code    10  funder.o(i.__mathlib_flt_overflow)
    __mathlib_flt_underflow                  0x08008481   Thumb Code    10  funder.o(i.__mathlib_flt_underflow)
    __mathlib_rredf2                         0x08008491   Thumb Code   316  rredf.o(i.__mathlib_rredf2)
    _sys_exit                                0x08008791   Thumb Code     4  retarget.o(i._sys_exit)
    atan                                     0x08008795   Thumb Code    16  atan.o(i.atan)
    fabs                                     0x080087a5   Thumb Code    24  fabs.o(i.fabs)
    main                                     0x080087bd   Thumb Code    48  main.o(i.main)
    sqrt                                     0x080087ed   Thumb Code   110  sqrt.o(i.sqrt)
    __aeabi_dneg                             0x0800885b   Thumb Code     0  basic.o(x$fpl$basic)
    _dneg                                    0x0800885b   Thumb Code     6  basic.o(x$fpl$basic)
    __aeabi_fneg                             0x08008861   Thumb Code     0  basic.o(x$fpl$basic)
    _fneg                                    0x08008861   Thumb Code     6  basic.o(x$fpl$basic)
    _dabs                                    0x08008867   Thumb Code     6  basic.o(x$fpl$basic)
    _fabs                                    0x0800886d   Thumb Code     6  basic.o(x$fpl$basic)
    __aeabi_d2f                              0x08008875   Thumb Code     0  d2f.o(x$fpl$d2f)
    _d2f                                     0x08008875   Thumb Code    98  d2f.o(x$fpl$d2f)
    __aeabi_dadd                             0x080088d9   Thumb Code     0  daddsub_clz.o(x$fpl$dadd)
    _dadd                                    0x080088d9   Thumb Code   332  daddsub_clz.o(x$fpl$dadd)
    __fpl_dcheck_NaN1                        0x08008a29   Thumb Code    10  dcheck1.o(x$fpl$dcheck1)
    __fpl_dcmp_Inf                           0x08008a39   Thumb Code    24  dcmpi.o(x$fpl$dcmpinf)
    __aeabi_ddiv                             0x08008a51   Thumb Code     0  ddiv.o(x$fpl$ddiv)
    _ddiv                                    0x08008a51   Thumb Code   552  ddiv.o(x$fpl$ddiv)
    __aeabi_cdcmpeq                          0x08008d01   Thumb Code     0  deqf.o(x$fpl$deqf)
    _dcmpeq                                  0x08008d01   Thumb Code   120  deqf.o(x$fpl$deqf)
    __aeabi_d2iz                             0x08008d79   Thumb Code     0  dfix.o(x$fpl$dfix)
    _dfix                                    0x08008d79   Thumb Code    94  dfix.o(x$fpl$dfix)
    __aeabi_i2d                              0x08008dd7   Thumb Code     0  dflt_clz.o(x$fpl$dflt)
    _dflt                                    0x08008dd7   Thumb Code    46  dflt_clz.o(x$fpl$dflt)
    __aeabi_ui2d                             0x08008e05   Thumb Code     0  dflt_clz.o(x$fpl$dfltu)
    _dfltu                                   0x08008e05   Thumb Code    38  dflt_clz.o(x$fpl$dfltu)
    __aeabi_cdcmple                          0x08008e2d   Thumb Code     0  dleqf.o(x$fpl$dleqf)
    _dcmple                                  0x08008e2d   Thumb Code   120  dleqf.o(x$fpl$dleqf)
    __fpl_dcmple_InfNaN                      0x08008e8f   Thumb Code     0  dleqf.o(x$fpl$dleqf)
    __aeabi_dmul                             0x08008ea5   Thumb Code     0  dmul.o(x$fpl$dmul)
    _dmul                                    0x08008ea5   Thumb Code   332  dmul.o(x$fpl$dmul)
    __fpl_dnaninf                            0x08008ff9   Thumb Code   156  dnaninf.o(x$fpl$dnaninf)
    __fpl_dretinf                            0x08009095   Thumb Code    12  dretinf.o(x$fpl$dretinf)
    __aeabi_cdrcmple                         0x080090a1   Thumb Code     0  drleqf.o(x$fpl$drleqf)
    _drcmple                                 0x080090a1   Thumb Code   108  drleqf.o(x$fpl$drleqf)
    __aeabi_drsub                            0x0800910d   Thumb Code     0  daddsub_clz.o(x$fpl$drsb)
    _drsb                                    0x0800910d   Thumb Code    22  daddsub_clz.o(x$fpl$drsb)
    _dsqrt                                   0x08009125   Thumb Code   404  dsqrt_umaal.o(x$fpl$dsqrt)
    __aeabi_dsub                             0x080092bd   Thumb Code     0  daddsub_clz.o(x$fpl$dsub)
    _dsub                                    0x080092bd   Thumb Code   464  daddsub_clz.o(x$fpl$dsub)
    __aeabi_f2d                              0x08009491   Thumb Code     0  f2d.o(x$fpl$f2d)
    _f2d                                     0x08009491   Thumb Code    86  f2d.o(x$fpl$f2d)
    __fpl_fnaninf                            0x080094e7   Thumb Code   140  fnaninf.o(x$fpl$fnaninf)
    _fp_init                                 0x08009573   Thumb Code    10  fpinit.o(x$fpl$fpinit)
    __fplib_config_fpu_vfp                   0x0800957b   Thumb Code     0  fpinit.o(x$fpl$fpinit)
    __fplib_config_pureend_doubles           0x0800957b   Thumb Code     0  fpinit.o(x$fpl$fpinit)
    __fpl_fretinf                            0x0800957d   Thumb Code    10  fretinf.o(x$fpl$fretinf)
    __fpl_return_NaN                         0x08009587   Thumb Code   100  retnan.o(x$fpl$retnan)
    __ARM_scalbn                             0x080095eb   Thumb Code    92  scalbn.o(x$fpl$scalbn)
    __fpl_cmpreturn                          0x08009647   Thumb Code    48  trapv.o(x$fpl$trapveneer)
    __I$use$fp                               0x08009676   Number         0  usenofp.o(x$fpl$usenofp)
    __mathlib_zero                           0x08009948   Data           8  qnan.o(.constdata)
    Region$$Table$$Base                      0x08009a60   Number         0  anon$$obj.o(Region$$Table)
    Region$$Table$$Limit                     0x08009a80   Number         0  anon$$obj.o(Region$$Table)
    SHT$$INIT_ARRAY$$Base                    0x08009a80   Number         0  main.o(.init_array)
    SHT$$INIT_ARRAY$$Limit                   0x08009a84   Number         0  init_aeabi.o(.init_array)
    Asterisk::ang                            0x20000000   Data           4  main.o(.data)
    Asterisk::angRes                         0x20000004   Data           4  main.o(.data)
    Asterisk::imuCalibrated                  0x20000008   Data           1  main.o(.data)
    Asterisk::pow                            0x2000000a   Data           2  main.o(.data)
    Asterisk::angleIMU                       0x2000000c   Data           4  main.o(.data)
    Asterisk::angSoft                        0x20000010   Data           4  main.o(.data)
    Asterisk::distSoft                       0x20000014   Data           4  main.o(.data)
    Asterisk::dist                           0x20000018   Data           4  main.o(.data)
    Asterisk::distOld                        0x2000001c   Data           4  main.o(.data)
    Asterisk::angOld                         0x20000020   Data           4  main.o(.data)
    Asterisk::t                              0x20000024   Data           4  main.o(.data)
    Asterisk::timeNotSeenBall                0x20000028   Data           4  main.o(.data)
    Asterisk::timeUpdateQueue                0x2000002c   Data           4  main.o(.data)
    Asterisk::timeCheckLeave                 0x20000030   Data           4  main.o(.data)
    Asterisk::timeInLeaving                  0x20000034   Data           4  main.o(.data)
    Asterisk::timeCalibrEnd                  0x20000038   Data           4  main.o(.data)
    Asterisk::x                              0x2000003c   Data           2  main.o(.data)
    Asterisk::y                              0x2000003e   Data           2  main.o(.data)
    Asterisk::angRaw                         0x20000040   Data           2  main.o(.data)
    Asterisk::angRawOld                      0x20000042   Data           2  main.o(.data)
    Asterisk::distRaw                        0x20000044   Data           2  main.o(.data)
    Asterisk::distRaw2                       0x20000046   Data           2  main.o(.data)
    Asterisk::distSoftOld                    0x20000048   Data           2  main.o(.data)
    Asterisk::myGoal                         0x2000004a   Data           1  main.o(.data)
    Asterisk::myRole                         0x2000004b   Data           1  main.o(.data)
    Asterisk::dBl                            0x2000004c   Data           2  main.o(.data)
    Asterisk::dYe                            0x2000004e   Data           2  main.o(.data)
    Asterisk::angBlue                        0x20000050   Data           2  main.o(.data)
    Asterisk::angYellow                      0x20000052   Data           2  main.o(.data)
    Asterisk::target                         0x20000054   Data           2  main.o(.data)
    Asterisk::speedForward                   0x20000058   Data           8  main.o(.data)
    Asterisk::angleBallGoal                  0x20000060   Data           2  main.o(.data)
    Asterisk::angToGoal                      0x20000062   Data           2  main.o(.data)
    Asterisk::doesntSeeGoals                 0x20000064   Data           1  main.o(.data)
    Asterisk::ang0_360                       0x20000066   Data           2  main.o(.data)
    Asterisk::myMode                         0x20000068   Data           1  main.o(.data)
    Asterisk::seeBall                        0x20000069   Data           1  main.o(.data)
    Asterisk::robotMustLeave                 0x2000006a   Data           1  main.o(.data)
    Asterisk::inLeave                        0x2000006b   Data           1  main.o(.data)
    Asterisk::inReturn                       0x2000006c   Data           1  main.o(.data)
    Asterisk::kLen                           0x20000070   Data           8  main.o(.data)
    Asterisk::kAng                           0x20000078   Data           8  main.o(.data)
    Asterisk::currLeaveTime                  0x20000080   Data           2  main.o(.data)
    time_service::tim                        0x20000088   Data           8  time_service.o(.data)
    uart1::rx                                0x20000090   Data           8  usart1.o(.data)
    uart1::_rxCnt                            0x20000098   Data           2  usart1.o(.data)
    uart1::_txCnt                            0x2000009a   Data           2  usart1.o(.data)
    uart1::tx                                0x2000009c   Data           8  usart1.o(.data)
    uart1::_sendCnt                          0x200000a4   Data           2  usart1.o(.data)
    uart1::_readCnt                          0x200000a6   Data           2  usart1.o(.data)
    uart1::flag                              0x200000a8   Data           1  usart1.o(.data)
    uart2::rx                                0x200000aa   Data           8  usart2.o(.data)
    uart2::_rxCnt                            0x200000b2   Data           2  usart2.o(.data)
    uart2::_txCnt                            0x200000b4   Data           2  usart2.o(.data)
    uart2::tx                                0x200000b6   Data           8  usart2.o(.data)
    uart2::_sendCnt                          0x200000be   Data           2  usart2.o(.data)
    uart2::_readCnt                          0x200000c0   Data           2  usart2.o(.data)
    uart2::flag                              0x200000c2   Data           1  usart2.o(.data)
    uart3::rx                                0x200000c4   Data           8  usart3.o(.data)
    uart3::_rxCnt                            0x200000cc   Data           2  usart3.o(.data)
    uart3::_txCnt                            0x200000ce   Data           2  usart3.o(.data)
    uart3::tx                                0x200000d0   Data           8  usart3.o(.data)
    uart3::_sendCnt                          0x200000d8   Data           2  usart3.o(.data)
    uart3::_readCnt                          0x200000da   Data           2  usart3.o(.data)
    uart3::flag                              0x200000dc   Data           1  usart3.o(.data)
    uart6::rx                                0x200000de   Data           8  usart6.o(.data)
    uart6::_rxCnt                            0x200000e6   Data           2  usart6.o(.data)
    uart6::_txCnt                            0x200000e8   Data           2  usart6.o(.data)
    uart6::tx                                0x200000ea   Data           8  usart6.o(.data)
    uart6::_sendCnt                          0x200000f2   Data           2  usart6.o(.data)
    uart6::_readCnt                          0x200000f4   Data           2  usart6.o(.data)
    uart6::flag                              0x200000f6   Data           1  usart6.o(.data)
    SPI_1::_spi_mode                         0x200000f8   Data           4  spi_1.o(.data)
    SPI_1::_spi_direction                    0x200000fc   Data           4  spi_1.o(.data)
    SPI_1::_baud_rate                        0x20000100   Data           4  spi_1.o(.data)
    SPI_1::_first_bit                        0x20000104   Data           4  spi_1.o(.data)
    SPI_1::_cur_rx_read                      0x20000108   Data           2  spi_1.o(.data)
    SPI_1::_cur_rx_write                     0x2000010a   Data           2  spi_1.o(.data)
    SPI_1::_buf_size                         0x2000010c   Data           2  spi_1.o(.data)
    Asterisk::currentVector                  0x20000120   Data          16  main.o(.bss)
    Asterisk::goTo                           0x20000130   Data          16  main.o(.bss)
    Asterisk::locatorSCL                     0x20000140   Data          64  main.o(.bss)
    Asterisk::locatorSDA                     0x20000180   Data          64  main.o(.bss)
    Asterisk::locatorI2C                     0x200001c0   Data         128  main.o(.bss)
    Asterisk::locator                        0x20000240   Data         140  main.o(.bss)
    Asterisk::tx_openMV                      0x200002cc   Data          64  main.o(.bss)
    Asterisk::rx_openMV                      0x2000030c   Data          64  main.o(.bss)
    Asterisk::camera                         0x2000034c   Data          24  main.o(.bss)
    Asterisk::processXY                      0x20000368   Data         112  main.o(.bss)
    Asterisk::tx_imu                         0x200003d8   Data          64  main.o(.bss)
    Asterisk::rx_imu                         0x20000418   Data          64  main.o(.bss)
    Asterisk::gyro                           0x20000458   Data          12  main.o(.bss)
    Asterisk::motor1in1                      0x20000464   Data          64  main.o(.bss)
    Asterisk::motor1in2                      0x200004a4   Data          64  main.o(.bss)
    Asterisk::motor1                         0x200004e4   Data         128  main.o(.bss)
    Asterisk::motor2in1                      0x20000564   Data          64  main.o(.bss)
    Asterisk::motor2in2                      0x200005a4   Data          64  main.o(.bss)
    Asterisk::motor2                         0x200005e4   Data         128  main.o(.bss)
    Asterisk::motor3in1                      0x20000664   Data          64  main.o(.bss)
    Asterisk::motor3in2                      0x200006a4   Data          64  main.o(.bss)
    Asterisk::motor3                         0x200006e4   Data         128  main.o(.bss)
    Asterisk::motor4in1                      0x20000764   Data          64  main.o(.bss)
    Asterisk::motor4in2                      0x200007a4   Data          64  main.o(.bss)
    Asterisk::motor4                         0x200007e4   Data         128  main.o(.bss)
    Asterisk::omni                           0x20000864   Data         512  main.o(.bss)
    Asterisk::ball                           0x20000a68   Data        3184  main.o(.bss)
    SPI_1::_rx_buffer                        0x200016d8   Data          32  spi_1.o(.bss)
    __libspace_start                         0x200016f8   Data          96  libspace.o(.bss)
    __temporary_stack_top$libspace           0x20001758   Data           0  libspace.o(.bss)



==============================================================================

Memory Map of the image

  Image Entry point : 0x08000189

  Load Region LR_IROM1 (Base: 0x08000000, Size: 0x00009ba4, Max: 0x00100000, ABSOLUTE)

    Execution Region ER_IROM1 (Exec base: 0x08000000, Load base: 0x08000000, Size: 0x00009a84, Max: 0x00100000, ABSOLUTE)

    Exec Addr    Load Addr    Size         Type   Attr      Idx    E Section Name        Object

    0x08000000   0x08000000   0x00000188   Data   RO         4918    RESET               startup_stm32f407xx.o
    0x08000188   0x08000188   0x00000008   Code   RO         5051  * !!!main             c_w.l(__main.o)
    0x08000190   0x08000190   0x00000034   Code   RO         5619    !!!scatter          c_w.l(__scatter.o)
    0x080001c4   0x080001c4   0x0000001a   Code   RO         5621    !!handler_copy      c_w.l(__scatter_copy.o)
    0x080001de   0x080001de   0x00000002   PAD
    0x080001e0   0x080001e0   0x0000001c   Code   RO         5623    !!handler_zi        c_w.l(__scatter_zi.o)
    0x080001fc   0x080001fc   0x00000002   Code   RO         5427    .ARM.Collect$$libinit$$00000000  c_w.l(libinit.o)
    0x080001fe   0x080001fe   0x00000004   Code   RO         5251    .ARM.Collect$$libinit$$00000001  c_w.l(libinit2.o)
    0x08000202   0x08000202   0x00000000   Code   RO         5254    .ARM.Collect$$libinit$$00000004  c_w.l(libinit2.o)
    0x08000202   0x08000202   0x00000000   Code   RO         5257    .ARM.Collect$$libinit$$0000000A  c_w.l(libinit2.o)
    0x08000202   0x08000202   0x00000000   Code   RO         5259    .ARM.Collect$$libinit$$0000000C  c_w.l(libinit2.o)
    0x08000202   0x08000202   0x00000000   Code   RO         5261    .ARM.Collect$$libinit$$0000000E  c_w.l(libinit2.o)
    0x08000202   0x08000202   0x00000000   Code   RO         5264    .ARM.Collect$$libinit$$00000011  c_w.l(libinit2.o)
    0x08000202   0x08000202   0x00000000   Code   RO         5266    .ARM.Collect$$libinit$$00000013  c_w.l(libinit2.o)
    0x08000202   0x08000202   0x00000000   Code   RO         5268    .ARM.Collect$$libinit$$00000015  c_w.l(libinit2.o)
    0x08000202   0x08000202   0x00000000   Code   RO         5270    .ARM.Collect$$libinit$$00000017  c_w.l(libinit2.o)
    0x08000202   0x08000202   0x00000000   Code   RO         5272    .ARM.Collect$$libinit$$00000019  c_w.l(libinit2.o)
    0x08000202   0x08000202   0x00000000   Code   RO         5274    .ARM.Collect$$libinit$$0000001B  c_w.l(libinit2.o)
    0x08000202   0x08000202   0x00000000   Code   RO         5276    .ARM.Collect$$libinit$$0000001D  c_w.l(libinit2.o)
    0x08000202   0x08000202   0x00000000   Code   RO         5278    .ARM.Collect$$libinit$$0000001F  c_w.l(libinit2.o)
    0x08000202   0x08000202   0x00000000   Code   RO         5280    .ARM.Collect$$libinit$$00000021  c_w.l(libinit2.o)
    0x08000202   0x08000202   0x00000000   Code   RO         5282    .ARM.Collect$$libinit$$00000023  c_w.l(libinit2.o)
    0x08000202   0x08000202   0x00000000   Code   RO         5284    .ARM.Collect$$libinit$$00000025  c_w.l(libinit2.o)
    0x08000202   0x08000202   0x00000000   Code   RO         5288    .ARM.Collect$$libinit$$0000002C  c_w.l(libinit2.o)
    0x08000202   0x08000202   0x00000000   Code   RO         5290    .ARM.Collect$$libinit$$0000002E  c_w.l(libinit2.o)
    0x08000202   0x08000202   0x00000000   Code   RO         5292    .ARM.Collect$$libinit$$00000030  c_w.l(libinit2.o)
    0x08000202   0x08000202   0x00000004   Code   RO         5293    .ARM.Collect$$libinit$$00000031  c_w.l(libinit2.o)
    0x08000206   0x08000206   0x00000000   Code   RO         5294    .ARM.Collect$$libinit$$00000032  c_w.l(libinit2.o)
    0x08000206   0x08000206   0x00000002   Code   RO         5295    .ARM.Collect$$libinit$$00000033  c_w.l(libinit2.o)
    0x08000208   0x08000208   0x00000002   Code   RO         5576    .ARM.Collect$$libshutdown$$00000000  c_w.l(libshutdown.o)
    0x0800020a   0x0800020a   0x00000000   Code   RO         5582    .ARM.Collect$$libshutdown$$00000002  c_w.l(libshutdown2.o)
    0x0800020a   0x0800020a   0x00000000   Code   RO         5584    .ARM.Collect$$libshutdown$$00000004  c_w.l(libshutdown2.o)
    0x0800020a   0x0800020a   0x00000000   Code   RO         5586    .ARM.Collect$$libshutdown$$00000006  c_w.l(libshutdown2.o)
    0x0800020a   0x0800020a   0x00000000   Code   RO         5589    .ARM.Collect$$libshutdown$$00000009  c_w.l(libshutdown2.o)
    0x0800020a   0x0800020a   0x00000000   Code   RO         5592    .ARM.Collect$$libshutdown$$0000000C  c_w.l(libshutdown2.o)
    0x0800020a   0x0800020a   0x00000000   Code   RO         5594    .ARM.Collect$$libshutdown$$0000000E  c_w.l(libshutdown2.o)
    0x0800020a   0x0800020a   0x00000000   Code   RO         5597    .ARM.Collect$$libshutdown$$00000011  c_w.l(libshutdown2.o)
    0x0800020a   0x0800020a   0x00000002   Code   RO         5598    .ARM.Collect$$libshutdown$$00000012  c_w.l(libshutdown2.o)
    0x0800020c   0x0800020c   0x00000000   Code   RO         5248    .ARM.Collect$$rtentry$$00000000  c_w.l(__rtentry.o)
    0x0800020c   0x0800020c   0x00000000   Code   RO         5383    .ARM.Collect$$rtentry$$00000002  c_w.l(__rtentry2.o)
    0x0800020c   0x0800020c   0x00000006   Code   RO         5395    .ARM.Collect$$rtentry$$00000004  c_w.l(__rtentry4.o)
    0x08000212   0x08000212   0x00000000   Code   RO         5385    .ARM.Collect$$rtentry$$00000009  c_w.l(__rtentry2.o)
    0x08000212   0x08000212   0x00000004   Code   RO         5386    .ARM.Collect$$rtentry$$0000000A  c_w.l(__rtentry2.o)
    0x08000216   0x08000216   0x00000000   Code   RO         5388    .ARM.Collect$$rtentry$$0000000C  c_w.l(__rtentry2.o)
    0x08000216   0x08000216   0x00000008   Code   RO         5389    .ARM.Collect$$rtentry$$0000000D  c_w.l(__rtentry2.o)
    0x0800021e   0x0800021e   0x00000002   Code   RO         5437    .ARM.Collect$$rtexit$$00000000  c_w.l(rtexit.o)
    0x08000220   0x08000220   0x00000000   Code   RO         5516    .ARM.Collect$$rtexit$$00000002  c_w.l(rtexit2.o)
    0x08000220   0x08000220   0x00000004   Code   RO         5517    .ARM.Collect$$rtexit$$00000003  c_w.l(rtexit2.o)
    0x08000224   0x08000224   0x00000006   Code   RO         5518    .ARM.Collect$$rtexit$$00000004  c_w.l(rtexit2.o)
    0x0800022a   0x0800022a   0x00000002   PAD
    0x0800022c   0x0800022c   0x00000040   Code   RO         4919    .text               startup_stm32f407xx.o
    0x0800026c   0x0800026c   0x00000002   Code   RO         5045    .text               c_w.l(use_no_semi.o)
    0x0800026e   0x0800026e   0x00000064   Code   RO         5047    .text               c_w.l(rt_memcpy_w.o)
    0x080002d2   0x080002d2   0x00000006   Code   RO         5049    .text               c_w.l(heapauxi.o)
    0x080002d8   0x080002d8   0x00000024   Code   RO         5056    .text               c_w.l(init_aeabi.o)
    0x080002fc   0x080002fc   0x00000016   Code   RO         5249    .text               c_w.l(_rserrno.o)
    0x08000312   0x08000312   0x00000002   PAD
    0x08000314   0x08000314   0x00000008   Code   RO         5400    .text               c_w.l(rt_errno_addr_intlibspace.o)
    0x0800031c   0x0800031c   0x00000008   Code   RO         5411    .text               c_w.l(libspace.o)
    0x08000324   0x08000324   0x0000004a   Code   RO         5414    .text               c_w.l(sys_stackheap_outer.o)
    0x0800036e   0x0800036e   0x00000012   Code   RO         5416    .text               c_w.l(exit.o)
    0x08000380   0x08000380   0x00000090   Code   RO         3308    i.GPIO_Init         stm32f4xx_gpio.o
    0x08000410   0x08000410   0x00000046   Code   RO         3309    i.GPIO_PinAFConfig  stm32f4xx_gpio.o
    0x08000456   0x08000456   0x00000004   Code   RO         3315    i.GPIO_ResetBits    stm32f4xx_gpio.o
    0x0800045a   0x0800045a   0x00000004   Code   RO         3316    i.GPIO_SetBits      stm32f4xx_gpio.o
    0x0800045e   0x0800045e   0x00000002   PAD
    0x08000460   0x08000460   0x00000020   Code   RO         3643    i.RCC_AHB1PeriphClockCmd  stm32f4xx_rcc.o
    0x08000480   0x08000480   0x00000020   Code   RO         3652    i.RCC_APB1PeriphClockCmd  stm32f4xx_rcc.o
    0x080004a0   0x080004a0   0x00000020   Code   RO         3655    i.RCC_APB2PeriphClockCmd  stm32f4xx_rcc.o
    0x080004c0   0x080004c0   0x000000e8   Code   RO         3664    i.RCC_GetClocksFreq  stm32f4xx_rcc.o
    0x080005a8   0x080005a8   0x0000006c   Code   RO         2180    i.SPI1_IRQHandler   spi_1.o
    0x08000614   0x08000614   0x00000012   Code   RO         3998    i.SPI_I2S_GetFlagStatus  stm32f4xx_spi.o
    0x08000626   0x08000626   0x00000002   PAD
    0x08000628   0x08000628   0x00000110   Code   RO         4926    i.SetSysClock       system_stm32f4xx.o
    0x08000738   0x08000738   0x00000018   Code   RO         1462    i.SysTick_Handler   time_service.o
    0x08000750   0x08000750   0x00000068   Code   RO         4928    i.SystemInit        system_stm32f4xx.o
    0x080007b8   0x080007b8   0x00000020   Code   RO         4160    i.TIM_BDTRConfig    stm32f4xx_tim.o
    0x080007d8   0x080007d8   0x00000018   Code   RO         4171    i.TIM_Cmd           stm32f4xx_tim.o
    0x080007f0   0x080007f0   0x0000001e   Code   RO         4173    i.TIM_CtrlPWMOutputs  stm32f4xx_tim.o
    0x0800080e   0x0800080e   0x00000002   PAD
    0x08000810   0x08000810   0x0000007c   Code   RO         4200    i.TIM_OC1Init       stm32f4xx_tim.o
    0x0800088c   0x0800088c   0x000000a4   Code   RO         4205    i.TIM_OC2Init       stm32f4xx_tim.o
    0x08000930   0x08000930   0x000000a0   Code   RO         4210    i.TIM_OC3Init       stm32f4xx_tim.o
    0x080009d0   0x080009d0   0x00000078   Code   RO         4215    i.TIM_OC4Init       stm32f4xx_tim.o
    0x08000a48   0x08000a48   0x00000004   Code   RO         4233    i.TIM_SetCompare1   stm32f4xx_tim.o
    0x08000a4c   0x08000a4c   0x00000004   Code   RO         4234    i.TIM_SetCompare2   stm32f4xx_tim.o
    0x08000a50   0x08000a50   0x00000004   Code   RO         4235    i.TIM_SetCompare3   stm32f4xx_tim.o
    0x08000a54   0x08000a54   0x00000004   Code   RO         4236    i.TIM_SetCompare4   stm32f4xx_tim.o
    0x08000a58   0x08000a58   0x00000084   Code   RO         4243    i.TIM_TimeBaseInit  stm32f4xx_tim.o
    0x08000adc   0x08000adc   0x000000a0   Code   RO         1682    i.USART1_IRQHandler  usart1.o
    0x08000b7c   0x08000b7c   0x000000a8   Code   RO         1743    i.USART2_IRQHandler  usart2.o
    0x08000c24   0x08000c24   0x000000a8   Code   RO         1797    i.USART3_IRQHandler  usart3.o
    0x08000ccc   0x08000ccc   0x000000a8   Code   RO         1851    i.USART6_IRQHandler  usart6.o
    0x08000d74   0x08000d74   0x0000001e   Code   RO         4725    i.USART_ClearITPendingBit  stm32f4xx_usart.o
    0x08000d92   0x08000d92   0x00000018   Code   RO         4728    i.USART_Cmd         stm32f4xx_usart.o
    0x08000daa   0x08000daa   0x0000004a   Code   RO         4734    i.USART_ITConfig    stm32f4xx_usart.o
    0x08000df4   0x08000df4   0x000000d4   Code   RO         4735    i.USART_Init        stm32f4xx_usart.o
    0x08000ec8   0x08000ec8   0x00000018   Code   RO         4751    i.USART_StructInit  stm32f4xx_usart.o
    0x08000ee0   0x08000ee0   0x0000020c   Code   RO          974    i._ZN12omniplatform4moveEfffff  omniplatform.o
    0x080010ec   0x080010ec   0x00000044   Code   RO          976    i._ZN12omniplatformC1ER5MotorS1_S1_S1_  omniplatform.o
    0x08001130   0x08001130   0x00000060   Code   RO         1463    i._ZN12time_service4initEv  time_service.o
    0x08001190   0x08001190   0x00000024   Code   RO         1464    i._ZN12time_service5delayEj  time_service.o
    0x080011b4   0x080011b4   0x0000000c   Code   RO         1465    i._ZN12time_service6millisEv  time_service.o
    0x080011c0   0x080011c0   0x00000012   Code   RO         1467    i._ZN12time_service9startTimeEv  time_service.o
    0x080011d2   0x080011d2   0x00000006   Code   RO          357    i._ZN15ProcessingCoord12setLeaveTimeEs  processing_coord.o
    0x080011d8   0x080011d8   0x00000100   Code   RO          359    i._ZN15ProcessingCoord13getVecToPointEss  processing_coord.o
    0x080012d8   0x080012d8   0x00000068   Code   RO          360    i._ZN15ProcessingCoord14getVecToReturnEv  processing_coord.o
    0x08001340   0x08001340   0x00000050   Code   RO          362    i._ZN15ProcessingCoord16changeFromReturnEv  processing_coord.o
    0x08001390   0x08001390   0x00000074   Code   RO          363    i._ZN15ProcessingCoord16getGoalkeeperPosEv  processing_coord.o
    0x08001404   0x08001404   0x00000080   Code   RO          364    i._ZN15ProcessingCoord16getTargetForwardEv  processing_coord.o
    0x08001484   0x08001484   0x0000018c   Code   RO          367    i._ZN15ProcessingCoord18getVecToGoalCenterEv  processing_coord.o
    0x08001610   0x08001610   0x00000028   Code   RO          368    i._ZN15ProcessingCoord19getCurrentLeaveTimeEv  processing_coord.o
    0x08001638   0x08001638   0x0000008c   Code   RO          369    i._ZN15ProcessingCoord19getTargetGoalkeeperEv  processing_coord.o
    0x080016c4   0x080016c4   0x00000044   Code   RO          370    i._ZN15ProcessingCoord20getCoeffToGoalCenterEf  processing_coord.o
    0x08001708   0x08001708   0x0000053e   Code   RO          372    i._ZN15ProcessingCoord20getVecToIntersectionEs  processing_coord.o
    0x08001c46   0x08001c46   0x0000001a   Code   RO          373    i._ZN15ProcessingCoord3mapEfffff  processing_coord.o
    0x08001c60   0x08001c60   0x00000020   Code   RO          374    i._ZN15ProcessingCoord6adductEs  processing_coord.o
    0x08001c80   0x08001c80   0x00000026   Code   RO          375    i._ZN15ProcessingCoord7setGoalEh  processing_coord.o
    0x08001ca6   0x08001ca6   0x0000004a   Code   RO          377    i._ZN15ProcessingCoord8distanceEffff  processing_coord.o
    0x08001cf0   0x08001cf0   0x00000006   Code   RO          380    i._ZN15ProcessingCoord9setMaxLenEf  processing_coord.o
    0x08001cf6   0x08001cf6   0x00000002   PAD
    0x08001cf8   0x08001cf8   0x000000d8   Code   RO          381    i._ZN15ProcessingCoord9setParamsEsssss  processing_coord.o
    0x08001dd0   0x08001dd0   0x000000cc   Code   RO          382    i._ZN15ProcessingCoordC1Ev  processing_coord.o
    0x08001e9c   0x08001e9c   0x00000038   Code   RO         2025    i._ZN3I2C12generateStopEv  i2c.o
    0x08001ed4   0x08001ed4   0x0000004a   Code   RO         2026    i._ZN3I2C13generateStartEv  i2c.o
    0x08001f1e   0x08001f1e   0x0000004e   Code   RO         2027    i._ZN3I2C4readEv    i2c.o
    0x08001f6c   0x08001f6c   0x00000038   Code   RO         2028    i._ZN3I2C4sendEh    i2c.o
    0x08001fa4   0x08001fa4   0x0000001c   Code   RO         2029    i._ZN3I2C5delayEv   i2c.o
    0x08001fc0   0x08001fc0   0x0000000c   Code   RO         2030    i._ZN3I2C6sclLowEv  i2c.o
    0x08001fcc   0x08001fcc   0x0000000e   Code   RO         2031    i._ZN3I2C6sdaLowEv  i2c.o
    0x08001fda   0x08001fda   0x00000044   Code   RO         2032    i._ZN3I2C7readAchEv  i2c.o
    0x0800201e   0x0800201e   0x0000000c   Code   RO         2033    i._ZN3I2C7sclHighEv  i2c.o
    0x0800202a   0x0800202a   0x0000000e   Code   RO         2035    i._ZN3I2C7sdaHighEv  i2c.o
    0x08002038   0x08002038   0x00000022   Code   RO         2036    i._ZN3I2C7sdaReadEv  i2c.o
    0x0800205a   0x0800205a   0x0000003c   Code   RO         2039    i._ZN3I2C8writeBitEb  i2c.o
    0x08002096   0x08002096   0x0000002e   Code   RO         2040    i._ZN3I2CC1ER3PinS1_  i2c.o
    0x080020c4   0x080020c4   0x00000134   Code   RO         1526    i._ZN3Pin12RCC_ClockCmdEv  pin_1.o
    0x080021f8   0x080021f8   0x000000f4   Code   RO         1527    i._ZN3Pin12setTimParamsEt  pin_1.o
    0x080022ec   0x080022ec   0x00000028   Code   RO         1528    i._ZN3Pin13setAFforUSARTEt  pin_1.o
    0x08002314   0x08002314   0x00000044   Code   RO         1529    i._ZN3Pin3pwmEj     pin_1.o
    0x08002358   0x08002358   0x00000006   Code   RO         1531    i._ZN3Pin6getPinEv  pin_1.o
    0x0800235e   0x0800235e   0x00000010   Code   RO         1532    i._ZN3Pin6setBitEv  pin_1.o
    0x0800236e   0x0800236e   0x000000cc   Code   RO         1533    i._ZN3Pin6setPinEh  pin_1.o
    0x0800243a   0x0800243a   0x00000002   PAD
    0x0800243c   0x0800243c   0x00000108   Code   RO         1534    i._ZN3Pin7pwmInitEsjh  pin_1.o
    0x08002544   0x08002544   0x00000074   Code   RO         1535    i._ZN3Pin7setGPIOEc  pin_1.o
    0x080025b8   0x080025b8   0x00000006   Code   RO         1536    i._ZN3Pin8getGPIOxEv  pin_1.o
    0x080025be   0x080025be   0x00000010   Code   RO         1537    i._ZN3Pin8resetBitEv  pin_1.o
    0x080025ce   0x080025ce   0x00000008   Code   RO         1538    i._ZN3Pin9getPeriodEv  pin_1.o
    0x080025d6   0x080025d6   0x00000002   PAD
    0x080025d8   0x080025d8   0x00000234   Code   RO         1539    i._ZN3PinC1Echt     pin_1.o
    0x0800280c   0x0800280c   0x0000000c   Code   RO         1631    i._ZN5Motor11getMaxSpeedEv  motor.o
    0x08002818   0x08002818   0x0000006c   Code   RO         1632    i._ZN5Motor2goEs    motor.o
    0x08002884   0x08002884   0x00000046   Code   RO         1635    i._ZN5MotorC1ER3PinhS1_h  motor.o
    0x080028ca   0x080028ca   0x0000000a   Code   RO          597    i._ZN5Vec2b3setEdd  vec2b.o
    0x080028d4   0x080028d4   0x00000398   Code   RO          598    i._ZN5Vec2b8changeToES_  vec2b.o
    0x08002c6c   0x08002c6c   0x0000000a   Code   RO          599    i._ZN5Vec2bC1Edd    vec2b.o
    0x08002c76   0x08002c76   0x00000002   PAD
    0x08002c78   0x08002c78   0x0000001c   Code   RO          600    i._ZN5Vec2bC1Ev     vec2b.o
    0x08002c94   0x08002c94   0x0000021c   Code   RO          601    i._ZN5Vec2bplERKS_  vec2b.o
    0x08002eb0   0x08002eb0   0x00000168   Code   RO         1683    i._ZN5uart110usart1InitEjfh  usart1.o
    0x08003018   0x08003018   0x00000048   Code   RO         1684    i._ZN5uart14readEv  usart1.o
    0x08003060   0x08003060   0x00000034   Code   RO         1686    i._ZN5uart19availableEv  usart1.o
    0x08003094   0x08003094   0x00000168   Code   RO         1744    i._ZN5uart210usart2InitEjfh  usart2.o
    0x080031fc   0x080031fc   0x00000048   Code   RO         1745    i._ZN5uart24readEv  usart2.o
    0x08003244   0x08003244   0x00000034   Code   RO         1747    i._ZN5uart29availableEv  usart2.o
    0x08003278   0x08003278   0x00000168   Code   RO         1798    i._ZN5uart310usart3InitEjfh  usart3.o
    0x080033e0   0x080033e0   0x00000048   Code   RO         1799    i._ZN5uart34readEv  usart3.o
    0x08003428   0x08003428   0x00000034   Code   RO         1801    i._ZN5uart39availableEv  usart3.o
    0x0800345c   0x0800345c   0x00000168   Code   RO         1852    i._ZN5uart610usart6InitEjfh  usart6.o
    0x080035c4   0x080035c4   0x00000048   Code   RO         1853    i._ZN5uart64readEv  usart6.o
    0x0800360c   0x0800360c   0x00000034   Code   RO         1855    i._ZN5uart69availableEv  usart6.o
    0x08003640   0x08003640   0x00000020   Code   RO          783    i._ZN6OpenMV11adductionMVEs  openmv.o
    0x08003660   0x08003660   0x00000008   Code   RO          784    i._ZN6OpenMV11getDistBlueEv  openmv.o
    0x08003668   0x08003668   0x00000008   Code   RO          785    i._ZN6OpenMV12getAngleBlueEv  openmv.o
    0x08003670   0x08003670   0x00000008   Code   RO          786    i._ZN6OpenMV13getDistYellowEv  openmv.o
    0x08003678   0x08003678   0x00000008   Code   RO          787    i._ZN6OpenMV14getAngleYellowEv  openmv.o
    0x08003680   0x08003680   0x0000003a   Code   RO          788    i._ZN6OpenMV4crc8EPVhh  openmv.o
    0x080036ba   0x080036ba   0x00000012   Code   RO          789    i._ZN6OpenMV4getXEv  openmv.o
    0x080036cc   0x080036cc   0x00000012   Code   RO          790    i._ZN6OpenMV4getYEv  openmv.o
    0x080036de   0x080036de   0x0000010e   Code   RO          791    i._ZN6OpenMV4readEv  openmv.o
    0x080037ec   0x080037ec   0x000002c4   Code   RO          792    i._ZN6OpenMV9calculateEsbb  openmv.o
    0x08003ab0   0x08003ab0   0x00000056   Code   RO          793    i._ZN6OpenMV9initUSARTEh  openmv.o
    0x08003b06   0x08003b06   0x00000002   PAD
    0x08003b08   0x08003b08   0x0000003c   Code   RO          794    i._ZN6OpenMVC1ER3PinS1_h  openmv.o
    0x08003b44   0x08003b44   0x0000000c   Code   RO           11    i._ZN8Asterisk10calibratedEv  main.o
    0x08003b50   0x08003b50   0x00000434   Code   RO           12    i._ZN8Asterisk11protectGoalEv  main.o
    0x08003f84   0x08003f84   0x0000013c   Code   RO           13    i._ZN8Asterisk20getVec2bToBallFollowEv  main.o
    0x080040c0   0x080040c0   0x00000134   Code   RO           14    i._ZN8Asterisk4initEhhh  main.o
    0x080041f4   0x080041f4   0x0000037c   Code   RO           15    i._ZN8Asterisk6updateEv  main.o
    0x08004570   0x08004570   0x0000000c   Code   RO           16    i._ZN8Asterisk7getRoleEv  main.o
    0x0800457c   0x0800457c   0x000000fc   Code   RO           17    i._ZN8Asterisk8goToBallEv  main.o
    0x08004678   0x08004678   0x000000d0   Code   RO           18    i._ZN8Asterisk9mustLeaveEv  main.o
    0x08004748   0x08004748   0x00000008   Code   RO         1017    i._ZN8gyro_imu11getRotationEv  imu_usart.o
    0x08004750   0x08004750   0x00000006   Code   RO         1018    i._ZN8gyro_imu12setZeroAngleEv  imu_usart.o
    0x08004756   0x08004756   0x00000002   PAD
    0x08004758   0x08004758   0x000000b4   Code   RO         1019    i._ZN8gyro_imu13calculateSoftEff  imu_usart.o
    0x0800480c   0x0800480c   0x00000008   Code   RO         1020    i._ZN8gyro_imu14getMaxRotationEv  imu_usart.o
    0x08004814   0x08004814   0x00000008   Code   RO         1021    i._ZN8gyro_imu15getCurrentAngleEv  imu_usart.o
    0x0800481c   0x0800481c   0x00000060   Code   RO         1022    i._ZN8gyro_imu20setRotationForTargetEv  imu_usart.o
    0x0800487c   0x0800487c   0x00000110   Code   RO         1023    i._ZN8gyro_imu4readEv  imu_usart.o
    0x0800498c   0x0800498c   0x00000020   Code   RO         1024    i._ZN8gyro_imu6adductEs  imu_usart.o
    0x080049ac   0x080049ac   0x00000056   Code   RO         1026    i._ZN8gyro_imu9initUSARTEh  imu_usart.o
    0x08004a02   0x08004a02   0x00000004   Code   RO         1027    i._ZN8gyro_imu9setTargetEs  imu_usart.o
    0x08004a06   0x08004a06   0x00000024   Code   RO         1028    i._ZN8gyro_imuC1ER3PinS1_h  imu_usart.o
    0x08004a2a   0x08004a2a   0x000002e8   Code   RO          655    i._ZN9BallVec2b12changeValuesEb  queues_ball.o
    0x08004d12   0x08004d12   0x00000030   Code   RO          656    i._ZN9BallVec2b15getCurrentVec2bEv  queues_ball.o
    0x08004d42   0x08004d42   0x0000000a   Code   RO          657    i._ZN9BallVec2b16getDerivativeAngEv  queues_ball.o
    0x08004d4c   0x08004d4c   0x0000000a   Code   RO          658    i._ZN9BallVec2b17getDerivativeDistEv  queues_ball.o
    0x08004d56   0x08004d56   0x00000002   PAD
    0x08004d58   0x08004d58   0x00000124   Code   RO          659    i._ZN9BallVec2b18setTransitionBy360Ev  queues_ball.o
    0x08004e7c   0x08004e7c   0x000001f8   Code   RO          660    i._ZN9BallVec2b4pushE5Vec2bj  queues_ball.o
    0x08005074   0x08005074   0x00000088   Code   RO          661    i._ZN9BallVec2b6adductEd  queues_ball.o
    0x080050fc   0x080050fc   0x00000538   Code   RO          662    i._ZN9BallVec2b9calculateEv  queues_ball.o
    0x08005634   0x08005634   0x000000bc   Code   RO          663    i._ZN9BallVec2bC1Ev  queues_ball.o
    0x080056f0   0x080056f0   0x00000188   Code   RO          901    i._ZN9IRLocator11angleOffsetEff  ir_locator.o
    0x08005878   0x08005878   0x000000ac   Code   RO          902    i._ZN9IRLocator11convertDistEd  ir_locator.o
    0x08005924   0x08005924   0x00000020   Code   RO          903    i._ZN9IRLocator6adductEs  ir_locator.o
    0x08005944   0x08005944   0x00000010   Code   RO          904    i._ZN9IRLocator7distBadEs  ir_locator.o
    0x08005954   0x08005954   0x00000008   Code   RO          905    i._ZN9IRLocator7getDistEv  ir_locator.o
    0x0800595c   0x0800595c   0x00000058   Code   RO          906    i._ZN9IRLocator8getAngleEv  ir_locator.o
    0x080059b4   0x080059b4   0x0000006a   Code   RO          907    i._ZN9IRLocator8getValueEh  ir_locator.o
    0x08005a1e   0x08005a1e   0x0000001a   Code   RO          908    i._ZN9IRLocatorC1ER3I2Cj  ir_locator.o
    0x08005a38   0x08005a38   0x0000000e   Code   RO          721    i._ZN9Vec2bTime3setEddjs  queues_ball.o
    0x08005a46   0x08005a46   0x00000006   Code   RO          739    i._ZN9Vec2bTime6getLenEv  queues_ball.o
    0x08005a4c   0x08005a4c   0x00000054   Code   RO          727    i._ZN9Vec2bTime7correctEv  queues_ball.o
    0x08005aa0   0x08005aa0   0x00000006   Code   RO          751    i._ZN9Vec2bTime7getTimeEv  queues_ball.o
    0x08005aa6   0x08005aa6   0x00000006   Code   RO          745    i._ZN9Vec2bTime8getAngleEv  queues_ball.o
    0x08005aac   0x08005aac   0x0000000e   Code   RO          757    i._ZN9Vec2bTimeC1Ev  queues_ball.o
    0x08005aba   0x08005aba   0x00000020   Code   RO          128    i._ZSt3absd         main.o
    0x08005ada   0x08005ada   0x00000018   Code   RO          867    i._ZSt3cosf         openmv.o
    0x08005af2   0x08005af2   0x00000034   Code   RO          733    i._ZSt3powdi        queues_ball.o
    0x08005b26   0x08005b26   0x00000020   Code   RO          569    i._ZSt3powff        processing_coord.o
    0x08005b46   0x08005b46   0x00000022   Code   RO          557    i._ZSt3powfi        processing_coord.o
    0x08005b68   0x08005b68   0x00000018   Code   RO          873    i._ZSt3sinf         openmv.o
    0x08005b80   0x08005b80   0x00000018   Code   RO          563    i._ZSt4sqrtf        processing_coord.o
    0x08005b98   0x08005b98   0x00000020   Code   RO          551    i._ZSt5atan2ff      processing_coord.o
    0x08005bb8   0x08005bb8   0x00000030   Code   RO         5347    i.__ARM_fpclassify  m_wm.l(fpclassify.o)
    0x08005be8   0x08005be8   0x00000026   Code   RO         5349    i.__ARM_fpclassifyf  m_wm.l(fpclassifyf.o)
    0x08005c0e   0x08005c0e   0x00000024   Code   RO         5059    i.__aeabi_vec_ctor_nocookie_nodtor  cpprt_w.l(aeabi_vec_ctor_nocookie_nodtor.o)
    0x08005c32   0x08005c32   0x00000006   PAD
    0x08005c38   0x08005c38   0x000002d8   Code   RO         5316    i.__hardfp_atan     m_wm.l(atan.o)
    0x08005f10   0x08005f10   0x00000200   Code   RO         5118    i.__hardfp_atan2    m_wm.l(atan2.o)
    0x08006110   0x08006110   0x000002ac   Code   RO         5130    i.__hardfp_atan2f   m_wm.l(atan2f.o)
    0x080063bc   0x080063bc   0x00000004   PAD
    0x080063c0   0x080063c0   0x000000c8   Code   RO         5142    i.__hardfp_cos      m_wm.l(cos.o)
    0x08006488   0x08006488   0x00000150   Code   RO         5154    i.__hardfp_cosf     m_wm.l(cosf.o)
    0x080065d8   0x080065d8   0x00000014   Code   RO         5166    i.__hardfp_fabs     m_wm.l(fabs.o)
    0x080065ec   0x080065ec   0x00000004   PAD
    0x080065f0   0x080065f0   0x00000c50   Code   RO         5172    i.__hardfp_pow      m_wm.l(pow.o)
    0x08007240   0x08007240   0x00000664   Code   RO         5186    i.__hardfp_powf     m_wm.l(powf.o)
    0x080078a4   0x080078a4   0x00000004   PAD
    0x080078a8   0x080078a8   0x000000c8   Code   RO         5200    i.__hardfp_sin      m_wm.l(sin.o)
    0x08007970   0x08007970   0x00000190   Code   RO         5212    i.__hardfp_sinf     m_wm.l(sinf.o)
    0x08007b00   0x08007b00   0x0000007a   Code   RO         5224    i.__hardfp_sqrt     m_wm.l(sqrt.o)
    0x08007b7a   0x08007b7a   0x0000003a   Code   RO         5236    i.__hardfp_sqrtf    m_wm.l(sqrtf.o)
    0x08007bb4   0x08007bb4   0x00000004   PAD
    0x08007bb8   0x08007bb8   0x00000438   Code   RO         5368    i.__ieee754_rem_pio2  m_wm.l(rred.o)
    0x08007ff0   0x08007ff0   0x00000170   Code   RO         5330    i.__kernel_cos      m_wm.l(cos_i.o)
    0x08008160   0x08008160   0x000000f8   Code   RO         5365    i.__kernel_poly     m_wm.l(poly.o)
    0x08008258   0x08008258   0x00000130   Code   RO         5376    i.__kernel_sin      m_wm.l(sin_i.o)
    0x08008388   0x08008388   0x00000030   Code   RO         5333    i.__mathlib_dbl_divzero  m_wm.l(dunder.o)
    0x080083b8   0x080083b8   0x00000014   Code   RO         5334    i.__mathlib_dbl_infnan  m_wm.l(dunder.o)
    0x080083cc   0x080083cc   0x00000014   Code   RO         5335    i.__mathlib_dbl_infnan2  m_wm.l(dunder.o)
    0x080083e0   0x080083e0   0x00000020   Code   RO         5336    i.__mathlib_dbl_invalid  m_wm.l(dunder.o)
    0x08008400   0x08008400   0x00000020   Code   RO         5337    i.__mathlib_dbl_overflow  m_wm.l(dunder.o)
    0x08008420   0x08008420   0x00000020   Code   RO         5339    i.__mathlib_dbl_underflow  m_wm.l(dunder.o)
    0x08008440   0x08008440   0x00000014   Code   RO         5351    i.__mathlib_flt_divzero  m_wm.l(funder.o)
    0x08008454   0x08008454   0x00000006   Code   RO         5352    i.__mathlib_flt_infnan  m_wm.l(funder.o)
    0x0800845a   0x0800845a   0x00000006   Code   RO         5353    i.__mathlib_flt_infnan2  m_wm.l(funder.o)
    0x08008460   0x08008460   0x00000010   Code   RO         5354    i.__mathlib_flt_invalid  m_wm.l(funder.o)
    0x08008470   0x08008470   0x00000010   Code   RO         5355    i.__mathlib_flt_overflow  m_wm.l(funder.o)
    0x08008480   0x08008480   0x00000010   Code   RO         5357    i.__mathlib_flt_underflow  m_wm.l(funder.o)
    0x08008490   0x08008490   0x00000154   Code   RO         5373    i.__mathlib_rredf2  m_wm.l(rredf.o)
    0x080085e4   0x080085e4   0x000001ac   Code   RO           19    i.__sti___8_main_cpp_ab1d1ed5  main.o
    0x08008790   0x08008790   0x00000004   Code   RO         2242    i._sys_exit         retarget.o
    0x08008794   0x08008794   0x00000010   Code   RO         5318    i.atan              m_wm.l(atan.o)
    0x080087a4   0x080087a4   0x00000018   Code   RO         5168    i.fabs              m_wm.l(fabs.o)
    0x080087bc   0x080087bc   0x00000030   Code   RO           20    i.main              main.o
    0x080087ec   0x080087ec   0x0000006e   Code   RO         5226    i.sqrt              m_wm.l(sqrt.o)
    0x0800885a   0x0800885a   0x00000018   Code   RO         5062    x$fpl$basic         fz_wm.l(basic.o)
    0x08008872   0x08008872   0x00000002   PAD
    0x08008874   0x08008874   0x00000062   Code   RO         5064    x$fpl$d2f           fz_wm.l(d2f.o)
    0x080088d6   0x080088d6   0x00000002   PAD
    0x080088d8   0x080088d8   0x00000150   Code   RO         5066    x$fpl$dadd          fz_wm.l(daddsub_clz.o)
    0x08008a28   0x08008a28   0x00000010   Code   RO         5407    x$fpl$dcheck1       fz_wm.l(dcheck1.o)
    0x08008a38   0x08008a38   0x00000018   Code   RO         5299    x$fpl$dcmpinf       fz_wm.l(dcmpi.o)
    0x08008a50   0x08008a50   0x000002b0   Code   RO         5073    x$fpl$ddiv          fz_wm.l(ddiv.o)
    0x08008d00   0x08008d00   0x00000078   Code   RO         5076    x$fpl$deqf          fz_wm.l(deqf.o)
    0x08008d78   0x08008d78   0x0000005e   Code   RO         5078    x$fpl$dfix          fz_wm.l(dfix.o)
    0x08008dd6   0x08008dd6   0x0000002e   Code   RO         5087    x$fpl$dflt          fz_wm.l(dflt_clz.o)
    0x08008e04   0x08008e04   0x00000026   Code   RO         5086    x$fpl$dfltu         fz_wm.l(dflt_clz.o)
    0x08008e2a   0x08008e2a   0x00000002   PAD
    0x08008e2c   0x08008e2c   0x00000078   Code   RO         5096    x$fpl$dleqf         fz_wm.l(dleqf.o)
    0x08008ea4   0x08008ea4   0x00000154   Code   RO         5098    x$fpl$dmul          fz_wm.l(dmul.o)
    0x08008ff8   0x08008ff8   0x0000009c   Code   RO         5301    x$fpl$dnaninf       fz_wm.l(dnaninf.o)
    0x08009094   0x08009094   0x0000000c   Code   RO         5303    x$fpl$dretinf       fz_wm.l(dretinf.o)
    0x080090a0   0x080090a0   0x0000006c   Code   RO         5100    x$fpl$drleqf        fz_wm.l(drleqf.o)
    0x0800910c   0x0800910c   0x00000016   Code   RO         5067    x$fpl$drsb          fz_wm.l(daddsub_clz.o)
    0x08009122   0x08009122   0x00000002   PAD
    0x08009124   0x08009124   0x00000198   Code   RO         5305    x$fpl$dsqrt         fz_wm.l(dsqrt_umaal.o)
    0x080092bc   0x080092bc   0x000001d4   Code   RO         5068    x$fpl$dsub          fz_wm.l(daddsub_clz.o)
    0x08009490   0x08009490   0x00000056   Code   RO         5102    x$fpl$f2d           fz_wm.l(f2d.o)
    0x080094e6   0x080094e6   0x0000008c   Code   RO         5307    x$fpl$fnaninf       fz_wm.l(fnaninf.o)
    0x08009572   0x08009572   0x0000000a   Code   RO         5409    x$fpl$fpinit        fz_wm.l(fpinit.o)
    0x0800957c   0x0800957c   0x0000000a   Code   RO         5309    x$fpl$fretinf       fz_wm.l(fretinf.o)
    0x08009586   0x08009586   0x00000064   Code   RO         5435    x$fpl$retnan        fz_wm.l(retnan.o)
    0x080095ea   0x080095ea   0x0000005c   Code   RO         5313    x$fpl$scalbn        fz_wm.l(scalbn.o)
    0x08009646   0x08009646   0x00000030   Code   RO         5511    x$fpl$trapveneer    fz_wm.l(trapv.o)
    0x08009676   0x08009676   0x00000000   Code   RO         5315    x$fpl$usenofp       fz_wm.l(usenofp.o)
    0x08009676   0x08009676   0x0000003d   Data   RO         2255    .constdata          retarget.o
    0x080096b3   0x080096b3   0x00000005   PAD
    0x080096b8   0x080096b8   0x00000088   Data   RO         5175    .constdata          m_wm.l(pow.o)
    0x08009740   0x08009740   0x00000140   Data   RO         5189    .constdata          m_wm.l(powf.o)
    0x08009880   0x08009880   0x00000098   Data   RO         5319    .constdata          m_wm.l(atan.o)
    0x08009918   0x08009918   0x00000030   Data   RO         5331    .constdata          m_wm.l(cos_i.o)
    0x08009948   0x08009948   0x00000008   Data   RO         5367    .constdata          m_wm.l(qnan.o)
    0x08009950   0x08009950   0x000000c8   Data   RO         5370    .constdata          m_wm.l(rred.o)
    0x08009a18   0x08009a18   0x00000020   Data   RO         5374    .constdata          m_wm.l(rredf.o)
    0x08009a38   0x08009a38   0x00000028   Data   RO         5377    .constdata          m_wm.l(sin_i.o)
    0x08009a60   0x08009a60   0x00000020   Data   RO         5617    Region$$Table       anon$$obj.o
    0x08009a80   0x08009a80   0x00000004   Data   RO           40    .init_array         main.o
    0x08009a84   0x08009a80   0x00000000   Data   RO         5054    .init_array         c_w.l(init_aeabi.o)


    Execution Region RW_IRAM1 (Exec base: 0x20000000, Load base: 0x08009a84, Size: 0x00003648, Max: 0x00020000, ABSOLUTE)

    Exec Addr    Load Addr    Size         Type   Attr      Idx    E Section Name        Object

    0x20000000   0x08009a84   0x00000082   Data   RW           39    .data               main.o
    0x20000082   0x08009b06   0x00000002   PAD
    0x20000084   0x08009b08   0x00000004   Data   RW          414    .data               processing_coord.o
    0x20000088   0x08009b0c   0x00000008   Data   RW         1474    .data               time_service.o
    0x20000090   0x08009b14   0x00000019   Data   RW         1692    .data               usart1.o
    0x200000a9   0x08009b2d   0x00000001   PAD
    0x200000aa   0x08009b2e   0x00000019   Data   RW         1753    .data               usart2.o
    0x200000c3   0x08009b47   0x00000001   PAD
    0x200000c4   0x08009b48   0x00000019   Data   RW         1807    .data               usart3.o
    0x200000dd   0x08009b61   0x00000001   PAD
    0x200000de   0x08009b62   0x00000019   Data   RW         1861    .data               usart6.o
    0x200000f7   0x08009b7b   0x00000001   PAD
    0x200000f8   0x08009b7c   0x00000016   Data   RW         2191    .data               spi_1.o
    0x2000010e   0x08009b92   0x00000010   Data   RW         3696    .data               stm32f4xx_rcc.o
    0x2000011e   0x08009ba2   0x00000002   PAD
    0x20000120        -       0x000015b8   Zero   RW           38    .bss                main.o
    0x200016d8        -       0x00000020   Zero   RW         2190    .bss                spi_1.o
    0x200016f8        -       0x00000060   Zero   RW         5412    .bss                c_w.l(libspace.o)
    0x20001758        -       0x00000f00   Zero   RW         4917    HEAP                startup_stm32f407xx.o
    0x20002658        -       0x00000ff0   Zero   RW         4916    STACK               startup_stm32f407xx.o


==============================================================================

Image component sizes


      Code (inc. data)   RO Data    RW Data    ZI Data      Debug   Object Name

       552          0          0          0          0       8180   i2c.o
       736         26          0          0          0       7612   imu_usart.o
       840         76          0          0          0       6532   ir_locator.o
      3584        628          4        130       5560     311158   main.o
         0          0          0          0          0     256624   misc.o
       190          0          0          0          0       2632   motor.o
       592         30          0          0          0       2760   omniplatform.o
      1330         32          0          0          0      11000   openmv.o
      1860        214          0          0          0       9636   pin_1.o
      3394        224          0          4          0      19528   processing_coord.o
      3450         96          0          0          0      12356   queues_ball.o
         4          0         61          0          0       2648   retarget.o
       108         16          0         22         32       1278   spi_1.o
        64         26        392          0       7920        872   startup_stm32f407xx.o
       222          0          0          0          0       9979   stm32f4xx_gpio.o
       328         36          0         16          0      20087   stm32f4xx_rcc.o
        18          0          0          0          0       9428   stm32f4xx_spi.o
       802         66          0          0          0      27787   stm32f4xx_tim.o
       364          8          0          0          0      10163   stm32f4xx_usart.o
       376         26          0          0          0       1317   system_stm32f4xx.o
       186         22          0          8          0      32917   time_service.o
       644         98          0         25          0      37927   usart1.o
       652        100          0         25          0       3564   usart2.o
       652        100          0         25          0       3564   usart3.o
       652        100          0         25          0       3564   usart6.o
      1508         76          0          0          0       4056   vec2b.o

    ----------------------------------------------------------------------
     23128       2000        494        288      13512     817169   Object Totals
         0          0         32          0          0          0   (incl. Generated)
        20          0          5          8          0          0   (incl. Padding)

    ----------------------------------------------------------------------

      Code (inc. data)   RO Data    RW Data    ZI Data      Debug   Library Member Name

         8          0          0          0          0         68   __main.o
         0          0          0          0          0          0   __rtentry.o
        12          0          0          0          0          0   __rtentry2.o
         6          0          0          0          0          0   __rtentry4.o
        52          8          0          0          0          0   __scatter.o
        26          0          0          0          0          0   __scatter_copy.o
        28          0          0          0          0          0   __scatter_zi.o
        22          0          0          0          0        100   _rserrno.o
        18          0          0          0          0         80   exit.o
         6          0          0          0          0        152   heapauxi.o
        36         10          0          0          0         80   init_aeabi.o
         2          0          0          0          0          0   libinit.o
        10          0          0          0          0          0   libinit2.o
         2          0          0          0          0          0   libshutdown.o
         2          0          0          0          0          0   libshutdown2.o
         8          4          0          0         96         68   libspace.o
         8          4          0          0          0         68   rt_errno_addr_intlibspace.o
       100          0          0          0          0         80   rt_memcpy_w.o
         2          0          0          0          0          0   rtexit.o
        10          0          0          0          0          0   rtexit2.o
        74          0          0          0          0         80   sys_stackheap_outer.o
         2          0          0          0          0         68   use_no_semi.o
        36          0          0          0          0         84   aeabi_vec_ctor_nocookie_nodtor.o
        24          0          0          0          0        164   basic.o
        98          4          0          0          0        140   d2f.o
       826         16          0          0          0        492   daddsub_clz.o
        16          4          0          0          0        116   dcheck1.o
        24          0          0          0          0        116   dcmpi.o
       688        140          0          0          0        256   ddiv.o
       120          4          0          0          0        140   deqf.o
        94          4          0          0          0        140   dfix.o
        84          0          0          0          0        232   dflt_clz.o
       120          4          0          0          0        140   dleqf.o
       340         12          0          0          0        152   dmul.o
       156          4          0          0          0        140   dnaninf.o
        12          0          0          0          0        116   dretinf.o
       108          0          0          0          0        128   drleqf.o
       408         56          0          0          0        168   dsqrt_umaal.o
        86          4          0          0          0        132   f2d.o
       140          4          0          0          0        132   fnaninf.o
        10          0          0          0          0        116   fpinit.o
        10          0          0          0          0        116   fretinf.o
       100          0          0          0          0        116   retnan.o
        92          0          0          0          0        116   scalbn.o
        48          0          0          0          0        116   trapv.o
         0          0          0          0          0          0   usenofp.o
       744        106        152          0          0        352   atan.o
       512         64          0          0          0        208   atan2.o
       684         90          0          0          0        208   atan2f.o
       200         20          0          0          0        164   cos.o
       368         46         48          0          0        200   cos_i.o
       336         56          0          0          0        136   cosf.o
       184         44          0          0          0        744   dunder.o
        44          0          0          0          0        248   fabs.o
        48          0          0          0          0        124   fpclassify.o
        38          0          0          0          0        116   fpclassifyf.o
        80         24          0          0          0        696   funder.o
       248          0          0          0          0        152   poly.o
      3152        296        136          0          0        352   pow.o
      1636        110        320          0          0        372   powf.o
         0          0          8          0          0          0   qnan.o
      1080        142        200          0          0        188   rred.o
       340         24         32          0          0        160   rredf.o
       200         20          0          0          0        164   sin.o
       304         24         40          0          0        208   sin_i.o
       400         56          0          0          0        212   sinf.o
       232          0          0          0          0        296   sqrt.o
        58          0          0          0          0        136   sqrtf.o

    ----------------------------------------------------------------------
     14998       1412        936          0         96       9848   Library Totals
        36          8          0          0          0          0   (incl. Padding)

    ----------------------------------------------------------------------

      Code (inc. data)   RO Data    RW Data    ZI Data      Debug   Library Name

       434         26          0          0         96        844   c_w.l
        36          0          0          0          0         84   cpprt_w.l
      3604        256          0          0          0       3484   fz_wm.l
     10888       1122        936          0          0       5436   m_wm.l

    ----------------------------------------------------------------------
     14998       1412        936          0         96       9848   Library Totals

    ----------------------------------------------------------------------

==============================================================================


      Code (inc. data)   RO Data    RW Data    ZI Data      Debug   

     38126       3412       1430        288      13608     805253   Grand Totals
     38126       3412       1430        288      13608     805253   ELF Image Totals
     38126       3412       1430        288          0          0   ROM Totals

==============================================================================

    Total RO  Size (Code + RO Data)                39556 (  38.63kB)
    Total RW  Size (RW Data + ZI Data)             13896 (  13.57kB)
    Total ROM Size (Code + RO Data + RW Data)      39844 (  38.91kB)

==============================================================================

