Component: ARM Compiler 5.06 update 7 (build 960) Tool: armlink [4d3601]

==============================================================================

Section Cross References

    main.o(i._Z10writeFLASHh) refers to stm32f4xx_flash.o(i.FLASH_Unlock) for FLASH_Unlock
    main.o(i._Z10writeFLASHh) refers to stm32f4xx_flash.o(i.FLASH_EraseSector) for FLASH_EraseSector
    main.o(i._Z10writeFLASHh) refers to stm32f4xx_flash.o(i.FLASH_ProgramWord) for FLASH_ProgramWord
    main.o(i._Z10writeFLASHh) refers to stm32f4xx_flash.o(i.FLASH_Lock) for FLASH_Lock
    main.o(i._Z9readFLASHv) refers to stm32f4xx_flash.o(i.FLASH_Unlock) for FLASH_Unlock
    main.o(i._ZN8Asterisk10calibratedEv) refers to main.o(.data) for Asterisk::imuCalibrated
    main.o(i._ZN8Asterisk10initADCDMAEv) refers to adc.o(i._ZN3Adc8sendMeChEh) for Adc::sendMeCh(unsigned char)
    main.o(i._ZN8Asterisk10initADCDMAEv) refers to dma.o(i._ZN3Dma7dmaInitEP18DMA_Stream_TypeDefjj) for Dma::dmaInit(DMA_Stream_TypeDef*, unsigned, unsigned)
    main.o(i._ZN8Asterisk10initADCDMAEv) refers to dma.o(i._ZN3Dma12adcInitInDmaEh) for Dma::adcInitInDma(unsigned char)
    main.o(i._ZN8Asterisk10initADCDMAEv) refers to adc.o(i._ZN3Adc10setChannelEv) for Adc::setChannel()
    main.o(i._ZN8Asterisk10initADCDMAEv) refers to adc.o(i._ZN3Adc7adcInitEh) for Adc::adcInit(unsigned char)
    main.o(i._ZN8Asterisk10initADCDMAEv) refers to adc.o(i._ZN3Adc8startADCEv) for Adc::startADC()
    main.o(i._ZN8Asterisk10initADCDMAEv) refers to voltage.o(i._ZN14VoltageDividor6setADCER3Adc) for VoltageDividor::setADC(Adc&)
    main.o(i._ZN8Asterisk10initADCDMAEv) refers to main.o(.bss) for Asterisk::ballSensADC
    main.o(i._ZN8Asterisk4initEhhh) refers to main.o(i._ZN8Asterisk10initADCDMAEv) for Asterisk::initADCDMA()
    main.o(i._ZN8Asterisk4initEhhh) refers to time_service.o(i._ZN12time_service4initEv) for time_service::init()
    main.o(i._ZN8Asterisk4initEhhh) refers to time_service.o(i._ZN12time_service9startTimeEv) for time_service::startTime()
    main.o(i._ZN8Asterisk4initEhhh) refers to time_service.o(i._ZN12time_service5delayEj) for time_service::delay(unsigned)
    main.o(i._ZN8Asterisk4initEhhh) refers to main.o(.data) for Asterisk::x
    main.o(i._ZN8Asterisk6updateEv) refers to tsop.o(i._ZN4TSOP11updateTSOPsEv) for TSOP::updateTSOPs()
    main.o(i._ZN8Asterisk6updateEv) refers to tsop.o(i._ZN4TSOP9calculateEv) for TSOP::calculate()
    main.o(i._ZN8Asterisk6updateEv) refers to tsop.o(i._ZN4TSOP8getAngleEv) for TSOP::getAngle()
    main.o(i._ZN8Asterisk6updateEv) refers to tsop.o(i._ZN4TSOP7getDistEv) for TSOP::getDist()
    main.o(i._ZN8Asterisk6updateEv) refers to voltage.o(i._ZN14VoltageDividor10getVoltageEv) for VoltageDividor::getVoltage()
    main.o(i._ZN8Asterisk6updateEv) refers to main.o(.bss) for Asterisk::tsops
    main.o(i._ZN8Asterisk6updateEv) refers to main.o(.data) for Asterisk::angRaw
    main.o(i._ZN8Asterisk7getRoleEv) refers to main.o(.data) for Asterisk::myRole
    main.o(i.__sti___8_main_cpp_ab1d1ed5) refers to vec2b.o(i._ZN5Vec2bC1Ev) for Vec2b::Vec2b()
    main.o(i.__sti___8_main_cpp_ab1d1ed5) refers to pin_1.o(i._ZN3PinC1Echt) for Pin::Pin(char, unsigned char, unsigned short)
    main.o(i.__sti___8_main_cpp_ab1d1ed5) refers to adc.o(i._ZN3AdcC1EP11ADC_TypeDefhh) for Adc::Adc(ADC_TypeDef*, unsigned char, unsigned char)
    main.o(i.__sti___8_main_cpp_ab1d1ed5) refers to dma.o(i._ZN3DmaC1EjR3Adc) for Dma::Dma(unsigned, Adc&)
    main.o(i.__sti___8_main_cpp_ab1d1ed5) refers to dma.o(i._ZN3DmaC1Ej) for Dma::Dma(unsigned)
    main.o(i.__sti___8_main_cpp_ab1d1ed5) refers to voltage.o(i._ZN14VoltageDividorC1Ev) for VoltageDividor::VoltageDividor()
    main.o(i.__sti___8_main_cpp_ab1d1ed5) refers to tsop.o(i._ZN4TSOPC1ER3PinS1_S1_S1_S1_S1_) for TSOP::TSOP(Pin&, Pin&, Pin&, Pin&, Pin&, Pin&)
    main.o(i.__sti___8_main_cpp_ab1d1ed5) refers to openmv.o(i._ZN6OpenMVC1ER3PinS1_h) for OpenMV::OpenMV(Pin&, Pin&, unsigned char)
    main.o(i.__sti___8_main_cpp_ab1d1ed5) refers to imu_usart.o(i._ZN8gyro_imuC1ER3PinS1_h) for gyro_imu::gyro_imu(Pin&, Pin&, unsigned char)
    main.o(i.__sti___8_main_cpp_ab1d1ed5) refers to motor.o(i._ZN5MotorC1ER3PinhS1_h) for Motor::Motor(Pin&, unsigned char, Pin&, unsigned char)
    main.o(i.__sti___8_main_cpp_ab1d1ed5) refers to omniplatform.o(i._ZN12omniplatformC1ER5MotorS1_S1_S1_) for omniplatform::omniplatform(Motor&, Motor&, Motor&, Motor&)
    main.o(i.__sti___8_main_cpp_ab1d1ed5) refers to queues_ball.o(i._ZN9BallVec2bC1Ev) for BallVec2b::BallVec2b()
    main.o(i.__sti___8_main_cpp_ab1d1ed5) refers to forward.o(i._ZN7ForwardC1Ev) for Forward::Forward()
    main.o(i.__sti___8_main_cpp_ab1d1ed5) refers to goalkeeper.o(i._ZN10GoalkeeperC1Ev) for Goalkeeper::Goalkeeper()
    main.o(i.__sti___8_main_cpp_ab1d1ed5) refers to main.o(.bss) for Asterisk::currentVector
    main.o(i.main) refers to main.o(i._ZN8Asterisk4initEhhh) for Asterisk::init(unsigned char, unsigned char, unsigned char)
[...]
    i.SetSysClock                            0x080009e8   Section        0  system_stm32f4xx.o(i.SetSysClock)
    SetSysClock                              0x080009e9   Thumb Code   262  system_stm32f4xx.o(i.SetSysClock)
    i.SysTick_Handler                        0x08000af8   Section        0  time_service.o(i.SysTick_Handler)
    i.SystemInit                             0x08000b10   Section        0  system_stm32f4xx.o(i.SystemInit)
    i.TIM_BDTRConfig                         0x08000b78   Section        0  stm32f4xx_tim.o(i.TIM_BDTRConfig)
    i.TIM_Cmd                                0x08000b98   Section        0  stm32f4xx_tim.o(i.TIM_Cmd)
    i.TIM_CtrlPWMOutputs                     0x08000bb0   Section        0  stm32f4xx_tim.o(i.TIM_CtrlPWMOutputs)
    i.TIM_OC1Init                            0x08000bd0   Section        0  stm32f4xx_tim.o(i.TIM_OC1Init)
    i.TIM_OC2Init                            0x08000c4c   Section        0  stm32f4xx_tim.o(i.TIM_OC2Init)
    i.TIM_OC3Init                            0x08000cf0   Section        0  stm32f4xx_tim.o(i.TIM_OC3Init)
    i.TIM_OC4Init                            0x08000d90   Section        0  stm32f4xx_tim.o(i.TIM_OC4Init)
    i.TIM_TimeBaseInit                       0x08000e08   Section        0  stm32f4xx_tim.o(i.TIM_TimeBaseInit)
    i.USART1_IRQHandler                      0x08000e8c   Section        0  usart1.o(i.USART1_IRQHandler)
    i.USART2_IRQHandler                      0x08000f2c   Section        0  usart2.o(i.USART2_IRQHandler)
    i.USART3_IRQHandler                      0x08000fd4   Section        0  usart3.o(i.USART3_IRQHandler)
    i.USART6_IRQHandler                      0x0800107c   Section        0  usart6.o(i.USART6_IRQHandler)
    i.USART_ClearITPendingBit                0x08001124   Section        0  stm32f4xx_usart.o(i.USART_ClearITPendingBit)
    i.USART_Cmd                              0x08001142   Section        0  stm32f4xx_usart.o(i.USART_Cmd)
    i.USART_ITConfig                         0x0800115a   Section        0  stm32f4xx_usart.o(i.USART_ITConfig)
    i.USART_Init                             0x080011a4   Section        0  stm32f4xx_usart.o(i.USART_Init)
    i.USART_StructInit                       0x08001278   Section        0  stm32f4xx_usart.o(i.USART_StructInit)
    i._ZN10GoalkeeperC1Ev                    0x08001290   Section        0  goalkeeper.o(i._ZN10GoalkeeperC1Ev)
    i._ZN12omniplatformC1ER5MotorS1_S1_S1_   0x080012c0   Section        0  omniplatform.o(i._ZN12omniplatformC1ER5MotorS1_S1_S1_)
    i._ZN12time_service4initEv               0x08001304   Section        0  time_service.o(i._ZN12time_service4initEv)
    i._ZN12time_service5delayEj              0x08001364   Section        0  time_service.o(i._ZN12time_service5delayEj)
    i._ZN12time_service9startTimeEv          0x08001388   Section        0  time_service.o(i._ZN12time_service9startTimeEv)
    i._ZN14VoltageDividor10getVoltageEv      0x0800139c   Section        0  voltage.o(i._ZN14VoltageDividor10getVoltageEv)
    i._ZN14VoltageDividor6setADCER3Adc       0x080013c8   Section        0  voltage.o(i._ZN14VoltageDividor6setADCER3Adc)
    i._ZN14VoltageDividorC1Ev                0x080013dc   Section        0  voltage.o(i._ZN14VoltageDividorC1Ev)
    i._ZN15ProcessingCoordC1Ev               0x080013f8   Section        0  processing_coord.o(i._ZN15ProcessingCoordC1Ev)
    i._ZN3Adc10adcDmaInitEv                  0x0800140a   Section        0  adc.o(i._ZN3Adc10adcDmaInitEv)
    i._ZN3Adc10setChannelEv                  0x0800142e   Section        0  adc.o(i._ZN3Adc10setChannelEv)
    i._ZN3Adc12getRCCPeriphEP11ADC_TypeDef   0x08001454   Section        0  adc.o(i._ZN3Adc12getRCCPeriphEP11ADC_TypeDef)
    i._ZN3Adc4readEv                         0x0800147c   Section        0  adc.o(i._ZN3Adc4readEv)
    i._ZN3Adc6getADCEv                       0x080014b0   Section        0  adc.o(i._ZN3Adc6getADCEv)
    i._ZN3Adc7adcInitEh                      0x080014b6   Section        0  adc.o(i._ZN3Adc7adcInitEh)
    i._ZN3Adc8sendMeChEh                     0x080014de   Section        0  adc.o(i._ZN3Adc8sendMeChEh)
    i._ZN3Adc8startADCEv                     0x080014f4   Section        0  adc.o(i._ZN3Adc8startADCEv)
    i._ZN3Adc9getCyclesEh                    0x08001530   Section        0  adc.o(i._ZN3Adc9getCyclesEh)
    i._ZN3AdcC1EP11ADC_TypeDefhh             0x08001556   Section        0  adc.o(i._ZN3AdcC1EP11ADC_TypeDefhh)
    i._ZN3AdcC1Ev                            0x0800157a   Section        0  adc.o(i._ZN3AdcC1Ev)
    i._ZN3Dma12adcInitInDmaEh                0x0800157c   Section        0  dma.o(i._ZN3Dma12adcInitInDmaEh)
    i._ZN3Dma7dmaInitEP18DMA_Stream_TypeDefjj 0x080015a6   Section        0  dma.o(i._ZN3Dma7dmaInitEP18DMA_Stream_TypeDefjj)
    i._ZN3DmaC1Ej                            0x08001612   Section        0  dma.o(i._ZN3DmaC1Ej)
    i._ZN3DmaC1EjR3Adc                       0x0800162a   Section        0  dma.o(i._ZN3DmaC1EjR3Adc)
    i._ZN3Pin12RCC_ClockCmdEv                0x08001644   Section        0  pin_1.o(i._ZN3Pin12RCC_ClockCmdEv)
    i._ZN3Pin12setTimParamsEt                0x08001778   Section        0  pin_1.o(i._ZN3Pin12setTimParamsEt)
    i._ZN3Pin13setAFforUSARTEt               0x0800186c   Section        0  pin_1.o(i._ZN3Pin13setAFforUSARTEt)
    i._ZN3Pin3setEb                          0x08001894   Section        0  pin_1.o(i._ZN3Pin3setEb)
    i._ZN3Pin6getPinEv                       0x080018b4   Section        0  pin_1.o(i._ZN3Pin6getPinEv)
    i._ZN3Pin6setPinEh                       0x080018ba   Section        0  pin_1.o(i._ZN3Pin6setPinEh)
    i._ZN3Pin7pwmInitEsjh                    0x08001988   Section        0  pin_1.o(i._ZN3Pin7pwmInitEsjh)
    i._ZN3Pin7setGPIOEc                      0x08001a90   Section        0  pin_1.o(i._ZN3Pin7setGPIOEc)
    i._ZN3Pin8getGPIOxEv                     0x08001b04   Section        0  pin_1.o(i._ZN3Pin8getGPIOxEv)
    i._ZN3PinC1Echt                          0x08001b0c   Section        0  pin_1.o(i._ZN3PinC1Echt)
    i._ZN4TSOP11updateTSOPsEv                0x08001d40   Section        0  tsop.o(i._ZN4TSOP11updateTSOPsEv)
    i._ZN4TSOP7getDistEv                     0x08001e62   Section        0  tsop.o(i._ZN4TSOP7getDistEv)
    i._ZN4TSOP8getAngleEv                    0x08001e6a   Section        0  tsop.o(i._ZN4TSOP8getAngleEv)
    i._ZN4TSOP9calculateEv                   0x08001e7c   Section        0  tsop.o(i._ZN4TSOP9calculateEv)
    i._ZN4TSOPC1ER3PinS1_S1_S1_S1_S1_        0x08001fbc   Section        0  tsop.o(i._ZN4TSOPC1ER3PinS1_S1_S1_S1_S1_)
    i._ZN5MotorC1ER3PinhS1_h                 0x0800203c   Section        0  motor.o(i._ZN5MotorC1ER3PinhS1_h)
    i._ZN5Vec2bC1Ev                          0x08002084   Section        0  vec2b.o(i._ZN5Vec2bC1Ev)
    i._ZN5uart110usart1InitEjfh              0x080020a0   Section        0  usart1.o(i._ZN5uart110usart1InitEjfh)
    i._ZN5uart210usart2InitEjfh              0x08002208   Section        0  usart2.o(i._ZN5uart210usart2InitEjfh)
    i._ZN5uart310usart3InitEjfh              0x08002370   Section        0  usart3.o(i._ZN5uart310usart3InitEjfh)
    i._ZN5uart610usart6InitEjfh              0x080024d8   Section        0  usart6.o(i._ZN5uart610usart6InitEjfh)
    i._ZN6OpenMV9initUSARTEh                 0x08002640   Section        0  openmv.o(i._ZN6OpenMV9initUSARTEh)
    i._ZN6OpenMVC1ER3PinS1_h                 0x08002698   Section        0  openmv.o(i._ZN6OpenMVC1ER3PinS1_h)
    i._ZN7ForwardC1Ev                        0x080026d4   Section        0  forward.o(i._ZN7ForwardC1Ev)
    i._ZN8Asterisk10initADCDMAEv             0x080026f0   Section        0  main.o(i._ZN8Asterisk10initADCDMAEv)
    i._ZN8Asterisk4initEhhh                  0x08002768   Section        0  main.o(i._ZN8Asterisk4initEhhh)
    i._ZN8Asterisk6updateEv                  0x08002790   Section        0  main.o(i._ZN8Asterisk6updateEv)
    i._ZN8gyro_imu9initUSARTEh               0x080027f0   Section        0  imu_usart.o(i._ZN8gyro_imu9initUSARTEh)
    i._ZN8gyro_imuC1ER3PinS1_h               0x08002848   Section        0  imu_usart.o(i._ZN8gyro_imuC1ER3PinS1_h)
    i._ZN9BallVec2bC1Ev                      0x08002878   Section        0  queues_ball.o(i._ZN9BallVec2bC1Ev)
    i._ZN9Vec2bTime3setEddjs                 0x08002930   Section        0  queues_ball.o(i._ZN9Vec2bTime3setEddjs)
    i._ZN9Vec2bTimeC1Ev                      0x08002942   Section        0  queues_ball.o(i._ZN9Vec2bTimeC1Ev)
    i.__ARM_fpclassifyf                      0x08002950   Section        0  fpclassifyf.o(i.__ARM_fpclassifyf)
    i.__aeabi_vec_ctor_nocookie_nodtor       0x08002976   Section        0  aeabi_vec_ctor_nocookie_nodtor.o(i.__aeabi_vec_ctor_nocookie_nodtor)
    i.__hardfp_atan2f                        0x0800299c   Section        0  atan2f.o(i.__hardfp_atan2f)
    i.__hardfp_cosf                          0x08002c48   Section        0  cosf.o(i.__hardfp_cosf)
    i.__hardfp_sinf                          0x08002d98   Section        0  sinf.o(i.__hardfp_sinf)
    i.__hardfp_sqrtf                         0x08002f28   Section        0  sqrtf.o(i.__hardfp_sqrtf)
    i.__mathlib_flt_infnan                   0x08002f62   Section        0  funder.o(i.__mathlib_flt_infnan)
    i.__mathlib_flt_infnan2                  0x08002f68   Section        0  funder.o(i.__mathlib_flt_infnan2)
    i.__mathlib_flt_invalid                  0x08002f70   Section        0  funder.o(i.__mathlib_flt_invalid)
    i.__mathlib_flt_underflow                0x08002f80   Section        0  funder.o(i.__mathlib_flt_underflow)
    i.__mathlib_rredf2                       0x08002f90   Section        0  rredf.o(i.__mathlib_rredf2)
    i.__sti___8_main_cpp_ab1d1ed5            0x080030e4   Section        0  main.o(i.__sti___8_main_cpp_ab1d1ed5)
    __sti___8_main_cpp_ab1d1ed5              0x080030e5   Thumb Code   682  main.o(i.__sti___8_main_cpp_ab1d1ed5)
    i._sys_exit                              0x0800347c   Section        0  retarget.o(i._sys_exit)
    i.main                                   0x08003480   Section        0  main.o(i.main)
    x$fpl$dcmpinf                            0x08003492   Section       24  dcmpi.o(x$fpl$dcmpinf)
    $v0                                      0x08003492   Number         0  dcmpi.o(x$fpl$dcmpinf)
    x$fpl$deqf                               0x080034ac   Section      120  deqf.o(x$fpl$deqf)
    $v0                                      0x080034ac   Number         0  deqf.o(x$fpl$deqf)
    x$fpl$dnaninf                            0x08003524   Section      156  dnaninf.o(x$fpl$dnaninf)
    $v0                                      0x08003524   Number         0  dnaninf.o(x$fpl$dnaninf)
    x$fpl$dretinf                            0x080035c0   Section       12  dretinf.o(x$fpl$dretinf)
    $v0                                      0x080035c0   Number         0  dretinf.o(x$fpl$dretinf)
    x$fpl$f2d                                0x080035cc   Section       86  f2d.o(x$fpl$f2d)
    $v0                                      0x080035cc   Number         0  f2d.o(x$fpl$f2d)
    x$fpl$fnaninf                            0x08003622   Section      140  fnaninf.o(x$fpl$fnaninf)
    $v0                                      0x08003622   Number         0  fnaninf.o(x$fpl$fnaninf)
    x$fpl$fpinit                             0x080036ae   Section       10  fpinit.o(x$fpl$fpinit)
    $v0                                      0x080036ae   Number         0  fpinit.o(x$fpl$fpinit)
    .constdata                               0x080036b8   Section       61  retarget.o(.constdata)
    x$fpl$usenofp                            0x080036b8   Section        0  usenofp.o(x$fpl$usenofp)
    __tagsym$$used                           0x080036b8   Number         0  retarget.o(.constdata)
    date_time_commit                         0x080036b8   Data          61  retarget.o(.constdata)
    .constdata                               0x080036f8   Section       32  rredf.o(.constdata)
    twooverpi                                0x080036f8   Data          32  rredf.o(.constdata)
    .init_array                              0x08003738   Section        4  main.o(.init_array)
    .init_array                              0x0800373c   Section        0  init_aeabi.o(.init_array)
    .data                                    0x20000000   Section      176  main.o(.data)
    .data                                    0x200000b0   Section        8  time_service.o(.data)
    .data                                    0x200000b8   Section       25  usart1.o(.data)
    .data                                    0x200000d2   Section       25  usart2.o(.data)
    .data                                    0x200000ec   Section       25  usart3.o(.data)
    .data                                    0x20000106   Section       25  usart6.o(.data)
    .data                                    0x20000120   Section       22  spi_1.o(.data)
    .data                                    0x20000136   Section       16  stm32f4xx_rcc.o(.data)
    APBAHBPrescTable                         0x20000136   Data          16  stm32f4xx_rcc.o(.data)
    .bss                                     0x20000148   Section     8696  main.o(.bss)
    .bss                                     0x20002340   Section       32  spi_1.o(.bss)
    .bss                                     0x20002360   Section       96  libspace.o(.bss)
    HEAP                                     0x200023c0   Section     3840  startup_stm32f407xx.o(HEAP)
    Heap_Mem                                 0x200023c0   Data        3840  startup_stm32f407xx.o(HEAP)
    STACK                                    0x200032c0   Section     4080  startup_stm32f407xx.o(STACK)
    Stack_Mem                                0x200032c0   Data        4080  startup_stm32f407xx.o(STACK)
    __initial_sp                             0x200042b0   Data           0  startup_stm32f407xx.o(STACK)

    Global Symbols

    Symbol Name                              Value     Ov Type        Size  Object(Section)

    BuildAttributes$$THM_ISAv4$E$P$D$K$B$S$7EM$VFPi3$EXTD16$VFPS$VFMA$PE$A:L22UL41UL21$X:L11$S22US41US21$IEEE1$IW$USESV6$~STKCKD$USESV7$~SHL$OTIME$ROPI$IEEEX$EBA8$UX$STANDARDLIB$REQ8$PRES8$EABIv2 0x00000000   Number         0  anon$$obj.o ABSOLUTE
    __ARM_use_no_argv                        0x00000000   Number         0  main.o ABSOLUTE
    SHT$$ARM_EXIDX$$Base                      - Undefined Reference
    SHT$$ARM_EXIDX$$Limit                     - Undefined Reference
    __ARM_exceptions_init                     - Undefined Weak Reference
    __aeabi_unwind_cpp_pr1                    - Undefined Weak Reference
    __aeabi_unwind_cpp_pr2                    - Undefined Weak Reference
    __alloca_initialize                       - Undefined Weak Reference
    __arm_fini_                               - Undefined Weak Reference
    __arm_preinit_                            - Undefined Weak Reference
    __cxa_begin_cleanup                       - Undefined Weak Reference
    __cxa_call_unexpected                     - Undefined Weak Reference
    __cxa_finalize                            - Undefined Weak Reference
    __cxa_type_match                          - Undefined Weak Reference
    __rt_locale                               - Undefined Weak Reference
    __sigvec_lookup                           - Undefined Weak Reference
    __user_heap_extent                        - Undefined Weak Reference
    _atexit_init                              - Undefined Weak Reference
    _call_atexit_fns                          - Undefined Weak Reference
    _clock_init                               - Undefined Weak Reference
    _fp_trap_init                             - Undefined Weak Reference
    _fp_trap_shutdown                         - Undefined Weak Reference
    _get_lc_collate                           - Undefined Weak Reference
    _get_lc_ctype                             - Undefined Weak Reference
    _get_lc_monetary                          - Undefined Weak Reference
    _get_lc_numeric                           - Undefined Weak Reference
    _get_lc_time                              - Undefined Weak Reference
    _getenv_init                              - Undefined Weak Reference
    _handle_redirection                       - Undefined Weak Reference
    _initio                                   - Undefined Weak Reference
    _mutex_acquire                            - Undefined Weak Reference
    _mutex_free                               - Undefined Weak Reference
    _mutex_release                            - Undefined Weak Reference
    _rand_init                                - Undefined Weak Reference
    _signal_finish                            - Undefined Weak Reference
    _signal_init                              - Undefined Weak Reference
    _terminateio                              - Undefined Weak Reference
    __Vectors_Size                           0x00000188   Number         0  startup_stm32f407xx.o ABSOLUTE
    __Vectors                                0x08000000   Data           4  startup_stm32f407xx.o(RESET)
    __Vectors_End                            0x08000188   Data           0  startup_stm32f407xx.o(RESET)
    __main                                   0x08000189   Thumb Code     8  __main.o(!!!main)
    __scatterload                            0x08000191   Thumb Code     0  __scatter.o(!!!scatter)
    __scatterload_rt2                        0x08000191   Thumb Code    44  __scatter.o(!!!scatter)
    __scatterload_rt2_thumb_only             0x08000191   Thumb Code     0  __scatter.o(!!!scatter)
    __scatterload_null                       0x0800019f   Thumb Code     0  __scatter.o(!!!scatter)
    __decompress                             0x080001c5   Thumb Code    90  __dczerorl2.o(!!dczerorl2)
    __decompress1                            0x080001c5   Thumb Code     0  __dczerorl2.o(!!dczerorl2)
    __scatterload_zeroinit                   0x08000221   Thumb Code    28  __scatter_zi.o(!!handler_zi)
    __rt_lib_init                            0x0800023d   Thumb Code     0  libinit.o(.ARM.Collect$$libinit$$00000000)
    __rt_lib_init_fp_1                       0x0800023f   Thumb Code     0  libinit2.o(.ARM.Collect$$libinit$$00000001)
    __rt_lib_init_alloca_1                   0x08000243   Thumb Code     0  libinit2.o(.ARM.Collect$$libinit$$0000002E)
    __rt_lib_init_argv_1                     0x08000243   Thumb Code     0  libinit2.o(.ARM.Collect$$libinit$$0000002C)
    __rt_lib_init_atexit_1                   0x08000243   Thumb Code     0  libinit2.o(.ARM.Collect$$libinit$$0000001B)
    __rt_lib_init_clock_1                    0x08000243   Thumb Code     0  libinit2.o(.ARM.Collect$$libinit$$00000021)
    __rt_lib_init_cpp_2                      0x08000243   Thumb Code     0  libinit2.o(.ARM.Collect$$libinit$$00000031)
    __rt_lib_init_exceptions_1               0x08000243   Thumb Code     0  libinit2.o(.ARM.Collect$$libinit$$00000030)
    __rt_lib_init_fp_trap_1                  0x08000243   Thumb Code     0  libinit2.o(.ARM.Collect$$libinit$$0000001F)
    __rt_lib_init_getenv_1                   0x08000243   Thumb Code     0  libinit2.o(.ARM.Collect$$libinit$$00000023)
    __rt_lib_init_heap_1                     0x08000243   Thumb Code     0  libinit2.o(.ARM.Collect$$libinit$$0000000A)
    __rt_lib_init_lc_collate_1               0x08000243   Thumb Code     0  libinit2.o(.ARM.Collect$$libinit$$00000011)
    __rt_lib_init_lc_ctype_1                 0x08000243   Thumb Code     0  libinit2.o(.ARM.Collect$$libinit$$00000013)
    __rt_lib_init_lc_monetary_1              0x08000243   Thumb Code     0  libinit2.o(.ARM.Collect$$libinit$$00000015)
    __rt_lib_init_lc_numeric_1               0x08000243   Thumb Code     0  libinit2.o(.ARM.Collect$$libinit$$00000017)
    __rt_lib_init_lc_time_1                  0x08000243   Thumb Code     0  libinit2.o(.ARM.Collect$$libinit$$00000019)
    __rt_lib_init_preinit_1                  0x08000243   Thumb Code     0  libinit2.o(.ARM.Collect$$libinit$$00000004)
    __rt_lib_init_rand_1                     0x08000243   Thumb Code     0  libinit2.o(.ARM.Collect$$libinit$$0000000E)
    __rt_lib_init_signal_1                   0x08000243   Thumb Code     0  libinit2.o(.ARM.Collect$$libinit$$0000001D)
    __rt_lib_init_stdio_1                    0x08000243   Thumb Code     0  libinit2.o(.ARM.Collect$$libinit$$00000025)
    __rt_lib_init_user_alloc_1               0x08000243   Thumb Code     0  libinit2.o(.ARM.Collect$$libinit$$0000000C)
    __rt_lib_init_cpp_1                      0x08000247   Thumb Code     0  libinit2.o(.ARM.Collect$$libinit$$00000032)
    __rt_lib_init_return                     0x08000247   Thumb Code     0  libinit2.o(.ARM.Collect$$libinit$$00000033)
    __rt_lib_shutdown                        0x08000249   Thumb Code     0  libshutdown.o(.ARM.Collect$$libshutdown$$00000000)
    __rt_lib_shutdown_cpp_1                  0x0800024b   Thumb Code     0  libshutdown2.o(.ARM.Collect$$libshutdown$$00000004)
    __rt_lib_shutdown_fini_1                 0x0800024b   Thumb Code     0  libshutdown2.o(.ARM.Collect$$libshutdown$$00000002)
    __rt_lib_shutdown_fp_trap_1              0x0800024b   Thumb Code     0  libshutdown2.o(.ARM.Collect$$libshutdown$$00000009)
    __rt_lib_shutdown_heap_1                 0x0800024b   Thumb Code     0  libshutdown2.o(.ARM.Collect$$libshutdown$$00000011)
    __rt_lib_shutdown_return                 0x0800024b   Thumb Code     0  libshutdown2.o(.ARM.Collect$$libshutdown$$00000012)
    __rt_lib_shutdown_signal_1               0x0800024b   Thumb Code     0  libshutdown2.o(.ARM.Collect$$libshutdown$$0000000C)
    __rt_lib_shutdown_stdio_1                0x0800024b   Thumb Code     0  libshutdown2.o(.ARM.Collect$$libshutdown$$00000006)
    __rt_lib_shutdown_user_alloc_1           0x0800024b   Thumb Code     0  libshutdown2.o(.ARM.Collect$$libshutdown$$0000000E)
    __rt_entry                               0x0800024d   Thumb Code     0  __rtentry.o(.ARM.Collect$$rtentry$$00000000)
    __rt_entry_presh_1                       0x0800024d   Thumb Code     0  __rtentry2.o(.ARM.Collect$$rtentry$$00000002)
    __rt_entry_sh                            0x0800024d   Thumb Code     0  __rtentry4.o(.ARM.Collect$$rtentry$$00000004)
    __rt_entry_li                            0x08000253   Thumb Code     0  __rtentry2.o(.ARM.Collect$$rtentry$$0000000A)
    __rt_entry_postsh_1                      0x08000253   Thumb Code     0  __rtentry2.o(.ARM.Collect$$rtentry$$00000009)
    __rt_entry_main                          0x08000257   Thumb Code     0  __rtentry2.o(.ARM.Collect$$rtentry$$0000000D)
    __rt_entry_postli_1                      0x08000257   Thumb Code     0  __rtentry2.o(.ARM.Collect$$rtentry$$0000000C)
    __rt_exit                                0x0800025f   Thumb Code     0  rtexit.o(.ARM.Collect$$rtexit$$00000000)
    __rt_exit_ls                             0x08000261   Thumb Code     0  rtexit2.o(.ARM.Collect$$rtexit$$00000003)
    __rt_exit_prels_1                        0x08000261   Thumb Code     0  rtexit2.o(.ARM.Collect$$rtexit$$00000002)
    __rt_exit_exit                           0x08000265   Thumb Code     0  rtexit2.o(.ARM.Collect$$rtexit$$00000004)
    Reset_Handler                            0x0800026d   Thumb Code     8  startup_stm32f407xx.o(.text)
    NMI_Handler                              0x08000275   Thumb Code     2  startup_stm32f407xx.o(.text)
    HardFault_Handler                        0x08000277   Thumb Code     2  startup_stm32f407xx.o(.text)
    MemManage_Handler                        0x08000279   Thumb Code     2  startup_stm32f407xx.o(.text)
    BusFault_Handler                         0x0800027b   Thumb Code     2  startup_stm32f407xx.o(.text)
    UsageFault_Handler                       0x0800027d   Thumb Code     2  startup_stm32f407xx.o(.text)
    SVC_Handler                              0x0800027f   Thumb Code     2  startup_stm32f407xx.o(.text)
    DebugMon_Handler                         0x08000281   Thumb Code     2  startup_stm32f407xx.o(.text)
    PendSV_Handler                           0x08000283   Thumb Code     2  startup_stm32f407xx.o(.text)
    ADC_IRQHandler                           0x08000287   Thumb Code     0  startup_stm32f407xx.o(.text)
    CAN1_RX0_IRQHandler                      0x08000287   Thumb Code     0  startup_stm32f407xx.o(.text)
    CAN1_RX1_IRQHandler                      0x08000287   Thumb Code     0  startup_stm32f407xx.o(.text)
    CAN1_SCE_IRQHandler                      0x08000287   Thumb Code     0  startup_stm32f407xx.o(.text)
    CAN1_TX_IRQHandler                       0x08000287   Thumb Code     0  startup_stm32f407xx.o(.text)
    CAN2_RX0_IRQHandler                      0x08000287   Thumb Code     0  startup_stm32f407xx.o(.text)
    CAN2_RX1_IRQHandler                      0x08000287   Thumb Code     0  startup_stm32f407xx.o(.text)
    CAN2_SCE_IRQHandler                      0x08000287   Thumb Code     0  startup_stm32f407xx.o(.text)
    CAN2_TX_IRQHandler                       0x08000287   Thumb Code     0  startup_stm32f407xx.o(.text)
    DCMI_IRQHandler                          0x08000287   Thumb Code     0  startup_stm32f407xx.o(.text)
    DMA1_Stream0_IRQHandler                  0x08000287   Thumb Code     0  startup_stm32f407xx.o(.text)
    DMA1_Stream1_IRQHandler                  0x08000287   Thumb Code     0  startup_stm32f407xx.o(.text)
    DMA1_Stream2_IRQHandler                  0x08000287   Thumb Code     0  startup_stm32f407xx.o(.text)
    DMA1_Stream3_IRQHandler                  0x08000287   Thumb Code     0  startup_stm32f407xx.o(.text)
    DMA1_Stream4_IRQHandler                  0x08000287   Thumb Code     0  startup_stm32f407xx.o(.text)
    DMA1_Stream5_IRQHandler                  0x08000287   Thumb Code     0  startup_stm32f407xx.o(.text)
    DMA1_Stream6_IRQHandler                  0x08000287   Thumb Code     0  startup_stm32f407xx.o(.text)
    DMA1_Stream7_IRQHandler                  0x08000287   Thumb Code     0  startup_stm32f407xx.o(.text)
    DMA2_Stream0_IRQHandler                  0x08000287   Thumb Code     0  startup_stm32f407xx.o(.text)
    DMA2_Stream1_IRQHandler                  0x08000287   Thumb Code     0  startup_stm32f407xx.o(.text)
    DMA2_Stream2_IRQHandler                  0x08000287   Thumb Code     0  startup_stm32f407xx.o(.text)
    DMA2_Stream3_IRQHandler                  0x08000287   Thumb Code     0  startup_stm32f407xx.o(.text)
    DMA2_Stream4_IRQHandler                  0x08000287   Thumb Code     0  startup_stm32f407xx.o(.text)
    DMA2_Stream5_IRQHandler                  0x08000287   Thumb Code     0  startup_stm32f407xx.o(.text)
    DMA2_Stream6_IRQHandler                  0x08000287   Thumb Code     0  startup_stm32f407xx.o(.text)
    DMA2_Stream7_IRQHandler                  0x08000287   Thumb Code     0  startup_stm32f407xx.o(.text)
    ETH_IRQHandler                           0x08000287   Thumb Code     0  startup_stm32f407xx.o(.text)
    ETH_WKUP_IRQHandler                      0x08000287   Thumb Code     0  startup_stm32f407xx.o(.text)
    EXTI0_IRQHandler                         0x08000287   Thumb Code     0  startup_stm32f407xx.o(.text)
    EXTI15_10_IRQHandler                     0x08000287   Thumb Code     0  startup_stm32f407xx.o(.text)
    EXTI1_IRQHandler                         0x08000287   Thumb Code     0  startup_stm32f407xx.o(.text)
    EXTI2_IRQHandler                         0x08000287   Thumb Code     0  startup_stm32f407xx.o(.text)
    EXTI3_IRQHandler                         0x08000287   Thumb Code     0  startup_stm32f407xx.o(.text)
    EXTI4_IRQHandler                         0x08000287   Thumb Code     0  startup_stm32f407xx.o(.text)
    EXTI9_5_IRQHandler                       0x08000287   Thumb Code     0  startup_stm32f407xx.o(.text)
    FLASH_IRQHandler                         0x08000287   Thumb Code     0  startup_stm32f407xx.o(.text)
    FMC_IRQHandler                           0x08000287   Thumb Code     0  startup_stm32f407xx.o(.text)
    FPU_IRQHandler                           0x08000287   Thumb Code     0  startup_stm32f407xx.o(.text)
    HASH_RNG_IRQHandler                      0x08000287   Thumb Code     0  startup_stm32f407xx.o(.text)
    I2C1_ER_IRQHandler                       0x08000287   Thumb Code     0  startup_stm32f407xx.o(.text)
    I2C1_EV_IRQHandler                       0x08000287   Thumb Code     0  startup_stm32f407xx.o(.text)
    I2C2_ER_IRQHandler                       0x08000287   Thumb Code     0  startup_stm32f407xx.o(.text)
    I2C2_EV_IRQHandler                       0x08000287   Thumb Code     0  startup_stm32f407xx.o(.text)
    I2C3_ER_IRQHandler                       0x08000287   Thumb Code     0  startup_stm32f407xx.o(.text)
    I2C3_EV_IRQHandler                       0x08000287   Thumb Code     0  startup_stm32f407xx.o(.text)
    OTG_FS_IRQHandler                        0x08000287   Thumb Code     0  startup_stm32f407xx.o(.text)
    OTG_FS_WKUP_IRQHandler                   0x08000287   Thumb Code     0  startup_stm32f407xx.o(.text)
    OTG_HS_EP1_IN_IRQHandler                 0x08000287   Thumb Code     0  startup_stm32f407xx.o(.text)
    OTG_HS_EP1_OUT_IRQHandler                0x08000287   Thumb Code     0  startup_stm32f407xx.o(.text)
    OTG_HS_IRQHandler                        0x08000287   Thumb Code     0  startup_stm32f407xx.o(.text)
    OTG_HS_WKUP_IRQHandler                   0x08000287   Thumb Code     0  startup_stm32f407xx.o(.text)
    PVD_IRQHandler                           0x08000287   Thumb Code     0  startup_stm32f407xx.o(.text)
    RCC_IRQHandler                           0x08000287   Thumb Code     0  startup_stm32f407xx.o(.text)
    RTC_Alarm_IRQHandler                     0x08000287   Thumb Code     0  startup_stm32f407xx.o(.text)
    RTC_WKUP_IRQHandler                      0x08000287   Thumb Code     0  startup_stm32f407xx.o(.text)
    SDIO_IRQHandler                          0x08000287   Thumb Code     0  startup_stm32f407xx.o(.text)
    SPI2_IRQHandler                          0x08000287   Thumb Code     0  startup_stm32f407xx.o(.text)
    SPI3_IRQHandler                          0x08000287   Thumb Code     0  startup_stm32f407xx.o(.text)
    TAMP_STAMP_IRQHandler                    0x08000287   Thumb Code     0  startup_stm32f407xx.o(.text)
    TIM1_BRK_TIM9_IRQHandler                 0x08000287   Thumb Code     0  startup_stm32f407xx.o(.text)
    TIM1_CC_IRQHandler                       0x08000287   Thumb Code     0  startup_stm32f407xx.o(.text)
    TIM1_TRG_COM_TIM11_IRQHandler            0x08000287   Thumb Code     0  startup_stm32f407xx.o(.text)
    TIM1_UP_TIM10_IRQHandler                 0x08000287   Thumb Code     0  startup_stm32f407xx.o(.text)
    TIM2_IRQHandler                          0x08000287   Thumb Code     0  startup_stm32f407xx.o(.text)
    TIM3_IRQHandler                          0x08000287   Thumb Code     0  startup_stm32f407xx.o(.text)
    TIM4_IRQHandler                          0x08000287   Thumb Code     0  startup_stm32f407xx.o(.text)
    TIM5_IRQHandler                          0x08000287   Thumb Code     0  startup_stm32f407xx.o(.text)
    TIM6_DAC_IRQHandler                      0x08000287   Thumb Code     0  startup_stm32f407xx.o(.text)
    TIM7_IRQHandler                          0x08000287   Thumb Code     0  startup_stm32f407xx.o(.text)
    TIM8_BRK_TIM12_IRQHandler                0x08000287   Thumb Code     0  startup_stm32f407xx.o(.text)
    TIM8_CC_IRQHandler                       0x08000287   Thumb Code     0  startup_stm32f407xx.o(.text)
    TIM8_TRG_COM_TIM14_IRQHandler            0x08000287   Thumb Code     0  startup_stm32f407xx.o(.text)
    TIM8_UP_TIM13_IRQHandler                 0x08000287   Thumb Code     0  startup_stm32f407xx.o(.text)
    UART4_IRQHandler                         0x08000287   Thumb Code     0  startup_stm32f407xx.o(.text)
    UART5_IRQHandler                         0x08000287   Thumb Code     0  startup_stm32f407xx.o(.text)
    WWDG_IRQHandler                          0x08000287   Thumb Code     0  startup_stm32f407xx.o(.text)
    __user_initial_stackheap                 0x08000289   Thumb Code     0  startup_stm32f407xx.o(.text)
    __semihosting$guard                      0x080002ad   Thumb Code     0  use_no_semi.o(.text)
    __use_no_semihosting_swi                 0x080002ad   Thumb Code     2  use_no_semi.o(.text)
    __aeabi_memcpy4                          0x080002af   Thumb Code     0  rt_memcpy_w.o(.text)
    __aeabi_memcpy8                          0x080002af   Thumb Code     0  rt_memcpy_w.o(.text)
    __rt_memcpy_w                            0x080002af   Thumb Code   100  rt_memcpy_w.o(.text)
    _memcpy_lastbytes_aligned                0x080002f7   Thumb Code     0  rt_memcpy_w.o(.text)
    __use_two_region_memory                  0x08000313   Thumb Code     2  heapauxi.o(.text)
    __rt_heap_escrow                         0x08000315   Thumb Code     2  heapauxi.o(.text)
    __rt_heap_expand                         0x08000317   Thumb Code     2  heapauxi.o(.text)
    __cpp_initialize__aeabi_                 0x08000319   Thumb Code    26  init_aeabi.o(.text)
    __read_errno                             0x0800033d   Thumb Code    10  _rserrno.o(.text)
    __set_errno                              0x08000347   Thumb Code    12  _rserrno.o(.text)
    __aeabi_errno_addr                       0x08000355   Thumb Code     8  rt_errno_addr_intlibspace.o(.text)
    __errno$intlibspace                      0x08000355   Thumb Code     0  rt_errno_addr_intlibspace.o(.text)
    __rt_errno_addr$intlibspace              0x08000355   Thumb Code     0  rt_errno_addr_intlibspace.o(.text)
    __user_libspace                          0x0800035d   Thumb Code     8  libspace.o(.text)
    __user_perproc_libspace                  0x0800035d   Thumb Code     0  libspace.o(.text)
    __user_perthread_libspace                0x0800035d   Thumb Code     0  libspace.o(.text)
    __user_setup_stackheap                   0x08000365   Thumb Code    74  sys_stackheap_outer.o(.text)
    exit                                     0x080003af   Thumb Code    18  exit.o(.text)
    ADC_Cmd                                  0x080003c1   Thumb Code    22  stm32f4xx_adc.o(i.ADC_Cmd)
    ADC_CommonInit                           0x080003d9   Thumb Code    34  stm32f4xx_adc.o(i.ADC_CommonInit)
    ADC_DMACmd                               0x08000409   Thumb Code    22  stm32f4xx_adc.o(i.ADC_DMACmd)
    ADC_DMARequestAfterLastTransferCmd       0x0800041f   Thumb Code    22  stm32f4xx_adc.o(i.ADC_DMARequestAfterLastTransferCmd)
    ADC_EOCOnEachRegularChannelCmd           0x08000435   Thumb Code    22  stm32f4xx_adc.o(i.ADC_EOCOnEachRegularChannelCmd)
    ADC_GetConversionValue                   0x0800044b   Thumb Code     8  stm32f4xx_adc.o(i.ADC_GetConversionValue)
    ADC_GetFlagStatus                        0x08000453   Thumb Code    18  stm32f4xx_adc.o(i.ADC_GetFlagStatus)
    ADC_Init                                 0x08000465   Thumb Code    74  stm32f4xx_adc.o(i.ADC_Init)
    ADC_RegularChannelConfig                 0x080004b9   Thumb Code   184  stm32f4xx_adc.o(i.ADC_RegularChannelConfig)
    ADC_SoftwareStartConv                    0x08000571   Thumb Code    10  stm32f4xx_adc.o(i.ADC_SoftwareStartConv)
    DMA_Cmd                                  0x0800057b   Thumb Code    22  stm32f4xx_dma.o(i.DMA_Cmd)
    DMA_DeInit                               0x08000591   Thumb Code   324  stm32f4xx_dma.o(i.DMA_DeInit)
    DMA_Init                                 0x080006e9   Thumb Code    82  stm32f4xx_dma.o(i.DMA_Init)
    GPIO_Init                                0x08000741   Thumb Code   144  stm32f4xx_gpio.o(i.GPIO_Init)
    GPIO_PinAFConfig                         0x080007d1   Thumb Code    70  stm32f4xx_gpio.o(i.GPIO_PinAFConfig)
    GPIO_ResetBits                           0x08000817   Thumb Code     4  stm32f4xx_gpio.o(i.GPIO_ResetBits)
    GPIO_SetBits                             0x0800081b   Thumb Code     4  stm32f4xx_gpio.o(i.GPIO_SetBits)
    RCC_AHB1PeriphClockCmd                   0x08000821   Thumb Code    26  stm32f4xx_rcc.o(i.RCC_AHB1PeriphClockCmd)
    RCC_APB1PeriphClockCmd                   0x08000841   Thumb Code    26  stm32f4xx_rcc.o(i.RCC_APB1PeriphClockCmd)
    RCC_APB2PeriphClockCmd                   0x08000861   Thumb Code    26  stm32f4xx_rcc.o(i.RCC_APB2PeriphClockCmd)
    RCC_GetClocksFreq                        0x08000881   Thumb Code   214  stm32f4xx_rcc.o(i.RCC_GetClocksFreq)
    SPI1_IRQHandler                          0x08000969   Thumb Code    92  spi_1.o(i.SPI1_IRQHandler)
    SPI_I2S_GetFlagStatus                    0x080009d5   Thumb Code    18  stm32f4xx_spi.o(i.SPI_I2S_GetFlagStatus)
    SysTick_Handler                          0x08000af9   Thumb Code    20  time_service.o(i.SysTick_Handler)
    SystemInit                               0x08000b11   Thumb Code    88  system_stm32f4xx.o(i.SystemInit)
    TIM_BDTRConfig                           0x08000b79   Thumb Code    32  stm32f4xx_tim.o(i.TIM_BDTRConfig)
    TIM_Cmd                                  0x08000b99   Thumb Code    24  stm32f4xx_tim.o(i.TIM_Cmd)
    TIM_CtrlPWMOutputs                       0x08000bb1   Thumb Code    30  stm32f4xx_tim.o(i.TIM_CtrlPWMOutputs)
    TIM_OC1Init                              0x08000bd1   Thumb Code   114  stm32f4xx_tim.o(i.TIM_OC1Init)
    TIM_OC2Init                              0x08000c4d   Thumb Code   154  stm32f4xx_tim.o(i.TIM_OC2Init)
    TIM_OC3Init                              0x08000cf1   Thumb Code   150  stm32f4xx_tim.o(i.TIM_OC3Init)
    TIM_OC4Init                              0x08000d91   Thumb Code   112  stm32f4xx_tim.o(i.TIM_OC4Init)
    TIM_TimeBaseInit                         0x08000e09   Thumb Code   104  stm32f4xx_tim.o(i.TIM_TimeBaseInit)
    USART1_IRQHandler                        0x08000e8d   Thumb Code   132  usart1.o(i.USART1_IRQHandler)
    USART2_IRQHandler                        0x08000f2d   Thumb Code   138  usart2.o(i.USART2_IRQHandler)
    USART3_IRQHandler                        0x08000fd5   Thumb Code   138  usart3.o(i.USART3_IRQHandler)
    USART6_IRQHandler                        0x0800107d   Thumb Code   138  usart6.o(i.USART6_IRQHandler)
    USART_ClearITPendingBit                  0x08001125   Thumb Code    30  stm32f4xx_usart.o(i.USART_ClearITPendingBit)
    USART_Cmd                                0x08001143   Thumb Code    24  stm32f4xx_usart.o(i.USART_Cmd)
    USART_ITConfig                           0x0800115b   Thumb Code    74  stm32f4xx_usart.o(i.USART_ITConfig)
    USART_Init                               0x080011a5   Thumb Code   204  stm32f4xx_usart.o(i.USART_Init)
    USART_StructInit                         0x08001279   Thumb Code    24  stm32f4xx_usart.o(i.USART_StructInit)
    Goalkeeper::Goalkeeper()                 0x08001291   Thumb Code    44  goalkeeper.o(i._ZN10GoalkeeperC1Ev)
    Goalkeeper::Goalkeeper__sub_object()     0x08001291   Thumb Code     0  goalkeeper.o(i._ZN10GoalkeeperC1Ev)
    omniplatform::omniplatform(Motor&, Motor&, Motor&, Motor&) 0x080012c1   Thumb Code    68  omniplatform.o(i._ZN12omniplatformC1ER5MotorS1_S1_S1_)
    omniplatform::omniplatform__sub_object(Motor&, Motor&, Motor&, Motor&) 0x080012c1   Thumb Code     0  omniplatform.o(i._ZN12omniplatformC1ER5MotorS1_S1_S1_)
    time_service::init()                     0x08001305   Thumb Code    86  time_service.o(i._ZN12time_service4initEv)
    time_service::delay(unsigned)            0x08001365   Thumb Code    32  time_service.o(i._ZN12time_service5delayEj)
    time_service::startTime()                0x08001389   Thumb Code    18  time_service.o(i._ZN12time_service9startTimeEv)
    VoltageDividor::getVoltage()             0x0800139d   Thumb Code    40  voltage.o(i._ZN14VoltageDividor10getVoltageEv)
    VoltageDividor::setADC(Adc&)             0x080013c9   Thumb Code    18  voltage.o(i._ZN14VoltageDividor6setADCER3Adc)
    VoltageDividor::VoltageDividor()         0x080013dd   Thumb Code    24  voltage.o(i._ZN14VoltageDividorC1Ev)
    VoltageDividor::VoltageDividor__sub_object() 0x080013dd   Thumb Code     0  voltage.o(i._ZN14VoltageDividorC1Ev)
    ProcessingCoord::ProcessingCoord()       0x080013f9   Thumb Code    18  processing_coord.o(i._ZN15ProcessingCoordC1Ev)
    ProcessingCoord::ProcessingCoord__sub_object() 0x080013f9   Thumb Code     0  processing_coord.o(i._ZN15ProcessingCoordC1Ev)
    Adc::adcDmaInit()                        0x0800140b   Thumb Code    36  adc.o(i._ZN3Adc10adcDmaInitEv)
    Adc::setChannel()                        0x0800142f   Thumb Code    36  adc.o(i._ZN3Adc10setChannelEv)
    Adc::getRCCPeriph(ADC_TypeDef*)          0x08001455   Thumb Code    32  adc.o(i._ZN3Adc12getRCCPeriphEP11ADC_TypeDef)
    Adc::read()                              0x0800147d   Thumb Code    52  adc.o(i._ZN3Adc4readEv)
    Adc::getADC()                            0x080014b1   Thumb Code     6  adc.o(i._ZN3Adc6getADCEv)
    Adc::adcInit(unsigned char)              0x080014b7   Thumb Code    40  adc.o(i._ZN3Adc7adcInitEh)
    Adc::sendMeCh(unsigned char)             0x080014df   Thumb Code    22  adc.o(i._ZN3Adc8sendMeChEh)
    Adc::startADC()                          0x080014f5   Thumb Code    60  adc.o(i._ZN3Adc8startADCEv)
    Adc::getCycles(unsigned char)            0x08001531   Thumb Code    38  adc.o(i._ZN3Adc9getCyclesEh)
    Adc::Adc(ADC_TypeDef*, unsigned char, unsigned char) 0x08001557   Thumb Code    36  adc.o(i._ZN3AdcC1EP11ADC_TypeDefhh)
    Adc::Adc__sub_object(ADC_TypeDef*, unsigned char, unsigned char) 0x08001557   Thumb Code     0  adc.o(i._ZN3AdcC1EP11ADC_TypeDefhh)
    Adc::Adc()                               0x0800157b   Thumb Code     2  adc.o(i._ZN3AdcC1Ev)
    Adc::Adc__sub_object()                   0x0800157b   Thumb Code     0  adc.o(i._ZN3AdcC1Ev)
    Dma::adcInitInDma(unsigned char)         0x0800157d   Thumb Code    42  dma.o(i._ZN3Dma12adcInitInDmaEh)
    Dma::dmaInit(DMA_Stream_TypeDef*, unsigned, unsigned) 0x080015a7   Thumb Code   108  dma.o(i._ZN3Dma7dmaInitEP18DMA_Stream_TypeDefjj)
    Dma::Dma(unsigned)                       0x08001613   Thumb Code    24  dma.o(i._ZN3DmaC1Ej)
    Dma::Dma__sub_object(unsigned)           0x08001613   Thumb Code     0  dma.o(i._ZN3DmaC1Ej)
    Dma::Dma(unsigned, Adc&)                 0x0800162b   Thumb Code    26  dma.o(i._ZN3DmaC1EjR3Adc)
    Dma::Dma__sub_object(unsigned, Adc&)     0x0800162b   Thumb Code     0  dma.o(i._ZN3DmaC1EjR3Adc)
    Pin::RCC_ClockCmd()                      0x08001645   Thumb Code   256  pin_1.o(i._ZN3Pin12RCC_ClockCmdEv)
    Pin::setTimParams(unsigned short)        0x08001779   Thumb Code   198  pin_1.o(i._ZN3Pin12setTimParamsEt)
    Pin::setAFforUSART(unsigned short)       0x0800186d   Thumb Code    40  pin_1.o(i._ZN3Pin13setAFforUSARTEt)
    Pin::set(bool)                           0x08001895   Thumb Code    32  pin_1.o(i._ZN3Pin3setEb)
    Pin::getPin()                            0x080018b5   Thumb Code     6  pin_1.o(i._ZN3Pin6getPinEv)
    Pin::setPin(unsigned char)               0x080018bb   Thumb Code   204  pin_1.o(i._ZN3Pin6setPinEh)
    Pin::pwmInit(short, unsigned, unsigned char) 0x08001989   Thumb Code   260  pin_1.o(i._ZN3Pin7pwmInitEsjh)
    Pin::setGPIO(char)                       0x08001a91   Thumb Code    78  pin_1.o(i._ZN3Pin7setGPIOEc)
    Pin::getGPIOx()                          0x08001b05   Thumb Code     6  pin_1.o(i._ZN3Pin8getGPIOxEv)
    Pin::Pin(char, unsigned char, unsigned short) 0x08001b0d   Thumb Code   528  pin_1.o(i._ZN3PinC1Echt)
    Pin::Pin__sub_object(char, unsigned char, unsigned short) 0x08001b0d   Thumb Code     0  pin_1.o(i._ZN3PinC1Echt)
    TSOP::updateTSOPs()                      0x08001d41   Thumb Code   290  tsop.o(i._ZN4TSOP11updateTSOPsEv)
    TSOP::getDist()                          0x08001e63   Thumb Code     8  tsop.o(i._ZN4TSOP7getDistEv)
    TSOP::getAngle()                         0x08001e6b   Thumb Code    18  tsop.o(i._ZN4TSOP8getAngleEv)
    TSOP::calculate()                        0x08001e7d   Thumb Code   292  tsop.o(i._ZN4TSOP9calculateEv)
    TSOP::TSOP(Pin&, Pin&, Pin&, Pin&, Pin&, Pin&) 0x08001fbd   Thumb Code   124  tsop.o(i._ZN4TSOPC1ER3PinS1_S1_S1_S1_S1_)
    TSOP::TSOP__sub_object(Pin&, Pin&, Pin&, Pin&, Pin&, Pin&) 0x08001fbd   Thumb Code     0  tsop.o(i._ZN4TSOPC1ER3PinS1_S1_S1_S1_S1_)
    Motor::Motor(Pin&, unsigned char, Pin&, unsigned char) 0x0800203d   Thumb Code    70  motor.o(i._ZN5MotorC1ER3PinhS1_h)
    Motor::Motor__sub_object(Pin&, unsigned char, Pin&, unsigned char) 0x0800203d   Thumb Code     0  motor.o(i._ZN5MotorC1ER3PinhS1_h)
    Vec2b::Vec2b()                           0x08002085   Thumb Code    18  vec2b.o(i._ZN5Vec2bC1Ev)
    Vec2b::Vec2b__sub_object()               0x08002085   Thumb Code     0  vec2b.o(i._ZN5Vec2bC1Ev)
    uart1::usart1Init(unsigned, float, unsigned char) 0x080020a1   Thumb Code   308  usart1.o(i._ZN5uart110usart1InitEjfh)
    uart2::usart2Init(unsigned, float, unsigned char) 0x08002209   Thumb Code   308  usart2.o(i._ZN5uart210usart2InitEjfh)
    uart3::usart3Init(unsigned, float, unsigned char) 0x08002371   Thumb Code   308  usart3.o(i._ZN5uart310usart3InitEjfh)
    uart6::usart6Init(unsigned, float, unsigned char) 0x080024d9   Thumb Code   308  usart6.o(i._ZN5uart610usart6InitEjfh)
    OpenMV::initUSART(unsigned char)         0x08002641   Thumb Code    86  openmv.o(i._ZN6OpenMV9initUSARTEh)
    OpenMV::OpenMV(Pin&, Pin&, unsigned char) 0x08002699   Thumb Code    54  openmv.o(i._ZN6OpenMVC1ER3PinS1_h)
    OpenMV::OpenMV__sub_object(Pin&, Pin&, unsigned char) 0x08002699   Thumb Code     0  openmv.o(i._ZN6OpenMVC1ER3PinS1_h)
    Forward::Forward()                       0x080026d5   Thumb Code    26  forward.o(i._ZN7ForwardC1Ev)
    Forward::Forward__sub_object()           0x080026d5   Thumb Code     0  forward.o(i._ZN7ForwardC1Ev)
    Asterisk::initADCDMA()                   0x080026f1   Thumb Code    90  main.o(i._ZN8Asterisk10initADCDMAEv)
    Asterisk::init(unsigned char, unsigned char, unsigned char) 0x08002769   Thumb Code    34  main.o(i._ZN8Asterisk4initEhhh)
    Asterisk::update()                       0x08002791   Thumb Code    68  main.o(i._ZN8Asterisk6updateEv)
    gyro_imu::initUSART(unsigned char)       0x080027f1   Thumb Code    86  imu_usart.o(i._ZN8gyro_imu9initUSARTEh)
    gyro_imu::gyro_imu(Pin&, Pin&, unsigned char) 0x08002849   Thumb Code    42  imu_usart.o(i._ZN8gyro_imuC1ER3PinS1_h)
    gyro_imu::gyro_imu__sub_object(Pin&, Pin&, unsigned char) 0x08002849   Thumb Code     0  imu_usart.o(i._ZN8gyro_imuC1ER3PinS1_h)
    BallVec2b::BallVec2b()                   0x08002879   Thumb Code   164  queues_ball.o(i._ZN9BallVec2bC1Ev)
    BallVec2b::BallVec2b__sub_object()       0x08002879   Thumb Code     0  queues_ball.o(i._ZN9BallVec2bC1Ev)
    Vec2bTime::set(double, double, unsigned, short) 0x08002931   Thumb Code    18  queues_ball.o(i._ZN9Vec2bTime3setEddjs)
    Vec2bTime::Vec2bTime()                   0x08002943   Thumb Code    14  queues_ball.o(i._ZN9Vec2bTimeC1Ev)
    Vec2bTime::Vec2bTime__sub_object()       0x08002943   Thumb Code     0  queues_ball.o(i._ZN9Vec2bTimeC1Ev)
    __ARM_fpclassifyf                        0x08002951   Thumb Code    38  fpclassifyf.o(i.__ARM_fpclassifyf)
    __aeabi_vec_ctor_nocookie_nodtor         0x08002977   Thumb Code    36  aeabi_vec_ctor_nocookie_nodtor.o(i.__aeabi_vec_ctor_nocookie_nodtor)
    __hardfp_atan2f                          0x0800299d   Thumb Code   594  atan2f.o(i.__hardfp_atan2f)
    __hardfp_cosf                            0x08002c49   Thumb Code   280  cosf.o(i.__hardfp_cosf)
    __hardfp_sinf                            0x08002d99   Thumb Code   344  sinf.o(i.__hardfp_sinf)
    __hardfp_sqrtf                           0x08002f29   Thumb Code    58  sqrtf.o(i.__hardfp_sqrtf)
    __mathlib_flt_infnan                     0x08002f63   Thumb Code     6  funder.o(i.__mathlib_flt_infnan)
    __mathlib_flt_infnan2                    0x08002f69   Thumb Code     6  funder.o(i.__mathlib_flt_infnan2)
    __mathlib_flt_invalid                    0x08002f71   Thumb Code    10  funder.o(i.__mathlib_flt_invalid)
    __mathlib_flt_underflow                  0x08002f81   Thumb Code    10  funder.o(i.__mathlib_flt_underflow)
    __mathlib_rredf2                         0x08002f91   Thumb Code   316  rredf.o(i.__mathlib_rredf2)
    _sys_exit                                0x0800347d   Thumb Code     4  retarget.o(i._sys_exit)
    main                                     0x08003481   Thumb Code    18  main.o(i.main)
    __fpl_dcmp_Inf                           0x08003493   Thumb Code    24  dcmpi.o(x$fpl$dcmpinf)
    __aeabi_cdcmpeq                          0x080034ad   Thumb Code     0  deqf.o(x$fpl$deqf)
    _dcmpeq                                  0x080034ad   Thumb Code   120  deqf.o(x$fpl$deqf)
    __fpl_dnaninf                            0x08003525   Thumb Code   156  dnaninf.o(x$fpl$dnaninf)
    __fpl_dretinf                            0x080035c1   Thumb Code    12  dretinf.o(x$fpl$dretinf)
    __aeabi_f2d                              0x080035cd   Thumb Code     0  f2d.o(x$fpl$f2d)
    _f2d                                     0x080035cd   Thumb Code    86  f2d.o(x$fpl$f2d)
    __fpl_fnaninf                            0x08003623   Thumb Code   140  fnaninf.o(x$fpl$fnaninf)
    _fp_init                                 0x080036af   Thumb Code    10  fpinit.o(x$fpl$fpinit)
    __fplib_config_fpu_vfp                   0x080036b7   Thumb Code     0  fpinit.o(x$fpl$fpinit)
    __fplib_config_pureend_doubles           0x080036b7   Thumb Code     0  fpinit.o(x$fpl$fpinit)
    __I$use$fp                               0x080036b8   Number         0  usenofp.o(x$fpl$usenofp)
    Region$$Table$$Base                      0x08003718   Number         0  anon$$obj.o(Region$$Table)
    Region$$Table$$Limit                     0x08003738   Number         0  anon$$obj.o(Region$$Table)
    SHT$$INIT_ARRAY$$Base                    0x08003738   Number         0  main.o(.init_array)
    SHT$$INIT_ARRAY$$Limit                   0x0800373c   Number         0  init_aeabi.o(.init_array)
    Asterisk::ang                            0x20000000   Data           4  main.o(.data)
    Asterisk::angRes                         0x20000004   Data           4  main.o(.data)
    Asterisk::imuCalibrated                  0x20000008   Data           1  main.o(.data)
    Asterisk::pow                            0x2000000a   Data           2  main.o(.data)
    Asterisk::angleIMU                       0x2000000c   Data           4  main.o(.data)
    Asterisk::angSoft                        0x20000010   Data           4  main.o(.data)
    Asterisk::distSoft                       0x20000014   Data           4  main.o(.data)
    Asterisk::dist                           0x20000018   Data           4  main.o(.data)
    Asterisk::distOld                        0x2000001c   Data           4  main.o(.data)
    Asterisk::angOld                         0x20000020   Data           4  main.o(.data)
    Asterisk::t                              0x20000028   Data           8  main.o(.data)
    Asterisk::timeNotSeenBall                0x20000030   Data           8  main.o(.data)
    Asterisk::timeUpdateQueue                0x20000038   Data           8  main.o(.data)
    Asterisk::timeCheckLeave                 0x20000040   Data           8  main.o(.data)
    Asterisk::timeInLeaving                  0x20000048   Data           8  main.o(.data)
    Asterisk::timeCalibrEnd                  0x20000050   Data           8  main.o(.data)
    Asterisk::timeOUT                        0x20000058   Data           8  main.o(.data)
    Asterisk::x                              0x20000060   Data           2  main.o(.data)
    Asterisk::y                              0x20000062   Data           2  main.o(.data)
    Asterisk::angRaw                         0x20000064   Data           2  main.o(.data)
    Asterisk::angRawOld                      0x20000066   Data           2  main.o(.data)
    Asterisk::distRaw                        0x20000068   Data           2  main.o(.data)
    Asterisk::distRaw2                       0x2000006a   Data           2  main.o(.data)
    Asterisk::distSoftOld                    0x2000006c   Data           2  main.o(.data)
    Asterisk::myGoal                         0x2000006e   Data           1  main.o(.data)
    Asterisk::myRole                         0x2000006f   Data           1  main.o(.data)
    Asterisk::dBl                            0x20000070   Data           2  main.o(.data)
    Asterisk::dYe                            0x20000072   Data           2  main.o(.data)
    Asterisk::angBlue                        0x20000074   Data           2  main.o(.data)
    Asterisk::angYellow                      0x20000076   Data           2  main.o(.data)
    Asterisk::targetRaw                      0x20000078   Data           4  main.o(.data)
    Asterisk::target                         0x2000007c   Data           4  main.o(.data)
    Asterisk::speedForward                   0x20000080   Data           8  main.o(.data)
    Asterisk::angleBallGoal                  0x20000088   Data           2  main.o(.data)
    Asterisk::angToGoal                      0x2000008a   Data           2  main.o(.data)
    Asterisk::doesntSeeGoals                 0x2000008c   Data           1  main.o(.data)
    Asterisk::ang0_360                       0x2000008e   Data           2  main.o(.data)
    Asterisk::myMode                         0x20000090   Data           1  main.o(.data)
    Asterisk::seeBall                        0x20000091   Data           1  main.o(.data)
    Asterisk::robotMustLeave                 0x20000092   Data           1  main.o(.data)
    Asterisk::robotInOutOld                  0x20000093   Data           1  main.o(.data)
    Asterisk::inLeave                        0x20000094   Data           1  main.o(.data)
    Asterisk::inReturn                       0x20000095   Data           1  main.o(.data)
    Asterisk::goFromOUT                      0x20000096   Data           1  main.o(.data)
    Asterisk::goFromOutTime                  0x20000097   Data           1  main.o(.data)
    Asterisk::kLen                           0x20000098   Data           8  main.o(.data)
    Asterisk::kAng                           0x200000a0   Data           8  main.o(.data)
    Asterisk::currLeaveTime                  0x200000a8   Data           2  main.o(.data)
    Asterisk::outStatus                      0x200000aa   Data           1  main.o(.data)
    Asterisk::outStatusNow                   0x200000ab   Data           1  main.o(.data)
    Asterisk::volt                           0x200000ac   Data           4  main.o(.data)
    time_service::tim                        0x200000b0   Data           8  time_service.o(.data)
    uart1::rx                                0x200000b8   Data           8  usart1.o(.data)
    uart1::_rxCnt                            0x200000c0   Data           2  usart1.o(.data)
    uart1::_txCnt                            0x200000c2   Data           2  usart1.o(.data)
    uart1::tx                                0x200000c4   Data           8  usart1.o(.data)
    uart1::_sendCnt                          0x200000cc   Data           2  usart1.o(.data)
    uart1::_readCnt                          0x200000ce   Data           2  usart1.o(.data)
    uart1::flag                              0x200000d0   Data           1  usart1.o(.data)
    uart2::rx                                0x200000d2   Data           8  usart2.o(.data)
    uart2::_rxCnt                            0x200000da   Data           2  usart2.o(.data)
    uart2::_txCnt                            0x200000dc   Data           2  usart2.o(.data)
    uart2::tx                                0x200000de   Data           8  usart2.o(.data)
    uart2::_sendCnt                          0x200000e6   Data           2  usart2.o(.data)
    uart2::_readCnt                          0x200000e8   Data           2  usart2.o(.data)
    uart2::flag                              0x200000ea   Data           1  usart2.o(.data)
    uart3::rx                                0x200000ec   Data           8  usart3.o(.data)
    uart3::_rxCnt                            0x200000f4   Data           2  usart3.o(.data)
    uart3::_txCnt                            0x200000f6   Data           2  usart3.o(.data)
    uart3::tx                                0x200000f8   Data           8  usart3.o(.data)
    uart3::_sendCnt                          0x20000100   Data           2  usart3.o(.data)
    uart3::_readCnt                          0x20000102   Data           2  usart3.o(.data)
    uart3::flag                              0x20000104   Data           1  usart3.o(.data)
    uart6::rx                                0x20000106   Data           8  usart6.o(.data)
    uart6::_rxCnt                            0x2000010e   Data           2  usart6.o(.data)
    uart6::_txCnt                            0x20000110   Data           2  usart6.o(.data)
    uart6::tx                                0x20000112   Data           8  usart6.o(.data)
    uart6::_sendCnt                          0x2000011a   Data           2  usart6.o(.data)
    uart6::_readCnt                          0x2000011c   Data           2  usart6.o(.data)
    uart6::flag                              0x2000011e   Data           1  usart6.o(.data)
    SPI_1::_spi_mode                         0x20000120   Data           4  spi_1.o(.data)
    SPI_1::_spi_direction                    0x20000124   Data           4  spi_1.o(.data)
    SPI_1::_baud_rate                        0x20000128   Data           4  spi_1.o(.data)
    SPI_1::_first_bit                        0x2000012c   Data           4  spi_1.o(.data)
    SPI_1::_cur_rx_read                      0x20000130   Data           2  spi_1.o(.data)
    SPI_1::_cur_rx_write                     0x20000132   Data           2  spi_1.o(.data)
    SPI_1::_buf_size                         0x20000134   Data           2  spi_1.o(.data)
    Asterisk::currentVector                  0x20000148   Data          16  main.o(.bss)
    Asterisk::goTo                           0x20000158   Data          16  main.o(.bss)
    Asterisk::ballSensPin                    0x20000168   Data          64  main.o(.bss)
    Asterisk::ballSensADC                    0x200001a8   Data          64  main.o(.bss)
    Asterisk::ballSens                       0x200001e8   Data          80  main.o(.bss)
    Asterisk::capacitorPin                   0x20000238   Data          64  main.o(.bss)
    Asterisk::capacitorPinADC                0x20000278   Data          64  main.o(.bss)
    Asterisk::capacitor                      0x200002b8   Data          80  main.o(.bss)
    Asterisk::voltageDividerPin              0x20000308   Data          64  main.o(.bss)
    Asterisk::voltageDividerPinADC           0x20000348   Data          64  main.o(.bss)
    Asterisk::voltageDividerDMA              0x20000388   Data          80  main.o(.bss)
    Asterisk::voltageDiv                     0x200003d8   Data          68  main.o(.bss)
    Asterisk::tsop_in1                       0x2000041c   Data          64  main.o(.bss)
    Asterisk::tsop_in2                       0x2000045c   Data          64  main.o(.bss)
    Asterisk::tsop_in3                       0x2000049c   Data          64  main.o(.bss)
    Asterisk::tsop_in4                       0x200004dc   Data          64  main.o(.bss)
    Asterisk::tsopPin1                       0x2000051c   Data          64  main.o(.bss)
    Asterisk::tsopPin2                       0x2000055c   Data          64  main.o(.bss)
    Asterisk::tsops                          0x2000059c   Data         424  main.o(.bss)
    Asterisk::tx_openMV                      0x20000744   Data          64  main.o(.bss)
    Asterisk::rx_openMV                      0x20000784   Data          64  main.o(.bss)
    Asterisk::camera                         0x200007c4   Data          24  main.o(.bss)
    Asterisk::reset_imu                      0x200007dc   Data          64  main.o(.bss)
    Asterisk::tx_imu                         0x2000081c   Data          64  main.o(.bss)
    Asterisk::rx_imu                         0x2000085c   Data          64  main.o(.bss)
    Asterisk::gyro                           0x2000089c   Data          16  main.o(.bss)
    Asterisk::kicker                         0x200008ac   Data          64  main.o(.bss)
    Asterisk::button1                        0x200008ec   Data          64  main.o(.bss)
    Asterisk::button2                        0x2000092c   Data          64  main.o(.bss)
    Asterisk::button3                        0x2000096c   Data          64  main.o(.bss)
    Asterisk::swMotorPower                   0x200009ac   Data          64  main.o(.bss)
    Asterisk::swGoalChoose                   0x200009ec   Data          64  main.o(.bss)
    Asterisk::swRoleChoose                   0x20000a2c   Data          64  main.o(.bss)
    Asterisk::switcher                       0x20000a6c   Data          64  main.o(.bss)
    Asterisk::gkLED                          0x20000aac   Data          64  main.o(.bss)
    Asterisk::forwLED                        0x20000aec   Data          64  main.o(.bss)
    Asterisk::blueGoalLED                    0x20000b2c   Data          64  main.o(.bss)
    Asterisk::yellowGoalLED                  0x20000b6c   Data          64  main.o(.bss)
    Asterisk::led1                           0x20000bac   Data          64  main.o(.bss)
    Asterisk::led2                           0x20000bec   Data          64  main.o(.bss)
    Asterisk::led3                           0x20000c2c   Data          64  main.o(.bss)
    Asterisk::motor1in1                      0x20000c6c   Data          64  main.o(.bss)
    Asterisk::motor1in2                      0x20000cac   Data          64  main.o(.bss)
    Asterisk::motor1                         0x20000cec   Data         128  main.o(.bss)
    Asterisk::motor2in1                      0x20000d6c   Data          64  main.o(.bss)
    Asterisk::motor2in2                      0x20000dac   Data          64  main.o(.bss)
    Asterisk::motor2                         0x20000dec   Data         128  main.o(.bss)
    Asterisk::motor3in1                      0x20000e6c   Data          64  main.o(.bss)
    Asterisk::motor3in2                      0x20000eac   Data          64  main.o(.bss)
    Asterisk::motor3                         0x20000eec   Data         128  main.o(.bss)
    Asterisk::motor4in1                      0x20000f6c   Data          64  main.o(.bss)
    Asterisk::motor4in2                      0x20000fac   Data          64  main.o(.bss)
    Asterisk::motor4                         0x20000fec   Data         128  main.o(.bss)
    Asterisk::omni                           0x2000106c   Data         512  main.o(.bss)
    Asterisk::ball                           0x20001270   Data        4200  main.o(.bss)
    Asterisk::myForward                      0x200022d8   Data          32  main.o(.bss)
    Asterisk::myGoalkeeper                   0x200022f8   Data          40  main.o(.bss)
    Asterisk::tssps_                         0x20002320   Data          32  main.o(.bss)
    SPI_1::_rx_buffer                        0x20002340   Data          32  spi_1.o(.bss)
    __libspace_start                         0x20002360   Data          96  libspace.o(.bss)
    __temporary_stack_top$libspace           0x200023c0   Data           0  libspace.o(.bss)



==============================================================================

Memory Map of the image

  Image Entry point : 0x08000189

  Load Region LR_IROM1 (Base: 0x08000000, Size: 0x00003884, Max: 0x00100000, ABSOLUTE, COMPRESSED[0x0000374c])

    Execution Region ER_IROM1 (Exec base: 0x08000000, Load base: 0x08000000, Size: 0x0000373c, Max: 0x00100000, ABSOLUTE)

    Exec Addr    Load Addr    Size         Type   Attr      Idx    E Section Name        Object

    0x08000000   0x08000000   0x00000188   Data   RO         5251    RESET               startup_stm32f407xx.o
    0x08000188   0x08000188   0x00000008   Code   RO         5384  * !!!main             c_w.l(__main.o)
    0x08000190   0x08000190   0x00000034   Code   RO         5954    !!!scatter          c_w.l(__scatter.o)
    0x080001c4   0x080001c4   0x0000005a   Code   RO         5952    !!dczerorl2         c_w.l(__dczerorl2.o)
    0x0800021e   0x0800021e   0x00000002   PAD
    0x08000220   0x08000220   0x0000001c   Code   RO         5956    !!handler_zi        c_w.l(__scatter_zi.o)
    0x0800023c   0x0800023c   0x00000002   Code   RO         5760    .ARM.Collect$$libinit$$00000000  c_w.l(libinit.o)
    0x0800023e   0x0800023e   0x00000004   Code   RO         5584    .ARM.Collect$$libinit$$00000001  c_w.l(libinit2.o)
    0x08000242   0x08000242   0x00000000   Code   RO         5587    .ARM.Collect$$libinit$$00000004  c_w.l(libinit2.o)
    0x08000242   0x08000242   0x00000000   Code   RO         5590    .ARM.Collect$$libinit$$0000000A  c_w.l(libinit2.o)
    0x08000242   0x08000242   0x00000000   Code   RO         5592    .ARM.Collect$$libinit$$0000000C  c_w.l(libinit2.o)
    0x08000242   0x08000242   0x00000000   Code   RO         5594    .ARM.Collect$$libinit$$0000000E  c_w.l(libinit2.o)
    0x08000242   0x08000242   0x00000000   Code   RO         5597    .ARM.Collect$$libinit$$00000011  c_w.l(libinit2.o)
    0x08000242   0x08000242   0x00000000   Code   RO         5599    .ARM.Collect$$libinit$$00000013  c_w.l(libinit2.o)
    0x08000242   0x08000242   0x00000000   Code   RO         5601    .ARM.Collect$$libinit$$00000015  c_w.l(libinit2.o)
    0x08000242   0x08000242   0x00000000   Code   RO         5603    .ARM.Collect$$libinit$$00000017  c_w.l(libinit2.o)
    0x08000242   0x08000242   0x00000000   Code   RO         5605    .ARM.Collect$$libinit$$00000019  c_w.l(libinit2.o)
    0x08000242   0x08000242   0x00000000   Code   RO         5607    .ARM.Collect$$libinit$$0000001B  c_w.l(libinit2.o)
    0x08000242   0x08000242   0x00000000   Code   RO         5609    .ARM.Collect$$libinit$$0000001D  c_w.l(libinit2.o)
    0x08000242   0x08000242   0x00000000   Code   RO         5611    .ARM.Collect$$libinit$$0000001F  c_w.l(libinit2.o)
    0x08000242   0x08000242   0x00000000   Code   RO         5613    .ARM.Collect$$libinit$$00000021  c_w.l(libinit2.o)
    0x08000242   0x08000242   0x00000000   Code   RO         5615    .ARM.Collect$$libinit$$00000023  c_w.l(libinit2.o)
    0x08000242   0x08000242   0x00000000   Code   RO         5617    .ARM.Collect$$libinit$$00000025  c_w.l(libinit2.o)
    0x08000242   0x08000242   0x00000000   Code   RO         5621    .ARM.Collect$$libinit$$0000002C  c_w.l(libinit2.o)
    0x08000242   0x08000242   0x00000000   Code   RO         5623    .ARM.Collect$$libinit$$0000002E  c_w.l(libinit2.o)
    0x08000242   0x08000242   0x00000000   Code   RO         5625    .ARM.Collect$$libinit$$00000030  c_w.l(libinit2.o)
    0x08000242   0x08000242   0x00000004   Code   RO         5626    .ARM.Collect$$libinit$$00000031  c_w.l(libinit2.o)
    0x08000246   0x08000246   0x00000000   Code   RO         5627    .ARM.Collect$$libinit$$00000032  c_w.l(libinit2.o)
    0x08000246   0x08000246   0x00000002   Code   RO         5628    .ARM.Collect$$libinit$$00000033  c_w.l(libinit2.o)
    0x08000248   0x08000248   0x00000002   Code   RO         5909    .ARM.Collect$$libshutdown$$00000000  c_w.l(libshutdown.o)
    0x0800024a   0x0800024a   0x00000000   Code   RO         5915    .ARM.Collect$$libshutdown$$00000002  c_w.l(libshutdown2.o)
    0x0800024a   0x0800024a   0x00000000   Code   RO         5917    .ARM.Collect$$libshutdown$$00000004  c_w.l(libshutdown2.o)
    0x0800024a   0x0800024a   0x00000000   Code   RO         5919    .ARM.Collect$$libshutdown$$00000006  c_w.l(libshutdown2.o)
    0x0800024a   0x0800024a   0x00000000   Code   RO         5922    .ARM.Collect$$libshutdown$$00000009  c_w.l(libshutdown2.o)
    0x0800024a   0x0800024a   0x00000000   Code   RO         5925    .ARM.Collect$$libshutdown$$0000000C  c_w.l(libshutdown2.o)
    0x0800024a   0x0800024a   0x00000000   Code   RO         5927    .ARM.Collect$$libshutdown$$0000000E  c_w.l(libshutdown2.o)
    0x0800024a   0x0800024a   0x00000000   Code   RO         5930    .ARM.Collect$$libshutdown$$00000011  c_w.l(libshutdown2.o)
    0x0800024a   0x0800024a   0x00000002   Code   RO         5931    .ARM.Collect$$libshutdown$$00000012  c_w.l(libshutdown2.o)
    0x0800024c   0x0800024c   0x00000000   Code   RO         5581    .ARM.Collect$$rtentry$$00000000  c_w.l(__rtentry.o)
    0x0800024c   0x0800024c   0x00000000   Code   RO         5716    .ARM.Collect$$rtentry$$00000002  c_w.l(__rtentry2.o)
    0x0800024c   0x0800024c   0x00000006   Code   RO         5728    .ARM.Collect$$rtentry$$00000004  c_w.l(__rtentry4.o)
    0x08000252   0x08000252   0x00000000   Code   RO         5718    .ARM.Collect$$rtentry$$00000009  c_w.l(__rtentry2.o)
    0x08000252   0x08000252   0x00000004   Code   RO         5719    .ARM.Collect$$rtentry$$0000000A  c_w.l(__rtentry2.o)
    0x08000256   0x08000256   0x00000000   Code   RO         5721    .ARM.Collect$$rtentry$$0000000C  c_w.l(__rtentry2.o)
    0x08000256   0x08000256   0x00000008   Code   RO         5722    .ARM.Collect$$rtentry$$0000000D  c_w.l(__rtentry2.o)
    0x0800025e   0x0800025e   0x00000002   Code   RO         5770    .ARM.Collect$$rtexit$$00000000  c_w.l(rtexit.o)
    0x08000260   0x08000260   0x00000000   Code   RO         5849    .ARM.Collect$$rtexit$$00000002  c_w.l(rtexit2.o)
    0x08000260   0x08000260   0x00000004   Code   RO         5850    .ARM.Collect$$rtexit$$00000003  c_w.l(rtexit2.o)
    0x08000264   0x08000264   0x00000006   Code   RO         5851    .ARM.Collect$$rtexit$$00000004  c_w.l(rtexit2.o)
    0x0800026a   0x0800026a   0x00000002   PAD
    0x0800026c   0x0800026c   0x00000040   Code   RO         5252    .text               startup_stm32f407xx.o
    0x080002ac   0x080002ac   0x00000002   Code   RO         5378    .text               c_w.l(use_no_semi.o)
    0x080002ae   0x080002ae   0x00000064   Code   RO         5380    .text               c_w.l(rt_memcpy_w.o)
    0x08000312   0x08000312   0x00000006   Code   RO         5382    .text               c_w.l(heapauxi.o)
    0x08000318   0x08000318   0x00000024   Code   RO         5389    .text               c_w.l(init_aeabi.o)
    0x0800033c   0x0800033c   0x00000016   Code   RO         5582    .text               c_w.l(_rserrno.o)
    0x08000352   0x08000352   0x00000002   PAD
    0x08000354   0x08000354   0x00000008   Code   RO         5733    .text               c_w.l(rt_errno_addr_intlibspace.o)
    0x0800035c   0x0800035c   0x00000008   Code   RO         5744    .text               c_w.l(libspace.o)
    0x08000364   0x08000364   0x0000004a   Code   RO         5747    .text               c_w.l(sys_stackheap_outer.o)
    0x080003ae   0x080003ae   0x00000012   Code   RO         5749    .text               c_w.l(exit.o)
    0x080003c0   0x080003c0   0x00000016   Code   RO         2818    i.ADC_Cmd           stm32f4xx_adc.o
    0x080003d6   0x080003d6   0x00000002   PAD
    0x080003d8   0x080003d8   0x00000030   Code   RO         2819    i.ADC_CommonInit    stm32f4xx_adc.o
    0x08000408   0x08000408   0x00000016   Code   RO         2822    i.ADC_DMACmd        stm32f4xx_adc.o
    0x0800041e   0x0800041e   0x00000016   Code   RO         2823    i.ADC_DMARequestAfterLastTransferCmd  stm32f4xx_adc.o
    0x08000434   0x08000434   0x00000016   Code   RO         2827    i.ADC_EOCOnEachRegularChannelCmd  stm32f4xx_adc.o
    0x0800044a   0x0800044a   0x00000008   Code   RO         2830    i.ADC_GetConversionValue  stm32f4xx_adc.o
    0x08000452   0x08000452   0x00000012   Code   RO         2831    i.ADC_GetFlagStatus  stm32f4xx_adc.o
    0x08000464   0x08000464   0x00000054   Code   RO         2838    i.ADC_Init          stm32f4xx_adc.o
    0x080004b8   0x080004b8   0x000000b8   Code   RO         2843    i.ADC_RegularChannelConfig  stm32f4xx_adc.o
    0x08000570   0x08000570   0x0000000a   Code   RO         2845    i.ADC_SoftwareStartConv  stm32f4xx_adc.o
    0x0800057a   0x0800057a   0x00000016   Code   RO         3507    i.DMA_Cmd           stm32f4xx_dma.o
    0x08000590   0x08000590   0x00000158   Code   RO         3508    i.DMA_DeInit        stm32f4xx_dma.o
    0x080006e8   0x080006e8   0x00000058   Code   RO         3519    i.DMA_Init          stm32f4xx_dma.o
    0x08000740   0x08000740   0x00000090   Code   RO         3641    i.GPIO_Init         stm32f4xx_gpio.o
    0x080007d0   0x080007d0   0x00000046   Code   RO         3642    i.GPIO_PinAFConfig  stm32f4xx_gpio.o
    0x08000816   0x08000816   0x00000004   Code   RO         3648    i.GPIO_ResetBits    stm32f4xx_gpio.o
    0x0800081a   0x0800081a   0x00000004   Code   RO         3649    i.GPIO_SetBits      stm32f4xx_gpio.o
    0x0800081e   0x0800081e   0x00000002   PAD
    0x08000820   0x08000820   0x00000020   Code   RO         3976    i.RCC_AHB1PeriphClockCmd  stm32f4xx_rcc.o
    0x08000840   0x08000840   0x00000020   Code   RO         3985    i.RCC_APB1PeriphClockCmd  stm32f4xx_rcc.o
    0x08000860   0x08000860   0x00000020   Code   RO         3988    i.RCC_APB2PeriphClockCmd  stm32f4xx_rcc.o
    0x08000880   0x08000880   0x000000e8   Code   RO         3997    i.RCC_GetClocksFreq  stm32f4xx_rcc.o
    0x08000968   0x08000968   0x0000006c   Code   RO         2513    i.SPI1_IRQHandler   spi_1.o
    0x080009d4   0x080009d4   0x00000012   Code   RO         4331    i.SPI_I2S_GetFlagStatus  stm32f4xx_spi.o
    0x080009e6   0x080009e6   0x00000002   PAD
    0x080009e8   0x080009e8   0x00000110   Code   RO         5259    i.SetSysClock       system_stm32f4xx.o
    0x08000af8   0x08000af8   0x00000018   Code   RO         1753    i.SysTick_Handler   time_service.o
    0x08000b10   0x08000b10   0x00000068   Code   RO         5261    i.SystemInit        system_stm32f4xx.o
    0x08000b78   0x08000b78   0x00000020   Code   RO         4493    i.TIM_BDTRConfig    stm32f4xx_tim.o
    0x08000b98   0x08000b98   0x00000018   Code   RO         4504    i.TIM_Cmd           stm32f4xx_tim.o
    0x08000bb0   0x08000bb0   0x0000001e   Code   RO         4506    i.TIM_CtrlPWMOutputs  stm32f4xx_tim.o
    0x08000bce   0x08000bce   0x00000002   PAD
    0x08000bd0   0x08000bd0   0x0000007c   Code   RO         4533    i.TIM_OC1Init       stm32f4xx_tim.o
    0x08000c4c   0x08000c4c   0x000000a4   Code   RO         4538    i.TIM_OC2Init       stm32f4xx_tim.o
    0x08000cf0   0x08000cf0   0x000000a0   Code   RO         4543    i.TIM_OC3Init       stm32f4xx_tim.o
    0x08000d90   0x08000d90   0x00000078   Code   RO         4548    i.TIM_OC4Init       stm32f4xx_tim.o
    0x08000e08   0x08000e08   0x00000084   Code   RO         4576    i.TIM_TimeBaseInit  stm32f4xx_tim.o
    0x08000e8c   0x08000e8c   0x000000a0   Code   RO         1985    i.USART1_IRQHandler  usart1.o
    0x08000f2c   0x08000f2c   0x000000a8   Code   RO         2046    i.USART2_IRQHandler  usart2.o
    0x08000fd4   0x08000fd4   0x000000a8   Code   RO         2100    i.USART3_IRQHandler  usart3.o
    0x0800107c   0x0800107c   0x000000a8   Code   RO         2154    i.USART6_IRQHandler  usart6.o
    0x08001124   0x08001124   0x0000001e   Code   RO         5058    i.USART_ClearITPendingBit  stm32f4xx_usart.o
    0x08001142   0x08001142   0x00000018   Code   RO         5061    i.USART_Cmd         stm32f4xx_usart.o
    0x0800115a   0x0800115a   0x0000004a   Code   RO         5067    i.USART_ITConfig    stm32f4xx_usart.o
    0x080011a4   0x080011a4   0x000000d4   Code   RO         5068    i.USART_Init        stm32f4xx_usart.o
    0x08001278   0x08001278   0x00000018   Code   RO         5084    i.USART_StructInit  stm32f4xx_usart.o
    0x08001290   0x08001290   0x00000030   Code   RO          335    i._ZN10GoalkeeperC1Ev  goalkeeper.o
    0x080012c0   0x080012c0   0x00000044   Code   RO         1201    i._ZN12omniplatformC1ER5MotorS1_S1_S1_  omniplatform.o
    0x08001304   0x08001304   0x00000060   Code   RO         1754    i._ZN12time_service4initEv  time_service.o
    0x08001364   0x08001364   0x00000024   Code   RO         1755    i._ZN12time_service5delayEj  time_service.o
    0x08001388   0x08001388   0x00000012   Code   RO         1758    i._ZN12time_service9startTimeEv  time_service.o
    0x0800139a   0x0800139a   0x00000002   PAD
    0x0800139c   0x0800139c   0x0000002c   Code   RO         1402    i._ZN14VoltageDividor10getVoltageEv  voltage.o
    0x080013c8   0x080013c8   0x00000012   Code   RO         1404    i._ZN14VoltageDividor6setADCER3Adc  voltage.o
    0x080013da   0x080013da   0x00000002   PAD
    0x080013dc   0x080013dc   0x0000001c   Code   RO         1405    i._ZN14VoltageDividorC1Ev  voltage.o
    0x080013f8   0x080013f8   0x00000012   Code   RO          670    i._ZN15ProcessingCoordC1Ev  processing_coord.o
    0x0800140a   0x0800140a   0x00000024   Code   RO         2208    i._ZN3Adc10adcDmaInitEv  adc.o
    0x0800142e   0x0800142e   0x00000024   Code   RO         2209    i._ZN3Adc10setChannelEv  adc.o
    0x08001452   0x08001452   0x00000002   PAD
    0x08001454   0x08001454   0x00000028   Code   RO         2210    i._ZN3Adc12getRCCPeriphEP11ADC_TypeDef  adc.o
    0x0800147c   0x0800147c   0x00000034   Code   RO         2211    i._ZN3Adc4readEv    adc.o
    0x080014b0   0x080014b0   0x00000006   Code   RO         2212    i._ZN3Adc6getADCEv  adc.o
    0x080014b6   0x080014b6   0x00000028   Code   RO         2213    i._ZN3Adc7adcInitEh  adc.o
    0x080014de   0x080014de   0x00000016   Code   RO         2214    i._ZN3Adc8sendMeChEh  adc.o
    0x080014f4   0x080014f4   0x0000003c   Code   RO         2215    i._ZN3Adc8startADCEv  adc.o
    0x08001530   0x08001530   0x00000026   Code   RO         2216    i._ZN3Adc9getCyclesEh  adc.o
    0x08001556   0x08001556   0x00000024   Code   RO         2217    i._ZN3AdcC1EP11ADC_TypeDefhh  adc.o
    0x0800157a   0x0800157a   0x00000002   Code   RO         2218    i._ZN3AdcC1Ev       adc.o
    0x0800157c   0x0800157c   0x0000002a   Code   RO         2296    i._ZN3Dma12adcInitInDmaEh  dma.o
    0x080015a6   0x080015a6   0x0000006c   Code   RO         2298    i._ZN3Dma7dmaInitEP18DMA_Stream_TypeDefjj  dma.o
    0x08001612   0x08001612   0x00000018   Code   RO         2299    i._ZN3DmaC1Ej       dma.o
    0x0800162a   0x0800162a   0x0000001a   Code   RO         2300    i._ZN3DmaC1EjR3Adc  dma.o
    0x08001644   0x08001644   0x00000134   Code   RO         1817    i._ZN3Pin12RCC_ClockCmdEv  pin_1.o
    0x08001778   0x08001778   0x000000f4   Code   RO         1818    i._ZN3Pin12setTimParamsEt  pin_1.o
    0x0800186c   0x0800186c   0x00000028   Code   RO         1819    i._ZN3Pin13setAFforUSARTEt  pin_1.o
    0x08001894   0x08001894   0x00000020   Code   RO         1821    i._ZN3Pin3setEb     pin_1.o
    0x080018b4   0x080018b4   0x00000006   Code   RO         1822    i._ZN3Pin6getPinEv  pin_1.o
    0x080018ba   0x080018ba   0x000000cc   Code   RO         1824    i._ZN3Pin6setPinEh  pin_1.o
    0x08001986   0x08001986   0x00000002   PAD
    0x08001988   0x08001988   0x00000108   Code   RO         1825    i._ZN3Pin7pwmInitEsjh  pin_1.o
    0x08001a90   0x08001a90   0x00000074   Code   RO         1827    i._ZN3Pin7setGPIOEc  pin_1.o
    0x08001b04   0x08001b04   0x00000006   Code   RO         1828    i._ZN3Pin8getGPIOxEv  pin_1.o
    0x08001b0a   0x08001b0a   0x00000002   PAD
    0x08001b0c   0x08001b0c   0x00000234   Code   RO         1831    i._ZN3PinC1Echt     pin_1.o
    0x08001d40   0x08001d40   0x00000122   Code   RO          926    i._ZN4TSOP11updateTSOPsEv  tsop.o
    0x08001e62   0x08001e62   0x00000008   Code   RO          929    i._ZN4TSOP7getDistEv  tsop.o
    0x08001e6a   0x08001e6a   0x00000012   Code   RO          930    i._ZN4TSOP8getAngleEv  tsop.o
    0x08001e7c   0x08001e7c   0x00000140   Code   RO          931    i._ZN4TSOP9calculateEv  tsop.o
    0x08001fbc   0x08001fbc   0x00000080   Code   RO          932    i._ZN4TSOPC1ER3PinS1_S1_S1_S1_S1_  tsop.o
    0x0800203c   0x0800203c   0x00000046   Code   RO         1938    i._ZN5MotorC1ER3PinhS1_h  motor.o
    0x08002082   0x08002082   0x00000002   PAD
    0x08002084   0x08002084   0x0000001c   Code   RO         1351    i._ZN5Vec2bC1Ev     vec2b.o
    0x080020a0   0x080020a0   0x00000168   Code   RO         1986    i._ZN5uart110usart1InitEjfh  usart1.o
    0x08002208   0x08002208   0x00000168   Code   RO         2047    i._ZN5uart210usart2InitEjfh  usart2.o
    0x08002370   0x08002370   0x00000168   Code   RO         2101    i._ZN5uart310usart3InitEjfh  usart3.o
    0x080024d8   0x080024d8   0x00000168   Code   RO         2155    i._ZN5uart610usart6InitEjfh  usart6.o
    0x08002640   0x08002640   0x00000056   Code   RO         1034    i._ZN6OpenMV9initUSARTEh  openmv.o
    0x08002696   0x08002696   0x00000002   PAD
    0x08002698   0x08002698   0x0000003c   Code   RO         1035    i._ZN6OpenMVC1ER3PinS1_h  openmv.o
    0x080026d4   0x080026d4   0x0000001a   Code   RO          552    i._ZN7ForwardC1Ev   forward.o
    0x080026ee   0x080026ee   0x00000002   PAD
    0x080026f0   0x080026f0   0x00000078   Code   RO           12    i._ZN8Asterisk10initADCDMAEv  main.o
    0x08002768   0x08002768   0x00000028   Code   RO           13    i._ZN8Asterisk4initEhhh  main.o
    0x08002790   0x08002790   0x00000060   Code   RO           14    i._ZN8Asterisk6updateEv  main.o
    0x080027f0   0x080027f0   0x00000056   Code   RO         1254    i._ZN8gyro_imu9initUSARTEh  imu_usart.o
    0x08002846   0x08002846   0x00000002   PAD
    0x08002848   0x08002848   0x00000030   Code   RO         1256    i._ZN8gyro_imuC1ER3PinS1_h  imu_usart.o
    0x08002878   0x08002878   0x000000b8   Code   RO          747    i._ZN9BallVec2bC1Ev  queues_ball.o
    0x08002930   0x08002930   0x00000012   Code   RO          805    i._ZN9Vec2bTime3setEddjs  queues_ball.o
    0x08002942   0x08002942   0x0000000e   Code   RO          841    i._ZN9Vec2bTimeC1Ev  queues_ball.o
    0x08002950   0x08002950   0x00000026   Code   RO         5682    i.__ARM_fpclassifyf  m_wm.l(fpclassifyf.o)
    0x08002976   0x08002976   0x00000024   Code   RO         5392    i.__aeabi_vec_ctor_nocookie_nodtor  cpprt_w.l(aeabi_vec_ctor_nocookie_nodtor.o)
    0x0800299a   0x0800299a   0x00000002   PAD
    0x0800299c   0x0800299c   0x000002ac   Code   RO         5463    i.__hardfp_atan2f   m_wm.l(atan2f.o)
    0x08002c48   0x08002c48   0x00000150   Code   RO         5487    i.__hardfp_cosf     m_wm.l(cosf.o)
    0x08002d98   0x08002d98   0x00000190   Code   RO         5545    i.__hardfp_sinf     m_wm.l(sinf.o)
    0x08002f28   0x08002f28   0x0000003a   Code   RO         5569    i.__hardfp_sqrtf    m_wm.l(sqrtf.o)
    0x08002f62   0x08002f62   0x00000006   Code   RO         5685    i.__mathlib_flt_infnan  m_wm.l(funder.o)
    0x08002f68   0x08002f68   0x00000006   Code   RO         5686    i.__mathlib_flt_infnan2  m_wm.l(funder.o)
    0x08002f6e   0x08002f6e   0x00000002   PAD
    0x08002f70   0x08002f70   0x00000010   Code   RO         5687    i.__mathlib_flt_invalid  m_wm.l(funder.o)
    0x08002f80   0x08002f80   0x00000010   Code   RO         5690    i.__mathlib_flt_underflow  m_wm.l(funder.o)
    0x08002f90   0x08002f90   0x00000154   Code   RO         5706    i.__mathlib_rredf2  m_wm.l(rredf.o)
    0x080030e4   0x080030e4   0x00000398   Code   RO           16    i.__sti___8_main_cpp_ab1d1ed5  main.o
    0x0800347c   0x0800347c   0x00000004   Code   RO         2575    i._sys_exit         retarget.o
    0x08003480   0x08003480   0x00000012   Code   RO           17    i.main              main.o
    0x08003492   0x08003492   0x00000018   Code   RO         5632    x$fpl$dcmpinf       fz_wm.l(dcmpi.o)
    0x080034aa   0x080034aa   0x00000002   PAD
    0x080034ac   0x080034ac   0x00000078   Code   RO         5409    x$fpl$deqf          fz_wm.l(deqf.o)
    0x08003524   0x08003524   0x0000009c   Code   RO         5634    x$fpl$dnaninf       fz_wm.l(dnaninf.o)
    0x080035c0   0x080035c0   0x0000000c   Code   RO         5636    x$fpl$dretinf       fz_wm.l(dretinf.o)
    0x080035cc   0x080035cc   0x00000056   Code   RO         5435    x$fpl$f2d           fz_wm.l(f2d.o)
    0x08003622   0x08003622   0x0000008c   Code   RO         5640    x$fpl$fnaninf       fz_wm.l(fnaninf.o)
    0x080036ae   0x080036ae   0x0000000a   Code   RO         5742    x$fpl$fpinit        fz_wm.l(fpinit.o)
    0x080036b8   0x080036b8   0x00000000   Code   RO         5648    x$fpl$usenofp       fz_wm.l(usenofp.o)
    0x080036b8   0x080036b8   0x0000003d   Data   RO         2588    .constdata          retarget.o
    0x080036f5   0x080036f5   0x00000003   PAD
    0x080036f8   0x080036f8   0x00000020   Data   RO         5707    .constdata          m_wm.l(rredf.o)
    0x08003718   0x08003718   0x00000020   Data   RO         5950    Region$$Table       anon$$obj.o
    0x08003738   0x08003738   0x00000004   Data   RO           34    .init_array         main.o
    0x0800373c   0x08003738   0x00000000   Data   RO         5387    .init_array         c_w.l(init_aeabi.o)


    Execution Region RW_IRAM1 (Exec base: 0x20000000, Load base: 0x0800373c, Size: 0x000042b0, Max: 0x00020000, ABSOLUTE, COMPRESSED[0x00000010])

    Exec Addr    Load Addr    Size         Type   Attr      Idx    E Section Name        Object

    0x20000000   COMPRESSED   0x000000b0   Data   RW           33    .data               main.o
    0x200000b0   COMPRESSED   0x00000008   Data   RW         1765    .data               time_service.o
    0x200000b8   COMPRESSED   0x00000019   Data   RW         1995    .data               usart1.o
    0x200000d1   COMPRESSED   0x00000001   PAD
    0x200000d2   COMPRESSED   0x00000019   Data   RW         2056    .data               usart2.o
    0x200000eb   COMPRESSED   0x00000001   PAD
    0x200000ec   COMPRESSED   0x00000019   Data   RW         2110    .data               usart3.o
    0x20000105   COMPRESSED   0x00000001   PAD
    0x20000106   COMPRESSED   0x00000019   Data   RW         2164    .data               usart6.o
    0x2000011f   COMPRESSED   0x00000001   PAD
    0x20000120   COMPRESSED   0x00000016   Data   RW         2524    .data               spi_1.o
    0x20000136   COMPRESSED   0x00000010   Data   RW         4029    .data               stm32f4xx_rcc.o
    0x20000146   COMPRESSED   0x00000002   PAD
    0x20000148        -       0x000021f8   Zero   RW           32    .bss                main.o
    0x20002340        -       0x00000020   Zero   RW         2523    .bss                spi_1.o
    0x20002360        -       0x00000060   Zero   RW         5745    .bss                c_w.l(libspace.o)
    0x200023c0        -       0x00000f00   Zero   RW         5250    HEAP                startup_stm32f407xx.o
    0x200032c0        -       0x00000ff0   Zero   RW         5249    STACK               startup_stm32f407xx.o


==============================================================================

Image component sizes


      Code (inc. data)   RO Data    RW Data    ZI Data      Debug   Object Name

       368          8          0          0          0       6868   adc.o
       200          0          0          0          0       3296   dma.o
        26          0          0          0          0       1872   forward.o
        48          4          0          0          0     316179   goalkeeper.o
       134          6          0          0          0       2680   imu_usart.o
      1194        302          4        176       8696     287375   main.o
         0          0          0          0          0     256596   misc.o
        70          0          0          0          0       1464   motor.o
        68          0          0          0          0       2144   omniplatform.o
       146          6          0          0          0       2668   openmv.o
      1784        214          0          0          0       8052   pin_1.o
        18          0          0          0          0       2080   processing_coord.o
       216         20          0          0          0       2728   queues_ball.o
         4          0         61          0          0       2600   retarget.o
       108         16          0         22         32       1238   spi_1.o
        64         26        392          0       7920        860   startup_stm32f407xx.o
       440         24          0          0          0      21001   stm32f4xx_adc.o
       454         26          0          0          0      15602   stm32f4xx_dma.o
       222          0          0          0          0       9887   stm32f4xx_gpio.o
       328         36          0         16          0      19979   stm32f4xx_rcc.o
        18          0          0          0          0       9384   stm32f4xx_spi.o
       786         66          0          0          0      25439   stm32f4xx_tim.o
       364          8          0          0          0      10063   stm32f4xx_usart.o
       376         26          0          0          0       1285   system_stm32f4xx.o
       174         18          0          8          0      32337   time_service.o
       764         32          0          0          0       7216   tsop.o
       520         80          0         25          0      31943   usart1.o
       528         82          0         25          0       2324   usart2.o
       528         82          0         25          0       2324   usart3.o
       528         82          0         25          0       2324   usart6.o
        28         10          0          0          0       1012   vec2b.o
        90          8          0          0          0       3364   voltage.o

    ----------------------------------------------------------------------
     10622       1182        492        328      16648    1094184   Object Totals
         0          0         32          0          0          0   (incl. Generated)
        26          0          3          6          0          0   (incl. Padding)

    ----------------------------------------------------------------------

      Code (inc. data)   RO Data    RW Data    ZI Data      Debug   Library Member Name

        90          0          0          0          0          0   __dczerorl2.o
         8          0          0          0          0         68   __main.o
         0          0          0          0          0          0   __rtentry.o
        12          0          0          0          0          0   __rtentry2.o
         6          0          0          0          0          0   __rtentry4.o
        52          8          0          0          0          0   __scatter.o
        28          0          0          0          0          0   __scatter_zi.o
        22          0          0          0          0        100   _rserrno.o
        18          0          0          0          0         80   exit.o
         6          0          0          0          0        152   heapauxi.o
        36         10          0          0          0         80   init_aeabi.o
         2          0          0          0          0          0   libinit.o
        10          0          0          0          0          0   libinit2.o
         2          0          0          0          0          0   libshutdown.o
         2          0          0          0          0          0   libshutdown2.o
         8          4          0          0         96         68   libspace.o
         8          4          0          0          0         68   rt_errno_addr_intlibspace.o
       100          0          0          0          0         80   rt_memcpy_w.o
         2          0          0          0          0          0   rtexit.o
        10          0          0          0          0          0   rtexit2.o
        74          0          0          0          0         80   sys_stackheap_outer.o
         2          0          0          0          0         68   use_no_semi.o
        36          0          0          0          0         84   aeabi_vec_ctor_nocookie_nodtor.o
        24          0          0          0          0        116   dcmpi.o
       120          4          0          0          0        140   deqf.o
       156          4          0          0          0        140   dnaninf.o
        12          0          0          0          0        116   dretinf.o
        86          4          0          0          0        132   f2d.o
       140          4          0          0          0        132   fnaninf.o
        10          0          0          0          0        116   fpinit.o
         0          0          0          0          0          0   usenofp.o
       684         90          0          0          0        208   atan2f.o
       336         56          0          0          0        136   cosf.o
        38          0          0          0          0        116   fpclassifyf.o
        44         12          0          0          0        464   funder.o
       340         24         32          0          0        160   rredf.o
       400         56          0          0          0        212   sinf.o
        58          0          0          0          0        136   sqrtf.o

    ----------------------------------------------------------------------
      2994        280         32          0         96       3252   Library Totals
        12          0          0          0          0          0   (incl. Padding)

    ----------------------------------------------------------------------

      Code (inc. data)   RO Data    RW Data    ZI Data      Debug   Library Name

       498         26          0          0         96        844   c_w.l
        36          0          0          0          0         84   cpprt_w.l
       548         16          0          0          0        892   fz_wm.l
      1900        238         32          0          0       1432   m_wm.l

    ----------------------------------------------------------------------
      2994        280         32          0         96       3252   Library Totals

    ----------------------------------------------------------------------

==============================================================================


      Code (inc. data)   RO Data    RW Data    ZI Data      Debug   

     13616       1462        524        328      16744    1085972   Grand Totals
     13616       1462        524         16      16744    1085972   ELF Image Totals (compressed)
     13616       1462        524         16          0          0   ROM Totals

==============================================================================

    Total RO  Size (Code + RO Data)                14140 (  13.81kB)
    Total RW  Size (RW Data + ZI Data)             17072 (  16.67kB)
    Total ROM Size (Code + RO Data + RW Data)      14156 (  13.82kB)

==============================================================================

