Component: ARM Compiler 5.06 update 7 (build 960) Tool: armlink [4d3601]

==============================================================================

Section Cross References

    main.o(i._Z10writeFLASHh) refers to stm32f4xx_flash.o(i.FLASH_Unlock) for FLASH_Unlock
    main.o(i._Z10writeFLASHh) refers to stm32f4xx_flash.o(i.FLASH_EraseSector) for FLASH_EraseSector
    main.o(i._Z10writeFLASHh) refers to stm32f4xx_flash.o(i.FLASH_ProgramWord) for FLASH_ProgramWord
    main.o(i._Z10writeFLASHh) refers to stm32f4xx_flash.o(i.FLASH_Lock) for FLASH_Lock
    main.o(i._Z9readFLASHv) refers to stm32f4xx_flash.o(i.FLASH_Unlock) for FLASH_Unlock
    main.o(i._ZN8Asterisk10calibratedEv) refers to main.o(.data) for Asterisk::imuCalibrated
    main.o(i._ZN8Asterisk11protectGoalEv) refers to vec2b.o(i._ZN5Vec2bC1Ev) for Vec2b::Vec2b()
    main.o(i._ZN8Asterisk11protectGoalEv) refers to imu_usart.o(i._ZN8gyro_imu20setRotationForTargetEv) for gyro_imu::setRotationForTarget()
    main.o(i._ZN8Asterisk11protectGoalEv) refers to imu_usart.o(i._ZN8gyro_imu11getRotationEv) for gyro_imu::getRotation()
    main.o(i._ZN8Asterisk11protectGoalEv) refers to main.o(i._ZN8Asterisk9mustLeaveEv) for Asterisk::mustLeave()
    main.o(i._ZN8Asterisk11protectGoalEv) refers to atan2f.o(i.__hardfp_atan2f) for __hardfp_atan2f
    main.o(i._ZN8Asterisk11protectGoalEv) refers to f2d.o(x$fpl$f2d) for __aeabi_f2d
    main.o(i._ZN8Asterisk11protectGoalEv) refers to dmul.o(x$fpl$dmul) for __aeabi_dmul
    main.o(i._ZN8Asterisk11protectGoalEv) refers to dfix.o(x$fpl$dfix) for __aeabi_d2iz
    main.o(i._ZN8Asterisk11protectGoalEv) refers to ir_locator.o(i._ZN9IRLocator7distBadEs) for IRLocator::distBad(short)
    main.o(i._ZN8Asterisk11protectGoalEv) refers to processing_coord.o(i._ZN15ProcessingCoord20getVecToIntersectionEs) for ProcessingCoord::getVecToIntersection(short)
    main.o(i._ZN8Asterisk11protectGoalEv) refers to processing_coord.o(i._ZN15ProcessingCoord13getVecToPointEss) for ProcessingCoord::getVecToPoint(short, short)
    main.o(i._ZN8Asterisk11protectGoalEv) refers to vec2b.o(i._ZN5Vec2bC1Edd) for Vec2b::Vec2b(double, double)
    main.o(i._ZN8Asterisk11protectGoalEv) refers to processing_coord.o(i._ZN15ProcessingCoord18getVecToGoalCenterEv) for ProcessingCoord::getVecToGoalCenter()
    main.o(i._ZN8Asterisk11protectGoalEv) refers to d2f.o(x$fpl$d2f) for __aeabi_d2f
    main.o(i._ZN8Asterisk11protectGoalEv) refers to processing_coord.o(i._ZN15ProcessingCoord20getCoeffToGoalCenterEf) for ProcessingCoord::getCoeffToGoalCenter(float)
    main.o(i._ZN8Asterisk11protectGoalEv) refers to vec2b.o(i._ZN5Vec2bplERKS_) for Vec2b::operator +(const Vec2b&)
    main.o(i._ZN8Asterisk11protectGoalEv) refers to time_service.o(i._ZN12time_service6millisEv) for time_service::millis()
    main.o(i._ZN8Asterisk11protectGoalEv) refers to main.o(i._ZN8Asterisk20getVec2bToBallFollowEv) for Asterisk::getVec2bToBallFollow()
    main.o(i._ZN8Asterisk11protectGoalEv) refers to sqrtf.o(i.__hardfp_sqrtf) for __hardfp_sqrtf
    main.o(i._ZN8Asterisk11protectGoalEv) refers to drleqf.o(x$fpl$drleqf) for __aeabi_cdrcmple
    main.o(i._ZN8Asterisk11protectGoalEv) refers to processing_coord.o(i._ZN15ProcessingCoord14getVecToReturnEv) for ProcessingCoord::getVecToReturn()
    main.o(i._ZN8Asterisk11protectGoalEv) refers to processing_coord.o(i._ZN15ProcessingCoord16changeFromReturnEv) for ProcessingCoord::changeFromReturn()
    main.o(i._ZN8Asterisk11protectGoalEv) refers to vec2b.o(i._ZN5Vec2b8changeToES_) for Vec2b::changeTo(Vec2b)
    main.o(i._ZN8Asterisk11protectGoalEv) refers to imu_usart.o(i._ZN8gyro_imu14getMaxRotationEv) for gyro_imu::getMaxRotation()
    main.o(i._ZN8Asterisk11protectGoalEv) refers to omniplatform.o(i._ZN12omniplatform4moveEfffff) for omniplatform::move(float, float, float, float, float)
    main.o(i._ZN8Asterisk11protectGoalEv) refers to main.o(.bss) for Asterisk::gyro
    main.o(i._ZN8Asterisk11protectGoalEv) refers to main.o(.data) for Asterisk::pow
    main.o(i._ZN8Asterisk20getVec2bToBallFollowEv) refers to imu_usart.o(i._ZN8gyro_imu6adductEs) for gyro_imu::adduct(short)
    main.o(i._ZN8Asterisk20getVec2bToBallFollowEv) refers to ir_locator.o(i._ZN9IRLocator11angleOffsetEff) for IRLocator::angleOffset(float, float)
    main.o(i._ZN8Asterisk20getVec2bToBallFollowEv) refers to imu_usart.o(i._ZN8gyro_imu13calculateSoftEff) for gyro_imu::calculateSoft(float, float)
    main.o(i._ZN8Asterisk20getVec2bToBallFollowEv) refers to main.o(.data) for Asterisk::speedForward
    main.o(i._ZN8Asterisk20getVec2bToBallFollowEv) refers to main.o(.bss) for Asterisk::gyro
    main.o(i._ZN8Asterisk4initEhhh) refers to time_service.o(i._ZN12time_service4initEv) for time_service::init()
    main.o(i._ZN8Asterisk4initEhhh) refers to time_service.o(i._ZN12time_service9startTimeEv) for time_service::startTime()
    main.o(i._ZN8Asterisk4initEhhh) refers to time_service.o(i._ZN12time_service5delayEj) for time_service::delay(unsigned)
[...]
    __rt_entry_postsh_1                      0x08000213   Thumb Code     0  __rtentry2.o(.ARM.Collect$$rtentry$$00000009)
    __rt_entry_main                          0x08000217   Thumb Code     0  __rtentry2.o(.ARM.Collect$$rtentry$$0000000D)
    __rt_entry_postli_1                      0x08000217   Thumb Code     0  __rtentry2.o(.ARM.Collect$$rtentry$$0000000C)
    __rt_exit                                0x0800021f   Thumb Code     0  rtexit.o(.ARM.Collect$$rtexit$$00000000)
    __rt_exit_ls                             0x08000221   Thumb Code     0  rtexit2.o(.ARM.Collect$$rtexit$$00000003)
    __rt_exit_prels_1                        0x08000221   Thumb Code     0  rtexit2.o(.ARM.Collect$$rtexit$$00000002)
    __rt_exit_exit                           0x08000225   Thumb Code     0  rtexit2.o(.ARM.Collect$$rtexit$$00000004)
    Reset_Handler                            0x0800022d   Thumb Code     8  startup_stm32f407xx.o(.text)
    NMI_Handler                              0x08000235   Thumb Code     2  startup_stm32f407xx.o(.text)
    HardFault_Handler                        0x08000237   Thumb Code     2  startup_stm32f407xx.o(.text)
    MemManage_Handler                        0x08000239   Thumb Code     2  startup_stm32f407xx.o(.text)
    BusFault_Handler                         0x0800023b   Thumb Code     2  startup_stm32f407xx.o(.text)
    UsageFault_Handler                       0x0800023d   Thumb Code     2  startup_stm32f407xx.o(.text)
    SVC_Handler                              0x0800023f   Thumb Code     2  startup_stm32f407xx.o(.text)
    DebugMon_Handler                         0x08000241   Thumb Code     2  startup_stm32f407xx.o(.text)
    PendSV_Handler                           0x08000243   Thumb Code     2  startup_stm32f407xx.o(.text)
    ADC_IRQHandler                           0x08000247   Thumb Code     0  startup_stm32f407xx.o(.text)
    CAN1_RX0_IRQHandler                      0x08000247   Thumb Code     0  startup_stm32f407xx.o(.text)
    CAN1_RX1_IRQHandler                      0x08000247   Thumb Code     0  startup_stm32f407xx.o(.text)
    CAN1_SCE_IRQHandler                      0x08000247   Thumb Code     0  startup_stm32f407xx.o(.text)
    CAN1_TX_IRQHandler                       0x08000247   Thumb Code     0  startup_stm32f407xx.o(.text)
    CAN2_RX0_IRQHandler                      0x08000247   Thumb Code     0  startup_stm32f407xx.o(.text)
    CAN2_RX1_IRQHandler                      0x08000247   Thumb Code     0  startup_stm32f407xx.o(.text)
    CAN2_SCE_IRQHandler                      0x08000247   Thumb Code     0  startup_stm32f407xx.o(.text)
    CAN2_TX_IRQHandler                       0x08000247   Thumb Code     0  startup_stm32f407xx.o(.text)
    DCMI_IRQHandler                          0x08000247   Thumb Code     0  startup_stm32f407xx.o(.text)
    DMA1_Stream0_IRQHandler                  0x08000247   Thumb Code     0  startup_stm32f407xx.o(.text)
    DMA1_Stream1_IRQHandler                  0x08000247   Thumb Code     0  startup_stm32f407xx.o(.text)
    DMA1_Stream2_IRQHandler                  0x08000247   Thumb Code     0  startup_stm32f407xx.o(.text)
    DMA1_Stream3_IRQHandler                  0x08000247   Thumb Code     0  startup_stm32f407xx.o(.text)
    DMA1_Stream4_IRQHandler                  0x08000247   Thumb Code     0  startup_stm32f407xx.o(.text)
    DMA1_Stream5_IRQHandler                  0x08000247   Thumb Code     0  startup_stm32f407xx.o(.text)
    DMA1_Stream6_IRQHandler                  0x08000247   Thumb Code     0  startup_stm32f407xx.o(.text)
    DMA1_Stream7_IRQHandler                  0x08000247   Thumb Code     0  startup_stm32f407xx.o(.text)
    DMA2_Stream0_IRQHandler                  0x08000247   Thumb Code     0  startup_stm32f407xx.o(.text)
    DMA2_Stream1_IRQHandler                  0x08000247   Thumb Code     0  startup_stm32f407xx.o(.text)
    DMA2_Stream2_IRQHandler                  0x08000247   Thumb Code     0  startup_stm32f407xx.o(.text)
    DMA2_Stream3_IRQHandler                  0x08000247   Thumb Code     0  startup_stm32f407xx.o(.text)
    DMA2_Stream4_IRQHandler                  0x08000247   Thumb Code     0  startup_stm32f407xx.o(.text)
    DMA2_Stream5_IRQHandler                  0x08000247   Thumb Code     0  startup_stm32f407xx.o(.text)
    DMA2_Stream6_IRQHandler                  0x08000247   Thumb Code     0  startup_stm32f407xx.o(.text)
    DMA2_Stream7_IRQHandler                  0x08000247   Thumb Code     0  startup_stm32f407xx.o(.text)
    ETH_IRQHandler                           0x08000247   Thumb Code     0  startup_stm32f407xx.o(.text)
    ETH_WKUP_IRQHandler                      0x08000247   Thumb Code     0  startup_stm32f407xx.o(.text)
    EXTI0_IRQHandler                         0x08000247   Thumb Code     0  startup_stm32f407xx.o(.text)
    EXTI15_10_IRQHandler                     0x08000247   Thumb Code     0  startup_stm32f407xx.o(.text)
    EXTI1_IRQHandler                         0x08000247   Thumb Code     0  startup_stm32f407xx.o(.text)
    EXTI2_IRQHandler                         0x08000247   Thumb Code     0  startup_stm32f407xx.o(.text)
    EXTI3_IRQHandler                         0x08000247   Thumb Code     0  startup_stm32f407xx.o(.text)
    EXTI4_IRQHandler                         0x08000247   Thumb Code     0  startup_stm32f407xx.o(.text)
    EXTI9_5_IRQHandler                       0x08000247   Thumb Code     0  startup_stm32f407xx.o(.text)
    FLASH_IRQHandler                         0x08000247   Thumb Code     0  startup_stm32f407xx.o(.text)
    FMC_IRQHandler                           0x08000247   Thumb Code     0  startup_stm32f407xx.o(.text)
    FPU_IRQHandler                           0x08000247   Thumb Code     0  startup_stm32f407xx.o(.text)
    HASH_RNG_IRQHandler                      0x08000247   Thumb Code     0  startup_stm32f407xx.o(.text)
    I2C1_ER_IRQHandler                       0x08000247   Thumb Code     0  startup_stm32f407xx.o(.text)
    I2C1_EV_IRQHandler                       0x08000247   Thumb Code     0  startup_stm32f407xx.o(.text)
    I2C2_ER_IRQHandler                       0x08000247   Thumb Code     0  startup_stm32f407xx.o(.text)
    I2C2_EV_IRQHandler                       0x08000247   Thumb Code     0  startup_stm32f407xx.o(.text)
    I2C3_ER_IRQHandler                       0x08000247   Thumb Code     0  startup_stm32f407xx.o(.text)
    I2C3_EV_IRQHandler                       0x08000247   Thumb Code     0  startup_stm32f407xx.o(.text)
    OTG_FS_IRQHandler                        0x08000247   Thumb Code     0  startup_stm32f407xx.o(.text)
    OTG_FS_WKUP_IRQHandler                   0x08000247   Thumb Code     0  startup_stm32f407xx.o(.text)
    OTG_HS_EP1_IN_IRQHandler                 0x08000247   Thumb Code     0  startup_stm32f407xx.o(.text)
    OTG_HS_EP1_OUT_IRQHandler                0x08000247   Thumb Code     0  startup_stm32f407xx.o(.text)
    OTG_HS_IRQHandler                        0x08000247   Thumb Code     0  startup_stm32f407xx.o(.text)
    OTG_HS_WKUP_IRQHandler                   0x08000247   Thumb Code     0  startup_stm32f407xx.o(.text)
    PVD_IRQHandler                           0x08000247   Thumb Code     0  startup_stm32f407xx.o(.text)
    RCC_IRQHandler                           0x08000247   Thumb Code     0  startup_stm32f407xx.o(.text)
    RTC_Alarm_IRQHandler                     0x08000247   Thumb Code     0  startup_stm32f407xx.o(.text)
    RTC_WKUP_IRQHandler                      0x08000247   Thumb Code     0  startup_stm32f407xx.o(.text)
    SDIO_IRQHandler                          0x08000247   Thumb Code     0  startup_stm32f407xx.o(.text)
    SPI2_IRQHandler                          0x08000247   Thumb Code     0  startup_stm32f407xx.o(.text)
    SPI3_IRQHandler                          0x08000247   Thumb Code     0  startup_stm32f407xx.o(.text)
    TAMP_STAMP_IRQHandler                    0x08000247   Thumb Code     0  startup_stm32f407xx.o(.text)
    TIM1_BRK_TIM9_IRQHandler                 0x08000247   Thumb Code     0  startup_stm32f407xx.o(.text)
    TIM1_CC_IRQHandler                       0x08000247   Thumb Code     0  startup_stm32f407xx.o(.text)
    TIM1_TRG_COM_TIM11_IRQHandler            0x08000247   Thumb Code     0  startup_stm32f407xx.o(.text)
    TIM1_UP_TIM10_IRQHandler                 0x08000247   Thumb Code     0  startup_stm32f407xx.o(.text)
    TIM2_IRQHandler                          0x08000247   Thumb Code     0  startup_stm32f407xx.o(.text)
    TIM3_IRQHandler                          0x08000247   Thumb Code     0  startup_stm32f407xx.o(.text)
    TIM4_IRQHandler                          0x08000247   Thumb Code     0  startup_stm32f407xx.o(.text)
    TIM5_IRQHandler                          0x08000247   Thumb Code     0  startup_stm32f407xx.o(.text)
    TIM6_DAC_IRQHandler                      0x08000247   Thumb Code     0  startup_stm32f407xx.o(.text)
    TIM7_IRQHandler                          0x08000247   Thumb Code     0  startup_stm32f407xx.o(.text)
    TIM8_BRK_TIM12_IRQHandler                0x08000247   Thumb Code     0  startup_stm32f407xx.o(.text)
    TIM8_CC_IRQHandler                       0x08000247   Thumb Code     0  startup_stm32f407xx.o(.text)
    TIM8_TRG_COM_TIM14_IRQHandler            0x08000247   Thumb Code     0  startup_stm32f407xx.o(.text)
    TIM8_UP_TIM13_IRQHandler                 0x08000247   Thumb Code     0  startup_stm32f407xx.o(.text)
    UART4_IRQHandler                         0x08000247   Thumb Code     0  startup_stm32f407xx.o(.text)
    UART5_IRQHandler                         0x08000247   Thumb Code     0  startup_stm32f407xx.o(.text)
    WWDG_IRQHandler                          0x08000247   Thumb Code     0  startup_stm32f407xx.o(.text)
    __user_initial_stackheap                 0x08000249   Thumb Code     0  startup_stm32f407xx.o(.text)
    __semihosting$guard                      0x0800026d   Thumb Code     0  use_no_semi.o(.text)
    __use_no_semihosting_swi                 0x0800026d   Thumb Code     2  use_no_semi.o(.text)
    __aeabi_memcpy4                          0x0800026f   Thumb Code     0  rt_memcpy_w.o(.text)
    __aeabi_memcpy8                          0x0800026f   Thumb Code     0  rt_memcpy_w.o(.text)
    __rt_memcpy_w                            0x0800026f   Thumb Code   100  rt_memcpy_w.o(.text)
    _memcpy_lastbytes_aligned                0x080002b7   Thumb Code     0  rt_memcpy_w.o(.text)
    __use_two_region_memory                  0x080002d3   Thumb Code     2  heapauxi.o(.text)
    __rt_heap_escrow                         0x080002d5   Thumb Code     2  heapauxi.o(.text)
    __rt_heap_expand                         0x080002d7   Thumb Code     2  heapauxi.o(.text)
    __cpp_initialize__aeabi_                 0x080002d9   Thumb Code    26  init_aeabi.o(.text)
    __read_errno                             0x080002fd   Thumb Code    10  _rserrno.o(.text)
    __set_errno                              0x08000307   Thumb Code    12  _rserrno.o(.text)
    __aeabi_errno_addr                       0x08000315   Thumb Code     8  rt_errno_addr_intlibspace.o(.text)
    __errno$intlibspace                      0x08000315   Thumb Code     0  rt_errno_addr_intlibspace.o(.text)
    __rt_errno_addr$intlibspace              0x08000315   Thumb Code     0  rt_errno_addr_intlibspace.o(.text)
    __user_libspace                          0x0800031d   Thumb Code     8  libspace.o(.text)
    __user_perproc_libspace                  0x0800031d   Thumb Code     0  libspace.o(.text)
    __user_perthread_libspace                0x0800031d   Thumb Code     0  libspace.o(.text)
    __user_setup_stackheap                   0x08000325   Thumb Code    74  sys_stackheap_outer.o(.text)
    exit                                     0x0800036f   Thumb Code    18  exit.o(.text)
    GPIO_Init                                0x08000381   Thumb Code   144  stm32f4xx_gpio.o(i.GPIO_Init)
    GPIO_PinAFConfig                         0x08000411   Thumb Code    70  stm32f4xx_gpio.o(i.GPIO_PinAFConfig)
    GPIO_ResetBits                           0x08000457   Thumb Code     4  stm32f4xx_gpio.o(i.GPIO_ResetBits)
    GPIO_SetBits                             0x0800045b   Thumb Code     4  stm32f4xx_gpio.o(i.GPIO_SetBits)
    RCC_AHB1PeriphClockCmd                   0x08000461   Thumb Code    26  stm32f4xx_rcc.o(i.RCC_AHB1PeriphClockCmd)
    RCC_APB1PeriphClockCmd                   0x08000481   Thumb Code    26  stm32f4xx_rcc.o(i.RCC_APB1PeriphClockCmd)
    RCC_APB2PeriphClockCmd                   0x080004a1   Thumb Code    26  stm32f4xx_rcc.o(i.RCC_APB2PeriphClockCmd)
    RCC_GetClocksFreq                        0x080004c1   Thumb Code   214  stm32f4xx_rcc.o(i.RCC_GetClocksFreq)
    SPI1_IRQHandler                          0x080005a9   Thumb Code    92  spi_1.o(i.SPI1_IRQHandler)
    SPI_I2S_GetFlagStatus                    0x08000615   Thumb Code    18  stm32f4xx_spi.o(i.SPI_I2S_GetFlagStatus)
    SysTick_Handler                          0x08000739   Thumb Code    20  time_service.o(i.SysTick_Handler)
    SystemInit                               0x08000751   Thumb Code    88  system_stm32f4xx.o(i.SystemInit)
    TIM_BDTRConfig                           0x080007b9   Thumb Code    32  stm32f4xx_tim.o(i.TIM_BDTRConfig)
    TIM_Cmd                                  0x080007d9   Thumb Code    24  stm32f4xx_tim.o(i.TIM_Cmd)
    TIM_CtrlPWMOutputs                       0x080007f1   Thumb Code    30  stm32f4xx_tim.o(i.TIM_CtrlPWMOutputs)
    TIM_OC1Init                              0x08000811   Thumb Code   114  stm32f4xx_tim.o(i.TIM_OC1Init)
    TIM_OC2Init                              0x0800088d   Thumb Code   154  stm32f4xx_tim.o(i.TIM_OC2Init)
    TIM_OC3Init                              0x08000931   Thumb Code   150  stm32f4xx_tim.o(i.TIM_OC3Init)
    TIM_OC4Init                              0x080009d1   Thumb Code   112  stm32f4xx_tim.o(i.TIM_OC4Init)
    TIM_SetCompare1                          0x08000a49   Thumb Code     4  stm32f4xx_tim.o(i.TIM_SetCompare1)
    TIM_SetCompare2                          0x08000a4d   Thumb Code     4  stm32f4xx_tim.o(i.TIM_SetCompare2)
    TIM_SetCompare3                          0x08000a51   Thumb Code     4  stm32f4xx_tim.o(i.TIM_SetCompare3)
    TIM_SetCompare4                          0x08000a55   Thumb Code     4  stm32f4xx_tim.o(i.TIM_SetCompare4)
    TIM_TimeBaseInit                         0x08000a59   Thumb Code   104  stm32f4xx_tim.o(i.TIM_TimeBaseInit)
    USART1_IRQHandler                        0x08000add   Thumb Code   132  usart1.o(i.USART1_IRQHandler)
    USART2_IRQHandler                        0x08000b7d   Thumb Code   138  usart2.o(i.USART2_IRQHandler)
    USART3_IRQHandler                        0x08000c25   Thumb Code   138  usart3.o(i.USART3_IRQHandler)
    USART6_IRQHandler                        0x08000ccd   Thumb Code   138  usart6.o(i.USART6_IRQHandler)
    USART_ClearITPendingBit                  0x08000d75   Thumb Code    30  stm32f4xx_usart.o(i.USART_ClearITPendingBit)
    USART_Cmd                                0x08000d93   Thumb Code    24  stm32f4xx_usart.o(i.USART_Cmd)
    USART_ITConfig                           0x08000dab   Thumb Code    74  stm32f4xx_usart.o(i.USART_ITConfig)
    USART_Init                               0x08000df5   Thumb Code   204  stm32f4xx_usart.o(i.USART_Init)
    USART_StructInit                         0x08000ec9   Thumb Code    24  stm32f4xx_usart.o(i.USART_StructInit)
    omniplatform::move(float, float, float, float, float) 0x08000ee1   Thumb Code   494  omniplatform.o(i._ZN12omniplatform4moveEfffff)
    omniplatform::omniplatform(Motor&, Motor&, Motor&, Motor&) 0x080010ed   Thumb Code    68  omniplatform.o(i._ZN12omniplatformC1ER5MotorS1_S1_S1_)
    omniplatform::omniplatform__sub_object(Motor&, Motor&, Motor&, Motor&) 0x080010ed   Thumb Code     0  omniplatform.o(i._ZN12omniplatformC1ER5MotorS1_S1_S1_)
    time_service::init()                     0x08001131   Thumb Code    86  time_service.o(i._ZN12time_service4initEv)
    time_service::delay(unsigned)            0x08001191   Thumb Code    32  time_service.o(i._ZN12time_service5delayEj)
    time_service::millis()                   0x080011b5   Thumb Code     8  time_service.o(i._ZN12time_service6millisEv)
    time_service::startTime()                0x080011c1   Thumb Code    18  time_service.o(i._ZN12time_service9startTimeEv)
    ProcessingCoord::getVecToPoint(short, short) 0x080011d5   Thumb Code   244  processing_coord.o(i._ZN15ProcessingCoord13getVecToPointEss)
    ProcessingCoord::getVecToReturn()        0x080012d5   Thumb Code   104  processing_coord.o(i._ZN15ProcessingCoord14getVecToReturnEv)
    ProcessingCoord::changeFromReturn()      0x0800133d   Thumb Code    72  processing_coord.o(i._ZN15ProcessingCoord16changeFromReturnEv)
    ProcessingCoord::getTargetForward()      0x0800138d   Thumb Code   112  processing_coord.o(i._ZN15ProcessingCoord16getTargetForwardEv)
    ProcessingCoord::getVecToGoalCenter()    0x0800140d   Thumb Code   436  processing_coord.o(i._ZN15ProcessingCoord18getVecToGoalCenterEv)
    ProcessingCoord::getTargetGoalkeeper()   0x080015e5   Thumb Code   122  processing_coord.o(i._ZN15ProcessingCoord19getTargetGoalkeeperEv)
    ProcessingCoord::getCoeffToGoalCenter(float) 0x08001671   Thumb Code    60  processing_coord.o(i._ZN15ProcessingCoord20getCoeffToGoalCenterEf)
    ProcessingCoord::getVecToIntersection(short) 0x080016b5   Thumb Code  1326  processing_coord.o(i._ZN15ProcessingCoord20getVecToIntersectionEs)
    ProcessingCoord::map(float, float, float, float, float) 0x08001be3   Thumb Code    26  processing_coord.o(i._ZN15ProcessingCoord3mapEfffff)
    ProcessingCoord::adduct(short)           0x08001bfd   Thumb Code    32  processing_coord.o(i._ZN15ProcessingCoord6adductEs)
    ProcessingCoord::setGoal(unsigned char)  0x08001c1d   Thumb Code     6  processing_coord.o(i._ZN15ProcessingCoord7setGoalEh)
    ProcessingCoord::distance(float, float, float, float) 0x08001c23   Thumb Code    74  processing_coord.o(i._ZN15ProcessingCoord8distanceEffff)
    ProcessingCoord::setMaxLen(float)        0x08001c6d   Thumb Code     6  processing_coord.o(i._ZN15ProcessingCoord9setMaxLenEf)
    ProcessingCoord::setParams(short, short, short, short, short) 0x08001c75   Thumb Code   208  processing_coord.o(i._ZN15ProcessingCoord9setParamsEsssss)
    ProcessingCoord::ProcessingCoord()       0x08001d4d   Thumb Code   150  processing_coord.o(i._ZN15ProcessingCoordC1Ev)
    ProcessingCoord::ProcessingCoord__sub_object() 0x08001d4d   Thumb Code     0  processing_coord.o(i._ZN15ProcessingCoordC1Ev)
    I2C::generateStop()                      0x08001e11   Thumb Code    56  i2c.o(i._ZN3I2C12generateStopEv)
    I2C::generateStart()                     0x08001e49   Thumb Code    74  i2c.o(i._ZN3I2C13generateStartEv)
    I2C::read()                              0x08001e93   Thumb Code    78  i2c.o(i._ZN3I2C4readEv)
    I2C::send(unsigned char)                 0x08001ee1   Thumb Code    56  i2c.o(i._ZN3I2C4sendEh)
    I2C::delay()                             0x08001f19   Thumb Code    28  i2c.o(i._ZN3I2C5delayEv)
    I2C::sclLow()                            0x08001f35   Thumb Code    12  i2c.o(i._ZN3I2C6sclLowEv)
    I2C::sdaLow()                            0x08001f41   Thumb Code    14  i2c.o(i._ZN3I2C6sdaLowEv)
    I2C::readAch()                           0x08001f4f   Thumb Code    68  i2c.o(i._ZN3I2C7readAchEv)
    I2C::sclHigh()                           0x08001f93   Thumb Code    12  i2c.o(i._ZN3I2C7sclHighEv)
    I2C::sdaHigh()                           0x08001f9f   Thumb Code    14  i2c.o(i._ZN3I2C7sdaHighEv)
    I2C::sdaRead()                           0x08001fad   Thumb Code    34  i2c.o(i._ZN3I2C7sdaReadEv)
    I2C::writeBit(bool)                      0x08001fcf   Thumb Code    60  i2c.o(i._ZN3I2C8writeBitEb)
    I2C::I2C(Pin&, Pin&)                     0x0800200b   Thumb Code    46  i2c.o(i._ZN3I2CC1ER3PinS1_)
    I2C::I2C__sub_object(Pin&, Pin&)         0x0800200b   Thumb Code     0  i2c.o(i._ZN3I2CC1ER3PinS1_)
    Pin::RCC_ClockCmd()                      0x08002039   Thumb Code   256  pin_1.o(i._ZN3Pin12RCC_ClockCmdEv)
    Pin::setTimParams(unsigned short)        0x0800216d   Thumb Code   198  pin_1.o(i._ZN3Pin12setTimParamsEt)
    Pin::setAFforUSART(unsigned short)       0x08002261   Thumb Code    40  pin_1.o(i._ZN3Pin13setAFforUSARTEt)
    Pin::pwm(unsigned)                       0x08002289   Thumb Code    68  pin_1.o(i._ZN3Pin3pwmEj)
    Pin::getPin()                            0x080022cd   Thumb Code     6  pin_1.o(i._ZN3Pin6getPinEv)
    Pin::setBit()                            0x080022d3   Thumb Code    16  pin_1.o(i._ZN3Pin6setBitEv)
    Pin::setPin(unsigned char)               0x080022e3   Thumb Code   204  pin_1.o(i._ZN3Pin6setPinEh)
    Pin::pwmInit(short, unsigned, unsigned char) 0x080023b1   Thumb Code   260  pin_1.o(i._ZN3Pin7pwmInitEsjh)
    Pin::setGPIO(char)                       0x080024b9   Thumb Code    78  pin_1.o(i._ZN3Pin7setGPIOEc)
    Pin::getGPIOx()                          0x0800252d   Thumb Code     6  pin_1.o(i._ZN3Pin8getGPIOxEv)
    Pin::resetBit()                          0x08002533   Thumb Code    16  pin_1.o(i._ZN3Pin8resetBitEv)
    Pin::getPeriod()                         0x08002543   Thumb Code     8  pin_1.o(i._ZN3Pin9getPeriodEv)
    Pin::Pin(char, unsigned char, unsigned short) 0x0800254d   Thumb Code   528  pin_1.o(i._ZN3PinC1Echt)
    Pin::Pin__sub_object(char, unsigned char, unsigned short) 0x0800254d   Thumb Code     0  pin_1.o(i._ZN3PinC1Echt)
    Motor::getMaxSpeed()                     0x08002781   Thumb Code    12  motor.o(i._ZN5Motor11getMaxSpeedEv)
    Motor::go(short)                         0x0800278d   Thumb Code   108  motor.o(i._ZN5Motor2goEs)
    Motor::Motor(Pin&, unsigned char, Pin&, unsigned char) 0x080027f9   Thumb Code    70  motor.o(i._ZN5MotorC1ER3PinhS1_h)
    Motor::Motor__sub_object(Pin&, unsigned char, Pin&, unsigned char) 0x080027f9   Thumb Code     0  motor.o(i._ZN5MotorC1ER3PinhS1_h)
    Vec2b::set(double, double)               0x0800283f   Thumb Code    10  vec2b.o(i._ZN5Vec2b3setEdd)
    Vec2b::changeTo(Vec2b)                   0x08002849   Thumb Code   870  vec2b.o(i._ZN5Vec2b8changeToES_)
    Vec2b::Vec2b(double, double)             0x08002be1   Thumb Code    10  vec2b.o(i._ZN5Vec2bC1Edd)
    Vec2b::Vec2b__sub_object(double, double) 0x08002be1   Thumb Code     0  vec2b.o(i._ZN5Vec2bC1Edd)
    Vec2b::Vec2b()                           0x08002bed   Thumb Code    18  vec2b.o(i._ZN5Vec2bC1Ev)
    Vec2b::Vec2b__sub_object()               0x08002bed   Thumb Code     0  vec2b.o(i._ZN5Vec2bC1Ev)
    Vec2b::operator +(const Vec2b&)          0x08002c09   Thumb Code   524  vec2b.o(i._ZN5Vec2bplERKS_)
    uart1::usart1Init(unsigned, float, unsigned char) 0x08002e25   Thumb Code   308  usart1.o(i._ZN5uart110usart1InitEjfh)
    uart1::read()                            0x08002f8d   Thumb Code    62  usart1.o(i._ZN5uart14readEv)
    uart1::available()                       0x08002fd5   Thumb Code    44  usart1.o(i._ZN5uart19availableEv)
    uart2::usart2Init(unsigned, float, unsigned char) 0x08003009   Thumb Code   308  usart2.o(i._ZN5uart210usart2InitEjfh)
    uart2::read()                            0x08003171   Thumb Code    62  usart2.o(i._ZN5uart24readEv)
    uart2::available()                       0x080031b9   Thumb Code    44  usart2.o(i._ZN5uart29availableEv)
    uart3::usart3Init(unsigned, float, unsigned char) 0x080031ed   Thumb Code   308  usart3.o(i._ZN5uart310usart3InitEjfh)
    uart3::read()                            0x08003355   Thumb Code    62  usart3.o(i._ZN5uart34readEv)
    uart3::available()                       0x0800339d   Thumb Code    44  usart3.o(i._ZN5uart39availableEv)
    uart6::usart6Init(unsigned, float, unsigned char) 0x080033d1   Thumb Code   308  usart6.o(i._ZN5uart610usart6InitEjfh)
    uart6::read()                            0x08003539   Thumb Code    62  usart6.o(i._ZN5uart64readEv)
    uart6::available()                       0x08003581   Thumb Code    44  usart6.o(i._ZN5uart69availableEv)
    OpenMV::adductionMV(short)               0x080035b5   Thumb Code    32  openmv.o(i._ZN6OpenMV11adductionMVEs)
    OpenMV::getDistBlue()                    0x080035d5   Thumb Code     8  openmv.o(i._ZN6OpenMV11getDistBlueEv)
    OpenMV::getAngleBlue()                   0x080035dd   Thumb Code     8  openmv.o(i._ZN6OpenMV12getAngleBlueEv)
    OpenMV::getDistYellow()                  0x080035e5   Thumb Code     8  openmv.o(i._ZN6OpenMV13getDistYellowEv)
    OpenMV::getAngleYellow()                 0x080035ed   Thumb Code     8  openmv.o(i._ZN6OpenMV14getAngleYellowEv)
    OpenMV::crc8(volatile unsigned char*, unsigned char) 0x080035f5   Thumb Code    58  openmv.o(i._ZN6OpenMV4crc8EPVhh)
    OpenMV::getX()                           0x0800362f   Thumb Code    18  openmv.o(i._ZN6OpenMV4getXEv)
    OpenMV::getY()                           0x08003641   Thumb Code    18  openmv.o(i._ZN6OpenMV4getYEv)
    OpenMV::read()                           0x08003653   Thumb Code   270  openmv.o(i._ZN6OpenMV4readEv)
    OpenMV::calculate(short, bool, bool)     0x08003761   Thumb Code   682  openmv.o(i._ZN6OpenMV9calculateEsbb)
    OpenMV::initUSART(unsigned char)         0x08003a25   Thumb Code    86  openmv.o(i._ZN6OpenMV9initUSARTEh)
    OpenMV::OpenMV(Pin&, Pin&, unsigned char) 0x08003a7d   Thumb Code    54  openmv.o(i._ZN6OpenMVC1ER3PinS1_h)
    OpenMV::OpenMV__sub_object(Pin&, Pin&, unsigned char) 0x08003a7d   Thumb Code     0  openmv.o(i._ZN6OpenMVC1ER3PinS1_h)
    Asterisk::calibrated()                   0x08003ab9   Thumb Code     6  main.o(i._ZN8Asterisk10calibratedEv)
    Asterisk::protectGoal()                  0x08003ac5   Thumb Code   880  main.o(i._ZN8Asterisk11protectGoalEv)
    Asterisk::getVec2bToBallFollow()         0x08003eb5   Thumb Code   222  main.o(i._ZN8Asterisk20getVec2bToBallFollowEv)
    Asterisk::init(unsigned char, unsigned char, unsigned char) 0x08003fcd   Thumb Code   178  main.o(i._ZN8Asterisk4initEhhh)
    Asterisk::update()                       0x080040e1   Thumb Code   696  main.o(i._ZN8Asterisk6updateEv)
    Asterisk::getRole()                      0x08004409   Thumb Code     6  main.o(i._ZN8Asterisk7getRoleEv)
    Asterisk::goToBall()                     0x08004415   Thumb Code   218  main.o(i._ZN8Asterisk8goToBallEv)
    Asterisk::mustLeave()                    0x08004511   Thumb Code   104  main.o(i._ZN8Asterisk9mustLeaveEv)
    gyro_imu::getRotation()                  0x08004591   Thumb Code     8  imu_usart.o(i._ZN8gyro_imu11getRotationEv)
    gyro_imu::setZeroAngle()                 0x08004599   Thumb Code     6  imu_usart.o(i._ZN8gyro_imu12setZeroAngleEv)
    gyro_imu::calculateSoft(float, float)    0x080045a1   Thumb Code   164  imu_usart.o(i._ZN8gyro_imu13calculateSoftEff)
    gyro_imu::getMaxRotation()               0x08004655   Thumb Code     8  imu_usart.o(i._ZN8gyro_imu14getMaxRotationEv)
    gyro_imu::getCurrentAngle()              0x0800465d   Thumb Code     8  imu_usart.o(i._ZN8gyro_imu15getCurrentAngleEv)
    gyro_imu::setRotationForTarget()         0x08004665   Thumb Code    90  imu_usart.o(i._ZN8gyro_imu20setRotationForTargetEv)
    gyro_imu::read()                         0x080046c5   Thumb Code   268  imu_usart.o(i._ZN8gyro_imu4readEv)
    gyro_imu::adduct(short)                  0x080047d5   Thumb Code    32  imu_usart.o(i._ZN8gyro_imu6adductEs)
    gyro_imu::initUSART(unsigned char)       0x080047f5   Thumb Code    86  imu_usart.o(i._ZN8gyro_imu9initUSARTEh)
    gyro_imu::setTarget(short)               0x0800484b   Thumb Code     4  imu_usart.o(i._ZN8gyro_imu9setTargetEs)
    gyro_imu::gyro_imu(Pin&, Pin&, unsigned char) 0x0800484f   Thumb Code    36  imu_usart.o(i._ZN8gyro_imuC1ER3PinS1_h)
    gyro_imu::gyro_imu__sub_object(Pin&, Pin&, unsigned char) 0x0800484f   Thumb Code     0  imu_usart.o(i._ZN8gyro_imuC1ER3PinS1_h)
    BallVec2b::changeValues(bool)            0x08004873   Thumb Code   666  queues_ball.o(i._ZN9BallVec2b12changeValuesEb)
    BallVec2b::getCurrentVec2b()             0x08004b0d   Thumb Code    44  queues_ball.o(i._ZN9BallVec2b15getCurrentVec2bEv)
    BallVec2b::setTransitionBy360()          0x08004b39   Thumb Code   254  queues_ball.o(i._ZN9BallVec2b18setTransitionBy360Ev)
    BallVec2b::push(Vec2b, unsigned)         0x08004c51   Thumb Code   286  queues_ball.o(i._ZN9BallVec2b4pushE5Vec2bj)
    BallVec2b::adduct(double)                0x08004d71   Thumb Code   110  queues_ball.o(i._ZN9BallVec2b6adductEd)
    BallVec2b::calculate()                   0x08004df9   Thumb Code  1102  queues_ball.o(i._ZN9BallVec2b9calculateEv)
    BallVec2b::BallVec2b()                   0x08005249   Thumb Code   144  queues_ball.o(i._ZN9BallVec2bC1Ev)
    BallVec2b::BallVec2b__sub_object()       0x08005249   Thumb Code     0  queues_ball.o(i._ZN9BallVec2bC1Ev)
    IRLocator::angleOffset(float, float)     0x080052ed   Thumb Code   342  ir_locator.o(i._ZN9IRLocator11angleOffsetEff)
    IRLocator::convertDist(double)           0x08005475   Thumb Code   146  ir_locator.o(i._ZN9IRLocator11convertDistEd)
    IRLocator::adduct(short)                 0x08005521   Thumb Code    32  ir_locator.o(i._ZN9IRLocator6adductEs)
    IRLocator::distBad(short)                0x08005541   Thumb Code    16  ir_locator.o(i._ZN9IRLocator7distBadEs)
    IRLocator::getDist()                     0x08005551   Thumb Code     8  ir_locator.o(i._ZN9IRLocator7getDistEv)
    IRLocator::getAngle()                    0x08005559   Thumb Code    88  ir_locator.o(i._ZN9IRLocator8getAngleEv)
    IRLocator::getValue(unsigned char)       0x080055b1   Thumb Code   106  ir_locator.o(i._ZN9IRLocator8getValueEh)
    IRLocator::IRLocator(I2C&, unsigned)     0x0800561b   Thumb Code    26  ir_locator.o(i._ZN9IRLocatorC1ER3I2Cj)
    IRLocator::IRLocator__sub_object(I2C&, unsigned) 0x0800561b   Thumb Code     0  ir_locator.o(i._ZN9IRLocatorC1ER3I2Cj)
    Vec2bTime::set(double, double, unsigned, short) 0x08005635   Thumb Code    14  queues_ball.o(i._ZN9Vec2bTime3setEddjs)
    Vec2bTime::getLen()                      0x08005643   Thumb Code     6  queues_ball.o(i._ZN9Vec2bTime6getLenEv)
    Vec2bTime::correct()                     0x08005649   Thumb Code    76  queues_ball.o(i._ZN9Vec2bTime7correctEv)
    Vec2bTime::getTime()                     0x0800569d   Thumb Code     6  queues_ball.o(i._ZN9Vec2bTime7getTimeEv)
    Vec2bTime::getAngle()                    0x080056a3   Thumb Code     6  queues_ball.o(i._ZN9Vec2bTime8getAngleEv)
    Vec2bTime::Vec2bTime()                   0x080056a9   Thumb Code    14  queues_ball.o(i._ZN9Vec2bTimeC1Ev)
    Vec2bTime::Vec2bTime__sub_object()       0x080056a9   Thumb Code     0  queues_ball.o(i._ZN9Vec2bTimeC1Ev)
    std::cos(float)                          0x080056b7   Thumb Code    24  openmv.o(i._ZSt3cosf)
    std::pow(double, int)                    0x080056cf   Thumb Code    52  queues_ball.o(i._ZSt3powdi)
    std::pow(float, float)                   0x08005703   Thumb Code    32  processing_coord.o(i._ZSt3powff)
    std::pow(float, int)                     0x08005723   Thumb Code    34  processing_coord.o(i._ZSt3powfi)
    std::sin(float)                          0x08005745   Thumb Code    24  openmv.o(i._ZSt3sinf)
    std::sqrt(float)                         0x0800575d   Thumb Code    24  processing_coord.o(i._ZSt4sqrtf)
    std::atan2(float, float)                 0x08005775   Thumb Code    32  processing_coord.o(i._ZSt5atan2ff)
    __ARM_fpclassify                         0x08005795   Thumb Code    48  fpclassify.o(i.__ARM_fpclassify)
    __ARM_fpclassifyf                        0x080057c5   Thumb Code    38  fpclassifyf.o(i.__ARM_fpclassifyf)
    __aeabi_vec_ctor_nocookie_nodtor         0x080057eb   Thumb Code    36  aeabi_vec_ctor_nocookie_nodtor.o(i.__aeabi_vec_ctor_nocookie_nodtor)
    __hardfp_atan                            0x08005811   Thumb Code   622  atan.o(i.__hardfp_atan)
    __hardfp_atan2                           0x08005ae9   Thumb Code   448  atan2.o(i.__hardfp_atan2)
    __hardfp_atan2f                          0x08005ce9   Thumb Code   594  atan2f.o(i.__hardfp_atan2f)
    __hardfp_cos                             0x08005f99   Thumb Code   180  cos.o(i.__hardfp_cos)
    __hardfp_cosf                            0x08006061   Thumb Code   280  cosf.o(i.__hardfp_cosf)
    __hardfp_pow                             0x080061b1   Thumb Code  3072  pow.o(i.__hardfp_pow)
    __hardfp_powf                            0x08006e01   Thumb Code  1606  powf.o(i.__hardfp_powf)
    __mathlib_powf                           0x08006e01   Thumb Code     0  powf.o(i.__hardfp_powf)
    __hardfp_sin                             0x08007469   Thumb Code   180  sin.o(i.__hardfp_sin)
    __hardfp_sinf                            0x08007531   Thumb Code   344  sinf.o(i.__hardfp_sinf)
    __hardfp_sqrt                            0x080076c1   Thumb Code   122  sqrt.o(i.__hardfp_sqrt)
    __hardfp_sqrtf                           0x0800773b   Thumb Code    58  sqrtf.o(i.__hardfp_sqrtf)
    __ieee754_rem_pio2                       0x08007779   Thumb Code   938  rred.o(i.__ieee754_rem_pio2)
    __kernel_cos                             0x08007bb1   Thumb Code   322  cos_i.o(i.__kernel_cos)
    __kernel_poly                            0x08007d21   Thumb Code   248  poly.o(i.__kernel_poly)
    __kernel_sin                             0x08007e19   Thumb Code   280  sin_i.o(i.__kernel_sin)
    __mathlib_dbl_divzero                    0x08007f49   Thumb Code    28  dunder.o(i.__mathlib_dbl_divzero)
    __mathlib_dbl_infnan                     0x08007f79   Thumb Code    20  dunder.o(i.__mathlib_dbl_infnan)
    __mathlib_dbl_infnan2                    0x08007f8d   Thumb Code    20  dunder.o(i.__mathlib_dbl_infnan2)
    __mathlib_dbl_invalid                    0x08007fa1   Thumb Code    24  dunder.o(i.__mathlib_dbl_invalid)
    __mathlib_dbl_overflow                   0x08007fc1   Thumb Code    24  dunder.o(i.__mathlib_dbl_overflow)
    __mathlib_dbl_underflow                  0x08007fe1   Thumb Code    24  dunder.o(i.__mathlib_dbl_underflow)
    __mathlib_flt_divzero                    0x08008001   Thumb Code    14  funder.o(i.__mathlib_flt_divzero)
    __mathlib_flt_infnan                     0x08008015   Thumb Code     6  funder.o(i.__mathlib_flt_infnan)
    __mathlib_flt_infnan2                    0x0800801b   Thumb Code     6  funder.o(i.__mathlib_flt_infnan2)
    __mathlib_flt_invalid                    0x08008021   Thumb Code    10  funder.o(i.__mathlib_flt_invalid)
    __mathlib_flt_overflow                   0x08008031   Thumb Code    10  funder.o(i.__mathlib_flt_overflow)
    __mathlib_flt_underflow                  0x08008041   Thumb Code    10  funder.o(i.__mathlib_flt_underflow)
    __mathlib_rredf2                         0x08008051   Thumb Code   316  rredf.o(i.__mathlib_rredf2)
    _sys_exit                                0x08008349   Thumb Code     4  retarget.o(i._sys_exit)
    atan                                     0x0800834d   Thumb Code    16  atan.o(i.atan)
    fabs                                     0x0800835d   Thumb Code    24  fabs.o(i.fabs)
    main                                     0x08008375   Thumb Code    48  main.o(i.main)
    sqrt                                     0x080083a5   Thumb Code   110  sqrt.o(i.sqrt)
    __aeabi_dneg                             0x08008413   Thumb Code     0  basic.o(x$fpl$basic)
    _dneg                                    0x08008413   Thumb Code     6  basic.o(x$fpl$basic)
    __aeabi_fneg                             0x08008419   Thumb Code     0  basic.o(x$fpl$basic)
    _fneg                                    0x08008419   Thumb Code     6  basic.o(x$fpl$basic)
    _dabs                                    0x0800841f   Thumb Code     6  basic.o(x$fpl$basic)
    _fabs                                    0x08008425   Thumb Code     6  basic.o(x$fpl$basic)
    __aeabi_d2f                              0x0800842d   Thumb Code     0  d2f.o(x$fpl$d2f)
    _d2f                                     0x0800842d   Thumb Code    98  d2f.o(x$fpl$d2f)
    __aeabi_dadd                             0x08008491   Thumb Code     0  daddsub_clz.o(x$fpl$dadd)
    _dadd                                    0x08008491   Thumb Code   332  daddsub_clz.o(x$fpl$dadd)
    __fpl_dcheck_NaN1                        0x080085e1   Thumb Code    10  dcheck1.o(x$fpl$dcheck1)
    __fpl_dcmp_Inf                           0x080085f1   Thumb Code    24  dcmpi.o(x$fpl$dcmpinf)
    __aeabi_ddiv                             0x08008609   Thumb Code     0  ddiv.o(x$fpl$ddiv)
    _ddiv                                    0x08008609   Thumb Code   552  ddiv.o(x$fpl$ddiv)
    __aeabi_cdcmpeq                          0x080088b9   Thumb Code     0  deqf.o(x$fpl$deqf)
    _dcmpeq                                  0x080088b9   Thumb Code   120  deqf.o(x$fpl$deqf)
    __aeabi_d2iz                             0x08008931   Thumb Code     0  dfix.o(x$fpl$dfix)
    _dfix                                    0x08008931   Thumb Code    94  dfix.o(x$fpl$dfix)
    __aeabi_i2d                              0x0800898f   Thumb Code     0  dflt_clz.o(x$fpl$dflt)
    _dflt                                    0x0800898f   Thumb Code    46  dflt_clz.o(x$fpl$dflt)
    __aeabi_ui2d                             0x080089bd   Thumb Code     0  dflt_clz.o(x$fpl$dfltu)
    _dfltu                                   0x080089bd   Thumb Code    38  dflt_clz.o(x$fpl$dfltu)
    __aeabi_cdcmple                          0x080089e5   Thumb Code     0  dleqf.o(x$fpl$dleqf)
    _dcmple                                  0x080089e5   Thumb Code   120  dleqf.o(x$fpl$dleqf)
    __fpl_dcmple_InfNaN                      0x08008a47   Thumb Code     0  dleqf.o(x$fpl$dleqf)
    __aeabi_dmul                             0x08008a5d   Thumb Code     0  dmul.o(x$fpl$dmul)
    _dmul                                    0x08008a5d   Thumb Code   332  dmul.o(x$fpl$dmul)
    __fpl_dnaninf                            0x08008bb1   Thumb Code   156  dnaninf.o(x$fpl$dnaninf)
    __fpl_dretinf                            0x08008c4d   Thumb Code    12  dretinf.o(x$fpl$dretinf)
    __aeabi_cdrcmple                         0x08008c59   Thumb Code     0  drleqf.o(x$fpl$drleqf)
    _drcmple                                 0x08008c59   Thumb Code   108  drleqf.o(x$fpl$drleqf)
    __aeabi_drsub                            0x08008cc5   Thumb Code     0  daddsub_clz.o(x$fpl$drsb)
    _drsb                                    0x08008cc5   Thumb Code    22  daddsub_clz.o(x$fpl$drsb)
    _dsqrt                                   0x08008cdd   Thumb Code   404  dsqrt_umaal.o(x$fpl$dsqrt)
    __aeabi_dsub                             0x08008e75   Thumb Code     0  daddsub_clz.o(x$fpl$dsub)
    _dsub                                    0x08008e75   Thumb Code   464  daddsub_clz.o(x$fpl$dsub)
    __aeabi_f2d                              0x08009049   Thumb Code     0  f2d.o(x$fpl$f2d)
    _f2d                                     0x08009049   Thumb Code    86  f2d.o(x$fpl$f2d)
    __fpl_fnaninf                            0x0800909f   Thumb Code   140  fnaninf.o(x$fpl$fnaninf)
    _fp_init                                 0x0800912b   Thumb Code    10  fpinit.o(x$fpl$fpinit)
    __fplib_config_fpu_vfp                   0x08009133   Thumb Code     0  fpinit.o(x$fpl$fpinit)
    __fplib_config_pureend_doubles           0x08009133   Thumb Code     0  fpinit.o(x$fpl$fpinit)
    __fpl_fretinf                            0x08009135   Thumb Code    10  fretinf.o(x$fpl$fretinf)
    __fpl_return_NaN                         0x0800913f   Thumb Code   100  retnan.o(x$fpl$retnan)
    __ARM_scalbn                             0x080091a3   Thumb Code    92  scalbn.o(x$fpl$scalbn)
    __fpl_cmpreturn                          0x080091ff   Thumb Code    48  trapv.o(x$fpl$trapveneer)
    __I$use$fp                               0x0800922e   Number         0  usenofp.o(x$fpl$usenofp)
    __mathlib_zero                           0x08009500   Data           8  qnan.o(.constdata)
    Region$$Table$$Base                      0x08009618   Number         0  anon$$obj.o(Region$$Table)
    Region$$Table$$Limit                     0x08009638   Number         0  anon$$obj.o(Region$$Table)
    SHT$$INIT_ARRAY$$Base                    0x08009638   Number         0  main.o(.init_array)
    SHT$$INIT_ARRAY$$Limit                   0x0800963c   Number         0  init_aeabi.o(.init_array)
    Asterisk::ang                            0x20000000   Data           4  main.o(.data)
    Asterisk::angRes                         0x20000004   Data           4  main.o(.data)
    Asterisk::imuCalibrated                  0x20000008   Data           1  main.o(.data)
    Asterisk::pow                            0x2000000a   Data           2  main.o(.data)
    Asterisk::angleIMU                       0x2000000c   Data           4  main.o(.data)
    Asterisk::angSoft                        0x20000010   Data           4  main.o(.data)
    Asterisk::distSoft                       0x20000014   Data           4  main.o(.data)
    Asterisk::dist                           0x20000018   Data           4  main.o(.data)
    Asterisk::distOld                        0x2000001c   Data           4  main.o(.data)
    Asterisk::angOld                         0x20000020   Data           4  main.o(.data)
    Asterisk::t                              0x20000024   Data           4  main.o(.data)
    Asterisk::timeNotSeenBall                0x20000028   Data           4  main.o(.data)
    Asterisk::timeUpdateQueue                0x2000002c   Data           4  main.o(.data)
    Asterisk::timeCheckLeave                 0x20000030   Data           4  main.o(.data)
    Asterisk::timeInLeaving                  0x20000034   Data           4  main.o(.data)
    Asterisk::x                              0x20000038   Data           2  main.o(.data)
    Asterisk::y                              0x2000003a   Data           2  main.o(.data)
    Asterisk::angRaw                         0x2000003c   Data           2  main.o(.data)
    Asterisk::distRaw                        0x20000040   Data           4  main.o(.data)
    Asterisk::myGoal                         0x20000044   Data           1  main.o(.data)
    Asterisk::myRole                         0x20000045   Data           1  main.o(.data)
    Asterisk::dBl                            0x20000046   Data           2  main.o(.data)
    Asterisk::dYe                            0x20000048   Data           2  main.o(.data)
    Asterisk::angBlue                        0x2000004a   Data           2  main.o(.data)
    Asterisk::angYellow                      0x2000004c   Data           2  main.o(.data)
    Asterisk::target                         0x2000004e   Data           2  main.o(.data)
    Asterisk::speedForward                   0x20000050   Data           8  main.o(.data)
    Asterisk::angleBallGoal                  0x20000058   Data           2  main.o(.data)
    Asterisk::angToGoal                      0x2000005a   Data           2  main.o(.data)
    Asterisk::doesntSeeGoals                 0x2000005c   Data           1  main.o(.data)
    Asterisk::ang0_360                       0x2000005e   Data           2  main.o(.data)
    Asterisk::myMode                         0x20000060   Data           1  main.o(.data)
    Asterisk::seeBall                        0x20000061   Data           1  main.o(.data)
    Asterisk::inLeave                        0x20000062   Data           1  main.o(.data)
    Asterisk::inReturn                       0x20000063   Data           1  main.o(.data)
    time_service::tim                        0x20000068   Data           8  time_service.o(.data)
    uart1::rx                                0x20000070   Data           8  usart1.o(.data)
    uart1::_rxCnt                            0x20000078   Data           2  usart1.o(.data)
    uart1::_txCnt                            0x2000007a   Data           2  usart1.o(.data)
    uart1::tx                                0x2000007c   Data           8  usart1.o(.data)
    uart1::_sendCnt                          0x20000084   Data           2  usart1.o(.data)
    uart1::_readCnt                          0x20000086   Data           2  usart1.o(.data)
    uart1::flag                              0x20000088   Data           1  usart1.o(.data)
    uart2::rx                                0x2000008a   Data           8  usart2.o(.data)
    uart2::_rxCnt                            0x20000092   Data           2  usart2.o(.data)
    uart2::_txCnt                            0x20000094   Data           2  usart2.o(.data)
    uart2::tx                                0x20000096   Data           8  usart2.o(.data)
    uart2::_sendCnt                          0x2000009e   Data           2  usart2.o(.data)
    uart2::_readCnt                          0x200000a0   Data           2  usart2.o(.data)
    uart2::flag                              0x200000a2   Data           1  usart2.o(.data)
    uart3::rx                                0x200000a4   Data           8  usart3.o(.data)
    uart3::_rxCnt                            0x200000ac   Data           2  usart3.o(.data)
    uart3::_txCnt                            0x200000ae   Data           2  usart3.o(.data)
    uart3::tx                                0x200000b0   Data           8  usart3.o(.data)
    uart3::_sendCnt                          0x200000b8   Data           2  usart3.o(.data)
    uart3::_readCnt                          0x200000ba   Data           2  usart3.o(.data)
    uart3::flag                              0x200000bc   Data           1  usart3.o(.data)
    uart6::rx                                0x200000be   Data           8  usart6.o(.data)
    uart6::_rxCnt                            0x200000c6   Data           2  usart6.o(.data)
    uart6::_txCnt                            0x200000c8   Data           2  usart6.o(.data)
    uart6::tx                                0x200000ca   Data           8  usart6.o(.data)
    uart6::_sendCnt                          0x200000d2   Data           2  usart6.o(.data)
    uart6::_readCnt                          0x200000d4   Data           2  usart6.o(.data)
    uart6::flag                              0x200000d6   Data           1  usart6.o(.data)
    SPI_1::_spi_mode                         0x200000d8   Data           4  spi_1.o(.data)
    SPI_1::_spi_direction                    0x200000dc   Data           4  spi_1.o(.data)
    SPI_1::_baud_rate                        0x200000e0   Data           4  spi_1.o(.data)
    SPI_1::_first_bit                        0x200000e4   Data           4  spi_1.o(.data)
    SPI_1::_cur_rx_read                      0x200000e8   Data           2  spi_1.o(.data)
    SPI_1::_cur_rx_write                     0x200000ea   Data           2  spi_1.o(.data)
    SPI_1::_buf_size                         0x200000ec   Data           2  spi_1.o(.data)
    Asterisk::currentVector                  0x20000100   Data          16  main.o(.bss)
    Asterisk::locatorSCL                     0x20000110   Data          64  main.o(.bss)
    Asterisk::locatorSDA                     0x20000150   Data          64  main.o(.bss)
    Asterisk::locatorI2C                     0x20000190   Data         128  main.o(.bss)
    Asterisk::locator                        0x20000210   Data         140  main.o(.bss)
    Asterisk::tx_openMV                      0x2000029c   Data          64  main.o(.bss)
    Asterisk::rx_openMV                      0x200002dc   Data          64  main.o(.bss)
    Asterisk::camera                         0x2000031c   Data          24  main.o(.bss)
    Asterisk::processXY                      0x20000338   Data         104  main.o(.bss)
    Asterisk::tx_imu                         0x200003a0   Data          64  main.o(.bss)
    Asterisk::rx_imu                         0x200003e0   Data          64  main.o(.bss)
    Asterisk::gyro                           0x20000420   Data          12  main.o(.bss)
    Asterisk::motor1in1                      0x2000042c   Data          64  main.o(.bss)
    Asterisk::motor1in2                      0x2000046c   Data          64  main.o(.bss)
    Asterisk::motor1                         0x200004ac   Data         128  main.o(.bss)
    Asterisk::motor2in1                      0x2000052c   Data          64  main.o(.bss)
    Asterisk::motor2in2                      0x2000056c   Data          64  main.o(.bss)
    Asterisk::motor2                         0x200005ac   Data         128  main.o(.bss)
    Asterisk::motor3in1                      0x2000062c   Data          64  main.o(.bss)
    Asterisk::motor3in2                      0x2000066c   Data          64  main.o(.bss)
    Asterisk::motor3                         0x200006ac   Data         128  main.o(.bss)
    Asterisk::motor4in1                      0x2000072c   Data          64  main.o(.bss)
    Asterisk::motor4in2                      0x2000076c   Data          64  main.o(.bss)
    Asterisk::motor4                         0x200007ac   Data         128  main.o(.bss)
    Asterisk::omni                           0x2000082c   Data         512  main.o(.bss)
    Asterisk::ball                           0x20000a30   Data         928  main.o(.bss)
    SPI_1::_rx_buffer                        0x20000dd0   Data          32  spi_1.o(.bss)
    __libspace_start                         0x20000df0   Data          96  libspace.o(.bss)
    __temporary_stack_top$libspace           0x20000e50   Data           0  libspace.o(.bss)



==============================================================================

Memory Map of the image

  Image Entry point : 0x08000189

  Load Region LR_IROM1 (Base: 0x08000000, Size: 0x0000973c, Max: 0x00100000, ABSOLUTE)

    Execution Region ER_IROM1 (Exec base: 0x08000000, Load base: 0x08000000, Size: 0x0000963c, Max: 0x00100000, ABSOLUTE)

    Exec Addr    Load Addr    Size         Type   Attr      Idx    E Section Name        Object

    0x08000000   0x08000000   0x00000188   Data   RO         4865    RESET               startup_stm32f407xx.o
    0x08000188   0x08000188   0x00000008   Code   RO         4998  * !!!main             c_w.l(__main.o)
    0x08000190   0x08000190   0x00000034   Code   RO         5566    !!!scatter          c_w.l(__scatter.o)
    0x080001c4   0x080001c4   0x0000001a   Code   RO         5568    !!handler_copy      c_w.l(__scatter_copy.o)
    0x080001de   0x080001de   0x00000002   PAD
    0x080001e0   0x080001e0   0x0000001c   Code   RO         5570    !!handler_zi        c_w.l(__scatter_zi.o)
    0x080001fc   0x080001fc   0x00000002   Code   RO         5374    .ARM.Collect$$libinit$$00000000  c_w.l(libinit.o)
    0x080001fe   0x080001fe   0x00000004   Code   RO         5192    .ARM.Collect$$libinit$$00000001  c_w.l(libinit2.o)
    0x08000202   0x08000202   0x00000000   Code   RO         5195    .ARM.Collect$$libinit$$00000004  c_w.l(libinit2.o)
    0x08000202   0x08000202   0x00000000   Code   RO         5198    .ARM.Collect$$libinit$$0000000A  c_w.l(libinit2.o)
    0x08000202   0x08000202   0x00000000   Code   RO         5200    .ARM.Collect$$libinit$$0000000C  c_w.l(libinit2.o)
    0x08000202   0x08000202   0x00000000   Code   RO         5202    .ARM.Collect$$libinit$$0000000E  c_w.l(libinit2.o)
    0x08000202   0x08000202   0x00000000   Code   RO         5205    .ARM.Collect$$libinit$$00000011  c_w.l(libinit2.o)
    0x08000202   0x08000202   0x00000000   Code   RO         5207    .ARM.Collect$$libinit$$00000013  c_w.l(libinit2.o)
    0x08000202   0x08000202   0x00000000   Code   RO         5209    .ARM.Collect$$libinit$$00000015  c_w.l(libinit2.o)
    0x08000202   0x08000202   0x00000000   Code   RO         5211    .ARM.Collect$$libinit$$00000017  c_w.l(libinit2.o)
    0x08000202   0x08000202   0x00000000   Code   RO         5213    .ARM.Collect$$libinit$$00000019  c_w.l(libinit2.o)
    0x08000202   0x08000202   0x00000000   Code   RO         5215    .ARM.Collect$$libinit$$0000001B  c_w.l(libinit2.o)
    0x08000202   0x08000202   0x00000000   Code   RO         5217    .ARM.Collect$$libinit$$0000001D  c_w.l(libinit2.o)
    0x08000202   0x08000202   0x00000000   Code   RO         5219    .ARM.Collect$$libinit$$0000001F  c_w.l(libinit2.o)
    0x08000202   0x08000202   0x00000000   Code   RO         5221    .ARM.Collect$$libinit$$00000021  c_w.l(libinit2.o)
    0x08000202   0x08000202   0x00000000   Code   RO         5223    .ARM.Collect$$libinit$$00000023  c_w.l(libinit2.o)
    0x08000202   0x08000202   0x00000000   Code   RO         5225    .ARM.Collect$$libinit$$00000025  c_w.l(libinit2.o)
    0x08000202   0x08000202   0x00000000   Code   RO         5229    .ARM.Collect$$libinit$$0000002C  c_w.l(libinit2.o)
    0x08000202   0x08000202   0x00000000   Code   RO         5231    .ARM.Collect$$libinit$$0000002E  c_w.l(libinit2.o)
    0x08000202   0x08000202   0x00000000   Code   RO         5233    .ARM.Collect$$libinit$$00000030  c_w.l(libinit2.o)
    0x08000202   0x08000202   0x00000004   Code   RO         5234    .ARM.Collect$$libinit$$00000031  c_w.l(libinit2.o)
    0x08000206   0x08000206   0x00000000   Code   RO         5235    .ARM.Collect$$libinit$$00000032  c_w.l(libinit2.o)
    0x08000206   0x08000206   0x00000002   Code   RO         5236    .ARM.Collect$$libinit$$00000033  c_w.l(libinit2.o)
    0x08000208   0x08000208   0x00000002   Code   RO         5523    .ARM.Collect$$libshutdown$$00000000  c_w.l(libshutdown.o)
    0x0800020a   0x0800020a   0x00000000   Code   RO         5529    .ARM.Collect$$libshutdown$$00000002  c_w.l(libshutdown2.o)
    0x0800020a   0x0800020a   0x00000000   Code   RO         5531    .ARM.Collect$$libshutdown$$00000004  c_w.l(libshutdown2.o)
    0x0800020a   0x0800020a   0x00000000   Code   RO         5533    .ARM.Collect$$libshutdown$$00000006  c_w.l(libshutdown2.o)
    0x0800020a   0x0800020a   0x00000000   Code   RO         5536    .ARM.Collect$$libshutdown$$00000009  c_w.l(libshutdown2.o)
    0x0800020a   0x0800020a   0x00000000   Code   RO         5539    .ARM.Collect$$libshutdown$$0000000C  c_w.l(libshutdown2.o)
    0x0800020a   0x0800020a   0x00000000   Code   RO         5541    .ARM.Collect$$libshutdown$$0000000E  c_w.l(libshutdown2.o)
    0x0800020a   0x0800020a   0x00000000   Code   RO         5544    .ARM.Collect$$libshutdown$$00000011  c_w.l(libshutdown2.o)
    0x0800020a   0x0800020a   0x00000002   Code   RO         5545    .ARM.Collect$$libshutdown$$00000012  c_w.l(libshutdown2.o)
    0x0800020c   0x0800020c   0x00000000   Code   RO         5189    .ARM.Collect$$rtentry$$00000000  c_w.l(__rtentry.o)
    0x0800020c   0x0800020c   0x00000000   Code   RO         5330    .ARM.Collect$$rtentry$$00000002  c_w.l(__rtentry2.o)
    0x0800020c   0x0800020c   0x00000006   Code   RO         5342    .ARM.Collect$$rtentry$$00000004  c_w.l(__rtentry4.o)
    0x08000212   0x08000212   0x00000000   Code   RO         5332    .ARM.Collect$$rtentry$$00000009  c_w.l(__rtentry2.o)
    0x08000212   0x08000212   0x00000004   Code   RO         5333    .ARM.Collect$$rtentry$$0000000A  c_w.l(__rtentry2.o)
    0x08000216   0x08000216   0x00000000   Code   RO         5335    .ARM.Collect$$rtentry$$0000000C  c_w.l(__rtentry2.o)
    0x08000216   0x08000216   0x00000008   Code   RO         5336    .ARM.Collect$$rtentry$$0000000D  c_w.l(__rtentry2.o)
    0x0800021e   0x0800021e   0x00000002   Code   RO         5384    .ARM.Collect$$rtexit$$00000000  c_w.l(rtexit.o)
    0x08000220   0x08000220   0x00000000   Code   RO         5463    .ARM.Collect$$rtexit$$00000002  c_w.l(rtexit2.o)
    0x08000220   0x08000220   0x00000004   Code   RO         5464    .ARM.Collect$$rtexit$$00000003  c_w.l(rtexit2.o)
    0x08000224   0x08000224   0x00000006   Code   RO         5465    .ARM.Collect$$rtexit$$00000004  c_w.l(rtexit2.o)
    0x0800022a   0x0800022a   0x00000002   PAD
    0x0800022c   0x0800022c   0x00000040   Code   RO         4866    .text               startup_stm32f407xx.o
    0x0800026c   0x0800026c   0x00000002   Code   RO         4992    .text               c_w.l(use_no_semi.o)
    0x0800026e   0x0800026e   0x00000064   Code   RO         4994    .text               c_w.l(rt_memcpy_w.o)
    0x080002d2   0x080002d2   0x00000006   Code   RO         4996    .text               c_w.l(heapauxi.o)
    0x080002d8   0x080002d8   0x00000024   Code   RO         5003    .text               c_w.l(init_aeabi.o)
    0x080002fc   0x080002fc   0x00000016   Code   RO         5190    .text               c_w.l(_rserrno.o)
    0x08000312   0x08000312   0x00000002   PAD
    0x08000314   0x08000314   0x00000008   Code   RO         5347    .text               c_w.l(rt_errno_addr_intlibspace.o)
    0x0800031c   0x0800031c   0x00000008   Code   RO         5358    .text               c_w.l(libspace.o)
    0x08000324   0x08000324   0x0000004a   Code   RO         5361    .text               c_w.l(sys_stackheap_outer.o)
    0x0800036e   0x0800036e   0x00000012   Code   RO         5363    .text               c_w.l(exit.o)
    0x08000380   0x08000380   0x00000090   Code   RO         3255    i.GPIO_Init         stm32f4xx_gpio.o
    0x08000410   0x08000410   0x00000046   Code   RO         3256    i.GPIO_PinAFConfig  stm32f4xx_gpio.o
    0x08000456   0x08000456   0x00000004   Code   RO         3262    i.GPIO_ResetBits    stm32f4xx_gpio.o
    0x0800045a   0x0800045a   0x00000004   Code   RO         3263    i.GPIO_SetBits      stm32f4xx_gpio.o
    0x0800045e   0x0800045e   0x00000002   PAD
    0x08000460   0x08000460   0x00000020   Code   RO         3590    i.RCC_AHB1PeriphClockCmd  stm32f4xx_rcc.o
    0x08000480   0x08000480   0x00000020   Code   RO         3599    i.RCC_APB1PeriphClockCmd  stm32f4xx_rcc.o
    0x080004a0   0x080004a0   0x00000020   Code   RO         3602    i.RCC_APB2PeriphClockCmd  stm32f4xx_rcc.o
    0x080004c0   0x080004c0   0x000000e8   Code   RO         3611    i.RCC_GetClocksFreq  stm32f4xx_rcc.o
    0x080005a8   0x080005a8   0x0000006c   Code   RO         2127    i.SPI1_IRQHandler   spi_1.o
    0x08000614   0x08000614   0x00000012   Code   RO         3945    i.SPI_I2S_GetFlagStatus  stm32f4xx_spi.o
    0x08000626   0x08000626   0x00000002   PAD
    0x08000628   0x08000628   0x00000110   Code   RO         4873    i.SetSysClock       system_stm32f4xx.o
    0x08000738   0x08000738   0x00000018   Code   RO         1409    i.SysTick_Handler   time_service.o
    0x08000750   0x08000750   0x00000068   Code   RO         4875    i.SystemInit        system_stm32f4xx.o
    0x080007b8   0x080007b8   0x00000020   Code   RO         4107    i.TIM_BDTRConfig    stm32f4xx_tim.o
    0x080007d8   0x080007d8   0x00000018   Code   RO         4118    i.TIM_Cmd           stm32f4xx_tim.o
    0x080007f0   0x080007f0   0x0000001e   Code   RO         4120    i.TIM_CtrlPWMOutputs  stm32f4xx_tim.o
    0x0800080e   0x0800080e   0x00000002   PAD
    0x08000810   0x08000810   0x0000007c   Code   RO         4147    i.TIM_OC1Init       stm32f4xx_tim.o
    0x0800088c   0x0800088c   0x000000a4   Code   RO         4152    i.TIM_OC2Init       stm32f4xx_tim.o
    0x08000930   0x08000930   0x000000a0   Code   RO         4157    i.TIM_OC3Init       stm32f4xx_tim.o
    0x080009d0   0x080009d0   0x00000078   Code   RO         4162    i.TIM_OC4Init       stm32f4xx_tim.o
    0x08000a48   0x08000a48   0x00000004   Code   RO         4180    i.TIM_SetCompare1   stm32f4xx_tim.o
    0x08000a4c   0x08000a4c   0x00000004   Code   RO         4181    i.TIM_SetCompare2   stm32f4xx_tim.o
    0x08000a50   0x08000a50   0x00000004   Code   RO         4182    i.TIM_SetCompare3   stm32f4xx_tim.o
    0x08000a54   0x08000a54   0x00000004   Code   RO         4183    i.TIM_SetCompare4   stm32f4xx_tim.o
    0x08000a58   0x08000a58   0x00000084   Code   RO         4190    i.TIM_TimeBaseInit  stm32f4xx_tim.o
    0x08000adc   0x08000adc   0x000000a0   Code   RO         1629    i.USART1_IRQHandler  usart1.o
    0x08000b7c   0x08000b7c   0x000000a8   Code   RO         1690    i.USART2_IRQHandler  usart2.o
    0x08000c24   0x08000c24   0x000000a8   Code   RO         1744    i.USART3_IRQHandler  usart3.o
    0x08000ccc   0x08000ccc   0x000000a8   Code   RO         1798    i.USART6_IRQHandler  usart6.o
    0x08000d74   0x08000d74   0x0000001e   Code   RO         4672    i.USART_ClearITPendingBit  stm32f4xx_usart.o
    0x08000d92   0x08000d92   0x00000018   Code   RO         4675    i.USART_Cmd         stm32f4xx_usart.o
    0x08000daa   0x08000daa   0x0000004a   Code   RO         4681    i.USART_ITConfig    stm32f4xx_usart.o
    0x08000df4   0x08000df4   0x000000d4   Code   RO         4682    i.USART_Init        stm32f4xx_usart.o
    0x08000ec8   0x08000ec8   0x00000018   Code   RO         4698    i.USART_StructInit  stm32f4xx_usart.o
    0x08000ee0   0x08000ee0   0x0000020c   Code   RO          921    i._ZN12omniplatform4moveEfffff  omniplatform.o
    0x080010ec   0x080010ec   0x00000044   Code   RO          923    i._ZN12omniplatformC1ER5MotorS1_S1_S1_  omniplatform.o
    0x08001130   0x08001130   0x00000060   Code   RO         1410    i._ZN12time_service4initEv  time_service.o
    0x08001190   0x08001190   0x00000024   Code   RO         1411    i._ZN12time_service5delayEj  time_service.o
    0x080011b4   0x080011b4   0x0000000c   Code   RO         1412    i._ZN12time_service6millisEv  time_service.o
    0x080011c0   0x080011c0   0x00000012   Code   RO         1414    i._ZN12time_service9startTimeEv  time_service.o
    0x080011d2   0x080011d2   0x00000002   PAD
    0x080011d4   0x080011d4   0x00000100   Code   RO          335    i._ZN15ProcessingCoord13getVecToPointEss  processing_coord.o
    0x080012d4   0x080012d4   0x00000068   Code   RO          336    i._ZN15ProcessingCoord14getVecToReturnEv  processing_coord.o
    0x0800133c   0x0800133c   0x00000050   Code   RO          338    i._ZN15ProcessingCoord16changeFromReturnEv  processing_coord.o
    0x0800138c   0x0800138c   0x00000080   Code   RO          339    i._ZN15ProcessingCoord16getTargetForwardEv  processing_coord.o
    0x0800140c   0x0800140c   0x000001d8   Code   RO          342    i._ZN15ProcessingCoord18getVecToGoalCenterEv  processing_coord.o
    0x080015e4   0x080015e4   0x0000008c   Code   RO          343    i._ZN15ProcessingCoord19getTargetGoalkeeperEv  processing_coord.o
    0x08001670   0x08001670   0x00000044   Code   RO          344    i._ZN15ProcessingCoord20getCoeffToGoalCenterEf  processing_coord.o
    0x080016b4   0x080016b4   0x0000052e   Code   RO          346    i._ZN15ProcessingCoord20getVecToIntersectionEs  processing_coord.o
    0x08001be2   0x08001be2   0x0000001a   Code   RO          347    i._ZN15ProcessingCoord3mapEfffff  processing_coord.o
    0x08001bfc   0x08001bfc   0x00000020   Code   RO          348    i._ZN15ProcessingCoord6adductEs  processing_coord.o
    0x08001c1c   0x08001c1c   0x00000006   Code   RO          349    i._ZN15ProcessingCoord7setGoalEh  processing_coord.o
    0x08001c22   0x08001c22   0x0000004a   Code   RO          351    i._ZN15ProcessingCoord8distanceEffff  processing_coord.o
    0x08001c6c   0x08001c6c   0x00000006   Code   RO          354    i._ZN15ProcessingCoord9setMaxLenEf  processing_coord.o
    0x08001c72   0x08001c72   0x00000002   PAD
    0x08001c74   0x08001c74   0x000000d8   Code   RO          355    i._ZN15ProcessingCoord9setParamsEsssss  processing_coord.o
    0x08001d4c   0x08001d4c   0x000000c4   Code   RO          356    i._ZN15ProcessingCoordC1Ev  processing_coord.o
    0x08001e10   0x08001e10   0x00000038   Code   RO         1972    i._ZN3I2C12generateStopEv  i2c.o
    0x08001e48   0x08001e48   0x0000004a   Code   RO         1973    i._ZN3I2C13generateStartEv  i2c.o
    0x08001e92   0x08001e92   0x0000004e   Code   RO         1974    i._ZN3I2C4readEv    i2c.o
    0x08001ee0   0x08001ee0   0x00000038   Code   RO         1975    i._ZN3I2C4sendEh    i2c.o
    0x08001f18   0x08001f18   0x0000001c   Code   RO         1976    i._ZN3I2C5delayEv   i2c.o
    0x08001f34   0x08001f34   0x0000000c   Code   RO         1977    i._ZN3I2C6sclLowEv  i2c.o
    0x08001f40   0x08001f40   0x0000000e   Code   RO         1978    i._ZN3I2C6sdaLowEv  i2c.o
    0x08001f4e   0x08001f4e   0x00000044   Code   RO         1979    i._ZN3I2C7readAchEv  i2c.o
    0x08001f92   0x08001f92   0x0000000c   Code   RO         1980    i._ZN3I2C7sclHighEv  i2c.o
    0x08001f9e   0x08001f9e   0x0000000e   Code   RO         1982    i._ZN3I2C7sdaHighEv  i2c.o
    0x08001fac   0x08001fac   0x00000022   Code   RO         1983    i._ZN3I2C7sdaReadEv  i2c.o
    0x08001fce   0x08001fce   0x0000003c   Code   RO         1986    i._ZN3I2C8writeBitEb  i2c.o
    0x0800200a   0x0800200a   0x0000002e   Code   RO         1987    i._ZN3I2CC1ER3PinS1_  i2c.o
    0x08002038   0x08002038   0x00000134   Code   RO         1473    i._ZN3Pin12RCC_ClockCmdEv  pin_1.o
    0x0800216c   0x0800216c   0x000000f4   Code   RO         1474    i._ZN3Pin12setTimParamsEt  pin_1.o
    0x08002260   0x08002260   0x00000028   Code   RO         1475    i._ZN3Pin13setAFforUSARTEt  pin_1.o
    0x08002288   0x08002288   0x00000044   Code   RO         1476    i._ZN3Pin3pwmEj     pin_1.o
    0x080022cc   0x080022cc   0x00000006   Code   RO         1478    i._ZN3Pin6getPinEv  pin_1.o
    0x080022d2   0x080022d2   0x00000010   Code   RO         1479    i._ZN3Pin6setBitEv  pin_1.o
    0x080022e2   0x080022e2   0x000000cc   Code   RO         1480    i._ZN3Pin6setPinEh  pin_1.o
    0x080023ae   0x080023ae   0x00000002   PAD
    0x080023b0   0x080023b0   0x00000108   Code   RO         1481    i._ZN3Pin7pwmInitEsjh  pin_1.o
    0x080024b8   0x080024b8   0x00000074   Code   RO         1482    i._ZN3Pin7setGPIOEc  pin_1.o
    0x0800252c   0x0800252c   0x00000006   Code   RO         1483    i._ZN3Pin8getGPIOxEv  pin_1.o
    0x08002532   0x08002532   0x00000010   Code   RO         1484    i._ZN3Pin8resetBitEv  pin_1.o
    0x08002542   0x08002542   0x00000008   Code   RO         1485    i._ZN3Pin9getPeriodEv  pin_1.o
    0x0800254a   0x0800254a   0x00000002   PAD
    0x0800254c   0x0800254c   0x00000234   Code   RO         1486    i._ZN3PinC1Echt     pin_1.o
    0x08002780   0x08002780   0x0000000c   Code   RO         1578    i._ZN5Motor11getMaxSpeedEv  motor.o
    0x0800278c   0x0800278c   0x0000006c   Code   RO         1579    i._ZN5Motor2goEs    motor.o
    0x080027f8   0x080027f8   0x00000046   Code   RO         1582    i._ZN5MotorC1ER3PinhS1_h  motor.o
    0x0800283e   0x0800283e   0x0000000a   Code   RO          556    i._ZN5Vec2b3setEdd  vec2b.o
    0x08002848   0x08002848   0x00000398   Code   RO          557    i._ZN5Vec2b8changeToES_  vec2b.o
    0x08002be0   0x08002be0   0x0000000a   Code   RO          558    i._ZN5Vec2bC1Edd    vec2b.o
    0x08002bea   0x08002bea   0x00000002   PAD
    0x08002bec   0x08002bec   0x0000001c   Code   RO          559    i._ZN5Vec2bC1Ev     vec2b.o
    0x08002c08   0x08002c08   0x0000021c   Code   RO          560    i._ZN5Vec2bplERKS_  vec2b.o
    0x08002e24   0x08002e24   0x00000168   Code   RO         1630    i._ZN5uart110usart1InitEjfh  usart1.o
    0x08002f8c   0x08002f8c   0x00000048   Code   RO         1631    i._ZN5uart14readEv  usart1.o
    0x08002fd4   0x08002fd4   0x00000034   Code   RO         1633    i._ZN5uart19availableEv  usart1.o
    0x08003008   0x08003008   0x00000168   Code   RO         1691    i._ZN5uart210usart2InitEjfh  usart2.o
    0x08003170   0x08003170   0x00000048   Code   RO         1692    i._ZN5uart24readEv  usart2.o
    0x080031b8   0x080031b8   0x00000034   Code   RO         1694    i._ZN5uart29availableEv  usart2.o
    0x080031ec   0x080031ec   0x00000168   Code   RO         1745    i._ZN5uart310usart3InitEjfh  usart3.o
    0x08003354   0x08003354   0x00000048   Code   RO         1746    i._ZN5uart34readEv  usart3.o
    0x0800339c   0x0800339c   0x00000034   Code   RO         1748    i._ZN5uart39availableEv  usart3.o
    0x080033d0   0x080033d0   0x00000168   Code   RO         1799    i._ZN5uart610usart6InitEjfh  usart6.o
    0x08003538   0x08003538   0x00000048   Code   RO         1800    i._ZN5uart64readEv  usart6.o
    0x08003580   0x08003580   0x00000034   Code   RO         1802    i._ZN5uart69availableEv  usart6.o
    0x080035b4   0x080035b4   0x00000020   Code   RO          730    i._ZN6OpenMV11adductionMVEs  openmv.o
    0x080035d4   0x080035d4   0x00000008   Code   RO          731    i._ZN6OpenMV11getDistBlueEv  openmv.o
    0x080035dc   0x080035dc   0x00000008   Code   RO          732    i._ZN6OpenMV12getAngleBlueEv  openmv.o
    0x080035e4   0x080035e4   0x00000008   Code   RO          733    i._ZN6OpenMV13getDistYellowEv  openmv.o
    0x080035ec   0x080035ec   0x00000008   Code   RO          734    i._ZN6OpenMV14getAngleYellowEv  openmv.o
    0x080035f4   0x080035f4   0x0000003a   Code   RO          735    i._ZN6OpenMV4crc8EPVhh  openmv.o
    0x0800362e   0x0800362e   0x00000012   Code   RO          736    i._ZN6OpenMV4getXEv  openmv.o
    0x08003640   0x08003640   0x00000012   Code   RO          737    i._ZN6OpenMV4getYEv  openmv.o
    0x08003652   0x08003652   0x0000010e   Code   RO          738    i._ZN6OpenMV4readEv  openmv.o
    0x08003760   0x08003760   0x000002c4   Code   RO          739    i._ZN6OpenMV9calculateEsbb  openmv.o
    0x08003a24   0x08003a24   0x00000056   Code   RO          740    i._ZN6OpenMV9initUSARTEh  openmv.o
    0x08003a7a   0x08003a7a   0x00000002   PAD
    0x08003a7c   0x08003a7c   0x0000003c   Code   RO          741    i._ZN6OpenMVC1ER3PinS1_h  openmv.o
    0x08003ab8   0x08003ab8   0x0000000c   Code   RO            9    i._ZN8Asterisk10calibratedEv  main.o
    0x08003ac4   0x08003ac4   0x000003f0   Code   RO           10    i._ZN8Asterisk11protectGoalEv  main.o
    0x08003eb4   0x08003eb4   0x00000118   Code   RO           11    i._ZN8Asterisk20getVec2bToBallFollowEv  main.o
    0x08003fcc   0x08003fcc   0x00000114   Code   RO           12    i._ZN8Asterisk4initEhhh  main.o
    0x080040e0   0x080040e0   0x00000328   Code   RO           13    i._ZN8Asterisk6updateEv  main.o
    0x08004408   0x08004408   0x0000000c   Code   RO           14    i._ZN8Asterisk7getRoleEv  main.o
    0x08004414   0x08004414   0x000000fc   Code   RO           15    i._ZN8Asterisk8goToBallEv  main.o
    0x08004510   0x08004510   0x00000080   Code   RO           16    i._ZN8Asterisk9mustLeaveEv  main.o
    0x08004590   0x08004590   0x00000008   Code   RO          964    i._ZN8gyro_imu11getRotationEv  imu_usart.o
    0x08004598   0x08004598   0x00000006   Code   RO          965    i._ZN8gyro_imu12setZeroAngleEv  imu_usart.o
    0x0800459e   0x0800459e   0x00000002   PAD
    0x080045a0   0x080045a0   0x000000b4   Code   RO          966    i._ZN8gyro_imu13calculateSoftEff  imu_usart.o
    0x08004654   0x08004654   0x00000008   Code   RO          967    i._ZN8gyro_imu14getMaxRotationEv  imu_usart.o
    0x0800465c   0x0800465c   0x00000008   Code   RO          968    i._ZN8gyro_imu15getCurrentAngleEv  imu_usart.o
    0x08004664   0x08004664   0x00000060   Code   RO          969    i._ZN8gyro_imu20setRotationForTargetEv  imu_usart.o
    0x080046c4   0x080046c4   0x00000110   Code   RO          970    i._ZN8gyro_imu4readEv  imu_usart.o
    0x080047d4   0x080047d4   0x00000020   Code   RO          971    i._ZN8gyro_imu6adductEs  imu_usart.o
    0x080047f4   0x080047f4   0x00000056   Code   RO          973    i._ZN8gyro_imu9initUSARTEh  imu_usart.o
    0x0800484a   0x0800484a   0x00000004   Code   RO          974    i._ZN8gyro_imu9setTargetEs  imu_usart.o
    0x0800484e   0x0800484e   0x00000024   Code   RO          975    i._ZN8gyro_imuC1ER3PinS1_h  imu_usart.o
    0x08004872   0x08004872   0x0000029a   Code   RO          614    i._ZN9BallVec2b12changeValuesEb  queues_ball.o
    0x08004b0c   0x08004b0c   0x0000002c   Code   RO          615    i._ZN9BallVec2b15getCurrentVec2bEv  queues_ball.o
    0x08004b38   0x08004b38   0x00000118   Code   RO          616    i._ZN9BallVec2b18setTransitionBy360Ev  queues_ball.o
    0x08004c50   0x08004c50   0x0000011e   Code   RO          617    i._ZN9BallVec2b4pushE5Vec2bj  queues_ball.o
    0x08004d6e   0x08004d6e   0x00000002   PAD
    0x08004d70   0x08004d70   0x00000088   Code   RO          618    i._ZN9BallVec2b6adductEd  queues_ball.o
    0x08004df8   0x08004df8   0x0000044e   Code   RO          619    i._ZN9BallVec2b9calculateEv  queues_ball.o
    0x08005246   0x08005246   0x00000002   PAD
    0x08005248   0x08005248   0x000000a4   Code   RO          620    i._ZN9BallVec2bC1Ev  queues_ball.o
    0x080052ec   0x080052ec   0x00000188   Code   RO          848    i._ZN9IRLocator11angleOffsetEff  ir_locator.o
    0x08005474   0x08005474   0x000000ac   Code   RO          849    i._ZN9IRLocator11convertDistEd  ir_locator.o
    0x08005520   0x08005520   0x00000020   Code   RO          850    i._ZN9IRLocator6adductEs  ir_locator.o
    0x08005540   0x08005540   0x00000010   Code   RO          851    i._ZN9IRLocator7distBadEs  ir_locator.o
    0x08005550   0x08005550   0x00000008   Code   RO          852    i._ZN9IRLocator7getDistEv  ir_locator.o
    0x08005558   0x08005558   0x00000058   Code   RO          853    i._ZN9IRLocator8getAngleEv  ir_locator.o
    0x080055b0   0x080055b0   0x0000006a   Code   RO          854    i._ZN9IRLocator8getValueEh  ir_locator.o
    0x0800561a   0x0800561a   0x0000001a   Code   RO          855    i._ZN9IRLocatorC1ER3I2Cj  ir_locator.o
    0x08005634   0x08005634   0x0000000e   Code   RO          668    i._ZN9Vec2bTime3setEddjs  queues_ball.o
    0x08005642   0x08005642   0x00000006   Code   RO          686    i._ZN9Vec2bTime6getLenEv  queues_ball.o
    0x08005648   0x08005648   0x00000054   Code   RO          674    i._ZN9Vec2bTime7correctEv  queues_ball.o
    0x0800569c   0x0800569c   0x00000006   Code   RO          698    i._ZN9Vec2bTime7getTimeEv  queues_ball.o
    0x080056a2   0x080056a2   0x00000006   Code   RO          692    i._ZN9Vec2bTime8getAngleEv  queues_ball.o
    0x080056a8   0x080056a8   0x0000000e   Code   RO          704    i._ZN9Vec2bTimeC1Ev  queues_ball.o
    0x080056b6   0x080056b6   0x00000018   Code   RO          814    i._ZSt3cosf         openmv.o
    0x080056ce   0x080056ce   0x00000034   Code   RO          680    i._ZSt3powdi        queues_ball.o
    0x08005702   0x08005702   0x00000020   Code   RO          528    i._ZSt3powff        processing_coord.o
    0x08005722   0x08005722   0x00000022   Code   RO          516    i._ZSt3powfi        processing_coord.o
    0x08005744   0x08005744   0x00000018   Code   RO          820    i._ZSt3sinf         openmv.o
    0x0800575c   0x0800575c   0x00000018   Code   RO          522    i._ZSt4sqrtf        processing_coord.o
    0x08005774   0x08005774   0x00000020   Code   RO          510    i._ZSt5atan2ff      processing_coord.o
    0x08005794   0x08005794   0x00000030   Code   RO         5294    i.__ARM_fpclassify  m_wm.l(fpclassify.o)
    0x080057c4   0x080057c4   0x00000026   Code   RO         5296    i.__ARM_fpclassifyf  m_wm.l(fpclassifyf.o)
    0x080057ea   0x080057ea   0x00000024   Code   RO         5006    i.__aeabi_vec_ctor_nocookie_nodtor  cpprt_w.l(aeabi_vec_ctor_nocookie_nodtor.o)
    0x0800580e   0x0800580e   0x00000002   PAD
    0x08005810   0x08005810   0x000002d8   Code   RO         5257    i.__hardfp_atan     m_wm.l(atan.o)
    0x08005ae8   0x08005ae8   0x00000200   Code   RO         5065    i.__hardfp_atan2    m_wm.l(atan2.o)
    0x08005ce8   0x08005ce8   0x000002ac   Code   RO         5077    i.__hardfp_atan2f   m_wm.l(atan2f.o)
    0x08005f94   0x08005f94   0x00000004   PAD
    0x08005f98   0x08005f98   0x000000c8   Code   RO         5089    i.__hardfp_cos      m_wm.l(cos.o)
    0x08006060   0x08006060   0x00000150   Code   RO         5101    i.__hardfp_cosf     m_wm.l(cosf.o)
    0x080061b0   0x080061b0   0x00000c50   Code   RO         5113    i.__hardfp_pow      m_wm.l(pow.o)
    0x08006e00   0x08006e00   0x00000664   Code   RO         5127    i.__hardfp_powf     m_wm.l(powf.o)
    0x08007464   0x08007464   0x00000004   PAD
    0x08007468   0x08007468   0x000000c8   Code   RO         5141    i.__hardfp_sin      m_wm.l(sin.o)
    0x08007530   0x08007530   0x00000190   Code   RO         5153    i.__hardfp_sinf     m_wm.l(sinf.o)
    0x080076c0   0x080076c0   0x0000007a   Code   RO         5165    i.__hardfp_sqrt     m_wm.l(sqrt.o)
    0x0800773a   0x0800773a   0x0000003a   Code   RO         5177    i.__hardfp_sqrtf    m_wm.l(sqrtf.o)
    0x08007774   0x08007774   0x00000004   PAD
    0x08007778   0x08007778   0x00000438   Code   RO         5315    i.__ieee754_rem_pio2  m_wm.l(rred.o)
    0x08007bb0   0x08007bb0   0x00000170   Code   RO         5271    i.__kernel_cos      m_wm.l(cos_i.o)
    0x08007d20   0x08007d20   0x000000f8   Code   RO         5312    i.__kernel_poly     m_wm.l(poly.o)
    0x08007e18   0x08007e18   0x00000130   Code   RO         5323    i.__kernel_sin      m_wm.l(sin_i.o)
    0x08007f48   0x08007f48   0x00000030   Code   RO         5274    i.__mathlib_dbl_divzero  m_wm.l(dunder.o)
    0x08007f78   0x08007f78   0x00000014   Code   RO         5275    i.__mathlib_dbl_infnan  m_wm.l(dunder.o)
    0x08007f8c   0x08007f8c   0x00000014   Code   RO         5276    i.__mathlib_dbl_infnan2  m_wm.l(dunder.o)
    0x08007fa0   0x08007fa0   0x00000020   Code   RO         5277    i.__mathlib_dbl_invalid  m_wm.l(dunder.o)
    0x08007fc0   0x08007fc0   0x00000020   Code   RO         5278    i.__mathlib_dbl_overflow  m_wm.l(dunder.o)
    0x08007fe0   0x08007fe0   0x00000020   Code   RO         5280    i.__mathlib_dbl_underflow  m_wm.l(dunder.o)
    0x08008000   0x08008000   0x00000014   Code   RO         5298    i.__mathlib_flt_divzero  m_wm.l(funder.o)
    0x08008014   0x08008014   0x00000006   Code   RO         5299    i.__mathlib_flt_infnan  m_wm.l(funder.o)
    0x0800801a   0x0800801a   0x00000006   Code   RO         5300    i.__mathlib_flt_infnan2  m_wm.l(funder.o)
    0x08008020   0x08008020   0x00000010   Code   RO         5301    i.__mathlib_flt_invalid  m_wm.l(funder.o)
    0x08008030   0x08008030   0x00000010   Code   RO         5302    i.__mathlib_flt_overflow  m_wm.l(funder.o)
    0x08008040   0x08008040   0x00000010   Code   RO         5304    i.__mathlib_flt_underflow  m_wm.l(funder.o)
    0x08008050   0x08008050   0x00000154   Code   RO         5320    i.__mathlib_rredf2  m_wm.l(rredf.o)
    0x080081a4   0x080081a4   0x000001a4   Code   RO           17    i.__sti___8_main_cpp_a5be132c  main.o
    0x08008348   0x08008348   0x00000004   Code   RO         2189    i._sys_exit         retarget.o
    0x0800834c   0x0800834c   0x00000010   Code   RO         5259    i.atan              m_wm.l(atan.o)
    0x0800835c   0x0800835c   0x00000018   Code   RO         5290    i.fabs              m_wm.l(fabs.o)
    0x08008374   0x08008374   0x00000030   Code   RO           18    i.main              main.o
    0x080083a4   0x080083a4   0x0000006e   Code   RO         5167    i.sqrt              m_wm.l(sqrt.o)
    0x08008412   0x08008412   0x00000018   Code   RO         5009    x$fpl$basic         fz_wm.l(basic.o)
    0x0800842a   0x0800842a   0x00000002   PAD
    0x0800842c   0x0800842c   0x00000062   Code   RO         5011    x$fpl$d2f           fz_wm.l(d2f.o)
    0x0800848e   0x0800848e   0x00000002   PAD
    0x08008490   0x08008490   0x00000150   Code   RO         5013    x$fpl$dadd          fz_wm.l(daddsub_clz.o)
    0x080085e0   0x080085e0   0x00000010   Code   RO         5354    x$fpl$dcheck1       fz_wm.l(dcheck1.o)
    0x080085f0   0x080085f0   0x00000018   Code   RO         5240    x$fpl$dcmpinf       fz_wm.l(dcmpi.o)
    0x08008608   0x08008608   0x000002b0   Code   RO         5020    x$fpl$ddiv          fz_wm.l(ddiv.o)
    0x080088b8   0x080088b8   0x00000078   Code   RO         5023    x$fpl$deqf          fz_wm.l(deqf.o)
    0x08008930   0x08008930   0x0000005e   Code   RO         5025    x$fpl$dfix          fz_wm.l(dfix.o)
    0x0800898e   0x0800898e   0x0000002e   Code   RO         5034    x$fpl$dflt          fz_wm.l(dflt_clz.o)
    0x080089bc   0x080089bc   0x00000026   Code   RO         5033    x$fpl$dfltu         fz_wm.l(dflt_clz.o)
    0x080089e2   0x080089e2   0x00000002   PAD
    0x080089e4   0x080089e4   0x00000078   Code   RO         5043    x$fpl$dleqf         fz_wm.l(dleqf.o)
    0x08008a5c   0x08008a5c   0x00000154   Code   RO         5045    x$fpl$dmul          fz_wm.l(dmul.o)
    0x08008bb0   0x08008bb0   0x0000009c   Code   RO         5242    x$fpl$dnaninf       fz_wm.l(dnaninf.o)
    0x08008c4c   0x08008c4c   0x0000000c   Code   RO         5244    x$fpl$dretinf       fz_wm.l(dretinf.o)
    0x08008c58   0x08008c58   0x0000006c   Code   RO         5047    x$fpl$drleqf        fz_wm.l(drleqf.o)
    0x08008cc4   0x08008cc4   0x00000016   Code   RO         5014    x$fpl$drsb          fz_wm.l(daddsub_clz.o)
    0x08008cda   0x08008cda   0x00000002   PAD
    0x08008cdc   0x08008cdc   0x00000198   Code   RO         5246    x$fpl$dsqrt         fz_wm.l(dsqrt_umaal.o)
    0x08008e74   0x08008e74   0x000001d4   Code   RO         5015    x$fpl$dsub          fz_wm.l(daddsub_clz.o)
    0x08009048   0x08009048   0x00000056   Code   RO         5049    x$fpl$f2d           fz_wm.l(f2d.o)
    0x0800909e   0x0800909e   0x0000008c   Code   RO         5248    x$fpl$fnaninf       fz_wm.l(fnaninf.o)
    0x0800912a   0x0800912a   0x0000000a   Code   RO         5356    x$fpl$fpinit        fz_wm.l(fpinit.o)
    0x08009134   0x08009134   0x0000000a   Code   RO         5250    x$fpl$fretinf       fz_wm.l(fretinf.o)
    0x0800913e   0x0800913e   0x00000064   Code   RO         5382    x$fpl$retnan        fz_wm.l(retnan.o)
    0x080091a2   0x080091a2   0x0000005c   Code   RO         5254    x$fpl$scalbn        fz_wm.l(scalbn.o)
    0x080091fe   0x080091fe   0x00000030   Code   RO         5458    x$fpl$trapveneer    fz_wm.l(trapv.o)
    0x0800922e   0x0800922e   0x00000000   Code   RO         5256    x$fpl$usenofp       fz_wm.l(usenofp.o)
    0x0800922e   0x0800922e   0x0000003d   Data   RO         2202    .constdata          retarget.o
    0x0800926b   0x0800926b   0x00000005   PAD
    0x08009270   0x08009270   0x00000088   Data   RO         5116    .constdata          m_wm.l(pow.o)
    0x080092f8   0x080092f8   0x00000140   Data   RO         5130    .constdata          m_wm.l(powf.o)
    0x08009438   0x08009438   0x00000098   Data   RO         5260    .constdata          m_wm.l(atan.o)
    0x080094d0   0x080094d0   0x00000030   Data   RO         5272    .constdata          m_wm.l(cos_i.o)
    0x08009500   0x08009500   0x00000008   Data   RO         5314    .constdata          m_wm.l(qnan.o)
    0x08009508   0x08009508   0x000000c8   Data   RO         5317    .constdata          m_wm.l(rred.o)
    0x080095d0   0x080095d0   0x00000020   Data   RO         5321    .constdata          m_wm.l(rredf.o)
    0x080095f0   0x080095f0   0x00000028   Data   RO         5324    .constdata          m_wm.l(sin_i.o)
    0x08009618   0x08009618   0x00000020   Data   RO         5564    Region$$Table       anon$$obj.o
    0x08009638   0x08009638   0x00000004   Data   RO           36    .init_array         main.o
    0x0800963c   0x08009638   0x00000000   Data   RO         5001    .init_array         c_w.l(init_aeabi.o)


    Execution Region RW_IRAM1 (Exec base: 0x20000000, Load base: 0x0800963c, Size: 0x00002d40, Max: 0x00020000, ABSOLUTE)

    Exec Addr    Load Addr    Size         Type   Attr      Idx    E Section Name        Object

    0x20000000   0x0800963c   0x00000064   Data   RW           35    .data               main.o
    0x20000064   0x080096a0   0x00000004   Data   RW          385    .data               processing_coord.o
    0x20000068   0x080096a4   0x00000008   Data   RW         1421    .data               time_service.o
    0x20000070   0x080096ac   0x00000019   Data   RW         1639    .data               usart1.o
    0x20000089   0x080096c5   0x00000001   PAD
    0x2000008a   0x080096c6   0x00000019   Data   RW         1700    .data               usart2.o
    0x200000a3   0x080096df   0x00000001   PAD
    0x200000a4   0x080096e0   0x00000019   Data   RW         1754    .data               usart3.o
    0x200000bd   0x080096f9   0x00000001   PAD
    0x200000be   0x080096fa   0x00000019   Data   RW         1808    .data               usart6.o
    0x200000d7   0x08009713   0x00000001   PAD
    0x200000d8   0x08009714   0x00000016   Data   RW         2138    .data               spi_1.o
    0x200000ee   0x0800972a   0x00000010   Data   RW         3643    .data               stm32f4xx_rcc.o
    0x200000fe   0x0800973a   0x00000002   PAD
    0x20000100        -       0x00000cd0   Zero   RW           34    .bss                main.o
    0x20000dd0        -       0x00000020   Zero   RW         2137    .bss                spi_1.o
    0x20000df0        -       0x00000060   Zero   RW         5359    .bss                c_w.l(libspace.o)
    0x20000e50        -       0x00000f00   Zero   RW         4864    HEAP                startup_stm32f407xx.o
    0x20001d50        -       0x00000ff0   Zero   RW         4863    STACK               startup_stm32f407xx.o


==============================================================================

Image component sizes


      Code (inc. data)   RO Data    RW Data    ZI Data      Debug   Object Name

       552          0          0          0          0       8180   i2c.o
       736         26          0          0          0       7612   imu_usart.o
       840         76          0          0          0       6532   ir_locator.o
      3244        572          4        100       3280     309568   main.o
         0          0          0          0          0     256624   misc.o
       190          0          0          0          0       2632   motor.o
       592         30          0          0          0       2760   omniplatform.o
      1330         32          0          0          0      11000   openmv.o
      1860        214          0          0          0       9636   pin_1.o
      3252        226          0          4          0      17304   processing_coord.o
      2860         96          0          0          0      11336   queues_ball.o
         4          0         61          0          0       2648   retarget.o
       108         16          0         22         32       1278   spi_1.o
        64         26        392          0       7920        872   startup_stm32f407xx.o
       222          0          0          0          0       9979   stm32f4xx_gpio.o
       328         36          0         16          0      20087   stm32f4xx_rcc.o
        18          0          0          0          0       9428   stm32f4xx_spi.o
       802         66          0          0          0      27787   stm32f4xx_tim.o
       364          8          0          0          0      10163   stm32f4xx_usart.o
       376         26          0          0          0       1317   system_stm32f4xx.o
       186         22          0          8          0      32917   time_service.o
       644         98          0         25          0      37927   usart1.o
       652        100          0         25          0       3564   usart2.o
       652        100          0         25          0       3564   usart3.o
       652        100          0         25          0       3564   usart6.o
      1508         76          0          0          0       4056   vec2b.o

    ----------------------------------------------------------------------
     22060       1946        494        256      11232     812335   Object Totals
         0          0         32          0          0          0   (incl. Generated)
        24          0          5          6          0          0   (incl. Padding)

    ----------------------------------------------------------------------

      Code (inc. data)   RO Data    RW Data    ZI Data      Debug   Library Member Name

         8          0          0          0          0         68   __main.o
         0          0          0          0          0          0   __rtentry.o
        12          0          0          0          0          0   __rtentry2.o
         6          0          0          0          0          0   __rtentry4.o
        52          8          0          0          0          0   __scatter.o
        26          0          0          0          0          0   __scatter_copy.o
        28          0          0          0          0          0   __scatter_zi.o
        22          0          0          0          0        100   _rserrno.o
        18          0          0          0          0         80   exit.o
         6          0          0          0          0        152   heapauxi.o
        36         10          0          0          0         80   init_aeabi.o
         2          0          0          0          0          0   libinit.o
        10          0          0          0          0          0   libinit2.o
         2          0          0          0          0          0   libshutdown.o
         2          0          0          0          0          0   libshutdown2.o
         8          4          0          0         96         68   libspace.o
         8          4          0          0          0         68   rt_errno_addr_intlibspace.o
       100          0          0          0          0         80   rt_memcpy_w.o
         2          0          0          0          0          0   rtexit.o
        10          0          0          0          0          0   rtexit2.o
        74          0          0          0          0         80   sys_stackheap_outer.o
         2          0          0          0          0         68   use_no_semi.o
        36          0          0          0          0         84   aeabi_vec_ctor_nocookie_nodtor.o
        24          0          0          0          0        164   basic.o
        98          4          0          0          0        140   d2f.o
       826         16          0          0          0        492   daddsub_clz.o
        16          4          0          0          0        116   dcheck1.o
        24          0          0          0          0        116   dcmpi.o
       688        140          0          0          0        256   ddiv.o
       120          4          0          0          0        140   deqf.o
        94          4          0          0          0        140   dfix.o
        84          0          0          0          0        232   dflt_clz.o
       120          4          0          0          0        140   dleqf.o
       340         12          0          0          0        152   dmul.o
       156          4          0          0          0        140   dnaninf.o
        12          0          0          0          0        116   dretinf.o
       108          0          0          0          0        128   drleqf.o
       408         56          0          0          0        168   dsqrt_umaal.o
        86          4          0          0          0        132   f2d.o
       140          4          0          0          0        132   fnaninf.o
        10          0          0          0          0        116   fpinit.o
        10          0          0          0          0        116   fretinf.o
       100          0          0          0          0        116   retnan.o
        92          0          0          0          0        116   scalbn.o
        48          0          0          0          0        116   trapv.o
         0          0          0          0          0          0   usenofp.o
       744        106        152          0          0        352   atan.o
       512         64          0          0          0        208   atan2.o
       684         90          0          0          0        208   atan2f.o
       200         20          0          0          0        164   cos.o
       368         46         48          0          0        200   cos_i.o
       336         56          0          0          0        136   cosf.o
       184         44          0          0          0        744   dunder.o
        24          0          0          0          0        124   fabs.o
        48          0          0          0          0        124   fpclassify.o
        38          0          0          0          0        116   fpclassifyf.o
        80         24          0          0          0        696   funder.o
       248          0          0          0          0        152   poly.o
      3152        296        136          0          0        352   pow.o
      1636        110        320          0          0        372   powf.o
         0          0          8          0          0          0   qnan.o
      1080        142        200          0          0        188   rred.o
       340         24         32          0          0        160   rredf.o
       200         20          0          0          0        164   sin.o
       304         24         40          0          0        208   sin_i.o
       400         56          0          0          0        212   sinf.o
       232          0          0          0          0        296   sqrt.o
        58          0          0          0          0        136   sqrtf.o

    ----------------------------------------------------------------------
     14970       1412        936          0         96       9724   Library Totals
        28          8          0          0          0          0   (incl. Padding)

    ----------------------------------------------------------------------

      Code (inc. data)   RO Data    RW Data    ZI Data      Debug   Library Name

       434         26          0          0         96        844   c_w.l
        36          0          0          0          0         84   cpprt_w.l
      3604        256          0          0          0       3484   fz_wm.l
     10868       1122        936          0          0       5312   m_wm.l

    ----------------------------------------------------------------------
     14970       1412        936          0         96       9724   Library Totals

    ----------------------------------------------------------------------

==============================================================================


      Code (inc. data)   RO Data    RW Data    ZI Data      Debug   

     37030       3358       1430        256      11328     800995   Grand Totals
     37030       3358       1430        256      11328     800995   ELF Image Totals
     37030       3358       1430        256          0          0   ROM Totals

==============================================================================

    Total RO  Size (Code + RO Data)                38460 (  37.56kB)
    Total RW  Size (RW Data + ZI Data)             11584 (  11.31kB)
    Total ROM Size (Code + RO Data + RW Data)      38716 (  37.81kB)

==============================================================================

